Job started at: Mon Apr 20 19:56:40 CEST 2026
Starting Run 39: Gamma=0.99 | Layers=2 | Mismatch=30.0
SLURM Mode Received: 0
Execution Pipeline: ['train']
Loaded Configuration: {'mode': 0, 'model_path': 'models/sac_gnn_39.pth', 'training_metrics_filename': 'training_metrics_39.png', 'distance': 5, 'n_rounds': 5, 'p': 0.004, 'p_gate_zz': 0.0, 'mismatch': 30.0, 'n_shots': 65000, 'n_test_shots': 10000, 'burn_in_steps': 15000, 'bypass_threshold': 2, 'action_scale': 3.0, 'update_period': 100, 'prior_shots': 1000, 'local_action_only': True, 'local_action_hops': 2, 'n_layers': 2, 'hidden_dim': 128, 'lr': 0.0001, 'gamma': 0.99, 'tau': 0.005, 'alpha': 0.01, 'batch_size': 64, 'buffer_capacity': 100000, 'update_frequency': 100, 'train_episodes': 270, 'test_episodes': 20}

Initializing environment...

############################################################
### RUNNING MODE: TRAIN
############################################################

========================================
STARTING TRAINING (Episodes: 270)
========================================
Train Ep: 001/270 | Reward: -1922.0 | MSE: 0.2424 | C_Loss: 0.122 | A_Loss: 0.080 | Alpha: 0.0095
Train Ep: 002/270 | Reward: -1563.0 | MSE: 0.2224 | C_Loss: 0.129 | A_Loss: 0.167 | Alpha: 0.0091
Train Ep: 003/270 | Reward: -216.0 | MSE: 0.2322 | C_Loss: 0.094 | A_Loss: 0.216 | Alpha: 0.0087
Train Ep: 004/270 | Reward:  -25.0 | MSE: 0.3461 | C_Loss: 0.040 | A_Loss: 0.220 | Alpha: 0.0083
Train Ep: 005/270 | Reward:   -1.0 | MSE: 0.3412 | C_Loss: 0.010 | A_Loss: 0.206 | Alpha: 0.0080
Train Ep: 006/270 | Reward:   -4.0 | MSE: 0.4203 | C_Loss: 0.005 | A_Loss: 0.192 | Alpha: 0.0076
Train Ep: 007/270 | Reward:  -12.0 | MSE: 0.3225 | C_Loss: 0.005 | A_Loss: 0.179 | Alpha: 0.0073
Train Ep: 008/270 | Reward:    5.0 | MSE: 0.3169 | C_Loss: 0.004 | A_Loss: 0.167 | Alpha: 0.0070
  [!] Reward crossed 0! Unlocking Validation phase for the rest of training.
Train Ep: 009/270 | Reward:  -18.0 | MSE: 0.3600 | C_Loss: 0.005 | A_Loss: 0.157 | Alpha: 0.0067
Train Ep: 010/270 | Reward:  -25.0 | MSE: 0.3713 | C_Loss: 0.004 | A_Loss: 0.147 | Alpha: 0.0064
  [!] Running Isolated Validation (Pure CMA vs GNN)...
  -> Val Results: Pure Baseline Errors: 5195 | GNN Errors: 5191
  -> Relative Improvement: 0.077%
  *** New Best Model! Net Score improved from -inf to 0.0007699711260827719 ***
[*] Models successfully saved to models/sac_gnn_39_best.pth
Train Ep: 011/270 | Reward:  -15.0 | MSE: 0.4343 | C_Loss: 0.004 | A_Loss: 0.140 | Alpha: 0.0061
Train Ep: 012/270 | Reward:  -15.0 | MSE: 0.2440 | C_Loss: 0.005 | A_Loss: 0.131 | Alpha: 0.0058
Train Ep: 013/270 | Reward:  -10.0 | MSE: 0.3710 | C_Loss: 0.003 | A_Loss: 0.121 | Alpha: 0.0056
Train Ep: 014/270 | Reward:  -27.0 | MSE: 0.4544 | C_Loss: 0.004 | A_Loss: 0.113 | Alpha: 0.0053
Train Ep: 015/270 | Reward:  -26.0 | MSE: 0.3353 | C_Loss: 0.005 | A_Loss: 0.106 | Alpha: 0.0051
  [!] Running Isolated Validation (Pure CMA vs GNN)...
  -> Val Results: Pure Baseline Errors: 5195 | GNN Errors: 5194
  -> Relative Improvement: 0.019%
Train Ep: 016/270 | Reward:  -45.0 | MSE: 0.4871 | C_Loss: 0.006 | A_Loss: 0.100 | Alpha: 0.0048
Train Ep: 017/270 | Reward: -122.0 | MSE: 0.2267 | C_Loss: 0.009 | A_Loss: 0.094 | Alpha: 0.0046
Train Ep: 018/270 | Reward: -207.0 | MSE: 0.3554 | C_Loss: 0.015 | A_Loss: 0.090 | Alpha: 0.0044
Train Ep: 019/270 | Reward:  -29.0 | MSE: 0.2649 | C_Loss: 0.018 | A_Loss: 0.088 | Alpha: 0.0042
Train Ep: 020/270 | Reward:  -32.0 | MSE: 0.3861 | C_Loss: 0.010 | A_Loss: 0.083 | Alpha: 0.0040
  [!] Running Isolated Validation (Pure CMA vs GNN)...
  -> Val Results: Pure Baseline Errors: 5195 | GNN Errors: 5195
  -> Relative Improvement: 0.000%
Train Ep: 021/270 | Reward:  -25.0 | MSE: 0.3459 | C_Loss: 0.003 | A_Loss: 0.077 | Alpha: 0.0038
Train Ep: 022/270 | Reward:   -8.0 | MSE: 0.3300 | C_Loss: 0.003 | A_Loss: 0.073 | Alpha: 0.0037
Train Ep: 023/270 | Reward:   -5.0 | MSE: 0.3161 | C_Loss: 0.002 | A_Loss: 0.068 | Alpha: 0.0035
Train Ep: 024/270 | Reward:  -15.0 | MSE: 0.2647 | C_Loss: 0.002 | A_Loss: 0.062 | Alpha: 0.0034
Train Ep: 025/270 | Reward:  -20.0 | MSE: 0.4491 | C_Loss: 0.002 | A_Loss: 0.057 | Alpha: 0.0032
  [!] Running Isolated Validation (Pure CMA vs GNN)...
  -> Val Results: Pure Baseline Errors: 5195 | GNN Errors: 5195
  -> Relative Improvement: 0.000%
Train Ep: 026/270 | Reward:  -22.0 | MSE: 0.2902 | C_Loss: 0.004 | A_Loss: 0.052 | Alpha: 0.0031
Train Ep: 027/270 | Reward:  -26.0 | MSE: 0.3191 | C_Loss: 0.002 | A_Loss: 0.047 | Alpha: 0.0029
Train Ep: 028/270 | Reward:  -29.0 | MSE: 0.4047 | C_Loss: 0.003 | A_Loss: 0.044 | Alpha: 0.0028
Train Ep: 029/270 | Reward:  -37.0 | MSE: 0.2884 | C_Loss: 0.004 | A_Loss: 0.043 | Alpha: 0.0027
Train Ep: 030/270 | Reward:  -29.0 | MSE: 0.3854 | C_Loss: 0.004 | A_Loss: 0.040 | Alpha: 0.0026
  [!] Running Isolated Validation (Pure CMA vs GNN)...
  -> Val Results: Pure Baseline Errors: 5195 | GNN Errors: 5195
  -> Relative Improvement: 0.000%
Train Ep: 031/270 | Reward:  -32.0 | MSE: 0.5022 | C_Loss: 0.003 | A_Loss: 0.038 | Alpha: 0.0024
Train Ep: 032/270 | Reward: -132.0 | MSE: 0.3901 | C_Loss: 0.004 | A_Loss: 0.036 | Alpha: 0.0023
Train Ep: 033/270 | Reward:  -64.0 | MSE: 0.3632 | C_Loss: 0.009 | A_Loss: 0.037 | Alpha: 0.0022
Train Ep: 034/270 | Reward:  -35.0 | MSE: 0.3912 | C_Loss: 0.007 | A_Loss: 0.038 | Alpha: 0.0021
Train Ep: 035/270 | Reward:  -21.0 | MSE: 0.4269 | C_Loss: 0.004 | A_Loss: 0.034 | Alpha: 0.0020
  [!] Running Isolated Validation (Pure CMA vs GNN)...
  -> Val Results: Pure Baseline Errors: 5195 | GNN Errors: 5195
  -> Relative Improvement: 0.000%
Train Ep: 036/270 | Reward:    0.0 | MSE: 0.3912 | C_Loss: 0.003 | A_Loss: 0.032 | Alpha: 0.0019
Train Ep: 037/270 | Reward:  -22.0 | MSE: 0.5551 | C_Loss: 0.003 | A_Loss: 0.031 | Alpha: 0.0019
Train Ep: 038/270 | Reward:  -25.0 | MSE: 0.2577 | C_Loss: 0.003 | A_Loss: 0.030 | Alpha: 0.0018
Train Ep: 039/270 | Reward:  -16.0 | MSE: 0.3050 | C_Loss: 0.003 | A_Loss: 0.028 | Alpha: 0.0017
Train Ep: 040/270 | Reward:  -13.0 | MSE: 0.3651 | C_Loss: 0.003 | A_Loss: 0.027 | Alpha: 0.0016
  [!] Running Isolated Validation (Pure CMA vs GNN)...
  -> Val Results: Pure Baseline Errors: 5195 | GNN Errors: 5195
  -> Relative Improvement: 0.000%
Train Ep: 041/270 | Reward:  -11.0 | MSE: 0.2578 | C_Loss: 0.002 | A_Loss: 0.025 | Alpha: 0.0016
Train Ep: 042/270 | Reward:  -31.0 | MSE: 0.2644 | C_Loss: 0.003 | A_Loss: 0.023 | Alpha: 0.0015
Train Ep: 043/270 | Reward:  -36.0 | MSE: 0.3383 | C_Loss: 0.004 | A_Loss: 0.023 | Alpha: 0.0014
Train Ep: 044/270 | Reward:  -12.0 | MSE: 0.3887 | C_Loss: 0.004 | A_Loss: 0.023 | Alpha: 0.0014
Train Ep: 045/270 | Reward:  -27.0 | MSE: 0.3286 | C_Loss: 0.004 | A_Loss: 0.022 | Alpha: 0.0013
  [!] Running Isolated Validation (Pure CMA vs GNN)...
  -> Val Results: Pure Baseline Errors: 5195 | GNN Errors: 5191
  -> Relative Improvement: 0.077%
Train Ep: 046/270 | Reward:  -15.0 | MSE: 0.3356 | C_Loss: 0.004 | A_Loss: 0.022 | Alpha: 0.0012
Train Ep: 047/270 | Reward:  -27.0 | MSE: 0.3153 | C_Loss: 0.004 | A_Loss: 0.019 | Alpha: 0.0012
Train Ep: 048/270 | Reward:  -66.0 | MSE: 0.3466 | C_Loss: 0.005 | A_Loss: 0.019 | Alpha: 0.0011
Train Ep: 049/270 | Reward:  -25.0 | MSE: 0.2898 | C_Loss: 0.005 | A_Loss: 0.020 | Alpha: 0.0011
Train Ep: 050/270 | Reward:  -20.0 | MSE: 0.3445 | C_Loss: 0.003 | A_Loss: 0.020 | Alpha: 0.0010
  [!] Running Isolated Validation (Pure CMA vs GNN)...
  -> Val Results: Pure Baseline Errors: 5195 | GNN Errors: 5195
  -> Relative Improvement: 0.000%
Train Ep: 051/270 | Reward:  -26.0 | MSE: 0.2487 | C_Loss: 0.004 | A_Loss: 0.020 | Alpha: 0.0010
Train Ep: 052/270 | Reward:  -12.0 | MSE: 0.4087 | C_Loss: 0.003 | A_Loss: 0.020 | Alpha: 0.0009
Train Ep: 053/270 | Reward:  -33.0 | MSE: 0.3275 | C_Loss: 0.004 | A_Loss: 0.021 | Alpha: 0.0009
Train Ep: 054/270 | Reward:    0.0 | MSE: 0.3254 | C_Loss: 0.003 | A_Loss: 0.020 | Alpha: 0.0009
Train Ep: 055/270 | Reward:  -20.0 | MSE: 0.3388 | C_Loss: 0.003 | A_Loss: 0.019 | Alpha: 0.0008
  [!] Running Isolated Validation (Pure CMA vs GNN)...
  -> Val Results: Pure Baseline Errors: 5195 | GNN Errors: 5195
  -> Relative Improvement: 0.000%
Train Ep: 056/270 | Reward:  -16.0 | MSE: 0.4341 | C_Loss: 0.003 | A_Loss: 0.018 | Alpha: 0.0008
Train Ep: 057/270 | Reward:  -19.0 | MSE: 0.4431 | C_Loss: 0.003 | A_Loss: 0.018 | Alpha: 0.0008
Train Ep: 058/270 | Reward:  -14.0 | MSE: 0.3222 | C_Loss: 0.005 | A_Loss: 0.018 | Alpha: 0.0007
Train Ep: 059/270 | Reward:  -25.0 | MSE: 0.4297 | C_Loss: 0.003 | A_Loss: 0.017 | Alpha: 0.0007
Train Ep: 060/270 | Reward:  -35.0 | MSE: 0.4602 | C_Loss: 0.003 | A_Loss: 0.017 | Alpha: 0.0007
  [!] Running Isolated Validation (Pure CMA vs GNN)...
  -> Val Results: Pure Baseline Errors: 5195 | GNN Errors: 5194
  -> Relative Improvement: 0.019%
Train Ep: 061/270 | Reward:  -20.0 | MSE: 0.4049 | C_Loss: 0.005 | A_Loss: 0.019 | Alpha: 0.0006
Train Ep: 062/270 | Reward:   -6.0 | MSE: 0.4058 | C_Loss: 0.005 | A_Loss: 0.019 | Alpha: 0.0006
Train Ep: 063/270 | Reward:   -6.0 | MSE: 0.2356 | C_Loss: 0.002 | A_Loss: 0.018 | Alpha: 0.0006
Train Ep: 064/270 | Reward:  -10.0 | MSE: 0.3986 | C_Loss: 0.002 | A_Loss: 0.018 | Alpha: 0.0005
Train Ep: 065/270 | Reward:  -19.0 | MSE: 0.3753 | C_Loss: 0.003 | A_Loss: 0.017 | Alpha: 0.0005
  [!] Running Isolated Validation (Pure CMA vs GNN)...
  -> Val Results: Pure Baseline Errors: 5195 | GNN Errors: 5196
  -> Relative Improvement: -0.019%
Train Ep: 066/270 | Reward:  -32.0 | MSE: 0.4334 | C_Loss: 0.003 | A_Loss: 0.018 | Alpha: 0.0005
Train Ep: 067/270 | Reward:  -23.0 | MSE: 0.3459 | C_Loss: 0.004 | A_Loss: 0.017 | Alpha: 0.0005
Train Ep: 068/270 | Reward:  -19.0 | MSE: 0.2918 | C_Loss: 0.003 | A_Loss: 0.018 | Alpha: 0.0005
Train Ep: 069/270 | Reward:    0.0 | MSE: 0.4473 | C_Loss: 0.002 | A_Loss: 0.018 | Alpha: 0.0004
Train Ep: 070/270 | Reward:  -11.0 | MSE: 0.3962 | C_Loss: 0.002 | A_Loss: 0.017 | Alpha: 0.0004
  [!] Running Isolated Validation (Pure CMA vs GNN)...
  -> Val Results: Pure Baseline Errors: 5195 | GNN Errors: 5195
  -> Relative Improvement: 0.000%
Train Ep: 071/270 | Reward:  -70.0 | MSE: 0.3196 | C_Loss: 0.003 | A_Loss: 0.017 | Alpha: 0.0004
Train Ep: 072/270 | Reward:  -12.0 | MSE: 0.3901 | C_Loss: 0.003 | A_Loss: 0.018 | Alpha: 0.0004
Train Ep: 073/270 | Reward:  -18.0 | MSE: 0.3069 | C_Loss: 0.002 | A_Loss: 0.018 | Alpha: 0.0004
Train Ep: 074/270 | Reward:  -13.0 | MSE: 0.1674 | C_Loss: 0.002 | A_Loss: 0.019 | Alpha: 0.0003
Train Ep: 075/270 | Reward:  -27.0 | MSE: 0.4592 | C_Loss: 0.003 | A_Loss: 0.019 | Alpha: 0.0003
  [!] Running Isolated Validation (Pure CMA vs GNN)...
  -> Val Results: Pure Baseline Errors: 5195 | GNN Errors: 5195
  -> Relative Improvement: 0.000%
Train Ep: 076/270 | Reward:  -13.0 | MSE: 0.2816 | C_Loss: 0.004 | A_Loss: 0.019 | Alpha: 0.0003
Train Ep: 077/270 | Reward:  -19.0 | MSE: 0.2431 | C_Loss: 0.003 | A_Loss: 0.021 | Alpha: 0.0003
Train Ep: 078/270 | Reward:   -3.0 | MSE: 0.3371 | C_Loss: 0.002 | A_Loss: 0.020 | Alpha: 0.0003
Train Ep: 079/270 | Reward:  -30.0 | MSE: 0.3009 | C_Loss: 0.003 | A_Loss: 0.020 | Alpha: 0.0003
Train Ep: 080/270 | Reward:    0.0 | MSE: 0.3388 | C_Loss: 0.003 | A_Loss: 0.021 | Alpha: 0.0003
  [!] Running Isolated Validation (Pure CMA vs GNN)...
  -> Val Results: Pure Baseline Errors: 5195 | GNN Errors: 5195
  -> Relative Improvement: 0.000%
Train Ep: 081/270 | Reward:  -33.0 | MSE: 0.3168 | C_Loss: 0.002 | A_Loss: 0.020 | Alpha: 0.0003
Train Ep: 082/270 | Reward:   -4.0 | MSE: 0.3508 | C_Loss: 0.003 | A_Loss: 0.020 | Alpha: 0.0002
Train Ep: 083/270 | Reward:  -11.0 | MSE: 0.4525 | C_Loss: 0.001 | A_Loss: 0.019 | Alpha: 0.0002
Train Ep: 084/270 | Reward:   -1.0 | MSE: 0.2852 | C_Loss: 0.002 | A_Loss: 0.020 | Alpha: 0.0002
Train Ep: 085/270 | Reward:  -14.0 | MSE: 0.3274 | C_Loss: 0.001 | A_Loss: 0.019 | Alpha: 0.0002
  [!] Running Isolated Validation (Pure CMA vs GNN)...
  -> Val Results: Pure Baseline Errors: 5195 | GNN Errors: 5194
  -> Relative Improvement: 0.019%
Train Ep: 086/270 | Reward:   -2.0 | MSE: 0.2715 | C_Loss: 0.002 | A_Loss: 0.019 | Alpha: 0.0002
Train Ep: 087/270 | Reward:    1.0 | MSE: 0.2614 | C_Loss: 0.001 | A_Loss: 0.018 | Alpha: 0.0002
Train Ep: 088/270 | Reward:    2.0 | MSE: 0.3940 | C_Loss: 0.001 | A_Loss: 0.018 | Alpha: 0.0002
Train Ep: 089/270 | Reward:   -3.0 | MSE: 0.3856 | C_Loss: 0.001 | A_Loss: 0.017 | Alpha: 0.0002
Train Ep: 090/270 | Reward:   -6.0 | MSE: 0.3778 | C_Loss: 0.001 | A_Loss: 0.016 | Alpha: 0.0002
  [!] Running Isolated Validation (Pure CMA vs GNN)...
  -> Val Results: Pure Baseline Errors: 5195 | GNN Errors: 5195
  -> Relative Improvement: 0.000%
Train Ep: 091/270 | Reward:   -4.0 | MSE: 0.2691 | C_Loss: 0.001 | A_Loss: 0.016 | Alpha: 0.0002
Train Ep: 092/270 | Reward:   -7.0 | MSE: 0.3042 | C_Loss: 0.001 | A_Loss: 0.016 | Alpha: 0.0002
Train Ep: 093/270 | Reward:    4.0 | MSE: 0.3300 | C_Loss: 0.000 | A_Loss: 0.015 | Alpha: 0.0002
Train Ep: 094/270 | Reward:   -6.0 | MSE: 0.3284 | C_Loss: 0.000 | A_Loss: 0.015 | Alpha: 0.0001
Train Ep: 095/270 | Reward:   -2.0 | MSE: 0.2701 | C_Loss: 0.001 | A_Loss: 0.014 | Alpha: 0.0001
  [!] Running Isolated Validation (Pure CMA vs GNN)...
  -> Val Results: Pure Baseline Errors: 5195 | GNN Errors: 5194
  -> Relative Improvement: 0.019%
Train Ep: 096/270 | Reward:   -7.0 | MSE: 0.3076 | C_Loss: 0.001 | A_Loss: 0.014 | Alpha: 0.0001
Train Ep: 097/270 | Reward:  -21.0 | MSE: 0.2762 | C_Loss: 0.002 | A_Loss: 0.014 | Alpha: 0.0001
Train Ep: 098/270 | Reward:  -31.0 | MSE: 0.3553 | C_Loss: 0.004 | A_Loss: 0.015 | Alpha: 0.0001
Train Ep: 099/270 | Reward:  -28.0 | MSE: 0.3763 | C_Loss: 0.005 | A_Loss: 0.016 | Alpha: 0.0001
Train Ep: 100/270 | Reward:   -3.0 | MSE: 0.3937 | C_Loss: 0.003 | A_Loss: 0.016 | Alpha: 0.0001
  [!] Running Isolated Validation (Pure CMA vs GNN)...
  -> Val Results: Pure Baseline Errors: 5195 | GNN Errors: 5195
  -> Relative Improvement: 0.000%
Train Ep: 101/270 | Reward:  -27.0 | MSE: 0.4306 | C_Loss: 0.003 | A_Loss: 0.017 | Alpha: 0.0001
Train Ep: 102/270 | Reward:   -8.0 | MSE: 0.3216 | C_Loss: 0.002 | A_Loss: 0.018 | Alpha: 0.0001
Train Ep: 103/270 | Reward:    0.0 | MSE: 0.4462 | C_Loss: 0.002 | A_Loss: 0.018 | Alpha: 0.0001
Train Ep: 104/270 | Reward:   -5.0 | MSE: 0.3182 | C_Loss: 0.001 | A_Loss: 0.017 | Alpha: 0.0001
Train Ep: 105/270 | Reward:   -5.0 | MSE: 0.3278 | C_Loss: 0.001 | A_Loss: 0.017 | Alpha: 0.0001
  [!] Running Isolated Validation (Pure CMA vs GNN)...
  -> Val Results: Pure Baseline Errors: 5195 | GNN Errors: 5195
  -> Relative Improvement: 0.000%
Train Ep: 106/270 | Reward:    5.0 | MSE: 0.2985 | C_Loss: 0.001 | A_Loss: 0.016 | Alpha: 0.0001
Train Ep: 107/270 | Reward:   -4.0 | MSE: 0.4119 | C_Loss: 0.001 | A_Loss: 0.015 | Alpha: 0.0001
Train Ep: 108/270 | Reward:  -32.0 | MSE: 0.4184 | C_Loss: 0.003 | A_Loss: 0.015 | Alpha: 0.0001
Train Ep: 109/270 | Reward:   -7.0 | MSE: 0.3119 | C_Loss: 0.002 | A_Loss: 0.016 | Alpha: 0.0001
Train Ep: 110/270 | Reward:   -5.0 | MSE: 0.3136 | C_Loss: 0.002 | A_Loss: 0.016 | Alpha: 0.0001
  [!] Running Isolated Validation (Pure CMA vs GNN)...
  -> Val Results: Pure Baseline Errors: 5195 | GNN Errors: 5192
  -> Relative Improvement: 0.058%
Train Ep: 111/270 | Reward:   -5.0 | MSE: 0.3227 | C_Loss: 0.001 | A_Loss: 0.016 | Alpha: 0.0001
Train Ep: 112/270 | Reward:    2.0 | MSE: 0.3332 | C_Loss: 0.001 | A_Loss: 0.015 | Alpha: 0.0001
Train Ep: 113/270 | Reward:  -12.0 | MSE: 0.3252 | C_Loss: 0.001 | A_Loss: 0.015 | Alpha: 0.0001
Train Ep: 114/270 | Reward:   -1.0 | MSE: 0.4145 | C_Loss: 0.001 | A_Loss: 0.015 | Alpha: 0.0001
Train Ep: 115/270 | Reward:   -5.0 | MSE: 0.3664 | C_Loss: 0.001 | A_Loss: 0.015 | Alpha: 0.0001
  [!] Running Isolated Validation (Pure CMA vs GNN)...
  -> Val Results: Pure Baseline Errors: 5195 | GNN Errors: 5195
  -> Relative Improvement: 0.000%
Train Ep: 116/270 | Reward:    1.0 | MSE: 0.4217 | C_Loss: 0.001 | A_Loss: 0.015 | Alpha: 0.0001
Train Ep: 117/270 | Reward:   -3.0 | MSE: 0.4389 | C_Loss: 0.001 | A_Loss: 0.014 | Alpha: 0.0001
Train Ep: 118/270 | Reward:    1.0 | MSE: 0.2910 | C_Loss: 0.000 | A_Loss: 0.014 | Alpha: 0.0000
Train Ep: 119/270 | Reward:   -3.0 | MSE: 0.3907 | C_Loss: 0.001 | A_Loss: 0.013 | Alpha: 0.0000
Train Ep: 120/270 | Reward:  -14.0 | MSE: 0.3642 | C_Loss: 0.001 | A_Loss: 0.013 | Alpha: 0.0000
  [!] Running Isolated Validation (Pure CMA vs GNN)...
  -> Val Results: Pure Baseline Errors: 5195 | GNN Errors: 5192
  -> Relative Improvement: 0.058%
Train Ep: 121/270 | Reward:   -2.0 | MSE: 0.4136 | C_Loss: 0.002 | A_Loss: 0.013 | Alpha: 0.0000
Train Ep: 122/270 | Reward:  -16.0 | MSE: 0.3687 | C_Loss: 0.002 | A_Loss: 0.014 | Alpha: 0.0000
Train Ep: 123/270 | Reward: -106.0 | MSE: 0.3004 | C_Loss: 0.003 | A_Loss: 0.014 | Alpha: 0.0000
Train Ep: 124/270 | Reward:    0.0 | MSE: 0.3416 | C_Loss: 0.005 | A_Loss: 0.014 | Alpha: 0.0000
Train Ep: 125/270 | Reward:   -2.0 | MSE: 0.4124 | C_Loss: 0.002 | A_Loss: 0.014 | Alpha: 0.0000
  [!] Running Isolated Validation (Pure CMA vs GNN)...
  -> Val Results: Pure Baseline Errors: 5195 | GNN Errors: 5195
  -> Relative Improvement: 0.000%
Train Ep: 126/270 | Reward:    0.0 | MSE: 0.3567 | C_Loss: 0.000 | A_Loss: 0.014 | Alpha: 0.0000
Train Ep: 127/270 | Reward:    0.0 | MSE: 0.4046 | C_Loss: 0.000 | A_Loss: 0.013 | Alpha: 0.0000
Train Ep: 128/270 | Reward:    0.0 | MSE: 0.3528 | C_Loss: 0.000 | A_Loss: 0.013 | Alpha: 0.0000
Train Ep: 129/270 | Reward:    0.0 | MSE: 0.4176 | C_Loss: 0.000 | A_Loss: 0.013 | Alpha: 0.0000
Train Ep: 130/270 | Reward:   -2.0 | MSE: 0.3513 | C_Loss: 0.000 | A_Loss: 0.013 | Alpha: 0.0000
  [!] Running Isolated Validation (Pure CMA vs GNN)...
  -> Val Results: Pure Baseline Errors: 5195 | GNN Errors: 5195
  -> Relative Improvement: 0.000%
Train Ep: 131/270 | Reward:    0.0 | MSE: 0.2465 | C_Loss: 0.000 | A_Loss: 0.013 | Alpha: 0.0000
Train Ep: 132/270 | Reward:    0.0 | MSE: 0.3790 | C_Loss: 0.000 | A_Loss: 0.013 | Alpha: 0.0001
Train Ep: 133/270 | Reward:    0.0 | MSE: 0.4369 | C_Loss: 0.000 | A_Loss: 0.012 | Alpha: 0.0001
Train Ep: 134/270 | Reward:    0.0 | MSE: 0.3104 | C_Loss: 0.000 | A_Loss: 0.012 | Alpha: 0.0001
Train Ep: 135/270 | Reward:    0.0 | MSE: 0.3302 | C_Loss: 0.000 | A_Loss: 0.012 | Alpha: 0.0001
  [!] Running Isolated Validation (Pure CMA vs GNN)...
  -> Val Results: Pure Baseline Errors: 5195 | GNN Errors: 5195
  -> Relative Improvement: 0.000%
Train Ep: 136/270 | Reward:    0.0 | MSE: 0.2980 | C_Loss: 0.000 | A_Loss: 0.012 | Alpha: 0.0001
Train Ep: 137/270 | Reward:    0.0 | MSE: 0.3644 | C_Loss: 0.000 | A_Loss: 0.012 | Alpha: 0.0001
Train Ep: 138/270 | Reward:    0.0 | MSE: 0.2184 | C_Loss: 0.000 | A_Loss: 0.012 | Alpha: 0.0001
Train Ep: 139/270 | Reward:    0.0 | MSE: 0.2643 | C_Loss: 0.000 | A_Loss: 0.012 | Alpha: 0.0001
Train Ep: 140/270 | Reward:    0.0 | MSE: 0.4056 | C_Loss: 0.000 | A_Loss: 0.012 | Alpha: 0.0001
  [!] Running Isolated Validation (Pure CMA vs GNN)...
  -> Val Results: Pure Baseline Errors: 5195 | GNN Errors: 5195
  -> Relative Improvement: 0.000%
Train Ep: 141/270 | Reward:    0.0 | MSE: 0.4060 | C_Loss: 0.000 | A_Loss: 0.011 | Alpha: 0.0001
Train Ep: 142/270 | Reward:    0.0 | MSE: 0.3217 | C_Loss: 0.000 | A_Loss: 0.011 | Alpha: 0.0001
Train Ep: 143/270 | Reward:    0.0 | MSE: 0.3197 | C_Loss: 0.000 | A_Loss: 0.011 | Alpha: 0.0001
Train Ep: 144/270 | Reward:    1.0 | MSE: 0.4293 | C_Loss: 0.000 | A_Loss: 0.011 | Alpha: 0.0001
Train Ep: 145/270 | Reward:    1.0 | MSE: 0.4547 | C_Loss: 0.000 | A_Loss: 0.011 | Alpha: 0.0001
  [!] Running Isolated Validation (Pure CMA vs GNN)...
  -> Val Results: Pure Baseline Errors: 5195 | GNN Errors: 5195
  -> Relative Improvement: 0.000%
Train Ep: 146/270 | Reward:    0.0 | MSE: 0.3967 | C_Loss: 0.000 | A_Loss: 0.011 | Alpha: 0.0001
Train Ep: 147/270 | Reward:    0.0 | MSE: 0.3067 | C_Loss: 0.000 | A_Loss: 0.010 | Alpha: 0.0001
Train Ep: 148/270 | Reward:    0.0 | MSE: 0.4471 | C_Loss: 0.000 | A_Loss: 0.010 | Alpha: 0.0001
Train Ep: 149/270 | Reward:    0.0 | MSE: 0.3063 | C_Loss: 0.000 | A_Loss: 0.010 | Alpha: 0.0001
Train Ep: 150/270 | Reward:    0.0 | MSE: 0.3956 | C_Loss: 0.000 | A_Loss: 0.010 | Alpha: 0.0001
  [!] Running Isolated Validation (Pure CMA vs GNN)...
  -> Val Results: Pure Baseline Errors: 5195 | GNN Errors: 5195
  -> Relative Improvement: 0.000%
Train Ep: 151/270 | Reward:    0.0 | MSE: 0.3478 | C_Loss: 0.000 | A_Loss: 0.009 | Alpha: 0.0000
Train Ep: 152/270 | Reward:    0.0 | MSE: 0.3804 | C_Loss: 0.000 | A_Loss: 0.009 | Alpha: 0.0000
Train Ep: 153/270 | Reward:    0.0 | MSE: 0.2840 | C_Loss: 0.000 | A_Loss: 0.009 | Alpha: 0.0000
Train Ep: 154/270 | Reward:    0.0 | MSE: 0.2863 | C_Loss: 0.000 | A_Loss: 0.009 | Alpha: 0.0000
Train Ep: 155/270 | Reward:    0.0 | MSE: 0.2307 | C_Loss: 0.000 | A_Loss: 0.009 | Alpha: 0.0000
  [!] Running Isolated Validation (Pure CMA vs GNN)...
  -> Val Results: Pure Baseline Errors: 5195 | GNN Errors: 5195
  -> Relative Improvement: 0.000%
Train Ep: 156/270 | Reward:   -1.0 | MSE: 0.2402 | C_Loss: 0.000 | A_Loss: 0.008 | Alpha: 0.0000
Train Ep: 157/270 | Reward:  -28.0 | MSE: 0.3187 | C_Loss: 0.001 | A_Loss: 0.008 | Alpha: 0.0000
Train Ep: 158/270 | Reward:  -11.0 | MSE: 0.2052 | C_Loss: 0.001 | A_Loss: 0.009 | Alpha: 0.0000
Train Ep: 159/270 | Reward:    0.0 | MSE: 0.3852 | C_Loss: 0.001 | A_Loss: 0.010 | Alpha: 0.0000
Train Ep: 160/270 | Reward:    0.0 | MSE: 0.3648 | C_Loss: 0.000 | A_Loss: 0.009 | Alpha: 0.0000
  [!] Running Isolated Validation (Pure CMA vs GNN)...
  -> Val Results: Pure Baseline Errors: 5195 | GNN Errors: 5193
  -> Relative Improvement: 0.038%
Train Ep: 161/270 | Reward:    0.0 | MSE: 0.3187 | C_Loss: 0.000 | A_Loss: 0.009 | Alpha: 0.0000
Train Ep: 162/270 | Reward:    0.0 | MSE: 0.3080 | C_Loss: 0.001 | A_Loss: 0.009 | Alpha: 0.0000
Train Ep: 163/270 | Reward:    1.0 | MSE: 0.3875 | C_Loss: 0.001 | A_Loss: 0.008 | Alpha: 0.0000
Train Ep: 164/270 | Reward:   -1.0 | MSE: 0.2805 | C_Loss: 0.000 | A_Loss: 0.008 | Alpha: 0.0000
Train Ep: 165/270 | Reward:    5.0 | MSE: 0.3276 | C_Loss: 0.000 | A_Loss: 0.008 | Alpha: 0.0000
  [!] Running Isolated Validation (Pure CMA vs GNN)...
  -> Val Results: Pure Baseline Errors: 5195 | GNN Errors: 5194
  -> Relative Improvement: 0.019%
Train Ep: 166/270 | Reward:   -4.0 | MSE: 0.2886 | C_Loss: 0.000 | A_Loss: 0.008 | Alpha: 0.0000
Train Ep: 167/270 | Reward:   -2.0 | MSE: 0.2922 | C_Loss: 0.001 | A_Loss: 0.008 | Alpha: 0.0000
Train Ep: 168/270 | Reward:    5.0 | MSE: 0.3913 | C_Loss: 0.001 | A_Loss: 0.007 | Alpha: 0.0000
Train Ep: 169/270 | Reward:  -24.0 | MSE: 0.5600 | C_Loss: 0.001 | A_Loss: 0.007 | Alpha: 0.0000
Train Ep: 170/270 | Reward:   -6.0 | MSE: 0.4444 | C_Loss: 0.002 | A_Loss: 0.007 | Alpha: 0.0000
  [!] Running Isolated Validation (Pure CMA vs GNN)...
  -> Val Results: Pure Baseline Errors: 5195 | GNN Errors: 5195
  -> Relative Improvement: 0.000%
Train Ep: 171/270 | Reward:  -53.0 | MSE: 0.2956 | C_Loss: 0.004 | A_Loss: 0.009 | Alpha: 0.0000
Train Ep: 172/270 | Reward:   -1.0 | MSE: 0.2998 | C_Loss: 0.003 | A_Loss: 0.010 | Alpha: 0.0000
Train Ep: 173/270 | Reward:    0.0 | MSE: 0.3987 | C_Loss: 0.001 | A_Loss: 0.010 | Alpha: 0.0000
Train Ep: 174/270 | Reward:    0.0 | MSE: 0.2890 | C_Loss: 0.000 | A_Loss: 0.010 | Alpha: 0.0000
Train Ep: 175/270 | Reward:    0.0 | MSE: 0.5025 | C_Loss: 0.000 | A_Loss: 0.009 | Alpha: 0.0000
  [!] Running Isolated Validation (Pure CMA vs GNN)...
  -> Val Results: Pure Baseline Errors: 5195 | GNN Errors: 5195
  -> Relative Improvement: 0.000%
Train Ep: 176/270 | Reward:    0.0 | MSE: 0.2704 | C_Loss: 0.000 | A_Loss: 0.009 | Alpha: 0.0000
Train Ep: 177/270 | Reward:    0.0 | MSE: 0.3171 | C_Loss: 0.000 | A_Loss: 0.009 | Alpha: 0.0000
Train Ep: 178/270 | Reward:    0.0 | MSE: 0.3875 | C_Loss: 0.000 | A_Loss: 0.009 | Alpha: 0.0000
Train Ep: 179/270 | Reward:    0.0 | MSE: 0.3247 | C_Loss: 0.000 | A_Loss: 0.009 | Alpha: 0.0000
Train Ep: 180/270 | Reward:    0.0 | MSE: 0.3804 | C_Loss: 0.000 | A_Loss: 0.008 | Alpha: 0.0000
  [!] Running Isolated Validation (Pure CMA vs GNN)...
  -> Val Results: Pure Baseline Errors: 5195 | GNN Errors: 5195
  -> Relative Improvement: 0.000%
Train Ep: 181/270 | Reward:    0.0 | MSE: 0.2419 | C_Loss: 0.000 | A_Loss: 0.008 | Alpha: 0.0000
Train Ep: 182/270 | Reward:    0.0 | MSE: 0.2566 | C_Loss: 0.000 | A_Loss: 0.008 | Alpha: 0.0000
Train Ep: 183/270 | Reward:    0.0 | MSE: 0.4389 | C_Loss: 0.000 | A_Loss: 0.008 | Alpha: 0.0000
Train Ep: 184/270 | Reward:    0.0 | MSE: 0.2709 | C_Loss: 0.000 | A_Loss: 0.008 | Alpha: 0.0000
Train Ep: 185/270 | Reward:    0.0 | MSE: 0.4097 | C_Loss: 0.000 | A_Loss: 0.008 | Alpha: 0.0000
  [!] Running Isolated Validation (Pure CMA vs GNN)...
  -> Val Results: Pure Baseline Errors: 5195 | GNN Errors: 5195
  -> Relative Improvement: 0.000%
Train Ep: 186/270 | Reward:    0.0 | MSE: 0.3779 | C_Loss: 0.000 | A_Loss: 0.008 | Alpha: 0.0000
Train Ep: 187/270 | Reward:    0.0 | MSE: 0.3793 | C_Loss: 0.000 | A_Loss: 0.007 | Alpha: 0.0000
Train Ep: 188/270 | Reward:    0.0 | MSE: 0.3931 | C_Loss: 0.000 | A_Loss: 0.007 | Alpha: 0.0000
Train Ep: 189/270 | Reward:    0.0 | MSE: 0.2561 | C_Loss: 0.000 | A_Loss: 0.007 | Alpha: 0.0000
Train Ep: 190/270 | Reward:    0.0 | MSE: 0.3122 | C_Loss: 0.000 | A_Loss: 0.007 | Alpha: 0.0000
  [!] Running Isolated Validation (Pure CMA vs GNN)...
  -> Val Results: Pure Baseline Errors: 5195 | GNN Errors: 5195
  -> Relative Improvement: 0.000%
Train Ep: 191/270 | Reward:    0.0 | MSE: 0.3051 | C_Loss: 0.000 | A_Loss: 0.007 | Alpha: 0.0000
Train Ep: 192/270 | Reward:    0.0 | MSE: 0.2567 | C_Loss: 0.000 | A_Loss: 0.007 | Alpha: 0.0000
Train Ep: 193/270 | Reward:    0.0 | MSE: 0.3782 | C_Loss: 0.000 | A_Loss: 0.007 | Alpha: 0.0000
Train Ep: 194/270 | Reward:    0.0 | MSE: 0.3672 | C_Loss: 0.000 | A_Loss: 0.007 | Alpha: 0.0000
Train Ep: 195/270 | Reward:    0.0 | MSE: 0.4172 | C_Loss: 0.000 | A_Loss: 0.007 | Alpha: 0.0000
  [!] Running Isolated Validation (Pure CMA vs GNN)...
  -> Val Results: Pure Baseline Errors: 5195 | GNN Errors: 5195
  -> Relative Improvement: 0.000%
Train Ep: 196/270 | Reward:    0.0 | MSE: 0.2632 | C_Loss: 0.000 | A_Loss: 0.007 | Alpha: 0.0000
Train Ep: 197/270 | Reward:    0.0 | MSE: 0.2624 | C_Loss: 0.000 | A_Loss: 0.007 | Alpha: 0.0000
Train Ep: 198/270 | Reward:    0.0 | MSE: 0.3988 | C_Loss: 0.000 | A_Loss: 0.007 | Alpha: 0.0000
Train Ep: 199/270 | Reward:    0.0 | MSE: 0.2539 | C_Loss: 0.000 | A_Loss: 0.006 | Alpha: 0.0000
Train Ep: 200/270 | Reward:    0.0 | MSE: 0.3705 | C_Loss: 0.000 | A_Loss: 0.006 | Alpha: 0.0000
  [!] Running Isolated Validation (Pure CMA vs GNN)...
  -> Val Results: Pure Baseline Errors: 5195 | GNN Errors: 5195
  -> Relative Improvement: 0.000%
Train Ep: 201/270 | Reward:    0.0 | MSE: 0.2722 | C_Loss: 0.000 | A_Loss: 0.006 | Alpha: 0.0000
Train Ep: 202/270 | Reward:   -1.0 | MSE: 0.2686 | C_Loss: 0.000 | A_Loss: 0.006 | Alpha: 0.0000
Train Ep: 203/270 | Reward:    0.0 | MSE: 0.2678 | C_Loss: 0.000 | A_Loss: 0.006 | Alpha: 0.0000
Train Ep: 204/270 | Reward:   -1.0 | MSE: 0.3099 | C_Loss: 0.000 | A_Loss: 0.006 | Alpha: 0.0000
Train Ep: 205/270 | Reward:    0.0 | MSE: 0.2627 | C_Loss: 0.000 | A_Loss: 0.006 | Alpha: 0.0000
  [!] Running Isolated Validation (Pure CMA vs GNN)...
  -> Val Results: Pure Baseline Errors: 5195 | GNN Errors: 5195
  -> Relative Improvement: 0.000%
Train Ep: 206/270 | Reward:    0.0 | MSE: 0.2457 | C_Loss: 0.000 | A_Loss: 0.006 | Alpha: 0.0000
Train Ep: 207/270 | Reward:    0.0 | MSE: 0.2372 | C_Loss: 0.000 | A_Loss: 0.006 | Alpha: 0.0000
Train Ep: 208/270 | Reward:    0.0 | MSE: 0.2817 | C_Loss: 0.000 | A_Loss: 0.005 | Alpha: 0.0000
Train Ep: 209/270 | Reward:    0.0 | MSE: 0.2510 | C_Loss: 0.000 | A_Loss: 0.005 | Alpha: 0.0000
Train Ep: 210/270 | Reward:    0.0 | MSE: 0.4924 | C_Loss: 0.000 | A_Loss: 0.005 | Alpha: 0.0000
  [!] Running Isolated Validation (Pure CMA vs GNN)...
  -> Val Results: Pure Baseline Errors: 5195 | GNN Errors: 5195
  -> Relative Improvement: 0.000%
Train Ep: 211/270 | Reward:    0.0 | MSE: 0.3563 | C_Loss: 0.000 | A_Loss: 0.005 | Alpha: 0.0000
Train Ep: 212/270 | Reward:    0.0 | MSE: 0.4099 | C_Loss: 0.000 | A_Loss: 0.005 | Alpha: 0.0000
Train Ep: 213/270 | Reward:    0.0 | MSE: 0.2338 | C_Loss: 0.000 | A_Loss: 0.005 | Alpha: 0.0000
Train Ep: 214/270 | Reward:    0.0 | MSE: 0.3085 | C_Loss: 0.000 | A_Loss: 0.005 | Alpha: 0.0000
Train Ep: 215/270 | Reward:    0.0 | MSE: 0.3910 | C_Loss: 0.000 | A_Loss: 0.005 | Alpha: 0.0000
  [!] Running Isolated Validation (Pure CMA vs GNN)...
  -> Val Results: Pure Baseline Errors: 5195 | GNN Errors: 5195
  -> Relative Improvement: 0.000%
Train Ep: 216/270 | Reward:    0.0 | MSE: 0.3548 | C_Loss: 0.000 | A_Loss: 0.004 | Alpha: 0.0000
Train Ep: 217/270 | Reward:    0.0 | MSE: 0.2473 | C_Loss: 0.000 | A_Loss: 0.004 | Alpha: 0.0000
Train Ep: 218/270 | Reward:    0.0 | MSE: 0.3249 | C_Loss: 0.000 | A_Loss: 0.004 | Alpha: 0.0000
Train Ep: 219/270 | Reward:    0.0 | MSE: 0.4254 | C_Loss: 0.000 | A_Loss: 0.004 | Alpha: 0.0000
Train Ep: 220/270 | Reward:    0.0 | MSE: 0.2840 | C_Loss: 0.000 | A_Loss: 0.004 | Alpha: 0.0000
  [!] Running Isolated Validation (Pure CMA vs GNN)...
  -> Val Results: Pure Baseline Errors: 5195 | GNN Errors: 5195
  -> Relative Improvement: 0.000%
Train Ep: 221/270 | Reward:    0.0 | MSE: 0.3911 | C_Loss: 0.000 | A_Loss: 0.004 | Alpha: 0.0000
Train Ep: 222/270 | Reward:    0.0 | MSE: 0.3366 | C_Loss: 0.000 | A_Loss: 0.004 | Alpha: 0.0000
Train Ep: 223/270 | Reward:    0.0 | MSE: 0.3337 | C_Loss: 0.000 | A_Loss: 0.004 | Alpha: 0.0000
Train Ep: 224/270 | Reward:    0.0 | MSE: 0.4635 | C_Loss: 0.000 | A_Loss: 0.004 | Alpha: 0.0000
Train Ep: 225/270 | Reward:    0.0 | MSE: 0.3256 | C_Loss: 0.000 | A_Loss: 0.004 | Alpha: 0.0000
  [!] Running Isolated Validation (Pure CMA vs GNN)...
  -> Val Results: Pure Baseline Errors: 5195 | GNN Errors: 5195
  -> Relative Improvement: 0.000%
Train Ep: 226/270 | Reward:    0.0 | MSE: 0.2382 | C_Loss: 0.000 | A_Loss: 0.003 | Alpha: 0.0000
Train Ep: 227/270 | Reward:    0.0 | MSE: 0.3200 | C_Loss: 0.000 | A_Loss: 0.003 | Alpha: 0.0000
Train Ep: 228/270 | Reward:    0.0 | MSE: 0.3510 | C_Loss: 0.000 | A_Loss: 0.003 | Alpha: 0.0000
Train Ep: 229/270 | Reward:    0.0 | MSE: 0.3748 | C_Loss: 0.000 | A_Loss: 0.003 | Alpha: 0.0000
Train Ep: 230/270 | Reward:    0.0 | MSE: 0.3023 | C_Loss: 0.000 | A_Loss: 0.003 | Alpha: 0.0000
  [!] Running Isolated Validation (Pure CMA vs GNN)...
  -> Val Results: Pure Baseline Errors: 5195 | GNN Errors: 5195
  -> Relative Improvement: 0.000%
Train Ep: 231/270 | Reward:    0.0 | MSE: 0.4737 | C_Loss: 0.000 | A_Loss: 0.003 | Alpha: 0.0000
Train Ep: 232/270 | Reward:    0.0 | MSE: 0.3460 | C_Loss: 0.000 | A_Loss: 0.003 | Alpha: 0.0000
Train Ep: 233/270 | Reward:    0.0 | MSE: 0.3445 | C_Loss: 0.000 | A_Loss: 0.003 | Alpha: 0.0000
Train Ep: 234/270 | Reward:    0.0 | MSE: 0.3024 | C_Loss: 0.000 | A_Loss: 0.003 | Alpha: 0.0000
Train Ep: 235/270 | Reward:    0.0 | MSE: 0.3997 | C_Loss: 0.000 | A_Loss: 0.003 | Alpha: 0.0000
  [!] Running Isolated Validation (Pure CMA vs GNN)...
  -> Val Results: Pure Baseline Errors: 5195 | GNN Errors: 5195
  -> Relative Improvement: 0.000%
Train Ep: 236/270 | Reward:    0.0 | MSE: 0.3755 | C_Loss: 0.000 | A_Loss: 0.003 | Alpha: 0.0000
Train Ep: 237/270 | Reward:    0.0 | MSE: 0.3634 | C_Loss: 0.000 | A_Loss: 0.003 | Alpha: 0.0000
Train Ep: 238/270 | Reward:    0.0 | MSE: 0.2882 | C_Loss: 0.000 | A_Loss: 0.003 | Alpha: 0.0000
Train Ep: 239/270 | Reward:    0.0 | MSE: 0.3390 | C_Loss: 0.000 | A_Loss: 0.002 | Alpha: 0.0000
Train Ep: 240/270 | Reward:    0.0 | MSE: 0.3391 | C_Loss: 0.000 | A_Loss: 0.002 | Alpha: 0.0000
  [!] Running Isolated Validation (Pure CMA vs GNN)...
  -> Val Results: Pure Baseline Errors: 5195 | GNN Errors: 5195
  -> Relative Improvement: 0.000%
Train Ep: 241/270 | Reward:    0.0 | MSE: 0.2473 | C_Loss: 0.000 | A_Loss: 0.002 | Alpha: 0.0000
Train Ep: 242/270 | Reward:    0.0 | MSE: 0.3018 | C_Loss: 0.000 | A_Loss: 0.002 | Alpha: 0.0000
Train Ep: 243/270 | Reward:    0.0 | MSE: 0.3919 | C_Loss: 0.000 | A_Loss: 0.002 | Alpha: 0.0000
Train Ep: 244/270 | Reward:   -2.0 | MSE: 0.4234 | C_Loss: 0.000 | A_Loss: 0.002 | Alpha: 0.0000
Train Ep: 245/270 | Reward:    0.0 | MSE: 0.3708 | C_Loss: 0.000 | A_Loss: 0.002 | Alpha: 0.0000
  [!] Running Isolated Validation (Pure CMA vs GNN)...
  -> Val Results: Pure Baseline Errors: 5195 | GNN Errors: 5195
  -> Relative Improvement: 0.000%
Train Ep: 246/270 | Reward:    0.0 | MSE: 0.2420 | C_Loss: 0.000 | A_Loss: 0.002 | Alpha: 0.0000
Train Ep: 247/270 | Reward:    0.0 | MSE: 0.3325 | C_Loss: 0.000 | A_Loss: 0.002 | Alpha: 0.0000
Train Ep: 248/270 | Reward:    0.0 | MSE: 0.2173 | C_Loss: 0.000 | A_Loss: 0.002 | Alpha: 0.0000
Train Ep: 249/270 | Reward:    0.0 | MSE: 0.3547 | C_Loss: 0.000 | A_Loss: 0.002 | Alpha: 0.0000
Train Ep: 250/270 | Reward:    0.0 | MSE: 0.3595 | C_Loss: 0.000 | A_Loss: 0.002 | Alpha: 0.0000
  [!] Running Isolated Validation (Pure CMA vs GNN)...
  -> Val Results: Pure Baseline Errors: 5195 | GNN Errors: 5195
  -> Relative Improvement: 0.000%
Train Ep: 251/270 | Reward:    0.0 | MSE: 0.3335 | C_Loss: 0.000 | A_Loss: 0.002 | Alpha: 0.0000
Train Ep: 252/270 | Reward:   -1.0 | MSE: 0.4120 | C_Loss: 0.000 | A_Loss: 0.002 | Alpha: 0.0000
Train Ep: 253/270 | Reward:   -1.0 | MSE: 0.3860 | C_Loss: 0.000 | A_Loss: 0.002 | Alpha: 0.0000
Train Ep: 254/270 | Reward:   -5.0 | MSE: 0.4417 | C_Loss: 0.000 | A_Loss: 0.002 | Alpha: 0.0000
Train Ep: 255/270 | Reward:    0.0 | MSE: 0.3866 | C_Loss: 0.000 | A_Loss: 0.002 | Alpha: 0.0000
  [!] Running Isolated Validation (Pure CMA vs GNN)...
  -> Val Results: Pure Baseline Errors: 5195 | GNN Errors: 5195
  -> Relative Improvement: 0.000%
Train Ep: 256/270 | Reward:    0.0 | MSE: 0.3754 | C_Loss: 0.000 | A_Loss: 0.002 | Alpha: 0.0000
Train Ep: 257/270 | Reward:   -1.0 | MSE: 0.4435 | C_Loss: 0.000 | A_Loss: 0.002 | Alpha: 0.0000
Train Ep: 258/270 | Reward:    0.0 | MSE: 0.3847 | C_Loss: 0.000 | A_Loss: 0.002 | Alpha: 0.0000
Train Ep: 259/270 | Reward:    0.0 | MSE: 0.3223 | C_Loss: 0.000 | A_Loss: 0.002 | Alpha: 0.0000
Train Ep: 260/270 | Reward:    0.0 | MSE: 0.3630 | C_Loss: 0.000 | A_Loss: 0.002 | Alpha: 0.0000
  [!] Running Isolated Validation (Pure CMA vs GNN)...
  -> Val Results: Pure Baseline Errors: 5195 | GNN Errors: 5195
  -> Relative Improvement: 0.000%
Train Ep: 261/270 | Reward:    0.0 | MSE: 0.3332 | C_Loss: 0.000 | A_Loss: 0.002 | Alpha: 0.0000
Train Ep: 262/270 | Reward:    0.0 | MSE: 0.3687 | C_Loss: 0.000 | A_Loss: 0.002 | Alpha: 0.0000
Train Ep: 263/270 | Reward:    0.0 | MSE: 0.3416 | C_Loss: 0.000 | A_Loss: 0.002 | Alpha: 0.0000
Train Ep: 264/270 | Reward:    0.0 | MSE: 0.2867 | C_Loss: 0.000 | A_Loss: 0.002 | Alpha: 0.0000
Train Ep: 265/270 | Reward:    0.0 | MSE: 0.3374 | C_Loss: 0.000 | A_Loss: 0.002 | Alpha: 0.0000
  [!] Running Isolated Validation (Pure CMA vs GNN)...
  -> Val Results: Pure Baseline Errors: 5195 | GNN Errors: 5195
  -> Relative Improvement: 0.000%
Train Ep: 266/270 | Reward:    0.0 | MSE: 0.4092 | C_Loss: 0.000 | A_Loss: 0.002 | Alpha: 0.0000
Train Ep: 267/270 | Reward:    0.0 | MSE: 0.3627 | C_Loss: 0.000 | A_Loss: 0.002 | Alpha: 0.0000
Train Ep: 268/270 | Reward:    1.0 | MSE: 0.3324 | C_Loss: 0.000 | A_Loss: 0.002 | Alpha: 0.0000
Train Ep: 269/270 | Reward:    0.0 | MSE: 0.4816 | C_Loss: 0.000 | A_Loss: 0.002 | Alpha: 0.0000
Train Ep: 270/270 | Reward:    0.0 | MSE: 0.3059 | C_Loss: 0.000 | A_Loss: 0.002 | Alpha: 0.0000
  [!] Running Isolated Validation (Pure CMA vs GNN)...
  -> Val Results: Pure Baseline Errors: 5195 | GNN Errors: 5195
  -> Relative Improvement: 0.000%

Training complete in 62823.31 seconds.
[*] Models successfully saved to models/sac_gnn_39.pth
Training plots saved to 'plots/training_metrics_39.png'
[*] The best performing model during validation was saved to: models/sac_gnn_39_best.pth
Training run time = 62826.33 s
Job finished at: Tue Apr 21 13:24:48 CEST 2026
