Job started at: Wed Apr 15 15:13:02 CEST 2026
Job started at: Wed Apr 15 15:13:02 CEST 2026
Starting Run 1: Gamma=0.0 | Mismatch=30.0 | Update=1000
SLURM Mode Received: 0
Execution Pipeline: ['train']
Loaded Configuration: {'mode': 0, 'model_path': 'models/sac_gnn_35.pth', 'training_metrics_filename': 'training_metrics_35.png', 'distance': 5, 'n_rounds': 5, 'p': 0.004, 'p_gate_zz': 0.0, 'mismatch': 30.0, 'n_shots': 65000, 'burn_in_steps': 15000, 'bypass_threshold': 2, 'action_scale': 3.0, 'update_period': 1000, 'prior_shots': 1000, 'local_action_only': True, 'local_action_hops': 1, 'hidden_dim': 128, 'lr': 0.0001, 'gamma': 0.0, 'tau': 0.005, 'alpha': 0.01, 'batch_size': 64, 'buffer_capacity': 100000, 'update_frequency': 100, 'train_episodes': 270, 'test_episodes': 20}

Initializing environment...

############################################################
### RUNNING MODE: TRAIN
############################################################

========================================
STARTING TRAINING (Episodes: 270)
========================================
Train Ep: 001/270 | Reward: -587.0 | MSE: 0.2032 | C_Loss: 0.054 | A_Loss: 0.006 | Alpha: 0.0095
Train Ep: 002/270 | Reward: -512.0 | MSE: 0.1284 | C_Loss: 0.053 | A_Loss: 0.008 | Alpha: 0.0091
Train Ep: 003/270 | Reward: -495.0 | MSE: 0.1620 | C_Loss: 0.052 | A_Loss: 0.007 | Alpha: 0.0086
Train Ep: 004/270 | Reward: -710.0 | MSE: 0.1655 | C_Loss: 0.055 | A_Loss: 0.007 | Alpha: 0.0082
Train Ep: 005/270 | Reward: -586.0 | MSE: 0.1380 | C_Loss: 0.058 | A_Loss: 0.007 | Alpha: 0.0079
Train Ep: 006/270 | Reward: -477.0 | MSE: 0.1725 | C_Loss: 0.061 | A_Loss: 0.008 | Alpha: 0.0075
Train Ep: 007/270 | Reward: -635.0 | MSE: 0.1551 | C_Loss: 0.060 | A_Loss: 0.006 | Alpha: 0.0072
Train Ep: 008/270 | Reward: -475.0 | MSE: 0.1324 | C_Loss: 0.062 | A_Loss: 0.006 | Alpha: 0.0069
Train Ep: 009/270 | Reward: -504.0 | MSE: 0.1583 | C_Loss: 0.065 | A_Loss: 0.008 | Alpha: 0.0066
Train Ep: 010/270 | Reward: -626.0 | MSE: 0.1804 | C_Loss: 0.059 | A_Loss: 0.008 | Alpha: 0.0063
Train Ep: 011/270 | Reward: -484.0 | MSE: 0.2145 | C_Loss: 0.062 | A_Loss: 0.008 | Alpha: 0.0060
Train Ep: 012/270 | Reward: -556.0 | MSE: 0.1546 | C_Loss: 0.056 | A_Loss: 0.007 | Alpha: 0.0057
Train Ep: 013/270 | Reward: -529.0 | MSE: 0.1224 | C_Loss: 0.054 | A_Loss: 0.005 | Alpha: 0.0055
Train Ep: 014/270 | Reward: -487.0 | MSE: 0.1861 | C_Loss: 0.056 | A_Loss: 0.007 | Alpha: 0.0052
Train Ep: 015/270 | Reward: -346.0 | MSE: 0.1575 | C_Loss: 0.054 | A_Loss: 0.007 | Alpha: 0.0050
Train Ep: 016/270 | Reward: -264.0 | MSE: 0.1897 | C_Loss: 0.049 | A_Loss: 0.006 | Alpha: 0.0048
Train Ep: 017/270 | Reward: -276.0 | MSE: 0.1467 | C_Loss: 0.046 | A_Loss: 0.004 | Alpha: 0.0046
Train Ep: 018/270 | Reward: -431.0 | MSE: 0.2353 | C_Loss: 0.045 | A_Loss: 0.003 | Alpha: 0.0044
Train Ep: 019/270 | Reward: -349.0 | MSE: 0.1131 | C_Loss: 0.055 | A_Loss: 0.007 | Alpha: 0.0042
Train Ep: 020/270 | Reward: -511.0 | MSE: 0.1638 | C_Loss: 0.059 | A_Loss: 0.006 | Alpha: 0.0040
Train Ep: 021/270 | Reward: -335.0 | MSE: 0.1234 | C_Loss: 0.054 | A_Loss: 0.007 | Alpha: 0.0038
Train Ep: 022/270 | Reward: -262.0 | MSE: 0.1006 | C_Loss: 0.048 | A_Loss: 0.006 | Alpha: 0.0037
Train Ep: 023/270 | Reward: -189.0 | MSE: 0.1281 | C_Loss: 0.037 | A_Loss: 0.004 | Alpha: 0.0035
Train Ep: 024/270 | Reward: -221.0 | MSE: 0.1976 | C_Loss: 0.033 | A_Loss: 0.003 | Alpha: 0.0034
Train Ep: 025/270 | Reward: -250.0 | MSE: 0.1178 | C_Loss: 0.032 | A_Loss: 0.003 | Alpha: 0.0032
Train Ep: 026/270 | Reward: -205.0 | MSE: 0.0901 | C_Loss: 0.030 | A_Loss: 0.005 | Alpha: 0.0031
Train Ep: 027/270 | Reward: -164.0 | MSE: 0.1286 | C_Loss: 0.030 | A_Loss: 0.003 | Alpha: 0.0029
Train Ep: 028/270 | Reward: -233.0 | MSE: 0.2002 | C_Loss: 0.025 | A_Loss: 0.003 | Alpha: 0.0028
Train Ep: 029/270 | Reward: -254.0 | MSE: 0.1629 | C_Loss: 0.030 | A_Loss: 0.004 | Alpha: 0.0027
Train Ep: 030/270 | Reward: -254.0 | MSE: 0.1096 | C_Loss: 0.040 | A_Loss: 0.004 | Alpha: 0.0026
Train Ep: 031/270 | Reward: -210.0 | MSE: 0.1297 | C_Loss: 0.041 | A_Loss: 0.006 | Alpha: 0.0025
Train Ep: 032/270 | Reward: -306.0 | MSE: 0.1760 | C_Loss: 0.041 | A_Loss: 0.004 | Alpha: 0.0024
Train Ep: 033/270 | Reward: -201.0 | MSE: 0.1930 | C_Loss: 0.042 | A_Loss: 0.005 | Alpha: 0.0023
Train Ep: 034/270 | Reward: -149.0 | MSE: 0.2043 | C_Loss: 0.041 | A_Loss: 0.004 | Alpha: 0.0022
Train Ep: 035/270 | Reward: -182.0 | MSE: 0.1721 | C_Loss: 0.034 | A_Loss: 0.004 | Alpha: 0.0021
Train Ep: 036/270 | Reward: -149.0 | MSE: 0.1417 | C_Loss: 0.036 | A_Loss: 0.003 | Alpha: 0.0020
Train Ep: 037/270 | Reward:  -88.0 | MSE: 0.2252 | C_Loss: 0.029 | A_Loss: 0.004 | Alpha: 0.0019
Train Ep: 038/270 | Reward:  -83.0 | MSE: 0.2244 | C_Loss: 0.023 | A_Loss: 0.002 | Alpha: 0.0018
Train Ep: 039/270 | Reward: -162.0 | MSE: 0.1683 | C_Loss: 0.022 | A_Loss: 0.002 | Alpha: 0.0017
Train Ep: 040/270 | Reward: -152.0 | MSE: 0.1769 | C_Loss: 0.027 | A_Loss: 0.002 | Alpha: 0.0017
Train Ep: 041/270 | Reward: -181.0 | MSE: 0.2944 | C_Loss: 0.031 | A_Loss: 0.004 | Alpha: 0.0016
Train Ep: 042/270 | Reward: -190.0 | MSE: 0.2535 | C_Loss: 0.037 | A_Loss: 0.004 | Alpha: 0.0015
Train Ep: 043/270 | Reward: -148.0 | MSE: 0.1695 | C_Loss: 0.038 | A_Loss: 0.003 | Alpha: 0.0015
Train Ep: 044/270 | Reward: -220.0 | MSE: 0.2583 | C_Loss: 0.037 | A_Loss: 0.003 | Alpha: 0.0014
Train Ep: 045/270 | Reward: -260.0 | MSE: 0.1941 | C_Loss: 0.037 | A_Loss: 0.005 | Alpha: 0.0013
Train Ep: 046/270 | Reward: -145.0 | MSE: 0.1950 | C_Loss: 0.038 | A_Loss: 0.005 | Alpha: 0.0013
Train Ep: 047/270 | Reward: -103.0 | MSE: 0.2019 | C_Loss: 0.029 | A_Loss: 0.003 | Alpha: 0.0012
Train Ep: 048/270 | Reward: -158.0 | MSE: 0.1659 | C_Loss: 0.024 | A_Loss: 0.002 | Alpha: 0.0012
Train Ep: 049/270 | Reward: -145.0 | MSE: 0.2231 | C_Loss: 0.027 | A_Loss: 0.003 | Alpha: 0.0011
Train Ep: 050/270 | Reward: -103.0 | MSE: 0.2024 | C_Loss: 0.028 | A_Loss: 0.003 | Alpha: 0.0011
Train Ep: 051/270 | Reward:  -71.0 | MSE: 0.2160 | C_Loss: 0.021 | A_Loss: 0.002 | Alpha: 0.0010
Train Ep: 052/270 | Reward: -101.0 | MSE: 0.1660 | C_Loss: 0.024 | A_Loss: 0.002 | Alpha: 0.0010
Train Ep: 053/270 | Reward:  -48.0 | MSE: 0.1892 | C_Loss: 0.023 | A_Loss: 0.002 | Alpha: 0.0009
Train Ep: 054/270 | Reward:  -63.0 | MSE: 0.2649 | C_Loss: 0.018 | A_Loss: 0.002 | Alpha: 0.0009
Train Ep: 055/270 | Reward:  -34.0 | MSE: 0.2641 | C_Loss: 0.018 | A_Loss: 0.002 | Alpha: 0.0009
Train Ep: 056/270 | Reward:  -30.0 | MSE: 0.2536 | C_Loss: 0.019 | A_Loss: -0.000 | Alpha: 0.0008
Train Ep: 057/270 | Reward: -100.0 | MSE: 0.1673 | C_Loss: 0.021 | A_Loss: 0.002 | Alpha: 0.0008
Train Ep: 058/270 | Reward: -128.0 | MSE: 0.1481 | C_Loss: 0.023 | A_Loss: 0.002 | Alpha: 0.0007
Train Ep: 059/270 | Reward:  -60.0 | MSE: 0.1610 | C_Loss: 0.025 | A_Loss: 0.003 | Alpha: 0.0007
Train Ep: 060/270 | Reward: -101.0 | MSE: 0.1962 | C_Loss: 0.022 | A_Loss: 0.002 | Alpha: 0.0007
Train Ep: 061/270 | Reward:  -57.0 | MSE: 0.2444 | C_Loss: 0.020 | A_Loss: 0.003 | Alpha: 0.0007
Train Ep: 062/270 | Reward:  -58.0 | MSE: 0.1908 | C_Loss: 0.021 | A_Loss: 0.001 | Alpha: 0.0006
Train Ep: 063/270 | Reward:  -51.0 | MSE: 0.2149 | C_Loss: 0.026 | A_Loss: 0.001 | Alpha: 0.0006
Train Ep: 064/270 | Reward: -221.0 | MSE: 0.1738 | C_Loss: 0.030 | A_Loss: 0.001 | Alpha: 0.0006
Train Ep: 065/270 | Reward: -130.0 | MSE: 0.1785 | C_Loss: 0.034 | A_Loss: 0.004 | Alpha: 0.0005
Train Ep: 066/270 | Reward:  -55.0 | MSE: 0.1547 | C_Loss: 0.031 | A_Loss: 0.003 | Alpha: 0.0005
Train Ep: 067/270 | Reward:  -48.0 | MSE: 0.2585 | C_Loss: 0.020 | A_Loss: 0.002 | Alpha: 0.0005
Train Ep: 068/270 | Reward:  -23.0 | MSE: 0.1081 | C_Loss: 0.015 | A_Loss: 0.000 | Alpha: 0.0005
Train Ep: 069/270 | Reward:  -43.0 | MSE: 0.2236 | C_Loss: 0.014 | A_Loss: 0.001 | Alpha: 0.0005
Train Ep: 070/270 | Reward:  -58.0 | MSE: 0.1281 | C_Loss: 0.016 | A_Loss: 0.001 | Alpha: 0.0004
Train Ep: 071/270 | Reward:  -28.0 | MSE: 0.1634 | C_Loss: 0.018 | A_Loss: 0.002 | Alpha: 0.0004
Train Ep: 072/270 | Reward:    1.0 | MSE: 0.2005 | C_Loss: 0.015 | A_Loss: 0.001 | Alpha: 0.0004
  [!] Reward crossed 0! Unlocking Validation phase for the rest of training.
Train Ep: 073/270 | Reward:  -29.0 | MSE: 0.1860 | C_Loss: 0.014 | A_Loss: 0.001 | Alpha: 0.0004
Train Ep: 074/270 | Reward:  -82.0 | MSE: 0.1583 | C_Loss: 0.015 | A_Loss: 0.001 | Alpha: 0.0004
Train Ep: 075/270 | Reward:  -96.0 | MSE: 0.1878 | C_Loss: 0.022 | A_Loss: 0.001 | Alpha: 0.0003
  [!] Running Isolated Validation (Pure CMA vs GNN)...
  -> Val Results: Pure Baseline Errors: 5222 | GNN Errors: 5167
  -> Relative Improvement: 1.053%
  *** New Best Model! Net Score improved from -inf to 0.01053236307927997 ***
[*] Models successfully saved to models/sac_gnn_35_best.pth
Train Ep: 076/270 | Reward:  -60.0 | MSE: 0.1745 | C_Loss: 0.023 | A_Loss: 0.001 | Alpha: 0.0003
Train Ep: 077/270 | Reward:  -50.0 | MSE: 0.1888 | C_Loss: 0.020 | A_Loss: 0.002 | Alpha: 0.0003
Train Ep: 078/270 | Reward:  -26.0 | MSE: 0.1685 | C_Loss: 0.020 | A_Loss: 0.001 | Alpha: 0.0003
Train Ep: 079/270 | Reward:  -92.0 | MSE: 0.2135 | C_Loss: 0.019 | A_Loss: 0.001 | Alpha: 0.0003
Train Ep: 080/270 | Reward:   -5.0 | MSE: 0.1320 | C_Loss: 0.024 | A_Loss: 0.002 | Alpha: 0.0003
  [!] Running Isolated Validation (Pure CMA vs GNN)...
  -> Val Results: Pure Baseline Errors: 5222 | GNN Errors: 5182
  -> Relative Improvement: 0.766%
Train Ep: 081/270 | Reward:  -66.0 | MSE: 0.2532 | C_Loss: 0.021 | A_Loss: 0.002 | Alpha: 0.0003
Train Ep: 082/270 | Reward:  -40.0 | MSE: 0.1231 | C_Loss: 0.016 | A_Loss: 0.001 | Alpha: 0.0003
Train Ep: 083/270 | Reward:   -2.0 | MSE: 0.3043 | C_Loss: 0.016 | A_Loss: 0.000 | Alpha: 0.0002
Train Ep: 084/270 | Reward:  -90.0 | MSE: 0.2167 | C_Loss: 0.016 | A_Loss: 0.001 | Alpha: 0.0002
Train Ep: 085/270 | Reward:  -71.0 | MSE: 0.3016 | C_Loss: 0.016 | A_Loss: 0.001 | Alpha: 0.0002
  [!] Running Isolated Validation (Pure CMA vs GNN)...
  -> Val Results: Pure Baseline Errors: 5222 | GNN Errors: 5181
  -> Relative Improvement: 0.785%
Train Ep: 086/270 | Reward:   -7.0 | MSE: 0.1072 | C_Loss: 0.015 | A_Loss: 0.002 | Alpha: 0.0002
Train Ep: 087/270 | Reward:  -29.0 | MSE: 0.1945 | C_Loss: 0.013 | A_Loss: 0.001 | Alpha: 0.0002
Train Ep: 088/270 | Reward:  -52.0 | MSE: 0.3156 | C_Loss: 0.012 | A_Loss: 0.001 | Alpha: 0.0002
Train Ep: 089/270 | Reward:  -12.0 | MSE: 0.2177 | C_Loss: 0.012 | A_Loss: 0.001 | Alpha: 0.0002
Train Ep: 090/270 | Reward:   -6.0 | MSE: 0.2632 | C_Loss: 0.011 | A_Loss: 0.000 | Alpha: 0.0002
  [!] Running Isolated Validation (Pure CMA vs GNN)...
  -> Val Results: Pure Baseline Errors: 5222 | GNN Errors: 5155
  -> Relative Improvement: 1.283%
  *** New Best Model! Net Score improved from 0.01053236307927997 to 0.012830333205668327 ***
[*] Models successfully saved to models/sac_gnn_35_best.pth
Train Ep: 091/270 | Reward:  -31.0 | MSE: 0.1663 | C_Loss: 0.012 | A_Loss: -0.001 | Alpha: 0.0002
Train Ep: 092/270 | Reward:  -21.0 | MSE: 0.2368 | C_Loss: 0.018 | A_Loss: 0.001 | Alpha: 0.0002
Train Ep: 093/270 | Reward:  -40.0 | MSE: 0.2083 | C_Loss: 0.015 | A_Loss: 0.001 | Alpha: 0.0002
Train Ep: 094/270 | Reward:  -67.0 | MSE: 0.3113 | C_Loss: 0.015 | A_Loss: 0.001 | Alpha: 0.0002
Train Ep: 095/270 | Reward:   -6.0 | MSE: 0.1129 | C_Loss: 0.014 | A_Loss: 0.001 | Alpha: 0.0001
  [!] Running Isolated Validation (Pure CMA vs GNN)...
  -> Val Results: Pure Baseline Errors: 5222 | GNN Errors: 5184
  -> Relative Improvement: 0.728%
Train Ep: 096/270 | Reward:  -19.0 | MSE: 0.1862 | C_Loss: 0.014 | A_Loss: 0.000 | Alpha: 0.0001
Train Ep: 097/270 | Reward:  -49.0 | MSE: 0.2348 | C_Loss: 0.011 | A_Loss: 0.001 | Alpha: 0.0001
Train Ep: 098/270 | Reward:  -31.0 | MSE: 0.2635 | C_Loss: 0.014 | A_Loss: 0.001 | Alpha: 0.0001
Train Ep: 099/270 | Reward:  -29.0 | MSE: 0.1385 | C_Loss: 0.013 | A_Loss: 0.000 | Alpha: 0.0001
Train Ep: 100/270 | Reward:  -52.0 | MSE: 0.2207 | C_Loss: 0.017 | A_Loss: 0.001 | Alpha: 0.0001
  [!] Running Isolated Validation (Pure CMA vs GNN)...
  -> Val Results: Pure Baseline Errors: 5222 | GNN Errors: 5201
  -> Relative Improvement: 0.402%
Train Ep: 101/270 | Reward: -120.0 | MSE: 0.1832 | C_Loss: 0.021 | A_Loss: 0.002 | Alpha: 0.0001
Train Ep: 102/270 | Reward:  -37.0 | MSE: 0.1633 | C_Loss: 0.024 | A_Loss: 0.002 | Alpha: 0.0001
Train Ep: 103/270 | Reward: -100.0 | MSE: 0.1245 | C_Loss: 0.020 | A_Loss: 0.002 | Alpha: 0.0001
Train Ep: 104/270 | Reward:  -44.0 | MSE: 0.2420 | C_Loss: 0.023 | A_Loss: 0.002 | Alpha: 0.0001
Train Ep: 105/270 | Reward:  -58.0 | MSE: 0.2229 | C_Loss: 0.017 | A_Loss: 0.002 | Alpha: 0.0001
  [!] Running Isolated Validation (Pure CMA vs GNN)...
  -> Val Results: Pure Baseline Errors: 5222 | GNN Errors: 5181
  -> Relative Improvement: 0.785%
Train Ep: 106/270 | Reward:  -52.0 | MSE: 0.1733 | C_Loss: 0.018 | A_Loss: 0.001 | Alpha: 0.0001
Train Ep: 107/270 | Reward:  -70.0 | MSE: 0.1664 | C_Loss: 0.019 | A_Loss: 0.001 | Alpha: 0.0001
Train Ep: 108/270 | Reward:  -75.0 | MSE: 0.1654 | C_Loss: 0.017 | A_Loss: 0.002 | Alpha: 0.0001
Train Ep: 109/270 | Reward:  -61.0 | MSE: 0.1374 | C_Loss: 0.015 | A_Loss: 0.002 | Alpha: 0.0001
Train Ep: 110/270 | Reward:  -88.0 | MSE: 0.2099 | C_Loss: 0.013 | A_Loss: 0.002 | Alpha: 0.0001
  [!] Running Isolated Validation (Pure CMA vs GNN)...
  -> Val Results: Pure Baseline Errors: 5222 | GNN Errors: 5208
  -> Relative Improvement: 0.268%
Train Ep: 111/270 | Reward:  -80.0 | MSE: 0.2016 | C_Loss: 0.015 | A_Loss: 0.001 | Alpha: 0.0001
Train Ep: 112/270 | Reward:  -56.0 | MSE: 0.2347 | C_Loss: 0.018 | A_Loss: 0.001 | Alpha: 0.0001
Train Ep: 113/270 | Reward:  -76.0 | MSE: 0.2080 | C_Loss: 0.019 | A_Loss: 0.002 | Alpha: 0.0001
Train Ep: 114/270 | Reward:   10.0 | MSE: 0.2871 | C_Loss: 0.013 | A_Loss: 0.002 | Alpha: 0.0001
Train Ep: 115/270 | Reward:   19.0 | MSE: 0.1708 | C_Loss: 0.007 | A_Loss: 0.001 | Alpha: 0.0001
  [!] Running Isolated Validation (Pure CMA vs GNN)...
  -> Val Results: Pure Baseline Errors: 5222 | GNN Errors: 5190
  -> Relative Improvement: 0.613%
Train Ep: 116/270 | Reward:   42.0 | MSE: 0.2831 | C_Loss: 0.004 | A_Loss: -0.000 | Alpha: 0.0001
Train Ep: 117/270 | Reward:  -24.0 | MSE: 0.1739 | C_Loss: 0.006 | A_Loss: -0.000 | Alpha: 0.0001
Train Ep: 118/270 | Reward:  -43.0 | MSE: 0.2568 | C_Loss: 0.013 | A_Loss: 0.000 | Alpha: 0.0001
Train Ep: 119/270 | Reward:   29.0 | MSE: 0.1694 | C_Loss: 0.014 | A_Loss: 0.001 | Alpha: 0.0001
Train Ep: 120/270 | Reward:   47.0 | MSE: 0.1978 | C_Loss: 0.010 | A_Loss: 0.000 | Alpha: 0.0001
  [!] Running Isolated Validation (Pure CMA vs GNN)...
  -> Val Results: Pure Baseline Errors: 5222 | GNN Errors: 5182
  -> Relative Improvement: 0.766%
Train Ep: 121/270 | Reward:  -18.0 | MSE: 0.2111 | C_Loss: 0.007 | A_Loss: -0.001 | Alpha: 0.0001
Train Ep: 122/270 | Reward: -107.0 | MSE: 0.2014 | C_Loss: 0.009 | A_Loss: 0.000 | Alpha: 0.0001
Train Ep: 123/270 | Reward:   11.0 | MSE: 0.3297 | C_Loss: 0.015 | A_Loss: 0.001 | Alpha: 0.0001
Train Ep: 124/270 | Reward:   11.0 | MSE: 0.1259 | C_Loss: 0.011 | A_Loss: 0.001 | Alpha: 0.0001
Train Ep: 125/270 | Reward:   17.0 | MSE: 0.2669 | C_Loss: 0.005 | A_Loss: -0.000 | Alpha: 0.0001
  [!] Running Isolated Validation (Pure CMA vs GNN)...
  -> Val Results: Pure Baseline Errors: 5222 | GNN Errors: 5170
  -> Relative Improvement: 0.996%
Train Ep: 126/270 | Reward:   -6.0 | MSE: 0.2313 | C_Loss: 0.007 | A_Loss: 0.000 | Alpha: 0.0001
Train Ep: 127/270 | Reward:   -1.0 | MSE: 0.1924 | C_Loss: 0.011 | A_Loss: -0.000 | Alpha: 0.0001
Train Ep: 128/270 | Reward:  -26.0 | MSE: 0.1253 | C_Loss: 0.012 | A_Loss: 0.000 | Alpha: 0.0001
Train Ep: 129/270 | Reward:  -24.0 | MSE: 0.1683 | C_Loss: 0.012 | A_Loss: 0.000 | Alpha: 0.0001
Train Ep: 130/270 | Reward: -107.0 | MSE: 0.1198 | C_Loss: 0.017 | A_Loss: 0.002 | Alpha: 0.0001
  [!] Running Isolated Validation (Pure CMA vs GNN)...
  -> Val Results: Pure Baseline Errors: 5222 | GNN Errors: 5146
  -> Relative Improvement: 1.455%
  *** New Best Model! Net Score improved from 0.012830333205668327 to 0.014553810800459595 ***
[*] Models successfully saved to models/sac_gnn_35_best.pth
Train Ep: 131/270 | Reward:   27.0 | MSE: 0.1601 | C_Loss: 0.014 | A_Loss: 0.001 | Alpha: 0.0001
Train Ep: 132/270 | Reward:   16.0 | MSE: 0.2879 | C_Loss: 0.006 | A_Loss: 0.000 | Alpha: 0.0001
Train Ep: 133/270 | Reward:    4.0 | MSE: 0.1730 | C_Loss: 0.002 | A_Loss: -0.000 | Alpha: 0.0001
Train Ep: 134/270 | Reward:   11.0 | MSE: 0.1632 | C_Loss: 0.002 | A_Loss: -0.000 | Alpha: 0.0001
Train Ep: 135/270 | Reward:   19.0 | MSE: 0.2160 | C_Loss: 0.003 | A_Loss: -0.000 | Alpha: 0.0001
  [!] Running Isolated Validation (Pure CMA vs GNN)...
  -> Val Results: Pure Baseline Errors: 5222 | GNN Errors: 5175
  -> Relative Improvement: 0.900%
Train Ep: 136/270 | Reward:    9.0 | MSE: 0.2129 | C_Loss: 0.004 | A_Loss: -0.000 | Alpha: 0.0001
Train Ep: 137/270 | Reward:   16.0 | MSE: 0.1576 | C_Loss: 0.005 | A_Loss: 0.001 | Alpha: 0.0001
Train Ep: 138/270 | Reward:   32.0 | MSE: 0.2811 | C_Loss: 0.007 | A_Loss: 0.000 | Alpha: 0.0001
Train Ep: 139/270 | Reward:   43.0 | MSE: 0.1647 | C_Loss: 0.007 | A_Loss: -0.000 | Alpha: 0.0001
Train Ep: 140/270 | Reward:    8.0 | MSE: 0.2163 | C_Loss: 0.007 | A_Loss: -0.000 | Alpha: 0.0001
  [!] Running Isolated Validation (Pure CMA vs GNN)...
  -> Val Results: Pure Baseline Errors: 5222 | GNN Errors: 5180
  -> Relative Improvement: 0.804%
Train Ep: 141/270 | Reward:   22.0 | MSE: 0.1704 | C_Loss: 0.011 | A_Loss: -0.001 | Alpha: 0.0001
Train Ep: 142/270 | Reward:  -81.0 | MSE: 0.1635 | C_Loss: 0.015 | A_Loss: 0.001 | Alpha: 0.0001
Train Ep: 143/270 | Reward:   34.0 | MSE: 0.2391 | C_Loss: 0.017 | A_Loss: 0.001 | Alpha: 0.0001
Train Ep: 144/270 | Reward:   44.0 | MSE: 0.1734 | C_Loss: 0.016 | A_Loss: 0.000 | Alpha: 0.0001
Train Ep: 145/270 | Reward:   -2.0 | MSE: 0.1698 | C_Loss: 0.008 | A_Loss: -0.001 | Alpha: 0.0001
  [!] Running Isolated Validation (Pure CMA vs GNN)...
  -> Val Results: Pure Baseline Errors: 5222 | GNN Errors: 5153
  -> Relative Improvement: 1.321%
Train Ep: 146/270 | Reward:    8.0 | MSE: 0.2128 | C_Loss: 0.008 | A_Loss: 0.000 | Alpha: 0.0001
Train Ep: 147/270 | Reward:   12.0 | MSE: 0.1675 | C_Loss: 0.014 | A_Loss: 0.001 | Alpha: 0.0001
Train Ep: 148/270 | Reward:   18.0 | MSE: 0.2528 | C_Loss: 0.011 | A_Loss: -0.000 | Alpha: 0.0001
Train Ep: 149/270 | Reward:   18.0 | MSE: 0.2573 | C_Loss: 0.008 | A_Loss: -0.000 | Alpha: 0.0001
Train Ep: 150/270 | Reward:  -44.0 | MSE: 0.2148 | C_Loss: 0.012 | A_Loss: -0.000 | Alpha: 0.0001
  [!] Running Isolated Validation (Pure CMA vs GNN)...
  -> Val Results: Pure Baseline Errors: 5222 | GNN Errors: 5094
  -> Relative Improvement: 2.451%
  *** New Best Model! Net Score improved from 0.014553810800459595 to 0.024511681348142474 ***
[*] Models successfully saved to models/sac_gnn_35_best.pth
Train Ep: 151/270 | Reward:  -24.0 | MSE: 0.2931 | C_Loss: 0.019 | A_Loss: 0.000 | Alpha: 0.0001
Train Ep: 152/270 | Reward:   14.0 | MSE: 0.2523 | C_Loss: 0.018 | A_Loss: 0.002 | Alpha: 0.0001
Train Ep: 153/270 | Reward:  -71.0 | MSE: 0.1449 | C_Loss: 0.016 | A_Loss: 0.001 | Alpha: 0.0001
Train Ep: 154/270 | Reward:  -49.0 | MSE: 0.2234 | C_Loss: 0.029 | A_Loss: 0.001 | Alpha: 0.0001
Train Ep: 155/270 | Reward:   32.0 | MSE: 0.2349 | C_Loss: 0.026 | A_Loss: 0.001 | Alpha: 0.0001
  [!] Running Isolated Validation (Pure CMA vs GNN)...
  -> Val Results: Pure Baseline Errors: 5222 | GNN Errors: 5155
  -> Relative Improvement: 1.283%
Train Ep: 156/270 | Reward:    6.0 | MSE: 0.1961 | C_Loss: 0.009 | A_Loss: -0.001 | Alpha: 0.0001
Train Ep: 157/270 | Reward:  -48.0 | MSE: 0.1306 | C_Loss: 0.012 | A_Loss: 0.001 | Alpha: 0.0001
Train Ep: 158/270 | Reward:   34.0 | MSE: 0.2975 | C_Loss: 0.015 | A_Loss: 0.000 | Alpha: 0.0001
Train Ep: 159/270 | Reward:   57.0 | MSE: 0.1342 | C_Loss: 0.008 | A_Loss: 0.000 | Alpha: 0.0001
Train Ep: 160/270 | Reward:   33.0 | MSE: 0.2294 | C_Loss: 0.006 | A_Loss: -0.001 | Alpha: 0.0001
  [!] Running Isolated Validation (Pure CMA vs GNN)...
  -> Val Results: Pure Baseline Errors: 5222 | GNN Errors: 5135
  -> Relative Improvement: 1.666%
Train Ep: 161/270 | Reward:  -42.0 | MSE: 0.1876 | C_Loss: 0.010 | A_Loss: 0.000 | Alpha: 0.0001
Train Ep: 162/270 | Reward:  -18.0 | MSE: 0.2126 | C_Loss: 0.018 | A_Loss: 0.002 | Alpha: 0.0001
Train Ep: 163/270 | Reward:   21.0 | MSE: 0.2616 | C_Loss: 0.015 | A_Loss: 0.000 | Alpha: 0.0001
Train Ep: 164/270 | Reward:   26.0 | MSE: 0.1515 | C_Loss: 0.003 | A_Loss: -0.000 | Alpha: 0.0001
Train Ep: 165/270 | Reward:  -29.0 | MSE: 0.2168 | C_Loss: 0.006 | A_Loss: -0.001 | Alpha: 0.0001
  [!] Running Isolated Validation (Pure CMA vs GNN)...
  -> Val Results: Pure Baseline Errors: 5222 | GNN Errors: 5047
  -> Relative Improvement: 3.351%
  *** New Best Model! Net Score improved from 0.024511681348142474 to 0.03351206434316354 ***
[*] Models successfully saved to models/sac_gnn_35_best.pth
Train Ep: 166/270 | Reward: -122.0 | MSE: 0.3203 | C_Loss: 0.018 | A_Loss: 0.001 | Alpha: 0.0001
Train Ep: 167/270 | Reward:   15.0 | MSE: 0.2290 | C_Loss: 0.022 | A_Loss: 0.001 | Alpha: 0.0001
Train Ep: 168/270 | Reward:   33.0 | MSE: 0.1324 | C_Loss: 0.009 | A_Loss: 0.000 | Alpha: 0.0001
Train Ep: 169/270 | Reward:   14.0 | MSE: 0.2048 | C_Loss: 0.005 | A_Loss: -0.001 | Alpha: 0.0001
Train Ep: 170/270 | Reward:  -45.0 | MSE: 0.1092 | C_Loss: 0.009 | A_Loss: -0.000 | Alpha: 0.0001
  [!] Running Isolated Validation (Pure CMA vs GNN)...
  -> Val Results: Pure Baseline Errors: 5222 | GNN Errors: 5220
  -> Relative Improvement: 0.038%
Train Ep: 171/270 | Reward:  -27.0 | MSE: 0.1024 | C_Loss: 0.013 | A_Loss: 0.000 | Alpha: 0.0001
Train Ep: 172/270 | Reward:  -87.0 | MSE: 0.1476 | C_Loss: 0.018 | A_Loss: 0.001 | Alpha: 0.0001
Train Ep: 173/270 | Reward:  -67.0 | MSE: 0.1485 | C_Loss: 0.023 | A_Loss: 0.002 | Alpha: 0.0001
Train Ep: 174/270 | Reward:    2.0 | MSE: 0.2550 | C_Loss: 0.017 | A_Loss: 0.001 | Alpha: 0.0001
Train Ep: 175/270 | Reward:   15.0 | MSE: 0.3044 | C_Loss: 0.008 | A_Loss: 0.001 | Alpha: 0.0001
  [!] Running Isolated Validation (Pure CMA vs GNN)...
  -> Val Results: Pure Baseline Errors: 5222 | GNN Errors: 5200
  -> Relative Improvement: 0.421%
Train Ep: 176/270 | Reward:   28.0 | MSE: 0.2728 | C_Loss: 0.003 | A_Loss: -0.000 | Alpha: 0.0001
Train Ep: 177/270 | Reward:   33.0 | MSE: 0.1602 | C_Loss: 0.003 | A_Loss: -0.001 | Alpha: 0.0001
Train Ep: 178/270 | Reward:   12.0 | MSE: 0.2037 | C_Loss: 0.006 | A_Loss: 0.000 | Alpha: 0.0001
Train Ep: 179/270 | Reward: -135.0 | MSE: 0.2330 | C_Loss: 0.017 | A_Loss: 0.001 | Alpha: 0.0001
Train Ep: 180/270 | Reward: -116.0 | MSE: 0.1053 | C_Loss: 0.027 | A_Loss: 0.002 | Alpha: 0.0001
  [!] Running Isolated Validation (Pure CMA vs GNN)...
  -> Val Results: Pure Baseline Errors: 5222 | GNN Errors: 5205
  -> Relative Improvement: 0.326%
Train Ep: 181/270 | Reward:   23.0 | MSE: 0.2122 | C_Loss: 0.019 | A_Loss: 0.001 | Alpha: 0.0001
Train Ep: 182/270 | Reward:   11.0 | MSE: 0.2172 | C_Loss: 0.007 | A_Loss: 0.000 | Alpha: 0.0001
Train Ep: 183/270 | Reward:   20.0 | MSE: 0.1929 | C_Loss: 0.003 | A_Loss: -0.000 | Alpha: 0.0001
Train Ep: 184/270 | Reward:    9.0 | MSE: 0.1596 | C_Loss: 0.004 | A_Loss: -0.000 | Alpha: 0.0001
Train Ep: 185/270 | Reward:  -13.0 | MSE: 0.1915 | C_Loss: 0.008 | A_Loss: -0.001 | Alpha: 0.0001
  [!] Running Isolated Validation (Pure CMA vs GNN)...
  -> Val Results: Pure Baseline Errors: 5222 | GNN Errors: 5212
  -> Relative Improvement: 0.191%
Train Ep: 186/270 | Reward:   25.0 | MSE: 0.2006 | C_Loss: 0.009 | A_Loss: 0.000 | Alpha: 0.0001
Train Ep: 187/270 | Reward:    4.0 | MSE: 0.1235 | C_Loss: 0.007 | A_Loss: -0.000 | Alpha: 0.0001
Train Ep: 188/270 | Reward:  -66.0 | MSE: 0.2765 | C_Loss: 0.009 | A_Loss: -0.000 | Alpha: 0.0001
Train Ep: 189/270 | Reward:  -23.0 | MSE: 0.2665 | C_Loss: 0.018 | A_Loss: 0.001 | Alpha: 0.0001
Train Ep: 190/270 | Reward:    6.0 | MSE: 0.1957 | C_Loss: 0.010 | A_Loss: 0.001 | Alpha: 0.0001
  [!] Running Isolated Validation (Pure CMA vs GNN)...
  -> Val Results: Pure Baseline Errors: 5222 | GNN Errors: 5212
  -> Relative Improvement: 0.191%
Train Ep: 191/270 | Reward:   16.0 | MSE: 0.3067 | C_Loss: 0.002 | A_Loss: 0.000 | Alpha: 0.0001
Train Ep: 192/270 | Reward:   10.0 | MSE: 0.1801 | C_Loss: 0.002 | A_Loss: 0.000 | Alpha: 0.0001
Train Ep: 193/270 | Reward:   -4.0 | MSE: 0.2429 | C_Loss: 0.004 | A_Loss: -0.000 | Alpha: 0.0001
Train Ep: 194/270 | Reward:    5.0 | MSE: 0.1692 | C_Loss: 0.008 | A_Loss: 0.000 | Alpha: 0.0001
Train Ep: 195/270 | Reward:  -16.0 | MSE: 0.1791 | C_Loss: 0.006 | A_Loss: 0.000 | Alpha: 0.0001
  [!] Running Isolated Validation (Pure CMA vs GNN)...
  -> Val Results: Pure Baseline Errors: 5222 | GNN Errors: 5195
  -> Relative Improvement: 0.517%
Train Ep: 196/270 | Reward:   16.0 | MSE: 0.2559 | C_Loss: 0.006 | A_Loss: 0.001 | Alpha: 0.0001
Train Ep: 197/270 | Reward:   15.0 | MSE: 0.1793 | C_Loss: 0.005 | A_Loss: -0.000 | Alpha: 0.0001
Train Ep: 198/270 | Reward:    8.0 | MSE: 0.1858 | C_Loss: 0.004 | A_Loss: -0.000 | Alpha: 0.0001
Train Ep: 199/270 | Reward:    3.0 | MSE: 0.1889 | C_Loss: 0.004 | A_Loss: -0.000 | Alpha: 0.0001
Train Ep: 200/270 | Reward:  -24.0 | MSE: 0.1263 | C_Loss: 0.005 | A_Loss: 0.001 | Alpha: 0.0001
  [!] Running Isolated Validation (Pure CMA vs GNN)...
  -> Val Results: Pure Baseline Errors: 5222 | GNN Errors: 5212
  -> Relative Improvement: 0.191%
Train Ep: 201/270 | Reward:   21.0 | MSE: 0.1404 | C_Loss: 0.006 | A_Loss: 0.001 | Alpha: 0.0001
Train Ep: 202/270 | Reward:   -5.0 | MSE: 0.2156 | C_Loss: 0.003 | A_Loss: -0.000 | Alpha: 0.0001
Train Ep: 203/270 | Reward:   32.0 | MSE: 0.2201 | C_Loss: 0.005 | A_Loss: -0.001 | Alpha: 0.0001
Train Ep: 204/270 | Reward:  -26.0 | MSE: 0.2879 | C_Loss: 0.011 | A_Loss: 0.000 | Alpha: 0.0001
Train Ep: 205/270 | Reward: -131.0 | MSE: 0.1890 | C_Loss: 0.012 | A_Loss: 0.001 | Alpha: 0.0001
  [!] Running Isolated Validation (Pure CMA vs GNN)...
  -> Val Results: Pure Baseline Errors: 5222 | GNN Errors: 5219
  -> Relative Improvement: 0.057%
Train Ep: 206/270 | Reward:    5.0 | MSE: 0.2060 | C_Loss: 0.011 | A_Loss: 0.002 | Alpha: 0.0001
Train Ep: 207/270 | Reward:   21.0 | MSE: 0.2597 | C_Loss: 0.006 | A_Loss: 0.001 | Alpha: 0.0001
Train Ep: 208/270 | Reward:    7.0 | MSE: 0.1011 | C_Loss: 0.001 | A_Loss: -0.000 | Alpha: 0.0001
Train Ep: 209/270 | Reward:    8.0 | MSE: 0.2337 | C_Loss: 0.001 | A_Loss: 0.000 | Alpha: 0.0001
Train Ep: 210/270 | Reward:    8.0 | MSE: 0.2126 | C_Loss: 0.002 | A_Loss: 0.000 | Alpha: 0.0001
  [!] Running Isolated Validation (Pure CMA vs GNN)...
  -> Val Results: Pure Baseline Errors: 5222 | GNN Errors: 5193
  -> Relative Improvement: 0.555%
Train Ep: 211/270 | Reward:    6.0 | MSE: 0.3289 | C_Loss: 0.003 | A_Loss: 0.000 | Alpha: 0.0001
Train Ep: 212/270 | Reward:   19.0 | MSE: 0.2283 | C_Loss: 0.004 | A_Loss: 0.000 | Alpha: 0.0001
Train Ep: 213/270 | Reward:    4.0 | MSE: 0.2104 | C_Loss: 0.007 | A_Loss: 0.000 | Alpha: 0.0001
Train Ep: 214/270 | Reward: -266.0 | MSE: 0.1455 | C_Loss: 0.013 | A_Loss: 0.000 | Alpha: 0.0001
Train Ep: 215/270 | Reward:    0.0 | MSE: 0.2770 | C_Loss: 0.021 | A_Loss: 0.002 | Alpha: 0.0001
  [!] Running Isolated Validation (Pure CMA vs GNN)...
  -> Val Results: Pure Baseline Errors: 5222 | GNN Errors: 5191
  -> Relative Improvement: 0.594%
Train Ep: 216/270 | Reward:   16.0 | MSE: 0.1794 | C_Loss: 0.010 | A_Loss: 0.001 | Alpha: 0.0001
Train Ep: 217/270 | Reward:    9.0 | MSE: 0.1577 | C_Loss: 0.001 | A_Loss: -0.000 | Alpha: 0.0001
Train Ep: 218/270 | Reward:   15.0 | MSE: 0.3289 | C_Loss: 0.001 | A_Loss: -0.000 | Alpha: 0.0001
Train Ep: 219/270 | Reward:   21.0 | MSE: 0.2075 | C_Loss: 0.001 | A_Loss: -0.000 | Alpha: 0.0001
Train Ep: 220/270 | Reward:   18.0 | MSE: 0.2038 | C_Loss: 0.001 | A_Loss: -0.000 | Alpha: 0.0001
  [!] Running Isolated Validation (Pure CMA vs GNN)...
  -> Val Results: Pure Baseline Errors: 5222 | GNN Errors: 5189
  -> Relative Improvement: 0.632%
Train Ep: 221/270 | Reward:    6.0 | MSE: 0.1723 | C_Loss: 0.001 | A_Loss: -0.000 | Alpha: 0.0001
Train Ep: 222/270 | Reward:   14.0 | MSE: 0.2697 | C_Loss: 0.002 | A_Loss: -0.000 | Alpha: 0.0001
Train Ep: 223/270 | Reward:   30.0 | MSE: 0.2393 | C_Loss: 0.002 | A_Loss: -0.000 | Alpha: 0.0001
Train Ep: 224/270 | Reward:   26.0 | MSE: 0.2584 | C_Loss: 0.003 | A_Loss: 0.000 | Alpha: 0.0001
Train Ep: 225/270 | Reward:   29.0 | MSE: 0.2205 | C_Loss: 0.003 | A_Loss: -0.000 | Alpha: 0.0001
  [!] Running Isolated Validation (Pure CMA vs GNN)...
  -> Val Results: Pure Baseline Errors: 5222 | GNN Errors: 5167
  -> Relative Improvement: 1.053%
Train Ep: 226/270 | Reward:   34.0 | MSE: 0.1786 | C_Loss: 0.003 | A_Loss: -0.001 | Alpha: 0.0001
Train Ep: 227/270 | Reward:   77.0 | MSE: 0.3155 | C_Loss: 0.005 | A_Loss: -0.001 | Alpha: 0.0001
Train Ep: 228/270 | Reward:   20.0 | MSE: 0.2154 | C_Loss: 0.009 | A_Loss: -0.001 | Alpha: 0.0001
Train Ep: 229/270 | Reward: -239.0 | MSE: 0.2136 | C_Loss: 0.018 | A_Loss: -0.001 | Alpha: 0.0001
Train Ep: 230/270 | Reward: -324.0 | MSE: 0.1291 | C_Loss: 0.035 | A_Loss: 0.004 | Alpha: 0.0001
  [!] Running Isolated Validation (Pure CMA vs GNN)...
  -> Val Results: Pure Baseline Errors: 5222 | GNN Errors: 5206
  -> Relative Improvement: 0.306%
Train Ep: 231/270 | Reward:    9.0 | MSE: 0.2224 | C_Loss: 0.029 | A_Loss: 0.002 | Alpha: 0.0001
Train Ep: 232/270 | Reward:   10.0 | MSE: 0.1538 | C_Loss: 0.005 | A_Loss: 0.001 | Alpha: 0.0001
Train Ep: 233/270 | Reward:   10.0 | MSE: 0.1968 | C_Loss: 0.001 | A_Loss: 0.000 | Alpha: 0.0001
Train Ep: 234/270 | Reward:   12.0 | MSE: 0.2870 | C_Loss: 0.001 | A_Loss: 0.000 | Alpha: 0.0001
Train Ep: 235/270 | Reward:    8.0 | MSE: 0.1712 | C_Loss: 0.001 | A_Loss: 0.000 | Alpha: 0.0001
  [!] Running Isolated Validation (Pure CMA vs GNN)...
  -> Val Results: Pure Baseline Errors: 5222 | GNN Errors: 5209
  -> Relative Improvement: 0.249%
Train Ep: 236/270 | Reward:   13.0 | MSE: 0.1691 | C_Loss: 0.001 | A_Loss: 0.000 | Alpha: 0.0001
Train Ep: 237/270 | Reward:    9.0 | MSE: 0.3328 | C_Loss: 0.001 | A_Loss: 0.000 | Alpha: 0.0001
Train Ep: 238/270 | Reward:    4.0 | MSE: 0.1904 | C_Loss: 0.001 | A_Loss: 0.000 | Alpha: 0.0001
Train Ep: 239/270 | Reward:    8.0 | MSE: 0.1967 | C_Loss: 0.002 | A_Loss: 0.000 | Alpha: 0.0001
Train Ep: 240/270 | Reward:    7.0 | MSE: 0.1386 | C_Loss: 0.002 | A_Loss: 0.000 | Alpha: 0.0001
  [!] Running Isolated Validation (Pure CMA vs GNN)...
  -> Val Results: Pure Baseline Errors: 5222 | GNN Errors: 5214
  -> Relative Improvement: 0.153%
Train Ep: 241/270 | Reward:    9.0 | MSE: 0.2749 | C_Loss: 0.003 | A_Loss: 0.000 | Alpha: 0.0001
Train Ep: 242/270 | Reward:   16.0 | MSE: 0.3074 | C_Loss: 0.003 | A_Loss: 0.000 | Alpha: 0.0001
Train Ep: 243/270 | Reward:   27.0 | MSE: 0.2113 | C_Loss: 0.003 | A_Loss: -0.000 | Alpha: 0.0001
Train Ep: 244/270 | Reward:    4.0 | MSE: 0.1943 | C_Loss: 0.003 | A_Loss: -0.000 | Alpha: 0.0001
Train Ep: 245/270 | Reward:   -9.0 | MSE: 0.1460 | C_Loss: 0.004 | A_Loss: 0.000 | Alpha: 0.0001
  [!] Running Isolated Validation (Pure CMA vs GNN)...
  -> Val Results: Pure Baseline Errors: 5222 | GNN Errors: 5216
  -> Relative Improvement: 0.115%
Train Ep: 246/270 | Reward:    2.0 | MSE: 0.1901 | C_Loss: 0.005 | A_Loss: 0.000 | Alpha: 0.0001
Train Ep: 247/270 | Reward:  -21.0 | MSE: 0.2527 | C_Loss: 0.007 | A_Loss: 0.000 | Alpha: 0.0001
Train Ep: 248/270 | Reward:   15.0 | MSE: 0.2077 | C_Loss: 0.010 | A_Loss: 0.001 | Alpha: 0.0001
Train Ep: 249/270 | Reward:  -12.0 | MSE: 0.1784 | C_Loss: 0.009 | A_Loss: 0.000 | Alpha: 0.0001
Train Ep: 250/270 | Reward:    3.0 | MSE: 0.3106 | C_Loss: 0.008 | A_Loss: 0.000 | Alpha: 0.0001
  [!] Running Isolated Validation (Pure CMA vs GNN)...
  -> Val Results: Pure Baseline Errors: 5222 | GNN Errors: 5179
  -> Relative Improvement: 0.823%
Train Ep: 251/270 | Reward:  -19.0 | MSE: 0.2302 | C_Loss: 0.010 | A_Loss: 0.000 | Alpha: 0.0001
Train Ep: 252/270 | Reward:    4.0 | MSE: 0.1865 | C_Loss: 0.009 | A_Loss: 0.000 | Alpha: 0.0001
Train Ep: 253/270 | Reward:   29.0 | MSE: 0.3038 | C_Loss: 0.009 | A_Loss: 0.000 | Alpha: 0.0001
Train Ep: 254/270 | Reward:   16.0 | MSE: 0.2297 | C_Loss: 0.008 | A_Loss: -0.000 | Alpha: 0.0001
Train Ep: 255/270 | Reward:    7.0 | MSE: 0.2239 | C_Loss: 0.011 | A_Loss: -0.000 | Alpha: 0.0001
  [!] Running Isolated Validation (Pure CMA vs GNN)...
  -> Val Results: Pure Baseline Errors: 5222 | GNN Errors: 5177
  -> Relative Improvement: 0.862%
Train Ep: 256/270 | Reward:    9.0 | MSE: 0.2544 | C_Loss: 0.010 | A_Loss: 0.000 | Alpha: 0.0001
Train Ep: 257/270 | Reward:   22.0 | MSE: 0.2218 | C_Loss: 0.011 | A_Loss: 0.000 | Alpha: 0.0001
Train Ep: 258/270 | Reward:  -63.0 | MSE: 0.2021 | C_Loss: 0.013 | A_Loss: -0.000 | Alpha: 0.0001
Train Ep: 259/270 | Reward: -109.0 | MSE: 0.2510 | C_Loss: 0.021 | A_Loss: 0.001 | Alpha: 0.0001
Train Ep: 260/270 | Reward:   15.0 | MSE: 0.2109 | C_Loss: 0.018 | A_Loss: 0.002 | Alpha: 0.0001
  [!] Running Isolated Validation (Pure CMA vs GNN)...
  -> Val Results: Pure Baseline Errors: 5222 | GNN Errors: 5149
  -> Relative Improvement: 1.398%
Train Ep: 261/270 | Reward:   41.0 | MSE: 0.1764 | C_Loss: 0.009 | A_Loss: 0.000 | Alpha: 0.0001
Train Ep: 262/270 | Reward:   28.0 | MSE: 0.2623 | C_Loss: 0.004 | A_Loss: -0.000 | Alpha: 0.0001
Train Ep: 263/270 | Reward:   29.0 | MSE: 0.2014 | C_Loss: 0.004 | A_Loss: -0.001 | Alpha: 0.0001
Train Ep: 264/270 | Reward:   17.0 | MSE: 0.1573 | C_Loss: 0.005 | A_Loss: -0.000 | Alpha: 0.0001
Train Ep: 265/270 | Reward:   35.0 | MSE: 0.1927 | C_Loss: 0.004 | A_Loss: 0.000 | Alpha: 0.0001
  [!] Running Isolated Validation (Pure CMA vs GNN)...
  -> Val Results: Pure Baseline Errors: 5222 | GNN Errors: 5123
  -> Relative Improvement: 1.896%
Train Ep: 266/270 | Reward:   35.0 | MSE: 0.2019 | C_Loss: 0.007 | A_Loss: -0.001 | Alpha: 0.0001
Train Ep: 267/270 | Reward:   49.0 | MSE: 0.1416 | C_Loss: 0.007 | A_Loss: -0.001 | Alpha: 0.0001
Train Ep: 268/270 | Reward:   39.0 | MSE: 0.1751 | C_Loss: 0.009 | A_Loss: -0.001 | Alpha: 0.0001
Train Ep: 269/270 | Reward:    0.0 | MSE: 0.2126 | C_Loss: 0.014 | A_Loss: -0.000 | Alpha: 0.0001
Train Ep: 270/270 | Reward:  -49.0 | MSE: 0.2100 | C_Loss: 0.016 | A_Loss: -0.001 | Alpha: 0.0001
  [!] Running Isolated Validation (Pure CMA vs GNN)...
  -> Val Results: Pure Baseline Errors: 5222 | GNN Errors: 5039
  -> Relative Improvement: 3.504%
  *** New Best Model! Net Score improved from 0.03351206434316354 to 0.03504404442742244 ***
[*] Models successfully saved to models/sac_gnn_35_best.pth

Training complete in 27989.79 seconds.
[*] Models successfully saved to models/sac_gnn_35.pth
Training plots saved to 'plots/training_metrics_35.png'
[*] The best performing model during validation was saved to: models/sac_gnn_35_best.pth
Training run time = 27993.36 s
Job finished at: Wed Apr 15 23:01:14 CEST 2026
