Job started at: Thu Apr 16 13:15:25 CEST 2026
Starting Run 2: Gamma=0.0 | Mismatch=1.0 | Update=1000
SLURM Mode Received: 0
Execution Pipeline: ['train']
Loaded Configuration: {'mode': 0, 'model_path': 'models/sac_gnn_36_cpu.pth', 'training_metrics_filename': 'training_metrics_36_cpu.png', 'distance': 5, 'n_rounds': 5, 'p': 0.004, 'p_gate_zz': 0.0, 'mismatch': 1.0, 'n_shots': 20000, 'burn_in_steps': 0, 'bypass_threshold': 2, 'action_scale': 3.0, 'update_period': 1000, 'prior_shots': 1000, 'local_action_only': True, 'local_action_hops': 1, 'hidden_dim': 128, 'lr': 0.0001, 'gamma': 0.0, 'tau': 0.005, 'alpha': 0.01, 'batch_size': 64, 'buffer_capacity': 100000, 'update_frequency': 100, 'train_episodes': 270, 'test_episodes': 20}

Initializing environment...

############################################################
### RUNNING MODE: TRAIN
############################################################

========================================
STARTING TRAINING (Episodes: 270)
========================================
Train Ep: 001/270 | Reward:  -90.0 | MSE: 0.0455 | C_Loss: 0.022 | A_Loss: 0.000 | Alpha: 0.0098
Train Ep: 002/270 | Reward:  -81.0 | MSE: 0.0472 | C_Loss: 0.020 | A_Loss: -0.000 | Alpha: 0.0096
Train Ep: 003/270 | Reward:  -84.0 | MSE: 0.0475 | C_Loss: 0.018 | A_Loss: -0.001 | Alpha: 0.0094
Train Ep: 004/270 | Reward:  -71.0 | MSE: 0.0436 | C_Loss: 0.017 | A_Loss: 0.001 | Alpha: 0.0092
Train Ep: 005/270 | Reward:  -80.0 | MSE: 0.0467 | C_Loss: 0.017 | A_Loss: -0.000 | Alpha: 0.0091
Train Ep: 006/270 | Reward:  -76.0 | MSE: 0.0442 | C_Loss: 0.020 | A_Loss: -0.001 | Alpha: 0.0089
Train Ep: 007/270 | Reward:  -81.0 | MSE: 0.0466 | C_Loss: 0.015 | A_Loss: -0.001 | Alpha: 0.0087
Train Ep: 008/270 | Reward:  -90.0 | MSE: 0.0401 | C_Loss: 0.017 | A_Loss: 0.000 | Alpha: 0.0086
Train Ep: 009/270 | Reward:  -82.0 | MSE: 0.0454 | C_Loss: 0.015 | A_Loss: -0.002 | Alpha: 0.0084
Train Ep: 010/270 | Reward:  -72.0 | MSE: 0.0435 | C_Loss: 0.016 | A_Loss: -0.001 | Alpha: 0.0082
Train Ep: 011/270 | Reward:  -93.0 | MSE: 0.0449 | C_Loss: 0.016 | A_Loss: -0.001 | Alpha: 0.0081
Train Ep: 012/270 | Reward:  -82.0 | MSE: 0.0481 | C_Loss: 0.017 | A_Loss: -0.000 | Alpha: 0.0079
Train Ep: 013/270 | Reward:  -73.0 | MSE: 0.0479 | C_Loss: 0.018 | A_Loss: -0.000 | Alpha: 0.0078
Train Ep: 014/270 | Reward:  -76.0 | MSE: 0.0451 | C_Loss: 0.018 | A_Loss: 0.000 | Alpha: 0.0077
Train Ep: 015/270 | Reward:  -60.0 | MSE: 0.0462 | C_Loss: 0.016 | A_Loss: -0.001 | Alpha: 0.0075
Train Ep: 016/270 | Reward:  -74.0 | MSE: 0.0468 | C_Loss: 0.018 | A_Loss: -0.001 | Alpha: 0.0074
Train Ep: 017/270 | Reward:  -69.0 | MSE: 0.0452 | C_Loss: 0.016 | A_Loss: 0.000 | Alpha: 0.0072
Train Ep: 018/270 | Reward:  -55.0 | MSE: 0.0395 | C_Loss: 0.017 | A_Loss: 0.000 | Alpha: 0.0071
Train Ep: 019/270 | Reward:  -67.0 | MSE: 0.0438 | C_Loss: 0.015 | A_Loss: -0.001 | Alpha: 0.0070
Train Ep: 020/270 | Reward:  -83.0 | MSE: 0.0478 | C_Loss: 0.015 | A_Loss: -0.001 | Alpha: 0.0069
Train Ep: 021/270 | Reward:  -68.0 | MSE: 0.0430 | C_Loss: 0.018 | A_Loss: -0.001 | Alpha: 0.0067
Train Ep: 022/270 | Reward:  -60.0 | MSE: 0.0506 | C_Loss: 0.019 | A_Loss: -0.000 | Alpha: 0.0066
Train Ep: 023/270 | Reward:  -51.0 | MSE: 0.0480 | C_Loss: 0.015 | A_Loss: -0.001 | Alpha: 0.0065
Train Ep: 024/270 | Reward:  -81.0 | MSE: 0.0440 | C_Loss: 0.017 | A_Loss: 0.000 | Alpha: 0.0064
Train Ep: 025/270 | Reward:  -84.0 | MSE: 0.0447 | C_Loss: 0.019 | A_Loss: 0.000 | Alpha: 0.0063
Train Ep: 026/270 | Reward: -101.0 | MSE: 0.0446 | C_Loss: 0.014 | A_Loss: -0.001 | Alpha: 0.0061
Train Ep: 027/270 | Reward:  -59.0 | MSE: 0.0432 | C_Loss: 0.019 | A_Loss: 0.002 | Alpha: 0.0060
Train Ep: 028/270 | Reward:  -54.0 | MSE: 0.0421 | C_Loss: 0.017 | A_Loss: 0.000 | Alpha: 0.0059
Train Ep: 029/270 | Reward:  -81.0 | MSE: 0.0443 | C_Loss: 0.019 | A_Loss: 0.002 | Alpha: 0.0058
Train Ep: 030/270 | Reward:  -79.0 | MSE: 0.0515 | C_Loss: 0.018 | A_Loss: -0.000 | Alpha: 0.0057
Train Ep: 031/270 | Reward:  -62.0 | MSE: 0.0474 | C_Loss: 0.017 | A_Loss: 0.001 | Alpha: 0.0056
Train Ep: 032/270 | Reward:  -66.0 | MSE: 0.0448 | C_Loss: 0.018 | A_Loss: 0.001 | Alpha: 0.0055
Train Ep: 033/270 | Reward:  -75.0 | MSE: 0.0442 | C_Loss: 0.017 | A_Loss: 0.001 | Alpha: 0.0054
Train Ep: 034/270 | Reward:  -64.0 | MSE: 0.0438 | C_Loss: 0.015 | A_Loss: 0.001 | Alpha: 0.0053
Train Ep: 035/270 | Reward:  -77.0 | MSE: 0.0506 | C_Loss: 0.017 | A_Loss: -0.000 | Alpha: 0.0052
Train Ep: 036/270 | Reward:  -68.0 | MSE: 0.0457 | C_Loss: 0.016 | A_Loss: 0.000 | Alpha: 0.0051
Train Ep: 037/270 | Reward:  -72.0 | MSE: 0.0480 | C_Loss: 0.013 | A_Loss: -0.001 | Alpha: 0.0050
Train Ep: 038/270 | Reward:  -48.0 | MSE: 0.0437 | C_Loss: 0.015 | A_Loss: -0.001 | Alpha: 0.0049
Train Ep: 039/270 | Reward:  -75.0 | MSE: 0.0411 | C_Loss: 0.017 | A_Loss: 0.001 | Alpha: 0.0049
Train Ep: 040/270 | Reward:  -53.0 | MSE: 0.0415 | C_Loss: 0.016 | A_Loss: 0.002 | Alpha: 0.0048
Train Ep: 041/270 | Reward:  -48.0 | MSE: 0.0464 | C_Loss: 0.016 | A_Loss: 0.001 | Alpha: 0.0047
Train Ep: 042/270 | Reward:  -55.0 | MSE: 0.0411 | C_Loss: 0.019 | A_Loss: 0.001 | Alpha: 0.0046
Train Ep: 043/270 | Reward:  -53.0 | MSE: 0.0412 | C_Loss: 0.015 | A_Loss: 0.001 | Alpha: 0.0045
Train Ep: 044/270 | Reward:  -66.0 | MSE: 0.0468 | C_Loss: 0.015 | A_Loss: -0.001 | Alpha: 0.0044
Train Ep: 045/270 | Reward:  -58.0 | MSE: 0.0480 | C_Loss: 0.013 | A_Loss: 0.001 | Alpha: 0.0044
Train Ep: 046/270 | Reward:  -37.0 | MSE: 0.0512 | C_Loss: 0.015 | A_Loss: -0.001 | Alpha: 0.0043
Train Ep: 047/270 | Reward:  -44.0 | MSE: 0.0441 | C_Loss: 0.014 | A_Loss: 0.001 | Alpha: 0.0042
Train Ep: 048/270 | Reward:  -64.0 | MSE: 0.0444 | C_Loss: 0.013 | A_Loss: -0.001 | Alpha: 0.0041
Train Ep: 049/270 | Reward:  -58.0 | MSE: 0.0469 | C_Loss: 0.016 | A_Loss: 0.000 | Alpha: 0.0041
Train Ep: 050/270 | Reward:  -58.0 | MSE: 0.0494 | C_Loss: 0.014 | A_Loss: 0.001 | Alpha: 0.0040
Train Ep: 051/270 | Reward:  -53.0 | MSE: 0.0466 | C_Loss: 0.015 | A_Loss: 0.001 | Alpha: 0.0039
Train Ep: 052/270 | Reward:  -56.0 | MSE: 0.0438 | C_Loss: 0.014 | A_Loss: -0.001 | Alpha: 0.0038
Train Ep: 053/270 | Reward:  -70.0 | MSE: 0.0457 | C_Loss: 0.014 | A_Loss: 0.000 | Alpha: 0.0038
Train Ep: 054/270 | Reward:  -45.0 | MSE: 0.0438 | C_Loss: 0.014 | A_Loss: 0.001 | Alpha: 0.0037
Train Ep: 055/270 | Reward:  -41.0 | MSE: 0.0423 | C_Loss: 0.014 | A_Loss: 0.000 | Alpha: 0.0036
Train Ep: 056/270 | Reward:  -64.0 | MSE: 0.0496 | C_Loss: 0.014 | A_Loss: 0.000 | Alpha: 0.0036
Train Ep: 057/270 | Reward:  -71.0 | MSE: 0.0414 | C_Loss: 0.015 | A_Loss: 0.001 | Alpha: 0.0035
Train Ep: 058/270 | Reward:  -43.0 | MSE: 0.0513 | C_Loss: 0.014 | A_Loss: 0.000 | Alpha: 0.0034
Train Ep: 059/270 | Reward:  -45.0 | MSE: 0.0408 | C_Loss: 0.015 | A_Loss: 0.001 | Alpha: 0.0034
Train Ep: 060/270 | Reward:  -32.0 | MSE: 0.0481 | C_Loss: 0.015 | A_Loss: 0.001 | Alpha: 0.0033
Train Ep: 061/270 | Reward:  -46.0 | MSE: 0.0453 | C_Loss: 0.014 | A_Loss: 0.002 | Alpha: 0.0033
Train Ep: 062/270 | Reward:  -59.0 | MSE: 0.0421 | C_Loss: 0.014 | A_Loss: 0.000 | Alpha: 0.0032
Train Ep: 063/270 | Reward:  -61.0 | MSE: 0.0445 | C_Loss: 0.015 | A_Loss: 0.001 | Alpha: 0.0031
Train Ep: 064/270 | Reward:  -81.0 | MSE: 0.0605 | C_Loss: 0.015 | A_Loss: 0.001 | Alpha: 0.0031
Train Ep: 065/270 | Reward:  -58.0 | MSE: 0.0378 | C_Loss: 0.016 | A_Loss: 0.002 | Alpha: 0.0030
Train Ep: 066/270 | Reward:  -65.0 | MSE: 0.0448 | C_Loss: 0.012 | A_Loss: 0.001 | Alpha: 0.0030
Train Ep: 067/270 | Reward:  -63.0 | MSE: 0.0445 | C_Loss: 0.015 | A_Loss: 0.003 | Alpha: 0.0029
Train Ep: 068/270 | Reward:  -37.0 | MSE: 0.0471 | C_Loss: 0.016 | A_Loss: 0.002 | Alpha: 0.0029
Train Ep: 069/270 | Reward:  -48.0 | MSE: 0.0505 | C_Loss: 0.015 | A_Loss: 0.002 | Alpha: 0.0028
Train Ep: 070/270 | Reward:  -64.0 | MSE: 0.0499 | C_Loss: 0.014 | A_Loss: 0.002 | Alpha: 0.0028
Train Ep: 071/270 | Reward:  -32.0 | MSE: 0.0446 | C_Loss: 0.014 | A_Loss: 0.002 | Alpha: 0.0027
Train Ep: 072/270 | Reward:  -31.0 | MSE: 0.0439 | C_Loss: 0.015 | A_Loss: 0.001 | Alpha: 0.0027
Train Ep: 073/270 | Reward:  -42.0 | MSE: 0.0477 | C_Loss: 0.013 | A_Loss: 0.001 | Alpha: 0.0026
Train Ep: 074/270 | Reward:  -44.0 | MSE: 0.0467 | C_Loss: 0.010 | A_Loss: 0.000 | Alpha: 0.0026
Train Ep: 075/270 | Reward:  -64.0 | MSE: 0.0451 | C_Loss: 0.015 | A_Loss: 0.000 | Alpha: 0.0025
Train Ep: 076/270 | Reward:  -44.0 | MSE: 0.0475 | C_Loss: 0.010 | A_Loss: 0.001 | Alpha: 0.0025
Train Ep: 077/270 | Reward:  -37.0 | MSE: 0.0483 | C_Loss: 0.010 | A_Loss: 0.001 | Alpha: 0.0024
Train Ep: 078/270 | Reward:  -53.0 | MSE: 0.0548 | C_Loss: 0.010 | A_Loss: 0.001 | Alpha: 0.0024
Train Ep: 079/270 | Reward:  -45.0 | MSE: 0.0517 | C_Loss: 0.011 | A_Loss: 0.002 | Alpha: 0.0024
Train Ep: 080/270 | Reward:  -38.0 | MSE: 0.0451 | C_Loss: 0.012 | A_Loss: 0.001 | Alpha: 0.0023
Train Ep: 081/270 | Reward:  -43.0 | MSE: 0.0506 | C_Loss: 0.012 | A_Loss: 0.002 | Alpha: 0.0023
Train Ep: 082/270 | Reward:  -23.0 | MSE: 0.0482 | C_Loss: 0.014 | A_Loss: 0.001 | Alpha: 0.0022
Train Ep: 083/270 | Reward:  -22.0 | MSE: 0.0470 | C_Loss: 0.012 | A_Loss: 0.001 | Alpha: 0.0022
Train Ep: 084/270 | Reward:  -37.0 | MSE: 0.0738 | C_Loss: 0.010 | A_Loss: 0.001 | Alpha: 0.0022
Train Ep: 085/270 | Reward:  -24.0 | MSE: 0.0397 | C_Loss: 0.011 | A_Loss: 0.000 | Alpha: 0.0021
Train Ep: 086/270 | Reward:  -35.0 | MSE: 0.0530 | C_Loss: 0.013 | A_Loss: 0.002 | Alpha: 0.0021
Train Ep: 087/270 | Reward:  -41.0 | MSE: 0.0434 | C_Loss: 0.012 | A_Loss: 0.001 | Alpha: 0.0020
Train Ep: 088/270 | Reward:  -31.0 | MSE: 0.0472 | C_Loss: 0.007 | A_Loss: 0.000 | Alpha: 0.0020
Train Ep: 089/270 | Reward:  -44.0 | MSE: 0.0509 | C_Loss: 0.011 | A_Loss: 0.001 | Alpha: 0.0020
Train Ep: 090/270 | Reward:  -33.0 | MSE: 0.0610 | C_Loss: 0.011 | A_Loss: 0.001 | Alpha: 0.0019
Train Ep: 091/270 | Reward:  -33.0 | MSE: 0.0652 | C_Loss: 0.013 | A_Loss: 0.003 | Alpha: 0.0019
Train Ep: 092/270 | Reward:  -22.0 | MSE: 0.0529 | C_Loss: 0.009 | A_Loss: 0.001 | Alpha: 0.0019
Train Ep: 093/270 | Reward:  -17.0 | MSE: 0.0534 | C_Loss: 0.011 | A_Loss: 0.001 | Alpha: 0.0018
Train Ep: 094/270 | Reward:  -20.0 | MSE: 0.0462 | C_Loss: 0.008 | A_Loss: 0.000 | Alpha: 0.0018
Train Ep: 095/270 | Reward:  -25.0 | MSE: 0.0716 | C_Loss: 0.008 | A_Loss: 0.000 | Alpha: 0.0018
Train Ep: 096/270 | Reward:  -18.0 | MSE: 0.0446 | C_Loss: 0.008 | A_Loss: -0.000 | Alpha: 0.0017
Train Ep: 097/270 | Reward:  -24.0 | MSE: 0.0564 | C_Loss: 0.010 | A_Loss: 0.001 | Alpha: 0.0017
Train Ep: 098/270 | Reward:  -34.0 | MSE: 0.0549 | C_Loss: 0.010 | A_Loss: 0.001 | Alpha: 0.0017
Train Ep: 099/270 | Reward:  -19.0 | MSE: 0.0566 | C_Loss: 0.010 | A_Loss: -0.000 | Alpha: 0.0016
Train Ep: 100/270 | Reward:  -33.0 | MSE: 0.0534 | C_Loss: 0.010 | A_Loss: 0.001 | Alpha: 0.0016
Train Ep: 101/270 | Reward:  -17.0 | MSE: 0.0443 | C_Loss: 0.009 | A_Loss: -0.000 | Alpha: 0.0016
Train Ep: 102/270 | Reward:  -39.0 | MSE: 0.0482 | C_Loss: 0.009 | A_Loss: 0.000 | Alpha: 0.0016
Train Ep: 103/270 | Reward:  -33.0 | MSE: 0.0529 | C_Loss: 0.009 | A_Loss: 0.002 | Alpha: 0.0015
Train Ep: 104/270 | Reward:  -39.0 | MSE: 0.0470 | C_Loss: 0.011 | A_Loss: -0.000 | Alpha: 0.0015
Train Ep: 105/270 | Reward:  -39.0 | MSE: 0.0479 | C_Loss: 0.010 | A_Loss: 0.001 | Alpha: 0.0015
Train Ep: 106/270 | Reward:  -31.0 | MSE: 0.0607 | C_Loss: 0.012 | A_Loss: 0.003 | Alpha: 0.0014
Train Ep: 107/270 | Reward:  -15.0 | MSE: 0.0488 | C_Loss: 0.009 | A_Loss: 0.001 | Alpha: 0.0014
Train Ep: 108/270 | Reward:  -27.0 | MSE: 0.0535 | C_Loss: 0.012 | A_Loss: 0.002 | Alpha: 0.0014
Train Ep: 109/270 | Reward:  -28.0 | MSE: 0.0665 | C_Loss: 0.009 | A_Loss: 0.001 | Alpha: 0.0014
Train Ep: 110/270 | Reward:  -21.0 | MSE: 0.0442 | C_Loss: 0.011 | A_Loss: 0.002 | Alpha: 0.0013
Train Ep: 111/270 | Reward:  -14.0 | MSE: 0.0652 | C_Loss: 0.010 | A_Loss: 0.001 | Alpha: 0.0013
Train Ep: 112/270 | Reward:  -27.0 | MSE: 0.0596 | C_Loss: 0.008 | A_Loss: 0.001 | Alpha: 0.0013
Train Ep: 113/270 | Reward:   10.0 | MSE: 0.0644 | C_Loss: 0.009 | A_Loss: 0.002 | Alpha: 0.0013
  [!] Reward crossed 0! Unlocking Validation phase for the rest of training.
Train Ep: 114/270 | Reward:  -23.0 | MSE: 0.0789 | C_Loss: 0.007 | A_Loss: 0.000 | Alpha: 0.0013
Train Ep: 115/270 | Reward:  -11.0 | MSE: 0.0573 | C_Loss: 0.007 | A_Loss: 0.000 | Alpha: 0.0012
  [!] Running Isolated Validation (Pure CMA vs GNN)...
  -> Val Results: Pure Baseline Errors: 453 | GNN Errors: 438
  -> Relative Improvement: 3.311%
  *** New Best Model! Net Score improved from -inf to 0.033112582781456956 ***
[*] Models successfully saved to models/sac_gnn_36_cpu_best.pth
Train Ep: 116/270 | Reward:  -17.0 | MSE: 0.0568 | C_Loss: 0.008 | A_Loss: 0.000 | Alpha: 0.0012
Train Ep: 117/270 | Reward:  -24.0 | MSE: 0.0711 | C_Loss: 0.009 | A_Loss: 0.000 | Alpha: 0.0012
Train Ep: 118/270 | Reward:  -16.0 | MSE: 0.0593 | C_Loss: 0.008 | A_Loss: 0.000 | Alpha: 0.0012
Train Ep: 119/270 | Reward:  -22.0 | MSE: 0.0648 | C_Loss: 0.009 | A_Loss: 0.001 | Alpha: 0.0011
Train Ep: 120/270 | Reward:  -22.0 | MSE: 0.0694 | C_Loss: 0.009 | A_Loss: 0.000 | Alpha: 0.0011
  [!] Running Isolated Validation (Pure CMA vs GNN)...
  -> Val Results: Pure Baseline Errors: 453 | GNN Errors: 436
  -> Relative Improvement: 3.753%
  *** New Best Model! Net Score improved from 0.033112582781456956 to 0.037527593818984545 ***
[*] Models successfully saved to models/sac_gnn_36_cpu_best.pth
Train Ep: 121/270 | Reward:   -8.0 | MSE: 0.0633 | C_Loss: 0.008 | A_Loss: 0.001 | Alpha: 0.0011
Train Ep: 122/270 | Reward:  -12.0 | MSE: 0.0459 | C_Loss: 0.008 | A_Loss: -0.000 | Alpha: 0.0011
Train Ep: 123/270 | Reward:   -3.0 | MSE: 0.0493 | C_Loss: 0.009 | A_Loss: 0.000 | Alpha: 0.0011
Train Ep: 124/270 | Reward:  -17.0 | MSE: 0.0426 | C_Loss: 0.007 | A_Loss: 0.000 | Alpha: 0.0010
Train Ep: 125/270 | Reward:  -36.0 | MSE: 0.0639 | C_Loss: 0.008 | A_Loss: 0.001 | Alpha: 0.0010
  [!] Running Isolated Validation (Pure CMA vs GNN)...
  -> Val Results: Pure Baseline Errors: 453 | GNN Errors: 436
  -> Relative Improvement: 3.753%
Train Ep: 126/270 | Reward:  -23.0 | MSE: 0.0566 | C_Loss: 0.010 | A_Loss: 0.001 | Alpha: 0.0010
Train Ep: 127/270 | Reward:   -4.0 | MSE: 0.0500 | C_Loss: 0.010 | A_Loss: 0.001 | Alpha: 0.0010
Train Ep: 128/270 | Reward:  -14.0 | MSE: 0.0493 | C_Loss: 0.010 | A_Loss: 0.002 | Alpha: 0.0010
Train Ep: 129/270 | Reward:   -8.0 | MSE: 0.0791 | C_Loss: 0.009 | A_Loss: 0.001 | Alpha: 0.0010
Train Ep: 130/270 | Reward:  -28.0 | MSE: 0.0620 | C_Loss: 0.008 | A_Loss: 0.001 | Alpha: 0.0009
  [!] Running Isolated Validation (Pure CMA vs GNN)...
  -> Val Results: Pure Baseline Errors: 453 | GNN Errors: 436
  -> Relative Improvement: 3.753%
Train Ep: 131/270 | Reward:  -15.0 | MSE: 0.0907 | C_Loss: 0.008 | A_Loss: 0.001 | Alpha: 0.0009
Train Ep: 132/270 | Reward:  -32.0 | MSE: 0.0469 | C_Loss: 0.008 | A_Loss: -0.000 | Alpha: 0.0009
Train Ep: 133/270 | Reward:  -37.0 | MSE: 0.0553 | C_Loss: 0.009 | A_Loss: 0.000 | Alpha: 0.0009
Train Ep: 134/270 | Reward:  -18.0 | MSE: 0.0407 | C_Loss: 0.011 | A_Loss: 0.001 | Alpha: 0.0009
Train Ep: 135/270 | Reward:  -20.0 | MSE: 0.0558 | C_Loss: 0.009 | A_Loss: 0.001 | Alpha: 0.0009
  [!] Running Isolated Validation (Pure CMA vs GNN)...
  -> Val Results: Pure Baseline Errors: 453 | GNN Errors: 440
  -> Relative Improvement: 2.870%
Train Ep: 136/270 | Reward:  -26.0 | MSE: 0.0699 | C_Loss: 0.009 | A_Loss: 0.002 | Alpha: 0.0008
Train Ep: 137/270 | Reward:  -12.0 | MSE: 0.0529 | C_Loss: 0.009 | A_Loss: 0.001 | Alpha: 0.0008
Train Ep: 138/270 | Reward:   -4.0 | MSE: 0.0799 | C_Loss: 0.009 | A_Loss: 0.001 | Alpha: 0.0008
Train Ep: 139/270 | Reward:  -18.0 | MSE: 0.0473 | C_Loss: 0.009 | A_Loss: 0.001 | Alpha: 0.0008
Train Ep: 140/270 | Reward:   -8.0 | MSE: 0.0454 | C_Loss: 0.008 | A_Loss: 0.000 | Alpha: 0.0008
  [!] Running Isolated Validation (Pure CMA vs GNN)...
  -> Val Results: Pure Baseline Errors: 453 | GNN Errors: 439
  -> Relative Improvement: 3.091%
Train Ep: 141/270 | Reward:  -14.0 | MSE: 0.0473 | C_Loss: 0.007 | A_Loss: -0.000 | Alpha: 0.0008
Train Ep: 142/270 | Reward:  -26.0 | MSE: 0.0458 | C_Loss: 0.008 | A_Loss: 0.001 | Alpha: 0.0008
Train Ep: 143/270 | Reward:   -6.0 | MSE: 0.0497 | C_Loss: 0.007 | A_Loss: 0.001 | Alpha: 0.0007
Train Ep: 144/270 | Reward:  -18.0 | MSE: 0.0497 | C_Loss: 0.009 | A_Loss: 0.001 | Alpha: 0.0007
Train Ep: 145/270 | Reward:  -17.0 | MSE: 0.0867 | C_Loss: 0.007 | A_Loss: 0.000 | Alpha: 0.0007
  [!] Running Isolated Validation (Pure CMA vs GNN)...
  -> Val Results: Pure Baseline Errors: 453 | GNN Errors: 438
  -> Relative Improvement: 3.311%
Train Ep: 146/270 | Reward:  -23.0 | MSE: 0.0705 | C_Loss: 0.011 | A_Loss: 0.001 | Alpha: 0.0007
Train Ep: 147/270 | Reward:  -10.0 | MSE: 0.0550 | C_Loss: 0.006 | A_Loss: 0.001 | Alpha: 0.0007
Train Ep: 148/270 | Reward:  -18.0 | MSE: 0.0514 | C_Loss: 0.008 | A_Loss: 0.001 | Alpha: 0.0007
Train Ep: 149/270 | Reward:  -10.0 | MSE: 0.0736 | C_Loss: 0.010 | A_Loss: 0.000 | Alpha: 0.0007
Train Ep: 150/270 | Reward:    1.0 | MSE: 0.0620 | C_Loss: 0.007 | A_Loss: -0.000 | Alpha: 0.0007
  [!] Running Isolated Validation (Pure CMA vs GNN)...
  -> Val Results: Pure Baseline Errors: 453 | GNN Errors: 450
  -> Relative Improvement: 0.662%
Train Ep: 151/270 | Reward:  -24.0 | MSE: 0.0522 | C_Loss: 0.009 | A_Loss: -0.000 | Alpha: 0.0006
Train Ep: 152/270 | Reward:  -15.0 | MSE: 0.0508 | C_Loss: 0.006 | A_Loss: 0.000 | Alpha: 0.0006
Train Ep: 153/270 | Reward:  -23.0 | MSE: 0.0482 | C_Loss: 0.010 | A_Loss: 0.001 | Alpha: 0.0006
Train Ep: 154/270 | Reward:  -21.0 | MSE: 0.0421 | C_Loss: 0.008 | A_Loss: 0.001 | Alpha: 0.0006
Train Ep: 155/270 | Reward:    1.0 | MSE: 0.0444 | C_Loss: 0.007 | A_Loss: -0.001 | Alpha: 0.0006
  [!] Running Isolated Validation (Pure CMA vs GNN)...
  -> Val Results: Pure Baseline Errors: 453 | GNN Errors: 448
  -> Relative Improvement: 1.104%
Train Ep: 156/270 | Reward:  -22.0 | MSE: 0.0504 | C_Loss: 0.010 | A_Loss: 0.000 | Alpha: 0.0006
Train Ep: 157/270 | Reward:  -16.0 | MSE: 0.0475 | C_Loss: 0.007 | A_Loss: 0.001 | Alpha: 0.0006
Train Ep: 158/270 | Reward:   -4.0 | MSE: 0.0532 | C_Loss: 0.009 | A_Loss: 0.000 | Alpha: 0.0006
Train Ep: 159/270 | Reward:  -27.0 | MSE: 0.0432 | C_Loss: 0.008 | A_Loss: 0.001 | Alpha: 0.0006
Train Ep: 160/270 | Reward:  -35.0 | MSE: 0.0562 | C_Loss: 0.008 | A_Loss: 0.001 | Alpha: 0.0005
  [!] Running Isolated Validation (Pure CMA vs GNN)...
  -> Val Results: Pure Baseline Errors: 453 | GNN Errors: 448
  -> Relative Improvement: 1.104%
Train Ep: 161/270 | Reward:  -14.0 | MSE: 0.0411 | C_Loss: 0.007 | A_Loss: 0.001 | Alpha: 0.0005
Train Ep: 162/270 | Reward:  -34.0 | MSE: 0.0531 | C_Loss: 0.008 | A_Loss: 0.002 | Alpha: 0.0005
Train Ep: 163/270 | Reward:  -28.0 | MSE: 0.0467 | C_Loss: 0.009 | A_Loss: 0.001 | Alpha: 0.0005
Train Ep: 164/270 | Reward:  -20.0 | MSE: 0.0608 | C_Loss: 0.010 | A_Loss: 0.001 | Alpha: 0.0005
Train Ep: 165/270 | Reward:   -8.0 | MSE: 0.0414 | C_Loss: 0.009 | A_Loss: 0.001 | Alpha: 0.0005
  [!] Running Isolated Validation (Pure CMA vs GNN)...
  -> Val Results: Pure Baseline Errors: 453 | GNN Errors: 444
  -> Relative Improvement: 1.987%
Train Ep: 166/270 | Reward:  -34.0 | MSE: 0.0700 | C_Loss: 0.007 | A_Loss: -0.000 | Alpha: 0.0005
Train Ep: 167/270 | Reward:  -15.0 | MSE: 0.0522 | C_Loss: 0.007 | A_Loss: 0.001 | Alpha: 0.0005
Train Ep: 168/270 | Reward:   -9.0 | MSE: 0.0642 | C_Loss: 0.008 | A_Loss: 0.001 | Alpha: 0.0005
Train Ep: 169/270 | Reward:  -34.0 | MSE: 0.0521 | C_Loss: 0.009 | A_Loss: 0.001 | Alpha: 0.0005
Train Ep: 170/270 | Reward:  -33.0 | MSE: 0.0441 | C_Loss: 0.008 | A_Loss: 0.001 | Alpha: 0.0005
  [!] Running Isolated Validation (Pure CMA vs GNN)...
  -> Val Results: Pure Baseline Errors: 453 | GNN Errors: 444
  -> Relative Improvement: 1.987%
Train Ep: 171/270 | Reward:  -29.0 | MSE: 0.0718 | C_Loss: 0.008 | A_Loss: 0.001 | Alpha: 0.0004
Train Ep: 172/270 | Reward:  -22.0 | MSE: 0.0494 | C_Loss: 0.008 | A_Loss: 0.001 | Alpha: 0.0004
Train Ep: 173/270 | Reward:   -5.0 | MSE: 0.0616 | C_Loss: 0.008 | A_Loss: 0.001 | Alpha: 0.0004
Train Ep: 174/270 | Reward:  -25.0 | MSE: 0.0494 | C_Loss: 0.009 | A_Loss: 0.001 | Alpha: 0.0004
Train Ep: 175/270 | Reward:   -5.0 | MSE: 0.0487 | C_Loss: 0.006 | A_Loss: 0.001 | Alpha: 0.0004
  [!] Running Isolated Validation (Pure CMA vs GNN)...
  -> Val Results: Pure Baseline Errors: 453 | GNN Errors: 451
  -> Relative Improvement: 0.442%
Train Ep: 176/270 | Reward:  -19.0 | MSE: 0.0505 | C_Loss: 0.008 | A_Loss: 0.001 | Alpha: 0.0004
Train Ep: 177/270 | Reward:  -10.0 | MSE: 0.0521 | C_Loss: 0.006 | A_Loss: 0.001 | Alpha: 0.0004
Train Ep: 178/270 | Reward:  -20.0 | MSE: 0.0635 | C_Loss: 0.008 | A_Loss: 0.000 | Alpha: 0.0004
Train Ep: 179/270 | Reward:   -5.0 | MSE: 0.0440 | C_Loss: 0.006 | A_Loss: 0.000 | Alpha: 0.0004
Train Ep: 180/270 | Reward:  -23.0 | MSE: 0.0718 | C_Loss: 0.009 | A_Loss: 0.001 | Alpha: 0.0004
  [!] Running Isolated Validation (Pure CMA vs GNN)...
  -> Val Results: Pure Baseline Errors: 453 | GNN Errors: 445
  -> Relative Improvement: 1.766%
Train Ep: 181/270 | Reward:  -11.0 | MSE: 0.0505 | C_Loss: 0.006 | A_Loss: 0.001 | Alpha: 0.0004
Train Ep: 182/270 | Reward:  -13.0 | MSE: 0.0541 | C_Loss: 0.007 | A_Loss: 0.001 | Alpha: 0.0004
Train Ep: 183/270 | Reward:   -8.0 | MSE: 0.0633 | C_Loss: 0.005 | A_Loss: 0.000 | Alpha: 0.0004
Train Ep: 184/270 | Reward:  -18.0 | MSE: 0.0842 | C_Loss: 0.007 | A_Loss: 0.001 | Alpha: 0.0004
Train Ep: 185/270 | Reward:    1.0 | MSE: 0.0701 | C_Loss: 0.007 | A_Loss: 0.001 | Alpha: 0.0003
  [!] Running Isolated Validation (Pure CMA vs GNN)...
  -> Val Results: Pure Baseline Errors: 453 | GNN Errors: 444
  -> Relative Improvement: 1.987%
Train Ep: 186/270 | Reward:   -3.0 | MSE: 0.0836 | C_Loss: 0.007 | A_Loss: 0.000 | Alpha: 0.0003
Train Ep: 187/270 | Reward:   -8.0 | MSE: 0.0514 | C_Loss: 0.006 | A_Loss: -0.000 | Alpha: 0.0003
Train Ep: 188/270 | Reward:   -9.0 | MSE: 0.0754 | C_Loss: 0.006 | A_Loss: -0.000 | Alpha: 0.0003
Train Ep: 189/270 | Reward:  -25.0 | MSE: 0.0756 | C_Loss: 0.008 | A_Loss: 0.001 | Alpha: 0.0003
Train Ep: 190/270 | Reward:  -13.0 | MSE: 0.0549 | C_Loss: 0.006 | A_Loss: -0.000 | Alpha: 0.0003
  [!] Running Isolated Validation (Pure CMA vs GNN)...
  -> Val Results: Pure Baseline Errors: 453 | GNN Errors: 435
  -> Relative Improvement: 3.974%
  *** New Best Model! Net Score improved from 0.037527593818984545 to 0.039735099337748346 ***
[*] Models successfully saved to models/sac_gnn_36_cpu_best.pth
Train Ep: 191/270 | Reward:  -17.0 | MSE: 0.0598 | C_Loss: 0.009 | A_Loss: 0.000 | Alpha: 0.0003
Train Ep: 192/270 | Reward:  -39.0 | MSE: 0.0471 | C_Loss: 0.010 | A_Loss: 0.001 | Alpha: 0.0003
Train Ep: 193/270 | Reward:  -32.0 | MSE: 0.0550 | C_Loss: 0.008 | A_Loss: 0.001 | Alpha: 0.0003
Train Ep: 194/270 | Reward:  -32.0 | MSE: 0.0450 | C_Loss: 0.009 | A_Loss: 0.002 | Alpha: 0.0003
Train Ep: 195/270 | Reward:  -23.0 | MSE: 0.0610 | C_Loss: 0.009 | A_Loss: 0.002 | Alpha: 0.0003
  [!] Running Isolated Validation (Pure CMA vs GNN)...
  -> Val Results: Pure Baseline Errors: 453 | GNN Errors: 445
  -> Relative Improvement: 1.766%
Train Ep: 196/270 | Reward:  -25.0 | MSE: 0.0644 | C_Loss: 0.008 | A_Loss: 0.001 | Alpha: 0.0003
Train Ep: 197/270 | Reward:    0.0 | MSE: 0.0630 | C_Loss: 0.009 | A_Loss: 0.002 | Alpha: 0.0003
Train Ep: 198/270 | Reward:  -13.0 | MSE: 0.0495 | C_Loss: 0.007 | A_Loss: 0.002 | Alpha: 0.0003
Train Ep: 199/270 | Reward:   -3.0 | MSE: 0.0680 | C_Loss: 0.007 | A_Loss: -0.000 | Alpha: 0.0003
Train Ep: 200/270 | Reward:  -23.0 | MSE: 0.0552 | C_Loss: 0.007 | A_Loss: -0.000 | Alpha: 0.0003
  [!] Running Isolated Validation (Pure CMA vs GNN)...
  -> Val Results: Pure Baseline Errors: 453 | GNN Errors: 444
  -> Relative Improvement: 1.987%
Train Ep: 201/270 | Reward:  -36.0 | MSE: 0.0459 | C_Loss: 0.006 | A_Loss: 0.001 | Alpha: 0.0003
Train Ep: 202/270 | Reward:  -11.0 | MSE: 0.0405 | C_Loss: 0.007 | A_Loss: 0.000 | Alpha: 0.0003
Train Ep: 203/270 | Reward:  -16.0 | MSE: 0.0693 | C_Loss: 0.008 | A_Loss: 0.001 | Alpha: 0.0003
Train Ep: 204/270 | Reward:   -7.0 | MSE: 0.0641 | C_Loss: 0.009 | A_Loss: 0.001 | Alpha: 0.0002
Train Ep: 205/270 | Reward:   -7.0 | MSE: 0.0614 | C_Loss: 0.010 | A_Loss: 0.001 | Alpha: 0.0002
  [!] Running Isolated Validation (Pure CMA vs GNN)...
  -> Val Results: Pure Baseline Errors: 453 | GNN Errors: 441
  -> Relative Improvement: 2.649%
Train Ep: 206/270 | Reward:  -32.0 | MSE: 0.0454 | C_Loss: 0.007 | A_Loss: -0.000 | Alpha: 0.0002
Train Ep: 207/270 | Reward:  -13.0 | MSE: 0.0447 | C_Loss: 0.008 | A_Loss: 0.001 | Alpha: 0.0002
Train Ep: 208/270 | Reward:  -34.0 | MSE: 0.0475 | C_Loss: 0.008 | A_Loss: 0.001 | Alpha: 0.0002
Train Ep: 209/270 | Reward:  -10.0 | MSE: 0.0412 | C_Loss: 0.009 | A_Loss: 0.002 | Alpha: 0.0002
Train Ep: 210/270 | Reward:   -8.0 | MSE: 0.0972 | C_Loss: 0.008 | A_Loss: 0.001 | Alpha: 0.0002
  [!] Running Isolated Validation (Pure CMA vs GNN)...
  -> Val Results: Pure Baseline Errors: 453 | GNN Errors: 439
  -> Relative Improvement: 3.091%
Train Ep: 211/270 | Reward:   -4.0 | MSE: 0.0743 | C_Loss: 0.009 | A_Loss: 0.002 | Alpha: 0.0002
Train Ep: 212/270 | Reward:  -15.0 | MSE: 0.0635 | C_Loss: 0.011 | A_Loss: 0.001 | Alpha: 0.0002
Train Ep: 213/270 | Reward:  -17.0 | MSE: 0.0553 | C_Loss: 0.008 | A_Loss: 0.001 | Alpha: 0.0002
Train Ep: 214/270 | Reward:  -12.0 | MSE: 0.0821 | C_Loss: 0.007 | A_Loss: 0.000 | Alpha: 0.0002
Train Ep: 215/270 | Reward:   -3.0 | MSE: 0.0488 | C_Loss: 0.007 | A_Loss: -0.000 | Alpha: 0.0002
  [!] Running Isolated Validation (Pure CMA vs GNN)...
  -> Val Results: Pure Baseline Errors: 453 | GNN Errors: 438
  -> Relative Improvement: 3.311%
Train Ep: 216/270 | Reward:  -18.0 | MSE: 0.0556 | C_Loss: 0.006 | A_Loss: 0.000 | Alpha: 0.0002
Train Ep: 217/270 | Reward:  -23.0 | MSE: 0.0656 | C_Loss: 0.011 | A_Loss: 0.001 | Alpha: 0.0002
Train Ep: 218/270 | Reward:  -33.0 | MSE: 0.0650 | C_Loss: 0.007 | A_Loss: 0.000 | Alpha: 0.0002
Train Ep: 219/270 | Reward:  -46.0 | MSE: 0.0477 | C_Loss: 0.008 | A_Loss: 0.001 | Alpha: 0.0002
Train Ep: 220/270 | Reward:  -42.0 | MSE: 0.0591 | C_Loss: 0.010 | A_Loss: 0.001 | Alpha: 0.0002
  [!] Running Isolated Validation (Pure CMA vs GNN)...
  -> Val Results: Pure Baseline Errors: 453 | GNN Errors: 442
  -> Relative Improvement: 2.428%
Train Ep: 221/270 | Reward:  -25.0 | MSE: 0.0609 | C_Loss: 0.010 | A_Loss: 0.002 | Alpha: 0.0002
Train Ep: 222/270 | Reward:    5.0 | MSE: 0.0757 | C_Loss: 0.010 | A_Loss: 0.002 | Alpha: 0.0002
Train Ep: 223/270 | Reward:    6.0 | MSE: 0.0639 | C_Loss: 0.011 | A_Loss: 0.003 | Alpha: 0.0002
Train Ep: 224/270 | Reward:    2.0 | MSE: 0.0730 | C_Loss: 0.009 | A_Loss: 0.001 | Alpha: 0.0002
Train Ep: 225/270 | Reward:   -8.0 | MSE: 0.0667 | C_Loss: 0.008 | A_Loss: 0.001 | Alpha: 0.0002
  [!] Running Isolated Validation (Pure CMA vs GNN)...
  -> Val Results: Pure Baseline Errors: 453 | GNN Errors: 432
  -> Relative Improvement: 4.636%
  *** New Best Model! Net Score improved from 0.039735099337748346 to 0.046357615894039736 ***
[*] Models successfully saved to models/sac_gnn_36_cpu_best.pth
Train Ep: 226/270 | Reward:   -3.0 | MSE: 0.0798 | C_Loss: 0.009 | A_Loss: 0.001 | Alpha: 0.0002
Train Ep: 227/270 | Reward:  -20.0 | MSE: 0.0747 | C_Loss: 0.007 | A_Loss: -0.000 | Alpha: 0.0002
Train Ep: 228/270 | Reward:  -38.0 | MSE: 0.0416 | C_Loss: 0.008 | A_Loss: -0.000 | Alpha: 0.0002
Train Ep: 229/270 | Reward:  -30.0 | MSE: 0.0431 | C_Loss: 0.006 | A_Loss: 0.000 | Alpha: 0.0002
Train Ep: 230/270 | Reward:  -58.0 | MSE: 0.0521 | C_Loss: 0.011 | A_Loss: 0.001 | Alpha: 0.0002
  [!] Running Isolated Validation (Pure CMA vs GNN)...
  -> Val Results: Pure Baseline Errors: 453 | GNN Errors: 440
  -> Relative Improvement: 2.870%
Train Ep: 231/270 | Reward:  -21.0 | MSE: 0.0580 | C_Loss: 0.011 | A_Loss: 0.001 | Alpha: 0.0002
Train Ep: 232/270 | Reward:   -9.0 | MSE: 0.0437 | C_Loss: 0.011 | A_Loss: 0.001 | Alpha: 0.0001
Train Ep: 233/270 | Reward:   -8.0 | MSE: 0.1061 | C_Loss: 0.011 | A_Loss: 0.002 | Alpha: 0.0001
Train Ep: 234/270 | Reward:  -36.0 | MSE: 0.0449 | C_Loss: 0.013 | A_Loss: 0.004 | Alpha: 0.0001
Train Ep: 235/270 | Reward:  -41.0 | MSE: 0.0510 | C_Loss: 0.010 | A_Loss: 0.001 | Alpha: 0.0001
  [!] Running Isolated Validation (Pure CMA vs GNN)...
  -> Val Results: Pure Baseline Errors: 453 | GNN Errors: 439
  -> Relative Improvement: 3.091%
Train Ep: 236/270 | Reward:  -32.0 | MSE: 0.0727 | C_Loss: 0.008 | A_Loss: 0.001 | Alpha: 0.0001
Train Ep: 237/270 | Reward:  -18.0 | MSE: 0.0550 | C_Loss: 0.010 | A_Loss: 0.002 | Alpha: 0.0001
Train Ep: 238/270 | Reward:   -5.0 | MSE: 0.0683 | C_Loss: 0.010 | A_Loss: 0.002 | Alpha: 0.0001
Train Ep: 239/270 | Reward:   -5.0 | MSE: 0.1098 | C_Loss: 0.011 | A_Loss: 0.002 | Alpha: 0.0001
Train Ep: 240/270 | Reward:  -11.0 | MSE: 0.1229 | C_Loss: 0.010 | A_Loss: 0.001 | Alpha: 0.0001
  [!] Running Isolated Validation (Pure CMA vs GNN)...
  -> Val Results: Pure Baseline Errors: 453 | GNN Errors: 426
  -> Relative Improvement: 5.960%
  *** New Best Model! Net Score improved from 0.046357615894039736 to 0.059602649006622516 ***
[*] Models successfully saved to models/sac_gnn_36_cpu_best.pth
Train Ep: 241/270 | Reward:   14.0 | MSE: 0.1144 | C_Loss: 0.007 | A_Loss: 0.001 | Alpha: 0.0001
Train Ep: 242/270 | Reward:    8.0 | MSE: 0.0631 | C_Loss: 0.008 | A_Loss: -0.001 | Alpha: 0.0001
Train Ep: 243/270 | Reward:   -8.0 | MSE: 0.0513 | C_Loss: 0.005 | A_Loss: 0.000 | Alpha: 0.0001
Train Ep: 244/270 | Reward:   11.0 | MSE: 0.0779 | C_Loss: 0.006 | A_Loss: -0.001 | Alpha: 0.0001
Train Ep: 245/270 | Reward:  -24.0 | MSE: 0.0574 | C_Loss: 0.005 | A_Loss: -0.001 | Alpha: 0.0001
  [!] Running Isolated Validation (Pure CMA vs GNN)...
  -> Val Results: Pure Baseline Errors: 453 | GNN Errors: 434
  -> Relative Improvement: 4.194%
Train Ep: 246/270 | Reward:    0.0 | MSE: 0.0611 | C_Loss: 0.007 | A_Loss: -0.000 | Alpha: 0.0001
Train Ep: 247/270 | Reward:  -14.0 | MSE: 0.0447 | C_Loss: 0.008 | A_Loss: 0.000 | Alpha: 0.0001
Train Ep: 248/270 | Reward:    0.0 | MSE: 0.0746 | C_Loss: 0.007 | A_Loss: 0.001 | Alpha: 0.0001
Train Ep: 249/270 | Reward:   -4.0 | MSE: 0.0935 | C_Loss: 0.009 | A_Loss: 0.001 | Alpha: 0.0001
Train Ep: 250/270 | Reward:    6.0 | MSE: 0.1046 | C_Loss: 0.009 | A_Loss: 0.000 | Alpha: 0.0001
  [!] Running Isolated Validation (Pure CMA vs GNN)...
  -> Val Results: Pure Baseline Errors: 453 | GNN Errors: 428
  -> Relative Improvement: 5.519%
Train Ep: 251/270 | Reward:   -4.0 | MSE: 0.1077 | C_Loss: 0.005 | A_Loss: -0.000 | Alpha: 0.0001
Train Ep: 252/270 | Reward:   -6.0 | MSE: 0.0665 | C_Loss: 0.008 | A_Loss: -0.001 | Alpha: 0.0001
Train Ep: 253/270 | Reward:  -45.0 | MSE: 0.0554 | C_Loss: 0.008 | A_Loss: 0.000 | Alpha: 0.0001
Train Ep: 254/270 | Reward:  -28.0 | MSE: 0.0426 | C_Loss: 0.008 | A_Loss: 0.001 | Alpha: 0.0001
Train Ep: 255/270 | Reward:   -3.0 | MSE: 0.0514 | C_Loss: 0.007 | A_Loss: 0.000 | Alpha: 0.0001
  [!] Running Isolated Validation (Pure CMA vs GNN)...
  -> Val Results: Pure Baseline Errors: 453 | GNN Errors: 429
  -> Relative Improvement: 5.298%
Train Ep: 256/270 | Reward:   -7.0 | MSE: 0.0623 | C_Loss: 0.010 | A_Loss: 0.001 | Alpha: 0.0001
Train Ep: 257/270 | Reward:   -7.0 | MSE: 0.0691 | C_Loss: 0.008 | A_Loss: 0.001 | Alpha: 0.0001
Train Ep: 258/270 | Reward:   -5.0 | MSE: 0.0989 | C_Loss: 0.009 | A_Loss: 0.001 | Alpha: 0.0001
Train Ep: 259/270 | Reward:  -14.0 | MSE: 0.0493 | C_Loss: 0.007 | A_Loss: 0.001 | Alpha: 0.0001
Train Ep: 260/270 | Reward:   -8.0 | MSE: 0.0899 | C_Loss: 0.006 | A_Loss: -0.000 | Alpha: 0.0001
  [!] Running Isolated Validation (Pure CMA vs GNN)...
  -> Val Results: Pure Baseline Errors: 453 | GNN Errors: 428
  -> Relative Improvement: 5.519%
Train Ep: 261/270 | Reward:   -2.0 | MSE: 0.0971 | C_Loss: 0.005 | A_Loss: 0.001 | Alpha: 0.0001
Train Ep: 262/270 | Reward:    5.0 | MSE: 0.0879 | C_Loss: 0.006 | A_Loss: 0.001 | Alpha: 0.0001
Train Ep: 263/270 | Reward:  -36.0 | MSE: 0.0462 | C_Loss: 0.007 | A_Loss: 0.000 | Alpha: 0.0001
Train Ep: 264/270 | Reward:   -9.0 | MSE: 0.1089 | C_Loss: 0.006 | A_Loss: 0.000 | Alpha: 0.0001
Train Ep: 265/270 | Reward:   -4.0 | MSE: 0.0592 | C_Loss: 0.009 | A_Loss: 0.001 | Alpha: 0.0001
  [!] Running Isolated Validation (Pure CMA vs GNN)...
  -> Val Results: Pure Baseline Errors: 453 | GNN Errors: 418
  -> Relative Improvement: 7.726%
  *** New Best Model! Net Score improved from 0.059602649006622516 to 0.0772626931567329 ***
[*] Models successfully saved to models/sac_gnn_36_cpu_best.pth
Train Ep: 266/270 | Reward:    2.0 | MSE: 0.1090 | C_Loss: 0.006 | A_Loss: 0.001 | Alpha: 0.0001
Train Ep: 267/270 | Reward:    6.0 | MSE: 0.1198 | C_Loss: 0.006 | A_Loss: 0.000 | Alpha: 0.0001
Train Ep: 268/270 | Reward:    2.0 | MSE: 0.0825 | C_Loss: 0.007 | A_Loss: 0.000 | Alpha: 0.0001
Train Ep: 269/270 | Reward:    9.0 | MSE: 0.0711 | C_Loss: 0.004 | A_Loss: 0.000 | Alpha: 0.0001
Train Ep: 270/270 | Reward:   10.0 | MSE: 0.0606 | C_Loss: 0.004 | A_Loss: -0.000 | Alpha: 0.0001
  [!] Running Isolated Validation (Pure CMA vs GNN)...
  -> Val Results: Pure Baseline Errors: 453 | GNN Errors: 428
  -> Relative Improvement: 5.519%

Training complete in 15516.54 seconds.
[*] Models successfully saved to models/sac_gnn_36_cpu.pth
Training plots saved to 'plots/training_metrics_36_cpu.png'
[*] The best performing model during validation was saved to: models/sac_gnn_36_cpu_best.pth
Training run time = 15519.77 s
Job finished at: Thu Apr 16 17:37:56 CEST 2026
