Job started at: Wed Apr 15 23:02:05 CEST 2026
Starting Run 3: Gamma=0.99 | Mismatch=30.0 | Update=100
SLURM Mode Received: 0
Execution Pipeline: ['train']
Loaded Configuration: {'mode': 0, 'model_path': 'models/sac_gnn_37.pth', 'training_metrics_filename': 'training_metrics_37.png', 'distance': 5, 'n_rounds': 5, 'p': 0.004, 'p_gate_zz': 0.0, 'mismatch': 30.0, 'n_shots': 65000, 'burn_in_steps': 15000, 'bypass_threshold': 2, 'action_scale': 3.0, 'update_period': 100, 'prior_shots': 1000, 'local_action_only': True, 'local_action_hops': 1, 'hidden_dim': 128, 'lr': 0.0001, 'gamma': 0.99, 'tau': 0.005, 'alpha': 0.01, 'batch_size': 64, 'buffer_capacity': 100000, 'update_frequency': 100, 'train_episodes': 270, 'test_episodes': 20}

Initializing environment...

############################################################
### RUNNING MODE: TRAIN
############################################################

========================================
STARTING TRAINING (Episodes: 270)
========================================
Train Ep: 001/270 | Reward: -670.0 | MSE: 0.1865 | C_Loss: 0.065 | A_Loss: -0.005 | Alpha: 0.0095
Train Ep: 002/270 | Reward: -691.0 | MSE: 0.1913 | C_Loss: 0.067 | A_Loss: 0.014 | Alpha: 0.0091
Train Ep: 003/270 | Reward: -371.0 | MSE: 0.1841 | C_Loss: 0.060 | A_Loss: 0.030 | Alpha: 0.0086
Train Ep: 004/270 | Reward: -844.0 | MSE: 0.2059 | C_Loss: 0.058 | A_Loss: 0.042 | Alpha: 0.0082
Train Ep: 005/270 | Reward: -622.0 | MSE: 0.1306 | C_Loss: 0.071 | A_Loss: 0.064 | Alpha: 0.0079
Train Ep: 006/270 | Reward: -537.0 | MSE: 0.1675 | C_Loss: 0.067 | A_Loss: 0.088 | Alpha: 0.0075
Train Ep: 007/270 | Reward: -530.0 | MSE: 0.1386 | C_Loss: 0.058 | A_Loss: 0.099 | Alpha: 0.0072
Train Ep: 008/270 | Reward: -694.0 | MSE: 0.1861 | C_Loss: 0.054 | A_Loss: 0.114 | Alpha: 0.0069
Train Ep: 009/270 | Reward: -598.0 | MSE: 0.0839 | C_Loss: 0.059 | A_Loss: 0.132 | Alpha: 0.0066
Train Ep: 010/270 | Reward: -527.0 | MSE: 0.2034 | C_Loss: 0.061 | A_Loss: 0.154 | Alpha: 0.0063
Train Ep: 011/270 | Reward: -449.0 | MSE: 0.2775 | C_Loss: 0.054 | A_Loss: 0.174 | Alpha: 0.0060
Train Ep: 012/270 | Reward: -267.0 | MSE: 0.2769 | C_Loss: 0.046 | A_Loss: 0.186 | Alpha: 0.0057
Train Ep: 013/270 | Reward: -474.0 | MSE: 0.1501 | C_Loss: 0.039 | A_Loss: 0.192 | Alpha: 0.0055
Train Ep: 014/270 | Reward: -492.0 | MSE: 0.2333 | C_Loss: 0.049 | A_Loss: 0.202 | Alpha: 0.0053
Train Ep: 015/270 | Reward: -464.0 | MSE: 0.2358 | C_Loss: 0.054 | A_Loss: 0.212 | Alpha: 0.0050
Train Ep: 016/270 | Reward: -381.0 | MSE: 0.2477 | C_Loss: 0.049 | A_Loss: 0.222 | Alpha: 0.0048
Train Ep: 017/270 | Reward: -313.0 | MSE: 0.2003 | C_Loss: 0.046 | A_Loss: 0.235 | Alpha: 0.0046
Train Ep: 018/270 | Reward: -194.0 | MSE: 0.3720 | C_Loss: 0.038 | A_Loss: 0.243 | Alpha: 0.0044
Train Ep: 019/270 | Reward: -169.0 | MSE: 0.2622 | C_Loss: 0.031 | A_Loss: 0.246 | Alpha: 0.0043
Train Ep: 020/270 | Reward: -169.0 | MSE: 0.1944 | C_Loss: 0.027 | A_Loss: 0.248 | Alpha: 0.0041
Train Ep: 021/270 | Reward: -180.0 | MSE: 0.2975 | C_Loss: 0.028 | A_Loss: 0.247 | Alpha: 0.0039
Train Ep: 022/270 | Reward: -165.0 | MSE: 0.3944 | C_Loss: 0.033 | A_Loss: 0.252 | Alpha: 0.0037
Train Ep: 023/270 | Reward:  -49.0 | MSE: 0.2790 | C_Loss: 0.029 | A_Loss: 0.255 | Alpha: 0.0036
Train Ep: 024/270 | Reward:  -34.0 | MSE: 0.2524 | C_Loss: 0.023 | A_Loss: 0.251 | Alpha: 0.0034
Train Ep: 025/270 | Reward: -145.0 | MSE: 0.2795 | C_Loss: 0.020 | A_Loss: 0.246 | Alpha: 0.0033
Train Ep: 026/270 | Reward: -107.0 | MSE: 0.2620 | C_Loss: 0.026 | A_Loss: 0.240 | Alpha: 0.0031
Train Ep: 027/270 | Reward:  -46.0 | MSE: 0.2507 | C_Loss: 0.028 | A_Loss: 0.238 | Alpha: 0.0030
Train Ep: 028/270 | Reward:  -39.0 | MSE: 0.4720 | C_Loss: 0.019 | A_Loss: 0.235 | Alpha: 0.0029
Train Ep: 029/270 | Reward:  -43.0 | MSE: 0.3106 | C_Loss: 0.016 | A_Loss: 0.231 | Alpha: 0.0027
Train Ep: 030/270 | Reward:  -46.0 | MSE: 0.3168 | C_Loss: 0.019 | A_Loss: 0.227 | Alpha: 0.0026
Train Ep: 031/270 | Reward:  -12.0 | MSE: 0.2707 | C_Loss: 0.019 | A_Loss: 0.220 | Alpha: 0.0025
Train Ep: 032/270 | Reward:  -29.0 | MSE: 0.3687 | C_Loss: 0.018 | A_Loss: 0.214 | Alpha: 0.0024
Train Ep: 033/270 | Reward:  -46.0 | MSE: 0.3047 | C_Loss: 0.019 | A_Loss: 0.211 | Alpha: 0.0023
Train Ep: 034/270 | Reward:  -90.0 | MSE: 0.3514 | C_Loss: 0.024 | A_Loss: 0.205 | Alpha: 0.0022
Train Ep: 035/270 | Reward:    2.0 | MSE: 0.3371 | C_Loss: 0.027 | A_Loss: 0.203 | Alpha: 0.0021
  [!] Reward crossed 0! Unlocking Validation phase for the rest of training.
  [!] Running Isolated Validation (Pure CMA vs GNN)...
  -> Val Results: Pure Baseline Errors: 5195 | GNN Errors: 5045
  -> Relative Improvement: 2.887%
  *** New Best Model! Net Score improved from -inf to 0.028873917228103944 ***
[*] Models successfully saved to models/sac_gnn_37_best.pth
Train Ep: 036/270 | Reward:  -58.0 | MSE: 0.2013 | C_Loss: 0.024 | A_Loss: 0.195 | Alpha: 0.0020
Train Ep: 037/270 | Reward:  -69.0 | MSE: 0.3496 | C_Loss: 0.019 | A_Loss: 0.193 | Alpha: 0.0019
Train Ep: 038/270 | Reward:  -26.0 | MSE: 0.3307 | C_Loss: 0.025 | A_Loss: 0.189 | Alpha: 0.0018
Train Ep: 039/270 | Reward:  -29.0 | MSE: 0.4334 | C_Loss: 0.021 | A_Loss: 0.186 | Alpha: 0.0017
Train Ep: 040/270 | Reward:  -29.0 | MSE: 0.2810 | C_Loss: 0.017 | A_Loss: 0.182 | Alpha: 0.0017
  [!] Running Isolated Validation (Pure CMA vs GNN)...
  -> Val Results: Pure Baseline Errors: 5195 | GNN Errors: 5063
  -> Relative Improvement: 2.541%
Train Ep: 041/270 | Reward:   -7.0 | MSE: 0.2744 | C_Loss: 0.017 | A_Loss: 0.179 | Alpha: 0.0016
Train Ep: 042/270 | Reward:  -13.0 | MSE: 0.3429 | C_Loss: 0.019 | A_Loss: 0.172 | Alpha: 0.0015
Train Ep: 043/270 | Reward:  -57.0 | MSE: 0.4072 | C_Loss: 0.023 | A_Loss: 0.168 | Alpha: 0.0014
Train Ep: 044/270 | Reward:  -66.0 | MSE: 0.2834 | C_Loss: 0.026 | A_Loss: 0.163 | Alpha: 0.0014
Train Ep: 045/270 | Reward:  -66.0 | MSE: 0.2972 | C_Loss: 0.025 | A_Loss: 0.161 | Alpha: 0.0013
  [!] Running Isolated Validation (Pure CMA vs GNN)...
  -> Val Results: Pure Baseline Errors: 5195 | GNN Errors: 5043
  -> Relative Improvement: 2.926%
  *** New Best Model! Net Score improved from 0.028873917228103944 to 0.029258902791145333 ***
[*] Models successfully saved to models/sac_gnn_37_best.pth
Train Ep: 046/270 | Reward:  -58.0 | MSE: 0.2962 | C_Loss: 0.026 | A_Loss: 0.162 | Alpha: 0.0013
Train Ep: 047/270 | Reward:  -51.0 | MSE: 0.3314 | C_Loss: 0.028 | A_Loss: 0.159 | Alpha: 0.0012
Train Ep: 048/270 | Reward:  -76.0 | MSE: 0.3574 | C_Loss: 0.025 | A_Loss: 0.156 | Alpha: 0.0011
Train Ep: 049/270 | Reward:  -88.0 | MSE: 0.3262 | C_Loss: 0.024 | A_Loss: 0.155 | Alpha: 0.0011
Train Ep: 050/270 | Reward:  -45.0 | MSE: 0.3203 | C_Loss: 0.019 | A_Loss: 0.155 | Alpha: 0.0011
  [!] Running Isolated Validation (Pure CMA vs GNN)...
  -> Val Results: Pure Baseline Errors: 5195 | GNN Errors: 5074
  -> Relative Improvement: 2.329%
Train Ep: 051/270 | Reward:  -48.0 | MSE: 0.2712 | C_Loss: 0.018 | A_Loss: 0.153 | Alpha: 0.0010
Train Ep: 052/270 | Reward:  -40.0 | MSE: 0.3212 | C_Loss: 0.020 | A_Loss: 0.150 | Alpha: 0.0010
Train Ep: 053/270 | Reward: -124.0 | MSE: 0.4011 | C_Loss: 0.025 | A_Loss: 0.149 | Alpha: 0.0009
Train Ep: 054/270 | Reward:    5.0 | MSE: 0.3721 | C_Loss: 0.028 | A_Loss: 0.145 | Alpha: 0.0009
Train Ep: 055/270 | Reward:  -39.0 | MSE: 0.2881 | C_Loss: 0.022 | A_Loss: 0.144 | Alpha: 0.0008
  [!] Running Isolated Validation (Pure CMA vs GNN)...
  -> Val Results: Pure Baseline Errors: 5195 | GNN Errors: 5074
  -> Relative Improvement: 2.329%
Train Ep: 056/270 | Reward:  -32.0 | MSE: 0.3559 | C_Loss: 0.021 | A_Loss: 0.142 | Alpha: 0.0008
Train Ep: 057/270 | Reward:   -5.0 | MSE: 0.2997 | C_Loss: 0.020 | A_Loss: 0.140 | Alpha: 0.0008
Train Ep: 058/270 | Reward:  -29.0 | MSE: 0.2692 | C_Loss: 0.018 | A_Loss: 0.134 | Alpha: 0.0007
Train Ep: 059/270 | Reward:  -18.0 | MSE: 0.3509 | C_Loss: 0.019 | A_Loss: 0.130 | Alpha: 0.0007
Train Ep: 060/270 | Reward:  -70.0 | MSE: 0.3081 | C_Loss: 0.021 | A_Loss: 0.126 | Alpha: 0.0007
  [!] Running Isolated Validation (Pure CMA vs GNN)...
  -> Val Results: Pure Baseline Errors: 5195 | GNN Errors: 4969
  -> Relative Improvement: 4.350%
  *** New Best Model! Net Score improved from 0.029258902791145333 to 0.04350336862367661 ***
[*] Models successfully saved to models/sac_gnn_37_best.pth
Train Ep: 061/270 | Reward:  -87.0 | MSE: 0.2854 | C_Loss: 0.027 | A_Loss: 0.128 | Alpha: 0.0006
Train Ep: 062/270 | Reward:  -77.0 | MSE: 0.2739 | C_Loss: 0.027 | A_Loss: 0.126 | Alpha: 0.0006
Train Ep: 063/270 | Reward:  -10.0 | MSE: 0.2989 | C_Loss: 0.024 | A_Loss: 0.124 | Alpha: 0.0006
Train Ep: 064/270 | Reward:   13.0 | MSE: 0.3536 | C_Loss: 0.027 | A_Loss: 0.120 | Alpha: 0.0006
Train Ep: 065/270 | Reward:  -44.0 | MSE: 0.3410 | C_Loss: 0.030 | A_Loss: 0.117 | Alpha: 0.0005
  [!] Running Isolated Validation (Pure CMA vs GNN)...
  -> Val Results: Pure Baseline Errors: 5195 | GNN Errors: 4958
  -> Relative Improvement: 4.562%
  *** New Best Model! Net Score improved from 0.04350336862367661 to 0.04562078922040423 ***
[*] Models successfully saved to models/sac_gnn_37_best.pth
Train Ep: 066/270 | Reward:  -57.0 | MSE: 0.2189 | C_Loss: 0.028 | A_Loss: 0.117 | Alpha: 0.0005
Train Ep: 067/270 | Reward:  -41.0 | MSE: 0.3345 | C_Loss: 0.025 | A_Loss: 0.117 | Alpha: 0.0005
Train Ep: 068/270 | Reward:   -2.0 | MSE: 0.2796 | C_Loss: 0.022 | A_Loss: 0.113 | Alpha: 0.0005
Train Ep: 069/270 | Reward:  -23.0 | MSE: 0.2395 | C_Loss: 0.022 | A_Loss: 0.110 | Alpha: 0.0005
Train Ep: 070/270 | Reward:  -43.0 | MSE: 0.2162 | C_Loss: 0.022 | A_Loss: 0.106 | Alpha: 0.0004
  [!] Running Isolated Validation (Pure CMA vs GNN)...
  -> Val Results: Pure Baseline Errors: 5195 | GNN Errors: 4975
  -> Relative Improvement: 4.235%
Train Ep: 071/270 | Reward:  -77.0 | MSE: 0.2860 | C_Loss: 0.025 | A_Loss: 0.106 | Alpha: 0.0004
Train Ep: 072/270 | Reward:  -44.0 | MSE: 0.2628 | C_Loss: 0.030 | A_Loss: 0.106 | Alpha: 0.0004
Train Ep: 073/270 | Reward:  -52.0 | MSE: 0.3403 | C_Loss: 0.029 | A_Loss: 0.108 | Alpha: 0.0004
Train Ep: 074/270 | Reward:  -32.0 | MSE: 0.3869 | C_Loss: 0.027 | A_Loss: 0.106 | Alpha: 0.0004
Train Ep: 075/270 | Reward:  -53.0 | MSE: 0.2240 | C_Loss: 0.017 | A_Loss: 0.106 | Alpha: 0.0003
  [!] Running Isolated Validation (Pure CMA vs GNN)...
  -> Val Results: Pure Baseline Errors: 5195 | GNN Errors: 5047
  -> Relative Improvement: 2.849%
Train Ep: 076/270 | Reward:  -56.0 | MSE: 0.2929 | C_Loss: 0.020 | A_Loss: 0.103 | Alpha: 0.0003
Train Ep: 077/270 | Reward:    4.0 | MSE: 0.1882 | C_Loss: 0.018 | A_Loss: 0.104 | Alpha: 0.0003
Train Ep: 078/270 | Reward:  -22.0 | MSE: 0.3155 | C_Loss: 0.019 | A_Loss: 0.105 | Alpha: 0.0003
Train Ep: 079/270 | Reward:  -17.0 | MSE: 0.1655 | C_Loss: 0.017 | A_Loss: 0.105 | Alpha: 0.0003
Train Ep: 080/270 | Reward:  -35.0 | MSE: 0.1817 | C_Loss: 0.018 | A_Loss: 0.104 | Alpha: 0.0003
  [!] Running Isolated Validation (Pure CMA vs GNN)...
  -> Val Results: Pure Baseline Errors: 5195 | GNN Errors: 4960
  -> Relative Improvement: 4.524%
Train Ep: 081/270 | Reward:    5.0 | MSE: 0.3499 | C_Loss: 0.018 | A_Loss: 0.102 | Alpha: 0.0003
Train Ep: 082/270 | Reward:  -44.0 | MSE: 0.2716 | C_Loss: 0.021 | A_Loss: 0.101 | Alpha: 0.0003
Train Ep: 083/270 | Reward:   16.0 | MSE: 0.3155 | C_Loss: 0.030 | A_Loss: 0.100 | Alpha: 0.0002
Train Ep: 084/270 | Reward:  -37.0 | MSE: 0.3686 | C_Loss: 0.037 | A_Loss: 0.099 | Alpha: 0.0002
Train Ep: 085/270 | Reward:  -47.0 | MSE: 0.4308 | C_Loss: 0.037 | A_Loss: 0.098 | Alpha: 0.0002
  [!] Running Isolated Validation (Pure CMA vs GNN)...
  -> Val Results: Pure Baseline Errors: 5195 | GNN Errors: 5016
  -> Relative Improvement: 3.446%
Train Ep: 086/270 | Reward:  -78.0 | MSE: 0.2622 | C_Loss: 0.043 | A_Loss: 0.097 | Alpha: 0.0002
Train Ep: 087/270 | Reward: -119.0 | MSE: 0.1730 | C_Loss: 0.053 | A_Loss: 0.094 | Alpha: 0.0002
Train Ep: 088/270 | Reward:   -8.0 | MSE: 0.1880 | C_Loss: 0.048 | A_Loss: 0.099 | Alpha: 0.0002
Train Ep: 089/270 | Reward:  -51.0 | MSE: 0.2222 | C_Loss: 0.033 | A_Loss: 0.098 | Alpha: 0.0002
Train Ep: 090/270 | Reward:  -47.0 | MSE: 0.3565 | C_Loss: 0.020 | A_Loss: 0.097 | Alpha: 0.0002
  [!] Running Isolated Validation (Pure CMA vs GNN)...
  -> Val Results: Pure Baseline Errors: 5195 | GNN Errors: 4977
  -> Relative Improvement: 4.196%
Train Ep: 091/270 | Reward:  -17.0 | MSE: 0.2181 | C_Loss: 0.025 | A_Loss: 0.098 | Alpha: 0.0002
Train Ep: 092/270 | Reward:   -3.0 | MSE: 0.2420 | C_Loss: 0.030 | A_Loss: 0.097 | Alpha: 0.0002
Train Ep: 093/270 | Reward:   -5.0 | MSE: 0.2266 | C_Loss: 0.029 | A_Loss: 0.093 | Alpha: 0.0002
Train Ep: 094/270 | Reward:  -37.0 | MSE: 0.3304 | C_Loss: 0.029 | A_Loss: 0.091 | Alpha: 0.0001
Train Ep: 095/270 | Reward:  -74.0 | MSE: 0.2741 | C_Loss: 0.035 | A_Loss: 0.093 | Alpha: 0.0001
  [!] Running Isolated Validation (Pure CMA vs GNN)...
  -> Val Results: Pure Baseline Errors: 5195 | GNN Errors: 4989
  -> Relative Improvement: 3.965%
Train Ep: 096/270 | Reward:  -19.0 | MSE: 0.2822 | C_Loss: 0.038 | A_Loss: 0.094 | Alpha: 0.0001
Train Ep: 097/270 | Reward:  -54.0 | MSE: 0.2506 | C_Loss: 0.033 | A_Loss: 0.094 | Alpha: 0.0001
Train Ep: 098/270 | Reward:  -23.0 | MSE: 0.2443 | C_Loss: 0.029 | A_Loss: 0.094 | Alpha: 0.0001
Train Ep: 099/270 | Reward:  -10.0 | MSE: 0.2826 | C_Loss: 0.028 | A_Loss: 0.092 | Alpha: 0.0001
Train Ep: 100/270 | Reward:  -22.0 | MSE: 0.3406 | C_Loss: 0.032 | A_Loss: 0.090 | Alpha: 0.0001
  [!] Running Isolated Validation (Pure CMA vs GNN)...
  -> Val Results: Pure Baseline Errors: 5195 | GNN Errors: 5004
  -> Relative Improvement: 3.677%
Train Ep: 101/270 | Reward:  -25.0 | MSE: 0.2498 | C_Loss: 0.028 | A_Loss: 0.089 | Alpha: 0.0001
Train Ep: 102/270 | Reward:  -15.0 | MSE: 0.3321 | C_Loss: 0.027 | A_Loss: 0.087 | Alpha: 0.0001
Train Ep: 103/270 | Reward:  -13.0 | MSE: 0.1603 | C_Loss: 0.029 | A_Loss: 0.085 | Alpha: 0.0001
Train Ep: 104/270 | Reward:   -2.0 | MSE: 0.4317 | C_Loss: 0.028 | A_Loss: 0.084 | Alpha: 0.0001
Train Ep: 105/270 | Reward:    9.0 | MSE: 0.2324 | C_Loss: 0.028 | A_Loss: 0.083 | Alpha: 0.0001
  [!] Running Isolated Validation (Pure CMA vs GNN)...
  -> Val Results: Pure Baseline Errors: 5195 | GNN Errors: 4989
  -> Relative Improvement: 3.965%
Train Ep: 106/270 | Reward:  -44.0 | MSE: 0.2731 | C_Loss: 0.028 | A_Loss: 0.082 | Alpha: 0.0001
Train Ep: 107/270 | Reward:    8.0 | MSE: 0.3211 | C_Loss: 0.024 | A_Loss: 0.082 | Alpha: 0.0001
Train Ep: 108/270 | Reward:  -12.0 | MSE: 0.3336 | C_Loss: 0.020 | A_Loss: 0.079 | Alpha: 0.0001
Train Ep: 109/270 | Reward:   -5.0 | MSE: 0.3073 | C_Loss: 0.025 | A_Loss: 0.078 | Alpha: 0.0001
Train Ep: 110/270 | Reward:   48.0 | MSE: 0.2065 | C_Loss: 0.026 | A_Loss: 0.077 | Alpha: 0.0001
  [!] Running Isolated Validation (Pure CMA vs GNN)...
  -> Val Results: Pure Baseline Errors: 5195 | GNN Errors: 5037
  -> Relative Improvement: 3.041%
Train Ep: 111/270 | Reward:  -34.0 | MSE: 0.3472 | C_Loss: 0.026 | A_Loss: 0.073 | Alpha: 0.0001
Train Ep: 112/270 | Reward:  -20.0 | MSE: 0.2203 | C_Loss: 0.028 | A_Loss: 0.074 | Alpha: 0.0001
Train Ep: 113/270 | Reward:    7.0 | MSE: 0.2170 | C_Loss: 0.034 | A_Loss: 0.070 | Alpha: 0.0001
Train Ep: 114/270 | Reward:   46.0 | MSE: 0.1950 | C_Loss: 0.030 | A_Loss: 0.070 | Alpha: 0.0001
Train Ep: 115/270 | Reward:  -50.0 | MSE: 0.2039 | C_Loss: 0.029 | A_Loss: 0.068 | Alpha: 0.0001
  [!] Running Isolated Validation (Pure CMA vs GNN)...
  -> Val Results: Pure Baseline Errors: 5195 | GNN Errors: 4979
  -> Relative Improvement: 4.158%
Train Ep: 116/270 | Reward:   43.0 | MSE: 0.3112 | C_Loss: 0.027 | A_Loss: 0.069 | Alpha: 0.0001
Train Ep: 117/270 | Reward:   47.0 | MSE: 0.3279 | C_Loss: 0.023 | A_Loss: 0.068 | Alpha: 0.0001
Train Ep: 118/270 | Reward:   73.0 | MSE: 0.2233 | C_Loss: 0.023 | A_Loss: 0.063 | Alpha: 0.0001
Train Ep: 119/270 | Reward:  -36.0 | MSE: 0.2589 | C_Loss: 0.025 | A_Loss: 0.063 | Alpha: 0.0001
Train Ep: 120/270 | Reward:   27.0 | MSE: 0.2146 | C_Loss: 0.025 | A_Loss: 0.059 | Alpha: 0.0001
  [!] Running Isolated Validation (Pure CMA vs GNN)...
  -> Val Results: Pure Baseline Errors: 5195 | GNN Errors: 5009
  -> Relative Improvement: 3.580%
Train Ep: 121/270 | Reward:   26.0 | MSE: 0.3551 | C_Loss: 0.024 | A_Loss: 0.059 | Alpha: 0.0001
Train Ep: 122/270 | Reward:   -3.0 | MSE: 0.3054 | C_Loss: 0.029 | A_Loss: 0.057 | Alpha: 0.0001
Train Ep: 123/270 | Reward:  -46.0 | MSE: 0.3320 | C_Loss: 0.032 | A_Loss: 0.056 | Alpha: 0.0001
Train Ep: 124/270 | Reward:  -77.0 | MSE: 0.2216 | C_Loss: 0.033 | A_Loss: 0.054 | Alpha: 0.0001
Train Ep: 125/270 | Reward:  -21.0 | MSE: 0.2257 | C_Loss: 0.027 | A_Loss: 0.057 | Alpha: 0.0001
  [!] Running Isolated Validation (Pure CMA vs GNN)...
  -> Val Results: Pure Baseline Errors: 5195 | GNN Errors: 4984
  -> Relative Improvement: 4.062%
Train Ep: 126/270 | Reward:   17.0 | MSE: 0.3230 | C_Loss: 0.025 | A_Loss: 0.058 | Alpha: 0.0001
Train Ep: 127/270 | Reward:  -22.0 | MSE: 0.2426 | C_Loss: 0.025 | A_Loss: 0.054 | Alpha: 0.0001
Train Ep: 128/270 | Reward:  -28.0 | MSE: 0.2374 | C_Loss: 0.027 | A_Loss: 0.054 | Alpha: 0.0001
Train Ep: 129/270 | Reward:  -32.0 | MSE: 0.2729 | C_Loss: 0.023 | A_Loss: 0.055 | Alpha: 0.0001
Train Ep: 130/270 | Reward:   -8.0 | MSE: 0.3995 | C_Loss: 0.020 | A_Loss: 0.056 | Alpha: 0.0001
  [!] Running Isolated Validation (Pure CMA vs GNN)...
  -> Val Results: Pure Baseline Errors: 5195 | GNN Errors: 5008
  -> Relative Improvement: 3.600%
Train Ep: 131/270 | Reward:  -27.0 | MSE: 0.2853 | C_Loss: 0.020 | A_Loss: 0.055 | Alpha: 0.0001
Train Ep: 132/270 | Reward:  -10.0 | MSE: 0.3037 | C_Loss: 0.024 | A_Loss: 0.053 | Alpha: 0.0001
Train Ep: 133/270 | Reward:  -20.0 | MSE: 0.2122 | C_Loss: 0.028 | A_Loss: 0.053 | Alpha: 0.0001
Train Ep: 134/270 | Reward:  -37.0 | MSE: 0.3221 | C_Loss: 0.026 | A_Loss: 0.051 | Alpha: 0.0001
Train Ep: 135/270 | Reward:  -17.0 | MSE: 0.2711 | C_Loss: 0.026 | A_Loss: 0.053 | Alpha: 0.0001
  [!] Running Isolated Validation (Pure CMA vs GNN)...
  -> Val Results: Pure Baseline Errors: 5195 | GNN Errors: 5030
  -> Relative Improvement: 3.176%
Train Ep: 136/270 | Reward:  -34.0 | MSE: 0.2679 | C_Loss: 0.030 | A_Loss: 0.052 | Alpha: 0.0001
Train Ep: 137/270 | Reward:   12.0 | MSE: 0.3328 | C_Loss: 0.029 | A_Loss: 0.054 | Alpha: 0.0001
Train Ep: 138/270 | Reward:  -22.0 | MSE: 0.2741 | C_Loss: 0.028 | A_Loss: 0.055 | Alpha: 0.0001
Train Ep: 139/270 | Reward:    0.0 | MSE: 0.2817 | C_Loss: 0.023 | A_Loss: 0.056 | Alpha: 0.0001
Train Ep: 140/270 | Reward:   -3.0 | MSE: 0.3967 | C_Loss: 0.020 | A_Loss: 0.055 | Alpha: 0.0001
  [!] Running Isolated Validation (Pure CMA vs GNN)...
  -> Val Results: Pure Baseline Errors: 5195 | GNN Errors: 4974
  -> Relative Improvement: 4.254%
Train Ep: 141/270 | Reward:   43.0 | MSE: 0.2146 | C_Loss: 0.020 | A_Loss: 0.054 | Alpha: 0.0001
Train Ep: 142/270 | Reward:  -18.0 | MSE: 0.3099 | C_Loss: 0.021 | A_Loss: 0.051 | Alpha: 0.0001
Train Ep: 143/270 | Reward:  -89.0 | MSE: 0.2976 | C_Loss: 0.025 | A_Loss: 0.049 | Alpha: 0.0001
Train Ep: 144/270 | Reward:   19.0 | MSE: 0.3014 | C_Loss: 0.029 | A_Loss: 0.053 | Alpha: 0.0001
Train Ep: 145/270 | Reward:   34.0 | MSE: 0.4861 | C_Loss: 0.025 | A_Loss: 0.051 | Alpha: 0.0001
  [!] Running Isolated Validation (Pure CMA vs GNN)...
  -> Val Results: Pure Baseline Errors: 5195 | GNN Errors: 5006
  -> Relative Improvement: 3.638%
Train Ep: 146/270 | Reward:  -18.0 | MSE: 0.4066 | C_Loss: 0.022 | A_Loss: 0.050 | Alpha: 0.0001
Train Ep: 147/270 | Reward:   31.0 | MSE: 0.3040 | C_Loss: 0.021 | A_Loss: 0.047 | Alpha: 0.0001
Train Ep: 148/270 | Reward:  -10.0 | MSE: 0.2780 | C_Loss: 0.021 | A_Loss: 0.047 | Alpha: 0.0001
Train Ep: 149/270 | Reward:    2.0 | MSE: 0.2511 | C_Loss: 0.018 | A_Loss: 0.046 | Alpha: 0.0001
Train Ep: 150/270 | Reward:   17.0 | MSE: 0.2615 | C_Loss: 0.017 | A_Loss: 0.046 | Alpha: 0.0001
  [!] Running Isolated Validation (Pure CMA vs GNN)...
  -> Val Results: Pure Baseline Errors: 5195 | GNN Errors: 4955
  -> Relative Improvement: 4.620%
  *** New Best Model! Net Score improved from 0.04562078922040423 to 0.04619826756496631 ***
[*] Models successfully saved to models/sac_gnn_37_best.pth
Train Ep: 151/270 | Reward:    8.0 | MSE: 0.4682 | C_Loss: 0.023 | A_Loss: 0.048 | Alpha: 0.0001
Train Ep: 152/270 | Reward:  -26.0 | MSE: 0.2383 | C_Loss: 0.025 | A_Loss: 0.047 | Alpha: 0.0001
Train Ep: 153/270 | Reward:  -28.0 | MSE: 0.3257 | C_Loss: 0.026 | A_Loss: 0.044 | Alpha: 0.0001
Train Ep: 154/270 | Reward:  -33.0 | MSE: 0.3494 | C_Loss: 0.026 | A_Loss: 0.044 | Alpha: 0.0001
Train Ep: 155/270 | Reward:   38.0 | MSE: 0.3564 | C_Loss: 0.025 | A_Loss: 0.042 | Alpha: 0.0001
  [!] Running Isolated Validation (Pure CMA vs GNN)...
  -> Val Results: Pure Baseline Errors: 5195 | GNN Errors: 4990
  -> Relative Improvement: 3.946%
Train Ep: 156/270 | Reward:  -66.0 | MSE: 0.3465 | C_Loss: 0.029 | A_Loss: 0.042 | Alpha: 0.0001
Train Ep: 157/270 | Reward:  -60.0 | MSE: 0.2726 | C_Loss: 0.034 | A_Loss: 0.045 | Alpha: 0.0001
Train Ep: 158/270 | Reward:   28.0 | MSE: 0.4173 | C_Loss: 0.033 | A_Loss: 0.047 | Alpha: 0.0001
Train Ep: 159/270 | Reward:  -62.0 | MSE: 0.2149 | C_Loss: 0.033 | A_Loss: 0.044 | Alpha: 0.0001
Train Ep: 160/270 | Reward:  -33.0 | MSE: 0.3370 | C_Loss: 0.027 | A_Loss: 0.044 | Alpha: 0.0001
  [!] Running Isolated Validation (Pure CMA vs GNN)...
  -> Val Results: Pure Baseline Errors: 5195 | GNN Errors: 4974
  -> Relative Improvement: 4.254%
Train Ep: 161/270 | Reward:   -1.0 | MSE: 0.2844 | C_Loss: 0.030 | A_Loss: 0.043 | Alpha: 0.0001
Train Ep: 162/270 | Reward:  -10.0 | MSE: 0.3331 | C_Loss: 0.028 | A_Loss: 0.045 | Alpha: 0.0001
Train Ep: 163/270 | Reward:   29.0 | MSE: 0.3243 | C_Loss: 0.022 | A_Loss: 0.045 | Alpha: 0.0001
Train Ep: 164/270 | Reward:   -1.0 | MSE: 0.2552 | C_Loss: 0.017 | A_Loss: 0.043 | Alpha: 0.0001
Train Ep: 165/270 | Reward:  -18.0 | MSE: 0.1831 | C_Loss: 0.017 | A_Loss: 0.042 | Alpha: 0.0001
  [!] Running Isolated Validation (Pure CMA vs GNN)...
  -> Val Results: Pure Baseline Errors: 5195 | GNN Errors: 4972
  -> Relative Improvement: 4.293%
Train Ep: 166/270 | Reward: -117.0 | MSE: 0.3363 | C_Loss: 0.026 | A_Loss: 0.042 | Alpha: 0.0001
Train Ep: 167/270 | Reward:   25.0 | MSE: 0.2644 | C_Loss: 0.030 | A_Loss: 0.045 | Alpha: 0.0001
Train Ep: 168/270 | Reward:   13.0 | MSE: 0.2349 | C_Loss: 0.028 | A_Loss: 0.045 | Alpha: 0.0001
Train Ep: 169/270 | Reward:    6.0 | MSE: 0.3234 | C_Loss: 0.020 | A_Loss: 0.045 | Alpha: 0.0001
Train Ep: 170/270 | Reward:   16.0 | MSE: 0.2837 | C_Loss: 0.019 | A_Loss: 0.042 | Alpha: 0.0001
  [!] Running Isolated Validation (Pure CMA vs GNN)...
  -> Val Results: Pure Baseline Errors: 5195 | GNN Errors: 4953
  -> Relative Improvement: 4.658%
  *** New Best Model! Net Score improved from 0.04619826756496631 to 0.0465832531280077 ***
[*] Models successfully saved to models/sac_gnn_37_best.pth
Train Ep: 171/270 | Reward:  -29.0 | MSE: 0.2760 | C_Loss: 0.020 | A_Loss: 0.041 | Alpha: 0.0001
Train Ep: 172/270 | Reward:  -26.0 | MSE: 0.3383 | C_Loss: 0.023 | A_Loss: 0.040 | Alpha: 0.0001
Train Ep: 173/270 | Reward:   40.0 | MSE: 0.2586 | C_Loss: 0.024 | A_Loss: 0.039 | Alpha: 0.0001
Train Ep: 174/270 | Reward:    2.0 | MSE: 0.2004 | C_Loss: 0.029 | A_Loss: 0.037 | Alpha: 0.0001
Train Ep: 175/270 | Reward:  -75.0 | MSE: 0.2586 | C_Loss: 0.033 | A_Loss: 0.036 | Alpha: 0.0001
  [!] Running Isolated Validation (Pure CMA vs GNN)...
  -> Val Results: Pure Baseline Errors: 5195 | GNN Errors: 5000
  -> Relative Improvement: 3.754%
Train Ep: 176/270 | Reward:  -16.0 | MSE: 0.2726 | C_Loss: 0.035 | A_Loss: 0.039 | Alpha: 0.0001
Train Ep: 177/270 | Reward:   30.0 | MSE: 0.2440 | C_Loss: 0.025 | A_Loss: 0.040 | Alpha: 0.0001
Train Ep: 178/270 | Reward:  -17.0 | MSE: 0.3185 | C_Loss: 0.023 | A_Loss: 0.039 | Alpha: 0.0001
Train Ep: 179/270 | Reward:   32.0 | MSE: 0.2813 | C_Loss: 0.024 | A_Loss: 0.039 | Alpha: 0.0001
Train Ep: 180/270 | Reward:   12.0 | MSE: 0.3446 | C_Loss: 0.021 | A_Loss: 0.038 | Alpha: 0.0001
  [!] Running Isolated Validation (Pure CMA vs GNN)...
  -> Val Results: Pure Baseline Errors: 5195 | GNN Errors: 4984
  -> Relative Improvement: 4.062%
Train Ep: 181/270 | Reward:   22.0 | MSE: 0.2916 | C_Loss: 0.019 | A_Loss: 0.038 | Alpha: 0.0001
Train Ep: 182/270 | Reward:   14.0 | MSE: 0.2043 | C_Loss: 0.016 | A_Loss: 0.040 | Alpha: 0.0001
Train Ep: 183/270 | Reward:  -15.0 | MSE: 0.3678 | C_Loss: 0.015 | A_Loss: 0.039 | Alpha: 0.0001
Train Ep: 184/270 | Reward:    4.0 | MSE: 0.3565 | C_Loss: 0.015 | A_Loss: 0.039 | Alpha: 0.0001
Train Ep: 185/270 | Reward:   52.0 | MSE: 0.3677 | C_Loss: 0.019 | A_Loss: 0.037 | Alpha: 0.0001
  [!] Running Isolated Validation (Pure CMA vs GNN)...
  -> Val Results: Pure Baseline Errors: 5195 | GNN Errors: 4984
  -> Relative Improvement: 4.062%
Train Ep: 186/270 | Reward:  -26.0 | MSE: 0.2896 | C_Loss: 0.024 | A_Loss: 0.033 | Alpha: 0.0001
Train Ep: 187/270 | Reward:  -25.0 | MSE: 0.2935 | C_Loss: 0.024 | A_Loss: 0.032 | Alpha: 0.0001
Train Ep: 188/270 | Reward:    2.0 | MSE: 0.2563 | C_Loss: 0.021 | A_Loss: 0.033 | Alpha: 0.0001
Train Ep: 189/270 | Reward:  -39.0 | MSE: 0.2558 | C_Loss: 0.022 | A_Loss: 0.034 | Alpha: 0.0001
Train Ep: 190/270 | Reward:    3.0 | MSE: 0.2783 | C_Loss: 0.024 | A_Loss: 0.035 | Alpha: 0.0001
  [!] Running Isolated Validation (Pure CMA vs GNN)...
  -> Val Results: Pure Baseline Errors: 5195 | GNN Errors: 4993
  -> Relative Improvement: 3.888%
Train Ep: 191/270 | Reward:  -30.0 | MSE: 0.3426 | C_Loss: 0.024 | A_Loss: 0.033 | Alpha: 0.0001
Train Ep: 192/270 | Reward:  -43.0 | MSE: 0.3163 | C_Loss: 0.024 | A_Loss: 0.033 | Alpha: 0.0001
Train Ep: 193/270 | Reward:    3.0 | MSE: 0.3402 | C_Loss: 0.030 | A_Loss: 0.032 | Alpha: 0.0001
Train Ep: 194/270 | Reward:  -63.0 | MSE: 0.2170 | C_Loss: 0.027 | A_Loss: 0.033 | Alpha: 0.0001
Train Ep: 195/270 | Reward:  -32.0 | MSE: 0.2482 | C_Loss: 0.026 | A_Loss: 0.032 | Alpha: 0.0001
  [!] Running Isolated Validation (Pure CMA vs GNN)...
  -> Val Results: Pure Baseline Errors: 5195 | GNN Errors: 4990
  -> Relative Improvement: 3.946%
Train Ep: 196/270 | Reward:   10.0 | MSE: 0.3708 | C_Loss: 0.025 | A_Loss: 0.034 | Alpha: 0.0001
Train Ep: 197/270 | Reward:  -16.0 | MSE: 0.3630 | C_Loss: 0.022 | A_Loss: 0.035 | Alpha: 0.0001
Train Ep: 198/270 | Reward:    8.0 | MSE: 0.2990 | C_Loss: 0.019 | A_Loss: 0.034 | Alpha: 0.0001
Train Ep: 199/270 | Reward:   32.0 | MSE: 0.3452 | C_Loss: 0.017 | A_Loss: 0.033 | Alpha: 0.0001
Train Ep: 200/270 | Reward:   -6.0 | MSE: 0.2533 | C_Loss: 0.020 | A_Loss: 0.030 | Alpha: 0.0001
  [!] Running Isolated Validation (Pure CMA vs GNN)...
  -> Val Results: Pure Baseline Errors: 5195 | GNN Errors: 5000
  -> Relative Improvement: 3.754%
Train Ep: 201/270 | Reward:  -85.0 | MSE: 0.3788 | C_Loss: 0.019 | A_Loss: 0.029 | Alpha: 0.0001
Train Ep: 202/270 | Reward:  -97.0 | MSE: 0.2600 | C_Loss: 0.023 | A_Loss: 0.029 | Alpha: 0.0001
Train Ep: 203/270 | Reward:   12.0 | MSE: 0.3570 | C_Loss: 0.028 | A_Loss: 0.033 | Alpha: 0.0001
Train Ep: 204/270 | Reward:  -32.0 | MSE: 0.2200 | C_Loss: 0.025 | A_Loss: 0.031 | Alpha: 0.0001
Train Ep: 205/270 | Reward:    7.0 | MSE: 0.3852 | C_Loss: 0.029 | A_Loss: 0.029 | Alpha: 0.0001
  [!] Running Isolated Validation (Pure CMA vs GNN)...
  -> Val Results: Pure Baseline Errors: 5195 | GNN Errors: 4989
  -> Relative Improvement: 3.965%
Train Ep: 206/270 | Reward:    1.0 | MSE: 0.2276 | C_Loss: 0.025 | A_Loss: 0.032 | Alpha: 0.0001
Train Ep: 207/270 | Reward:   -7.0 | MSE: 0.3202 | C_Loss: 0.021 | A_Loss: 0.030 | Alpha: 0.0001
Train Ep: 208/270 | Reward:   32.0 | MSE: 0.2745 | C_Loss: 0.024 | A_Loss: 0.029 | Alpha: 0.0001
Train Ep: 209/270 | Reward:   16.0 | MSE: 0.3380 | C_Loss: 0.028 | A_Loss: 0.030 | Alpha: 0.0001
Train Ep: 210/270 | Reward:  -11.0 | MSE: 0.4205 | C_Loss: 0.026 | A_Loss: 0.031 | Alpha: 0.0001
  [!] Running Isolated Validation (Pure CMA vs GNN)...
  -> Val Results: Pure Baseline Errors: 5195 | GNN Errors: 4990
  -> Relative Improvement: 3.946%
Train Ep: 211/270 | Reward:  -50.0 | MSE: 0.3856 | C_Loss: 0.024 | A_Loss: 0.031 | Alpha: 0.0001
Train Ep: 212/270 | Reward:  -19.0 | MSE: 0.3594 | C_Loss: 0.028 | A_Loss: 0.029 | Alpha: 0.0001
Train Ep: 213/270 | Reward:   -7.0 | MSE: 0.3241 | C_Loss: 0.027 | A_Loss: 0.029 | Alpha: 0.0001
Train Ep: 214/270 | Reward:  -17.0 | MSE: 0.2621 | C_Loss: 0.033 | A_Loss: 0.030 | Alpha: 0.0001
Train Ep: 215/270 | Reward:  -22.0 | MSE: 0.2885 | C_Loss: 0.038 | A_Loss: 0.030 | Alpha: 0.0001
  [!] Running Isolated Validation (Pure CMA vs GNN)...
  -> Val Results: Pure Baseline Errors: 5195 | GNN Errors: 4956
  -> Relative Improvement: 4.601%
Train Ep: 216/270 | Reward:  -11.0 | MSE: 0.3293 | C_Loss: 0.036 | A_Loss: 0.030 | Alpha: 0.0001
Train Ep: 217/270 | Reward:  -12.0 | MSE: 0.3547 | C_Loss: 0.027 | A_Loss: 0.030 | Alpha: 0.0001
Train Ep: 218/270 | Reward:   23.0 | MSE: 0.2525 | C_Loss: 0.024 | A_Loss: 0.031 | Alpha: 0.0001
Train Ep: 219/270 | Reward:    6.0 | MSE: 0.3102 | C_Loss: 0.025 | A_Loss: 0.030 | Alpha: 0.0001
Train Ep: 220/270 | Reward:  -48.0 | MSE: 0.4511 | C_Loss: 0.024 | A_Loss: 0.031 | Alpha: 0.0001
  [!] Running Isolated Validation (Pure CMA vs GNN)...
  -> Val Results: Pure Baseline Errors: 5195 | GNN Errors: 4969
  -> Relative Improvement: 4.350%
Train Ep: 221/270 | Reward:   42.0 | MSE: 0.2833 | C_Loss: 0.023 | A_Loss: 0.030 | Alpha: 0.0001
Train Ep: 222/270 | Reward:  -72.0 | MSE: 0.2842 | C_Loss: 0.024 | A_Loss: 0.029 | Alpha: 0.0001
Train Ep: 223/270 | Reward:    9.0 | MSE: 0.3820 | C_Loss: 0.029 | A_Loss: 0.029 | Alpha: 0.0001
Train Ep: 224/270 | Reward:   28.0 | MSE: 0.2258 | C_Loss: 0.031 | A_Loss: 0.031 | Alpha: 0.0001
Train Ep: 225/270 | Reward:  -81.0 | MSE: 0.2723 | C_Loss: 0.031 | A_Loss: 0.030 | Alpha: 0.0001
  [!] Running Isolated Validation (Pure CMA vs GNN)...
  -> Val Results: Pure Baseline Errors: 5195 | GNN Errors: 4953
  -> Relative Improvement: 4.658%
Train Ep: 226/270 | Reward:   -6.0 | MSE: 0.3063 | C_Loss: 0.033 | A_Loss: 0.030 | Alpha: 0.0001
Train Ep: 227/270 | Reward:  -21.0 | MSE: 0.2023 | C_Loss: 0.028 | A_Loss: 0.033 | Alpha: 0.0001
Train Ep: 228/270 | Reward:  -25.0 | MSE: 0.3076 | C_Loss: 0.022 | A_Loss: 0.032 | Alpha: 0.0001
Train Ep: 229/270 | Reward:    4.0 | MSE: 0.3612 | C_Loss: 0.024 | A_Loss: 0.033 | Alpha: 0.0001
Train Ep: 230/270 | Reward:   16.0 | MSE: 0.3257 | C_Loss: 0.024 | A_Loss: 0.032 | Alpha: 0.0001
  [!] Running Isolated Validation (Pure CMA vs GNN)...
  -> Val Results: Pure Baseline Errors: 5195 | GNN Errors: 4967
  -> Relative Improvement: 4.389%
Train Ep: 231/270 | Reward:  -11.0 | MSE: 0.3059 | C_Loss: 0.020 | A_Loss: 0.031 | Alpha: 0.0001
Train Ep: 232/270 | Reward:   16.0 | MSE: 0.2247 | C_Loss: 0.021 | A_Loss: 0.031 | Alpha: 0.0001
Train Ep: 233/270 | Reward:  -13.0 | MSE: 0.2978 | C_Loss: 0.020 | A_Loss: 0.030 | Alpha: 0.0001
Train Ep: 234/270 | Reward:  -13.0 | MSE: 0.3304 | C_Loss: 0.024 | A_Loss: 0.030 | Alpha: 0.0001
Train Ep: 235/270 | Reward:   21.0 | MSE: 0.2479 | C_Loss: 0.022 | A_Loss: 0.033 | Alpha: 0.0001
  [!] Running Isolated Validation (Pure CMA vs GNN)...
  -> Val Results: Pure Baseline Errors: 5195 | GNN Errors: 5032
  -> Relative Improvement: 3.138%
Train Ep: 236/270 | Reward:   22.0 | MSE: 0.2878 | C_Loss: 0.018 | A_Loss: 0.034 | Alpha: 0.0001
Train Ep: 237/270 | Reward:  -24.0 | MSE: 0.2594 | C_Loss: 0.013 | A_Loss: 0.032 | Alpha: 0.0001
Train Ep: 238/270 | Reward:   -9.0 | MSE: 0.3218 | C_Loss: 0.016 | A_Loss: 0.031 | Alpha: 0.0001
Train Ep: 239/270 | Reward:  -29.0 | MSE: 0.3098 | C_Loss: 0.019 | A_Loss: 0.031 | Alpha: 0.0001
Train Ep: 240/270 | Reward:    1.0 | MSE: 0.4203 | C_Loss: 0.020 | A_Loss: 0.032 | Alpha: 0.0001
  [!] Running Isolated Validation (Pure CMA vs GNN)...
  -> Val Results: Pure Baseline Errors: 5195 | GNN Errors: 5031
  -> Relative Improvement: 3.157%
Train Ep: 241/270 | Reward:  -27.0 | MSE: 0.3068 | C_Loss: 0.022 | A_Loss: 0.031 | Alpha: 0.0001
Train Ep: 242/270 | Reward:   -6.0 | MSE: 0.3021 | C_Loss: 0.020 | A_Loss: 0.031 | Alpha: 0.0001
Train Ep: 243/270 | Reward:  -13.0 | MSE: 0.2733 | C_Loss: 0.016 | A_Loss: 0.031 | Alpha: 0.0001
Train Ep: 244/270 | Reward:  -15.0 | MSE: 0.3470 | C_Loss: 0.013 | A_Loss: 0.031 | Alpha: 0.0001
Train Ep: 245/270 | Reward:   -6.0 | MSE: 0.2225 | C_Loss: 0.015 | A_Loss: 0.029 | Alpha: 0.0001
  [!] Running Isolated Validation (Pure CMA vs GNN)...
  -> Val Results: Pure Baseline Errors: 5195 | GNN Errors: 5002
  -> Relative Improvement: 3.715%
Train Ep: 246/270 | Reward:    8.0 | MSE: 0.2996 | C_Loss: 0.017 | A_Loss: 0.031 | Alpha: 0.0001
Train Ep: 247/270 | Reward:    2.0 | MSE: 0.3635 | C_Loss: 0.018 | A_Loss: 0.031 | Alpha: 0.0001
Train Ep: 248/270 | Reward:   32.0 | MSE: 0.2484 | C_Loss: 0.016 | A_Loss: 0.029 | Alpha: 0.0001
Train Ep: 249/270 | Reward:   -1.0 | MSE: 0.1857 | C_Loss: 0.019 | A_Loss: 0.028 | Alpha: 0.0001
Train Ep: 250/270 | Reward:  -21.0 | MSE: 0.3328 | C_Loss: 0.021 | A_Loss: 0.028 | Alpha: 0.0001
  [!] Running Isolated Validation (Pure CMA vs GNN)...
  -> Val Results: Pure Baseline Errors: 5195 | GNN Errors: 4968
  -> Relative Improvement: 4.370%
Train Ep: 251/270 | Reward:   -1.0 | MSE: 0.3461 | C_Loss: 0.023 | A_Loss: 0.028 | Alpha: 0.0001
Train Ep: 252/270 | Reward:   18.0 | MSE: 0.2968 | C_Loss: 0.024 | A_Loss: 0.029 | Alpha: 0.0001
Train Ep: 253/270 | Reward:  -12.0 | MSE: 0.2901 | C_Loss: 0.025 | A_Loss: 0.028 | Alpha: 0.0001
Train Ep: 254/270 | Reward:    2.0 | MSE: 0.1884 | C_Loss: 0.021 | A_Loss: 0.028 | Alpha: 0.0001
Train Ep: 255/270 | Reward:  -33.0 | MSE: 0.2844 | C_Loss: 0.023 | A_Loss: 0.027 | Alpha: 0.0001
  [!] Running Isolated Validation (Pure CMA vs GNN)...
  -> Val Results: Pure Baseline Errors: 5195 | GNN Errors: 4967
  -> Relative Improvement: 4.389%
Train Ep: 256/270 | Reward:    6.0 | MSE: 0.3049 | C_Loss: 0.024 | A_Loss: 0.027 | Alpha: 0.0001
Train Ep: 257/270 | Reward:  -22.0 | MSE: 0.2436 | C_Loss: 0.024 | A_Loss: 0.025 | Alpha: 0.0001
Train Ep: 258/270 | Reward:  -41.0 | MSE: 0.1929 | C_Loss: 0.023 | A_Loss: 0.024 | Alpha: 0.0001
Train Ep: 259/270 | Reward:  -23.0 | MSE: 0.3088 | C_Loss: 0.022 | A_Loss: 0.026 | Alpha: 0.0001
Train Ep: 260/270 | Reward:  -79.0 | MSE: 0.2949 | C_Loss: 0.024 | A_Loss: 0.026 | Alpha: 0.0001
  [!] Running Isolated Validation (Pure CMA vs GNN)...
  -> Val Results: Pure Baseline Errors: 5195 | GNN Errors: 5003
  -> Relative Improvement: 3.696%
Train Ep: 261/270 | Reward:   -5.0 | MSE: 0.3190 | C_Loss: 0.026 | A_Loss: 0.027 | Alpha: 0.0001
Train Ep: 262/270 | Reward:   -5.0 | MSE: 0.2966 | C_Loss: 0.024 | A_Loss: 0.027 | Alpha: 0.0001
Train Ep: 263/270 | Reward:   -6.0 | MSE: 0.1727 | C_Loss: 0.015 | A_Loss: 0.027 | Alpha: 0.0001
Train Ep: 264/270 | Reward:  -17.0 | MSE: 0.2534 | C_Loss: 0.021 | A_Loss: 0.026 | Alpha: 0.0001
Train Ep: 265/270 | Reward:    1.0 | MSE: 0.2425 | C_Loss: 0.022 | A_Loss: 0.025 | Alpha: 0.0001
  [!] Running Isolated Validation (Pure CMA vs GNN)...
  -> Val Results: Pure Baseline Errors: 5195 | GNN Errors: 5020
  -> Relative Improvement: 3.369%
Train Ep: 266/270 | Reward:  -29.0 | MSE: 0.3090 | C_Loss: 0.022 | A_Loss: 0.025 | Alpha: 0.0001
Train Ep: 267/270 | Reward:  -34.0 | MSE: 0.3676 | C_Loss: 0.023 | A_Loss: 0.025 | Alpha: 0.0001
Train Ep: 268/270 | Reward:  -19.0 | MSE: 0.2722 | C_Loss: 0.026 | A_Loss: 0.025 | Alpha: 0.0001
Train Ep: 269/270 | Reward:  -53.0 | MSE: 0.2605 | C_Loss: 0.028 | A_Loss: 0.027 | Alpha: 0.0001
Train Ep: 270/270 | Reward:    5.0 | MSE: 0.4445 | C_Loss: 0.029 | A_Loss: 0.029 | Alpha: 0.0001
  [!] Running Isolated Validation (Pure CMA vs GNN)...
  -> Val Results: Pure Baseline Errors: 5195 | GNN Errors: 4987
  -> Relative Improvement: 4.004%

Training complete in 31059.08 seconds.
[*] Models successfully saved to models/sac_gnn_37.pth
Training plots saved to 'plots/training_metrics_37.png'
[*] The best performing model during validation was saved to: models/sac_gnn_37_best.pth
Training run time = 31060.50 s
Job finished at: Thu Apr 16 07:40:14 CEST 2026
