Job started at: Thu Apr 16 18:20:49 CEST 2026
Starting Run 3: Gamma=0.99 | Mismatch=30.0 | Update=100
SLURM Mode Received: 0
Execution Pipeline: ['train']
Loaded Configuration: {'mode': 0, 'model_path': 'models/sac_gnn_37_cpu.pth', 'training_metrics_filename': 'training_metrics_37_cpu.png', 'distance': 5, 'n_rounds': 5, 'p': 0.004, 'p_gate_zz': 0.0, 'mismatch': 30.0, 'n_shots': 65000, 'burn_in_steps': 15000, 'bypass_threshold': 2, 'action_scale': 3.0, 'update_period': 100, 'prior_shots': 1000, 'local_action_only': True, 'local_action_hops': 1, 'hidden_dim': 128, 'lr': 0.0001, 'gamma': 0.99, 'tau': 0.005, 'alpha': 0.01, 'batch_size': 64, 'buffer_capacity': 100000, 'update_frequency': 100, 'train_episodes': 270, 'test_episodes': 20}

Initializing environment...

############################################################
### RUNNING MODE: TRAIN
############################################################

========================================
STARTING TRAINING (Episodes: 270)
========================================
Train Ep: 001/270 | Reward: -984.0 | MSE: 0.2362 | C_Loss: 0.090 | A_Loss: -0.004 | Alpha: 0.0095
Train Ep: 002/270 | Reward: -589.0 | MSE: 0.2652 | C_Loss: 0.079 | A_Loss: 0.025 | Alpha: 0.0091
Train Ep: 003/270 | Reward: -1005.0 | MSE: 0.2886 | C_Loss: 0.077 | A_Loss: 0.055 | Alpha: 0.0086
Train Ep: 004/270 | Reward: -900.0 | MSE: 0.2168 | C_Loss: 0.083 | A_Loss: 0.081 | Alpha: 0.0082
Train Ep: 005/270 | Reward: -520.0 | MSE: 0.1592 | C_Loss: 0.090 | A_Loss: 0.114 | Alpha: 0.0079
Train Ep: 006/270 | Reward: -586.0 | MSE: 0.1757 | C_Loss: 0.069 | A_Loss: 0.134 | Alpha: 0.0075
Train Ep: 007/270 | Reward: -429.0 | MSE: 0.1564 | C_Loss: 0.057 | A_Loss: 0.143 | Alpha: 0.0072
Train Ep: 008/270 | Reward: -379.0 | MSE: 0.1353 | C_Loss: 0.049 | A_Loss: 0.151 | Alpha: 0.0069
Train Ep: 009/270 | Reward: -431.0 | MSE: 0.1946 | C_Loss: 0.042 | A_Loss: 0.158 | Alpha: 0.0066
Train Ep: 010/270 | Reward: -511.0 | MSE: 0.2024 | C_Loss: 0.050 | A_Loss: 0.167 | Alpha: 0.0063
Train Ep: 011/270 | Reward: -348.0 | MSE: 0.3047 | C_Loss: 0.059 | A_Loss: 0.178 | Alpha: 0.0060
Train Ep: 012/270 | Reward: -328.0 | MSE: 0.1975 | C_Loss: 0.051 | A_Loss: 0.186 | Alpha: 0.0057
Train Ep: 013/270 | Reward: -330.0 | MSE: 0.3991 | C_Loss: 0.044 | A_Loss: 0.190 | Alpha: 0.0055
Train Ep: 014/270 | Reward: -457.0 | MSE: 0.3652 | C_Loss: 0.050 | A_Loss: 0.195 | Alpha: 0.0053
Train Ep: 015/270 | Reward: -313.0 | MSE: 0.3913 | C_Loss: 0.054 | A_Loss: 0.204 | Alpha: 0.0050
Train Ep: 016/270 | Reward:  -97.0 | MSE: 0.2554 | C_Loss: 0.049 | A_Loss: 0.210 | Alpha: 0.0048
Train Ep: 017/270 | Reward: -213.0 | MSE: 0.2400 | C_Loss: 0.030 | A_Loss: 0.210 | Alpha: 0.0046
Train Ep: 018/270 | Reward: -206.0 | MSE: 0.2262 | C_Loss: 0.027 | A_Loss: 0.208 | Alpha: 0.0044
Train Ep: 019/270 | Reward: -182.0 | MSE: 0.3080 | C_Loss: 0.031 | A_Loss: 0.206 | Alpha: 0.0042
Train Ep: 020/270 | Reward: -227.0 | MSE: 0.3618 | C_Loss: 0.038 | A_Loss: 0.204 | Alpha: 0.0040
Train Ep: 021/270 | Reward: -100.0 | MSE: 0.2026 | C_Loss: 0.032 | A_Loss: 0.202 | Alpha: 0.0039
Train Ep: 022/270 | Reward: -216.0 | MSE: 0.2918 | C_Loss: 0.032 | A_Loss: 0.202 | Alpha: 0.0037
Train Ep: 023/270 | Reward: -145.0 | MSE: 0.3123 | C_Loss: 0.041 | A_Loss: 0.205 | Alpha: 0.0035
Train Ep: 024/270 | Reward: -205.0 | MSE: 0.2699 | C_Loss: 0.040 | A_Loss: 0.208 | Alpha: 0.0034
Train Ep: 025/270 | Reward: -157.0 | MSE: 0.4059 | C_Loss: 0.043 | A_Loss: 0.208 | Alpha: 0.0032
Train Ep: 026/270 | Reward:  -52.0 | MSE: 0.3111 | C_Loss: 0.036 | A_Loss: 0.211 | Alpha: 0.0031
Train Ep: 027/270 | Reward: -100.0 | MSE: 0.2601 | C_Loss: 0.024 | A_Loss: 0.210 | Alpha: 0.0030
Train Ep: 028/270 | Reward:  -67.0 | MSE: 0.3131 | C_Loss: 0.019 | A_Loss: 0.208 | Alpha: 0.0029
Train Ep: 029/270 | Reward:  -97.0 | MSE: 0.3611 | C_Loss: 0.020 | A_Loss: 0.205 | Alpha: 0.0027
Train Ep: 030/270 | Reward:  -95.0 | MSE: 0.4025 | C_Loss: 0.021 | A_Loss: 0.202 | Alpha: 0.0026
Train Ep: 031/270 | Reward:  -72.0 | MSE: 0.2281 | C_Loss: 0.024 | A_Loss: 0.199 | Alpha: 0.0025
Train Ep: 032/270 | Reward:  -49.0 | MSE: 0.3025 | C_Loss: 0.022 | A_Loss: 0.196 | Alpha: 0.0024
Train Ep: 033/270 | Reward:  -90.0 | MSE: 0.3969 | C_Loss: 0.022 | A_Loss: 0.194 | Alpha: 0.0023
Train Ep: 034/270 | Reward:  -24.0 | MSE: 0.4709 | C_Loss: 0.023 | A_Loss: 0.192 | Alpha: 0.0022
Train Ep: 035/270 | Reward:  -23.0 | MSE: 0.2367 | C_Loss: 0.026 | A_Loss: 0.191 | Alpha: 0.0021
Train Ep: 036/270 | Reward:   12.0 | MSE: 0.3563 | C_Loss: 0.027 | A_Loss: 0.186 | Alpha: 0.0020
  [!] Reward crossed 0! Unlocking Validation phase for the rest of training.
Train Ep: 037/270 | Reward:    2.0 | MSE: 0.2873 | C_Loss: 0.023 | A_Loss: 0.183 | Alpha: 0.0019
Train Ep: 038/270 | Reward:  -39.0 | MSE: 0.4240 | C_Loss: 0.019 | A_Loss: 0.178 | Alpha: 0.0018
Train Ep: 039/270 | Reward:  -71.0 | MSE: 0.2130 | C_Loss: 0.015 | A_Loss: 0.174 | Alpha: 0.0017
Train Ep: 040/270 | Reward:   -9.0 | MSE: 0.2761 | C_Loss: 0.021 | A_Loss: 0.173 | Alpha: 0.0017
  [!] Running Isolated Validation (Pure CMA vs GNN)...
  -> Val Results: Pure Baseline Errors: 5195 | GNN Errors: 5089
  -> Relative Improvement: 2.040%
  *** New Best Model! Net Score improved from -inf to 0.020404234841193455 ***
[*] Models successfully saved to models/sac_gnn_37_cpu_best.pth
Train Ep: 041/270 | Reward:  -39.0 | MSE: 0.2797 | C_Loss: 0.022 | A_Loss: 0.169 | Alpha: 0.0016
Train Ep: 042/270 | Reward:  -33.0 | MSE: 0.4311 | C_Loss: 0.023 | A_Loss: 0.169 | Alpha: 0.0015
Train Ep: 043/270 | Reward:  -50.0 | MSE: 0.4387 | C_Loss: 0.024 | A_Loss: 0.165 | Alpha: 0.0014
Train Ep: 044/270 | Reward: -107.0 | MSE: 0.2959 | C_Loss: 0.028 | A_Loss: 0.160 | Alpha: 0.0014
Train Ep: 045/270 | Reward:  -23.0 | MSE: 0.3212 | C_Loss: 0.030 | A_Loss: 0.159 | Alpha: 0.0013
  [!] Running Isolated Validation (Pure CMA vs GNN)...
  -> Val Results: Pure Baseline Errors: 5195 | GNN Errors: 5099
  -> Relative Improvement: 1.848%
Train Ep: 046/270 | Reward:    8.0 | MSE: 0.2840 | C_Loss: 0.023 | A_Loss: 0.156 | Alpha: 0.0013
Train Ep: 047/270 | Reward:  -71.0 | MSE: 0.2602 | C_Loss: 0.017 | A_Loss: 0.154 | Alpha: 0.0012
Train Ep: 048/270 | Reward:  -54.0 | MSE: 0.3247 | C_Loss: 0.020 | A_Loss: 0.150 | Alpha: 0.0011
Train Ep: 049/270 | Reward:  -37.0 | MSE: 0.2477 | C_Loss: 0.019 | A_Loss: 0.149 | Alpha: 0.0011
Train Ep: 050/270 | Reward:  -47.0 | MSE: 0.2570 | C_Loss: 0.018 | A_Loss: 0.147 | Alpha: 0.0011
  [!] Running Isolated Validation (Pure CMA vs GNN)...
  -> Val Results: Pure Baseline Errors: 5195 | GNN Errors: 5163
  -> Relative Improvement: 0.616%
Train Ep: 051/270 | Reward:   -9.0 | MSE: 0.3184 | C_Loss: 0.018 | A_Loss: 0.145 | Alpha: 0.0010
Train Ep: 052/270 | Reward:  -53.0 | MSE: 0.2358 | C_Loss: 0.015 | A_Loss: 0.142 | Alpha: 0.0010
Train Ep: 053/270 | Reward:  -49.0 | MSE: 0.2645 | C_Loss: 0.017 | A_Loss: 0.139 | Alpha: 0.0009
Train Ep: 054/270 | Reward:  -11.0 | MSE: 0.3162 | C_Loss: 0.018 | A_Loss: 0.137 | Alpha: 0.0009
Train Ep: 055/270 | Reward:  -31.0 | MSE: 0.3993 | C_Loss: 0.015 | A_Loss: 0.136 | Alpha: 0.0008
  [!] Running Isolated Validation (Pure CMA vs GNN)...
  -> Val Results: Pure Baseline Errors: 5195 | GNN Errors: 5170
  -> Relative Improvement: 0.481%
Train Ep: 056/270 | Reward:  -31.0 | MSE: 0.3416 | C_Loss: 0.013 | A_Loss: 0.134 | Alpha: 0.0008
Train Ep: 057/270 | Reward:   14.0 | MSE: 0.3231 | C_Loss: 0.013 | A_Loss: 0.131 | Alpha: 0.0008
Train Ep: 058/270 | Reward:   -3.0 | MSE: 0.2866 | C_Loss: 0.019 | A_Loss: 0.126 | Alpha: 0.0007
Train Ep: 059/270 | Reward:   -7.0 | MSE: 0.3046 | C_Loss: 0.016 | A_Loss: 0.122 | Alpha: 0.0007
Train Ep: 060/270 | Reward:  -30.0 | MSE: 0.3220 | C_Loss: 0.014 | A_Loss: 0.119 | Alpha: 0.0007
  [!] Running Isolated Validation (Pure CMA vs GNN)...
  -> Val Results: Pure Baseline Errors: 5195 | GNN Errors: 5167
  -> Relative Improvement: 0.539%
Train Ep: 061/270 | Reward:  -41.0 | MSE: 0.1982 | C_Loss: 0.016 | A_Loss: 0.116 | Alpha: 0.0006
Train Ep: 062/270 | Reward:   -8.0 | MSE: 0.2291 | C_Loss: 0.016 | A_Loss: 0.113 | Alpha: 0.0006
Train Ep: 063/270 | Reward:   14.0 | MSE: 0.3181 | C_Loss: 0.017 | A_Loss: 0.112 | Alpha: 0.0006
Train Ep: 064/270 | Reward:    9.0 | MSE: 0.3596 | C_Loss: 0.017 | A_Loss: 0.111 | Alpha: 0.0006
Train Ep: 065/270 | Reward:  -17.0 | MSE: 0.2760 | C_Loss: 0.017 | A_Loss: 0.105 | Alpha: 0.0005
  [!] Running Isolated Validation (Pure CMA vs GNN)...
  -> Val Results: Pure Baseline Errors: 5195 | GNN Errors: 5119
  -> Relative Improvement: 1.463%
Train Ep: 066/270 | Reward:   -3.0 | MSE: 0.3019 | C_Loss: 0.016 | A_Loss: 0.104 | Alpha: 0.0005
Train Ep: 067/270 | Reward:  -15.0 | MSE: 0.3510 | C_Loss: 0.012 | A_Loss: 0.103 | Alpha: 0.0005
Train Ep: 068/270 | Reward:  -23.0 | MSE: 0.2788 | C_Loss: 0.019 | A_Loss: 0.102 | Alpha: 0.0005
Train Ep: 069/270 | Reward:   15.0 | MSE: 0.3515 | C_Loss: 0.017 | A_Loss: 0.100 | Alpha: 0.0005
Train Ep: 070/270 | Reward:   14.0 | MSE: 0.2434 | C_Loss: 0.014 | A_Loss: 0.099 | Alpha: 0.0004
  [!] Running Isolated Validation (Pure CMA vs GNN)...
  -> Val Results: Pure Baseline Errors: 5195 | GNN Errors: 5109
  -> Relative Improvement: 1.655%
Train Ep: 071/270 | Reward:   -8.0 | MSE: 0.3656 | C_Loss: 0.012 | A_Loss: 0.096 | Alpha: 0.0004
Train Ep: 072/270 | Reward:   22.0 | MSE: 0.2512 | C_Loss: 0.012 | A_Loss: 0.094 | Alpha: 0.0004
Train Ep: 073/270 | Reward:  -28.0 | MSE: 0.2456 | C_Loss: 0.014 | A_Loss: 0.090 | Alpha: 0.0004
Train Ep: 074/270 | Reward:  -22.0 | MSE: 0.3094 | C_Loss: 0.016 | A_Loss: 0.088 | Alpha: 0.0004
Train Ep: 075/270 | Reward:   11.0 | MSE: 0.3250 | C_Loss: 0.017 | A_Loss: 0.087 | Alpha: 0.0003
  [!] Running Isolated Validation (Pure CMA vs GNN)...
  -> Val Results: Pure Baseline Errors: 5195 | GNN Errors: 5117
  -> Relative Improvement: 1.501%
Train Ep: 076/270 | Reward:   31.0 | MSE: 0.3388 | C_Loss: 0.017 | A_Loss: 0.084 | Alpha: 0.0003
Train Ep: 077/270 | Reward:  -53.0 | MSE: 0.3851 | C_Loss: 0.021 | A_Loss: 0.081 | Alpha: 0.0003
Train Ep: 078/270 | Reward:  -50.0 | MSE: 0.2285 | C_Loss: 0.027 | A_Loss: 0.079 | Alpha: 0.0003
Train Ep: 079/270 | Reward:  -48.0 | MSE: 0.2814 | C_Loss: 0.025 | A_Loss: 0.078 | Alpha: 0.0003
Train Ep: 080/270 | Reward:  -47.0 | MSE: 0.3250 | C_Loss: 0.022 | A_Loss: 0.075 | Alpha: 0.0003
  [!] Running Isolated Validation (Pure CMA vs GNN)...
  -> Val Results: Pure Baseline Errors: 5195 | GNN Errors: 5155
  -> Relative Improvement: 0.770%
Train Ep: 081/270 | Reward:  -41.0 | MSE: 0.4068 | C_Loss: 0.019 | A_Loss: 0.076 | Alpha: 0.0003
Train Ep: 082/270 | Reward:  -36.0 | MSE: 0.3212 | C_Loss: 0.013 | A_Loss: 0.076 | Alpha: 0.0003
Train Ep: 083/270 | Reward:  -20.0 | MSE: 0.2369 | C_Loss: 0.015 | A_Loss: 0.075 | Alpha: 0.0002
Train Ep: 084/270 | Reward:   -7.0 | MSE: 0.4478 | C_Loss: 0.017 | A_Loss: 0.075 | Alpha: 0.0002
Train Ep: 085/270 | Reward:   32.0 | MSE: 0.3459 | C_Loss: 0.018 | A_Loss: 0.072 | Alpha: 0.0002
  [!] Running Isolated Validation (Pure CMA vs GNN)...
  -> Val Results: Pure Baseline Errors: 5195 | GNN Errors: 5082
  -> Relative Improvement: 2.175%
  *** New Best Model! Net Score improved from 0.020404234841193455 to 0.021751684311838305 ***
[*] Models successfully saved to models/sac_gnn_37_cpu_best.pth
Train Ep: 086/270 | Reward:   22.0 | MSE: 0.3124 | C_Loss: 0.019 | A_Loss: 0.073 | Alpha: 0.0002
Train Ep: 087/270 | Reward:    3.0 | MSE: 0.2334 | C_Loss: 0.020 | A_Loss: 0.070 | Alpha: 0.0002
Train Ep: 088/270 | Reward:  -11.0 | MSE: 0.1901 | C_Loss: 0.019 | A_Loss: 0.070 | Alpha: 0.0002
Train Ep: 089/270 | Reward:  -14.0 | MSE: 0.2397 | C_Loss: 0.018 | A_Loss: 0.069 | Alpha: 0.0002
Train Ep: 090/270 | Reward:   14.0 | MSE: 0.5061 | C_Loss: 0.017 | A_Loss: 0.067 | Alpha: 0.0002
  [!] Running Isolated Validation (Pure CMA vs GNN)...
  -> Val Results: Pure Baseline Errors: 5195 | GNN Errors: 5129
  -> Relative Improvement: 1.270%
Train Ep: 091/270 | Reward:   24.0 | MSE: 0.2913 | C_Loss: 0.016 | A_Loss: 0.065 | Alpha: 0.0002
Train Ep: 092/270 | Reward:  -10.0 | MSE: 0.3085 | C_Loss: 0.012 | A_Loss: 0.061 | Alpha: 0.0002
Train Ep: 093/270 | Reward:   -1.0 | MSE: 0.2839 | C_Loss: 0.012 | A_Loss: 0.060 | Alpha: 0.0002
Train Ep: 094/270 | Reward:   -7.0 | MSE: 0.2727 | C_Loss: 0.013 | A_Loss: 0.058 | Alpha: 0.0001
Train Ep: 095/270 | Reward:  -11.0 | MSE: 0.5263 | C_Loss: 0.014 | A_Loss: 0.059 | Alpha: 0.0001
  [!] Running Isolated Validation (Pure CMA vs GNN)...
  -> Val Results: Pure Baseline Errors: 5195 | GNN Errors: 5182
  -> Relative Improvement: 0.250%
Train Ep: 096/270 | Reward:   30.0 | MSE: 0.3138 | C_Loss: 0.013 | A_Loss: 0.058 | Alpha: 0.0001
Train Ep: 097/270 | Reward:  -65.0 | MSE: 0.4555 | C_Loss: 0.014 | A_Loss: 0.056 | Alpha: 0.0001
Train Ep: 098/270 | Reward:  -14.0 | MSE: 0.2208 | C_Loss: 0.013 | A_Loss: 0.054 | Alpha: 0.0001
Train Ep: 099/270 | Reward:  -10.0 | MSE: 0.3142 | C_Loss: 0.012 | A_Loss: 0.054 | Alpha: 0.0001
Train Ep: 100/270 | Reward:   -5.0 | MSE: 0.3521 | C_Loss: 0.013 | A_Loss: 0.054 | Alpha: 0.0001
  [!] Running Isolated Validation (Pure CMA vs GNN)...
  -> Val Results: Pure Baseline Errors: 5195 | GNN Errors: 5190
  -> Relative Improvement: 0.096%
Train Ep: 101/270 | Reward:    3.0 | MSE: 0.4899 | C_Loss: 0.012 | A_Loss: 0.052 | Alpha: 0.0001
Train Ep: 102/270 | Reward:   51.0 | MSE: 0.2501 | C_Loss: 0.010 | A_Loss: 0.052 | Alpha: 0.0001
Train Ep: 103/270 | Reward:    0.0 | MSE: 0.2551 | C_Loss: 0.011 | A_Loss: 0.050 | Alpha: 0.0001
Train Ep: 104/270 | Reward:  -23.0 | MSE: 0.3526 | C_Loss: 0.012 | A_Loss: 0.047 | Alpha: 0.0001
Train Ep: 105/270 | Reward:  -25.0 | MSE: 0.3777 | C_Loss: 0.017 | A_Loss: 0.046 | Alpha: 0.0001
  [!] Running Isolated Validation (Pure CMA vs GNN)...
  -> Val Results: Pure Baseline Errors: 5195 | GNN Errors: 5128
  -> Relative Improvement: 1.290%
Train Ep: 106/270 | Reward:   -9.0 | MSE: 0.2533 | C_Loss: 0.015 | A_Loss: 0.046 | Alpha: 0.0001
Train Ep: 107/270 | Reward:   13.0 | MSE: 0.3273 | C_Loss: 0.018 | A_Loss: 0.046 | Alpha: 0.0001
Train Ep: 108/270 | Reward:   -5.0 | MSE: 0.3174 | C_Loss: 0.021 | A_Loss: 0.045 | Alpha: 0.0001
Train Ep: 109/270 | Reward:   -2.0 | MSE: 0.3512 | C_Loss: 0.022 | A_Loss: 0.044 | Alpha: 0.0001
Train Ep: 110/270 | Reward:    2.0 | MSE: 0.3398 | C_Loss: 0.019 | A_Loss: 0.045 | Alpha: 0.0001
  [!] Running Isolated Validation (Pure CMA vs GNN)...
  -> Val Results: Pure Baseline Errors: 5195 | GNN Errors: 5162
  -> Relative Improvement: 0.635%
Train Ep: 111/270 | Reward:  -14.0 | MSE: 0.1971 | C_Loss: 0.020 | A_Loss: 0.042 | Alpha: 0.0001
Train Ep: 112/270 | Reward:    0.0 | MSE: 0.3640 | C_Loss: 0.017 | A_Loss: 0.041 | Alpha: 0.0001
Train Ep: 113/270 | Reward:    9.0 | MSE: 0.2515 | C_Loss: 0.015 | A_Loss: 0.041 | Alpha: 0.0001
Train Ep: 114/270 | Reward:    7.0 | MSE: 0.3099 | C_Loss: 0.014 | A_Loss: 0.036 | Alpha: 0.0001
Train Ep: 115/270 | Reward:    1.0 | MSE: 0.2773 | C_Loss: 0.014 | A_Loss: 0.034 | Alpha: 0.0001
  [!] Running Isolated Validation (Pure CMA vs GNN)...
  -> Val Results: Pure Baseline Errors: 5195 | GNN Errors: 5182
  -> Relative Improvement: 0.250%
Train Ep: 116/270 | Reward:   17.0 | MSE: 0.2854 | C_Loss: 0.016 | A_Loss: 0.033 | Alpha: 0.0001
Train Ep: 117/270 | Reward:  -17.0 | MSE: 0.4453 | C_Loss: 0.013 | A_Loss: 0.031 | Alpha: 0.0001
Train Ep: 118/270 | Reward:  -45.0 | MSE: 0.2963 | C_Loss: 0.016 | A_Loss: 0.031 | Alpha: 0.0001
Train Ep: 119/270 | Reward:  -23.0 | MSE: 0.3716 | C_Loss: 0.013 | A_Loss: 0.032 | Alpha: 0.0001
Train Ep: 120/270 | Reward:   14.0 | MSE: 0.2600 | C_Loss: 0.012 | A_Loss: 0.034 | Alpha: 0.0001
  [!] Running Isolated Validation (Pure CMA vs GNN)...
  -> Val Results: Pure Baseline Errors: 5195 | GNN Errors: 5194
  -> Relative Improvement: 0.019%
Train Ep: 121/270 | Reward:  -22.0 | MSE: 0.4372 | C_Loss: 0.011 | A_Loss: 0.033 | Alpha: 0.0001
Train Ep: 122/270 | Reward:   -7.0 | MSE: 0.3620 | C_Loss: 0.016 | A_Loss: 0.033 | Alpha: 0.0001
Train Ep: 123/270 | Reward:  -33.0 | MSE: 0.2844 | C_Loss: 0.014 | A_Loss: 0.032 | Alpha: 0.0001
Train Ep: 124/270 | Reward:  -26.0 | MSE: 0.3692 | C_Loss: 0.015 | A_Loss: 0.034 | Alpha: 0.0001
Train Ep: 125/270 | Reward:    7.0 | MSE: 0.3290 | C_Loss: 0.012 | A_Loss: 0.034 | Alpha: 0.0001
  [!] Running Isolated Validation (Pure CMA vs GNN)...
  -> Val Results: Pure Baseline Errors: 5195 | GNN Errors: 5183
  -> Relative Improvement: 0.231%
Train Ep: 126/270 | Reward:  -27.0 | MSE: 0.3459 | C_Loss: 0.012 | A_Loss: 0.034 | Alpha: 0.0001
Train Ep: 127/270 | Reward:   17.0 | MSE: 0.3717 | C_Loss: 0.014 | A_Loss: 0.034 | Alpha: 0.0001
Train Ep: 128/270 | Reward:  -16.0 | MSE: 0.2228 | C_Loss: 0.013 | A_Loss: 0.033 | Alpha: 0.0001
Train Ep: 129/270 | Reward:    4.0 | MSE: 0.2611 | C_Loss: 0.012 | A_Loss: 0.032 | Alpha: 0.0001
Train Ep: 130/270 | Reward:   -5.0 | MSE: 0.3845 | C_Loss: 0.013 | A_Loss: 0.032 | Alpha: 0.0001
  [!] Running Isolated Validation (Pure CMA vs GNN)...
  -> Val Results: Pure Baseline Errors: 5195 | GNN Errors: 5191
  -> Relative Improvement: 0.077%
Train Ep: 131/270 | Reward:   17.0 | MSE: 0.2456 | C_Loss: 0.014 | A_Loss: 0.033 | Alpha: 0.0001
Train Ep: 132/270 | Reward:  -30.0 | MSE: 0.3157 | C_Loss: 0.015 | A_Loss: 0.034 | Alpha: 0.0001
Train Ep: 133/270 | Reward:  -18.0 | MSE: 0.3056 | C_Loss: 0.012 | A_Loss: 0.033 | Alpha: 0.0001
Train Ep: 134/270 | Reward:   -5.0 | MSE: 0.4271 | C_Loss: 0.013 | A_Loss: 0.033 | Alpha: 0.0001
Train Ep: 135/270 | Reward:  -30.0 | MSE: 0.3886 | C_Loss: 0.015 | A_Loss: 0.031 | Alpha: 0.0001
  [!] Running Isolated Validation (Pure CMA vs GNN)...
  -> Val Results: Pure Baseline Errors: 5195 | GNN Errors: 5195
  -> Relative Improvement: 0.000%
Train Ep: 136/270 | Reward:  -48.0 | MSE: 0.3320 | C_Loss: 0.019 | A_Loss: 0.032 | Alpha: 0.0001
Train Ep: 137/270 | Reward:  -53.0 | MSE: 0.3250 | C_Loss: 0.016 | A_Loss: 0.033 | Alpha: 0.0001
Train Ep: 138/270 | Reward:  -23.0 | MSE: 0.1833 | C_Loss: 0.013 | A_Loss: 0.032 | Alpha: 0.0001
Train Ep: 139/270 | Reward:    0.0 | MSE: 0.2609 | C_Loss: 0.011 | A_Loss: 0.033 | Alpha: 0.0001
Train Ep: 140/270 | Reward:  -12.0 | MSE: 0.3664 | C_Loss: 0.012 | A_Loss: 0.030 | Alpha: 0.0001
  [!] Running Isolated Validation (Pure CMA vs GNN)...
  -> Val Results: Pure Baseline Errors: 5195 | GNN Errors: 5194
  -> Relative Improvement: 0.019%
Train Ep: 141/270 | Reward:  -47.0 | MSE: 0.3641 | C_Loss: 0.017 | A_Loss: 0.031 | Alpha: 0.0001
Train Ep: 142/270 | Reward:  -15.0 | MSE: 0.3569 | C_Loss: 0.019 | A_Loss: 0.034 | Alpha: 0.0001
Train Ep: 143/270 | Reward:  -18.0 | MSE: 0.3022 | C_Loss: 0.014 | A_Loss: 0.035 | Alpha: 0.0001
Train Ep: 144/270 | Reward:   34.0 | MSE: 0.4051 | C_Loss: 0.014 | A_Loss: 0.037 | Alpha: 0.0001
Train Ep: 145/270 | Reward:  -13.0 | MSE: 0.2803 | C_Loss: 0.016 | A_Loss: 0.037 | Alpha: 0.0001
  [!] Running Isolated Validation (Pure CMA vs GNN)...
  -> Val Results: Pure Baseline Errors: 5195 | GNN Errors: 5190
  -> Relative Improvement: 0.096%
Train Ep: 146/270 | Reward:   22.0 | MSE: 0.3673 | C_Loss: 0.014 | A_Loss: 0.036 | Alpha: 0.0001
Train Ep: 147/270 | Reward:   10.0 | MSE: 0.3366 | C_Loss: 0.013 | A_Loss: 0.034 | Alpha: 0.0001
Train Ep: 148/270 | Reward:  -25.0 | MSE: 0.3302 | C_Loss: 0.012 | A_Loss: 0.033 | Alpha: 0.0001
Train Ep: 149/270 | Reward:  -28.0 | MSE: 0.3017 | C_Loss: 0.011 | A_Loss: 0.033 | Alpha: 0.0001
Train Ep: 150/270 | Reward:   23.0 | MSE: 0.3239 | C_Loss: 0.015 | A_Loss: 0.034 | Alpha: 0.0001
  [!] Running Isolated Validation (Pure CMA vs GNN)...
  -> Val Results: Pure Baseline Errors: 5195 | GNN Errors: 5196
  -> Relative Improvement: -0.019%
Train Ep: 151/270 | Reward:  -46.0 | MSE: 0.4190 | C_Loss: 0.012 | A_Loss: 0.035 | Alpha: 0.0001
Train Ep: 152/270 | Reward:   17.0 | MSE: 0.2477 | C_Loss: 0.012 | A_Loss: 0.036 | Alpha: 0.0001
Train Ep: 153/270 | Reward:  -17.0 | MSE: 0.4051 | C_Loss: 0.010 | A_Loss: 0.035 | Alpha: 0.0001
Train Ep: 154/270 | Reward:  -59.0 | MSE: 0.3225 | C_Loss: 0.011 | A_Loss: 0.037 | Alpha: 0.0001
Train Ep: 155/270 | Reward:  -21.0 | MSE: 0.3074 | C_Loss: 0.011 | A_Loss: 0.037 | Alpha: 0.0001
  [!] Running Isolated Validation (Pure CMA vs GNN)...
  -> Val Results: Pure Baseline Errors: 5195 | GNN Errors: 5195
  -> Relative Improvement: 0.000%
Train Ep: 156/270 | Reward:  -90.0 | MSE: 0.2873 | C_Loss: 0.011 | A_Loss: 0.038 | Alpha: 0.0001
Train Ep: 157/270 | Reward:  -28.0 | MSE: 0.3722 | C_Loss: 0.011 | A_Loss: 0.042 | Alpha: 0.0001
Train Ep: 158/270 | Reward:  -23.0 | MSE: 0.2380 | C_Loss: 0.008 | A_Loss: 0.044 | Alpha: 0.0001
Train Ep: 159/270 | Reward:  -36.0 | MSE: 0.3727 | C_Loss: 0.008 | A_Loss: 0.043 | Alpha: 0.0001
Train Ep: 160/270 | Reward:  -48.0 | MSE: 0.2936 | C_Loss: 0.007 | A_Loss: 0.044 | Alpha: 0.0001
  [!] Running Isolated Validation (Pure CMA vs GNN)...
  -> Val Results: Pure Baseline Errors: 5195 | GNN Errors: 5192
  -> Relative Improvement: 0.058%
Train Ep: 161/270 | Reward:  -50.0 | MSE: 0.3833 | C_Loss: 0.008 | A_Loss: 0.046 | Alpha: 0.0001
Train Ep: 162/270 | Reward:  -19.0 | MSE: 0.2951 | C_Loss: 0.007 | A_Loss: 0.048 | Alpha: 0.0001
Train Ep: 163/270 | Reward:  -26.0 | MSE: 0.4390 | C_Loss: 0.005 | A_Loss: 0.049 | Alpha: 0.0001
Train Ep: 164/270 | Reward:  -14.0 | MSE: 0.4173 | C_Loss: 0.005 | A_Loss: 0.049 | Alpha: 0.0001
Train Ep: 165/270 | Reward:    3.0 | MSE: 0.2605 | C_Loss: 0.003 | A_Loss: 0.050 | Alpha: 0.0001
  [!] Running Isolated Validation (Pure CMA vs GNN)...
  -> Val Results: Pure Baseline Errors: 5195 | GNN Errors: 5195
  -> Relative Improvement: 0.000%
Train Ep: 166/270 | Reward:    7.0 | MSE: 0.3682 | C_Loss: 0.003 | A_Loss: 0.049 | Alpha: 0.0001
Train Ep: 167/270 | Reward:    6.0 | MSE: 0.2767 | C_Loss: 0.003 | A_Loss: 0.048 | Alpha: 0.0001
Train Ep: 168/270 | Reward:    8.0 | MSE: 0.4166 | C_Loss: 0.004 | A_Loss: 0.047 | Alpha: 0.0001
Train Ep: 169/270 | Reward:  -14.0 | MSE: 0.3628 | C_Loss: 0.007 | A_Loss: 0.045 | Alpha: 0.0001
Train Ep: 170/270 | Reward:  -22.0 | MSE: 0.3108 | C_Loss: 0.008 | A_Loss: 0.043 | Alpha: 0.0001
  [!] Running Isolated Validation (Pure CMA vs GNN)...
  -> Val Results: Pure Baseline Errors: 5195 | GNN Errors: 5195
  -> Relative Improvement: 0.000%
Train Ep: 171/270 | Reward:    7.0 | MSE: 0.2913 | C_Loss: 0.012 | A_Loss: 0.042 | Alpha: 0.0001
Train Ep: 172/270 | Reward:    9.0 | MSE: 0.3373 | C_Loss: 0.016 | A_Loss: 0.040 | Alpha: 0.0001
Train Ep: 173/270 | Reward:  -35.0 | MSE: 0.3307 | C_Loss: 0.019 | A_Loss: 0.041 | Alpha: 0.0001
Train Ep: 174/270 | Reward:  -37.0 | MSE: 0.3290 | C_Loss: 0.014 | A_Loss: 0.041 | Alpha: 0.0001
Train Ep: 175/270 | Reward:  -34.0 | MSE: 0.3547 | C_Loss: 0.012 | A_Loss: 0.043 | Alpha: 0.0001
  [!] Running Isolated Validation (Pure CMA vs GNN)...
  -> Val Results: Pure Baseline Errors: 5195 | GNN Errors: 5195
  -> Relative Improvement: 0.000%
Train Ep: 176/270 | Reward:  -24.0 | MSE: 0.3794 | C_Loss: 0.011 | A_Loss: 0.045 | Alpha: 0.0001
Train Ep: 177/270 | Reward:   -7.0 | MSE: 0.3226 | C_Loss: 0.009 | A_Loss: 0.045 | Alpha: 0.0001
Train Ep: 178/270 | Reward:  -27.0 | MSE: 0.3251 | C_Loss: 0.010 | A_Loss: 0.043 | Alpha: 0.0001
Train Ep: 179/270 | Reward:  -47.0 | MSE: 0.3021 | C_Loss: 0.015 | A_Loss: 0.042 | Alpha: 0.0001
Train Ep: 180/270 | Reward:  -24.0 | MSE: 0.3700 | C_Loss: 0.015 | A_Loss: 0.041 | Alpha: 0.0001
  [!] Running Isolated Validation (Pure CMA vs GNN)...
  -> Val Results: Pure Baseline Errors: 5195 | GNN Errors: 5182
  -> Relative Improvement: 0.250%
Train Ep: 181/270 | Reward:    0.0 | MSE: 0.2718 | C_Loss: 0.015 | A_Loss: 0.042 | Alpha: 0.0001
Train Ep: 182/270 | Reward:  -45.0 | MSE: 0.2762 | C_Loss: 0.015 | A_Loss: 0.041 | Alpha: 0.0001
Train Ep: 183/270 | Reward:  -54.0 | MSE: 0.2086 | C_Loss: 0.016 | A_Loss: 0.042 | Alpha: 0.0001
Train Ep: 184/270 | Reward:  -14.0 | MSE: 0.2909 | C_Loss: 0.017 | A_Loss: 0.042 | Alpha: 0.0001
Train Ep: 185/270 | Reward:   -6.0 | MSE: 0.1687 | C_Loss: 0.012 | A_Loss: 0.043 | Alpha: 0.0001
  [!] Running Isolated Validation (Pure CMA vs GNN)...
  -> Val Results: Pure Baseline Errors: 5195 | GNN Errors: 5158
  -> Relative Improvement: 0.712%
Train Ep: 186/270 | Reward:  -49.0 | MSE: 0.2653 | C_Loss: 0.012 | A_Loss: 0.042 | Alpha: 0.0001
Train Ep: 187/270 | Reward:    5.0 | MSE: 0.2050 | C_Loss: 0.017 | A_Loss: 0.043 | Alpha: 0.0001
Train Ep: 188/270 | Reward:  -44.0 | MSE: 0.3414 | C_Loss: 0.013 | A_Loss: 0.042 | Alpha: 0.0001
Train Ep: 189/270 | Reward:   27.0 | MSE: 0.3987 | C_Loss: 0.013 | A_Loss: 0.043 | Alpha: 0.0001
Train Ep: 190/270 | Reward:  -30.0 | MSE: 0.2489 | C_Loss: 0.015 | A_Loss: 0.043 | Alpha: 0.0001
  [!] Running Isolated Validation (Pure CMA vs GNN)...
  -> Val Results: Pure Baseline Errors: 5195 | GNN Errors: 5178
  -> Relative Improvement: 0.327%
Train Ep: 191/270 | Reward:   -5.0 | MSE: 0.3424 | C_Loss: 0.014 | A_Loss: 0.043 | Alpha: 0.0001
Train Ep: 192/270 | Reward:    2.0 | MSE: 0.3272 | C_Loss: 0.013 | A_Loss: 0.043 | Alpha: 0.0001
Train Ep: 193/270 | Reward:   -5.0 | MSE: 0.3000 | C_Loss: 0.009 | A_Loss: 0.043 | Alpha: 0.0001
Train Ep: 194/270 | Reward:    4.0 | MSE: 0.3402 | C_Loss: 0.012 | A_Loss: 0.042 | Alpha: 0.0001
Train Ep: 195/270 | Reward:    3.0 | MSE: 0.4506 | C_Loss: 0.013 | A_Loss: 0.041 | Alpha: 0.0001
  [!] Running Isolated Validation (Pure CMA vs GNN)...
  -> Val Results: Pure Baseline Errors: 5195 | GNN Errors: 5190
  -> Relative Improvement: 0.096%
Train Ep: 196/270 | Reward:    1.0 | MSE: 0.4304 | C_Loss: 0.010 | A_Loss: 0.039 | Alpha: 0.0001
Train Ep: 197/270 | Reward:  -37.0 | MSE: 0.2858 | C_Loss: 0.009 | A_Loss: 0.038 | Alpha: 0.0001
Train Ep: 198/270 | Reward:   -5.0 | MSE: 0.3037 | C_Loss: 0.013 | A_Loss: 0.038 | Alpha: 0.0001
Train Ep: 199/270 | Reward:  -35.0 | MSE: 0.4309 | C_Loss: 0.015 | A_Loss: 0.038 | Alpha: 0.0001
Train Ep: 200/270 | Reward:  -35.0 | MSE: 0.2466 | C_Loss: 0.011 | A_Loss: 0.038 | Alpha: 0.0001
  [!] Running Isolated Validation (Pure CMA vs GNN)...
  -> Val Results: Pure Baseline Errors: 5195 | GNN Errors: 5194
  -> Relative Improvement: 0.019%
Train Ep: 201/270 | Reward:  -49.0 | MSE: 0.2996 | C_Loss: 0.010 | A_Loss: 0.038 | Alpha: 0.0001
Train Ep: 202/270 | Reward:  -33.0 | MSE: 0.3274 | C_Loss: 0.017 | A_Loss: 0.038 | Alpha: 0.0001
Train Ep: 203/270 | Reward:  -27.0 | MSE: 0.3835 | C_Loss: 0.020 | A_Loss: 0.040 | Alpha: 0.0001
Train Ep: 204/270 | Reward:  -11.0 | MSE: 0.2959 | C_Loss: 0.015 | A_Loss: 0.040 | Alpha: 0.0001
Train Ep: 205/270 | Reward:  -66.0 | MSE: 0.2642 | C_Loss: 0.014 | A_Loss: 0.042 | Alpha: 0.0001
  [!] Running Isolated Validation (Pure CMA vs GNN)...
  -> Val Results: Pure Baseline Errors: 5195 | GNN Errors: 5196
  -> Relative Improvement: -0.019%
Train Ep: 206/270 | Reward:  -35.0 | MSE: 0.4264 | C_Loss: 0.016 | A_Loss: 0.043 | Alpha: 0.0001
Train Ep: 207/270 | Reward:  -38.0 | MSE: 0.3113 | C_Loss: 0.012 | A_Loss: 0.044 | Alpha: 0.0001
Train Ep: 208/270 | Reward:  -18.0 | MSE: 0.3063 | C_Loss: 0.012 | A_Loss: 0.046 | Alpha: 0.0001
Train Ep: 209/270 | Reward:   10.0 | MSE: 0.3237 | C_Loss: 0.012 | A_Loss: 0.047 | Alpha: 0.0001
Train Ep: 210/270 | Reward:  -12.0 | MSE: 0.2729 | C_Loss: 0.009 | A_Loss: 0.047 | Alpha: 0.0001
  [!] Running Isolated Validation (Pure CMA vs GNN)...
  -> Val Results: Pure Baseline Errors: 5195 | GNN Errors: 5187
  -> Relative Improvement: 0.154%
Train Ep: 211/270 | Reward:   26.0 | MSE: 0.3507 | C_Loss: 0.009 | A_Loss: 0.048 | Alpha: 0.0001
Train Ep: 212/270 | Reward:  -27.0 | MSE: 0.2820 | C_Loss: 0.007 | A_Loss: 0.046 | Alpha: 0.0001
Train Ep: 213/270 | Reward:   11.0 | MSE: 0.3128 | C_Loss: 0.011 | A_Loss: 0.045 | Alpha: 0.0001
Train Ep: 214/270 | Reward:  -62.0 | MSE: 0.4182 | C_Loss: 0.014 | A_Loss: 0.045 | Alpha: 0.0001
Train Ep: 215/270 | Reward:   -8.0 | MSE: 0.3616 | C_Loss: 0.012 | A_Loss: 0.046 | Alpha: 0.0001
  [!] Running Isolated Validation (Pure CMA vs GNN)...
  -> Val Results: Pure Baseline Errors: 5195 | GNN Errors: 5194
  -> Relative Improvement: 0.019%
Train Ep: 216/270 | Reward:  -17.0 | MSE: 0.3495 | C_Loss: 0.009 | A_Loss: 0.045 | Alpha: 0.0001
Train Ep: 217/270 | Reward:  -25.0 | MSE: 0.3862 | C_Loss: 0.012 | A_Loss: 0.045 | Alpha: 0.0001
Train Ep: 218/270 | Reward:   19.0 | MSE: 0.3164 | C_Loss: 0.010 | A_Loss: 0.044 | Alpha: 0.0001
Train Ep: 219/270 | Reward:  -18.0 | MSE: 0.3393 | C_Loss: 0.011 | A_Loss: 0.044 | Alpha: 0.0001
Train Ep: 220/270 | Reward:  -28.0 | MSE: 0.3391 | C_Loss: 0.010 | A_Loss: 0.042 | Alpha: 0.0001
  [!] Running Isolated Validation (Pure CMA vs GNN)...
  -> Val Results: Pure Baseline Errors: 5195 | GNN Errors: 5195
  -> Relative Improvement: 0.000%
Train Ep: 221/270 | Reward:  -15.0 | MSE: 0.2620 | C_Loss: 0.012 | A_Loss: 0.042 | Alpha: 0.0001
Train Ep: 222/270 | Reward:  -17.0 | MSE: 0.4945 | C_Loss: 0.011 | A_Loss: 0.042 | Alpha: 0.0001
Train Ep: 223/270 | Reward:  -26.0 | MSE: 0.3450 | C_Loss: 0.010 | A_Loss: 0.042 | Alpha: 0.0001
Train Ep: 224/270 | Reward:  -38.0 | MSE: 0.3246 | C_Loss: 0.016 | A_Loss: 0.043 | Alpha: 0.0001
Train Ep: 225/270 | Reward:    8.0 | MSE: 0.2390 | C_Loss: 0.016 | A_Loss: 0.046 | Alpha: 0.0001
  [!] Running Isolated Validation (Pure CMA vs GNN)...
  -> Val Results: Pure Baseline Errors: 5195 | GNN Errors: 5193
  -> Relative Improvement: 0.038%
Train Ep: 226/270 | Reward:  -25.0 | MSE: 0.3540 | C_Loss: 0.012 | A_Loss: 0.044 | Alpha: 0.0001
Train Ep: 227/270 | Reward:    2.0 | MSE: 0.3380 | C_Loss: 0.009 | A_Loss: 0.044 | Alpha: 0.0001
Train Ep: 228/270 | Reward:   22.0 | MSE: 0.3126 | C_Loss: 0.013 | A_Loss: 0.042 | Alpha: 0.0001
Train Ep: 229/270 | Reward:  -30.0 | MSE: 0.4305 | C_Loss: 0.014 | A_Loss: 0.039 | Alpha: 0.0001
Train Ep: 230/270 | Reward:  -23.0 | MSE: 0.3140 | C_Loss: 0.018 | A_Loss: 0.041 | Alpha: 0.0001
  [!] Running Isolated Validation (Pure CMA vs GNN)...
  -> Val Results: Pure Baseline Errors: 5195 | GNN Errors: 5189
  -> Relative Improvement: 0.115%
Train Ep: 231/270 | Reward:  -42.0 | MSE: 0.3049 | C_Loss: 0.016 | A_Loss: 0.042 | Alpha: 0.0001
Train Ep: 232/270 | Reward:   13.0 | MSE: 0.3573 | C_Loss: 0.013 | A_Loss: 0.042 | Alpha: 0.0001
Train Ep: 233/270 | Reward:  -22.0 | MSE: 0.4334 | C_Loss: 0.015 | A_Loss: 0.041 | Alpha: 0.0001
Train Ep: 234/270 | Reward:    0.0 | MSE: 0.3649 | C_Loss: 0.013 | A_Loss: 0.040 | Alpha: 0.0001
Train Ep: 235/270 | Reward:  -44.0 | MSE: 0.3408 | C_Loss: 0.013 | A_Loss: 0.041 | Alpha: 0.0001
  [!] Running Isolated Validation (Pure CMA vs GNN)...
  -> Val Results: Pure Baseline Errors: 5195 | GNN Errors: 5195
  -> Relative Improvement: 0.000%
Train Ep: 236/270 | Reward:   -5.0 | MSE: 0.2463 | C_Loss: 0.012 | A_Loss: 0.042 | Alpha: 0.0001
Train Ep: 237/270 | Reward:   10.0 | MSE: 0.3659 | C_Loss: 0.011 | A_Loss: 0.041 | Alpha: 0.0001
Train Ep: 238/270 | Reward:  -30.0 | MSE: 0.3978 | C_Loss: 0.013 | A_Loss: 0.041 | Alpha: 0.0001
Train Ep: 239/270 | Reward:  -39.0 | MSE: 0.3089 | C_Loss: 0.014 | A_Loss: 0.040 | Alpha: 0.0001
Train Ep: 240/270 | Reward:   -8.0 | MSE: 0.3183 | C_Loss: 0.014 | A_Loss: 0.039 | Alpha: 0.0001
  [!] Running Isolated Validation (Pure CMA vs GNN)...
  -> Val Results: Pure Baseline Errors: 5195 | GNN Errors: 5193
  -> Relative Improvement: 0.038%
Train Ep: 241/270 | Reward:  -17.0 | MSE: 0.4953 | C_Loss: 0.011 | A_Loss: 0.039 | Alpha: 0.0001
Train Ep: 242/270 | Reward:  -25.0 | MSE: 0.4082 | C_Loss: 0.010 | A_Loss: 0.037 | Alpha: 0.0001
Train Ep: 243/270 | Reward:  -13.0 | MSE: 0.3535 | C_Loss: 0.013 | A_Loss: 0.035 | Alpha: 0.0001
Train Ep: 244/270 | Reward:  -13.0 | MSE: 0.3561 | C_Loss: 0.014 | A_Loss: 0.036 | Alpha: 0.0001
Train Ep: 245/270 | Reward: -107.0 | MSE: 0.1630 | C_Loss: 0.022 | A_Loss: 0.036 | Alpha: 0.0001
  [!] Running Isolated Validation (Pure CMA vs GNN)...
  -> Val Results: Pure Baseline Errors: 5195 | GNN Errors: 5183
  -> Relative Improvement: 0.231%
Train Ep: 246/270 | Reward:    5.0 | MSE: 0.4227 | C_Loss: 0.022 | A_Loss: 0.038 | Alpha: 0.0001
Train Ep: 247/270 | Reward:   -6.0 | MSE: 0.2949 | C_Loss: 0.015 | A_Loss: 0.041 | Alpha: 0.0001
Train Ep: 248/270 | Reward:  -22.0 | MSE: 0.4292 | C_Loss: 0.012 | A_Loss: 0.040 | Alpha: 0.0001
Train Ep: 249/270 | Reward:  -11.0 | MSE: 0.3633 | C_Loss: 0.013 | A_Loss: 0.039 | Alpha: 0.0001
Train Ep: 250/270 | Reward:  -19.0 | MSE: 0.3251 | C_Loss: 0.013 | A_Loss: 0.040 | Alpha: 0.0001
  [!] Running Isolated Validation (Pure CMA vs GNN)...
  -> Val Results: Pure Baseline Errors: 5195 | GNN Errors: 5194
  -> Relative Improvement: 0.019%
Train Ep: 251/270 | Reward:  -27.0 | MSE: 0.1879 | C_Loss: 0.011 | A_Loss: 0.040 | Alpha: 0.0001
Train Ep: 252/270 | Reward:   -1.0 | MSE: 0.4314 | C_Loss: 0.010 | A_Loss: 0.040 | Alpha: 0.0001
Train Ep: 253/270 | Reward:   15.0 | MSE: 0.4846 | C_Loss: 0.010 | A_Loss: 0.039 | Alpha: 0.0001
Train Ep: 254/270 | Reward:   -1.0 | MSE: 0.2890 | C_Loss: 0.008 | A_Loss: 0.039 | Alpha: 0.0001
Train Ep: 255/270 | Reward:  -22.0 | MSE: 0.3233 | C_Loss: 0.011 | A_Loss: 0.039 | Alpha: 0.0001
  [!] Running Isolated Validation (Pure CMA vs GNN)...
  -> Val Results: Pure Baseline Errors: 5195 | GNN Errors: 5178
  -> Relative Improvement: 0.327%
Train Ep: 256/270 | Reward:   32.0 | MSE: 0.3338 | C_Loss: 0.014 | A_Loss: 0.040 | Alpha: 0.0001
Train Ep: 257/270 | Reward:   -4.0 | MSE: 0.1918 | C_Loss: 0.012 | A_Loss: 0.039 | Alpha: 0.0001
Train Ep: 258/270 | Reward:  -34.0 | MSE: 0.3335 | C_Loss: 0.011 | A_Loss: 0.038 | Alpha: 0.0001
Train Ep: 259/270 | Reward:    3.0 | MSE: 0.3724 | C_Loss: 0.015 | A_Loss: 0.036 | Alpha: 0.0001
Train Ep: 260/270 | Reward:  -24.0 | MSE: 0.3285 | C_Loss: 0.018 | A_Loss: 0.035 | Alpha: 0.0001
  [!] Running Isolated Validation (Pure CMA vs GNN)...
  -> Val Results: Pure Baseline Errors: 5195 | GNN Errors: 5168
  -> Relative Improvement: 0.520%
Train Ep: 261/270 | Reward:    9.0 | MSE: 0.4237 | C_Loss: 0.016 | A_Loss: 0.036 | Alpha: 0.0001
Train Ep: 262/270 | Reward:   -8.0 | MSE: 0.2962 | C_Loss: 0.016 | A_Loss: 0.035 | Alpha: 0.0001
Train Ep: 263/270 | Reward:  -37.0 | MSE: 0.3708 | C_Loss: 0.017 | A_Loss: 0.034 | Alpha: 0.0001
Train Ep: 264/270 | Reward:  -29.0 | MSE: 0.2451 | C_Loss: 0.016 | A_Loss: 0.035 | Alpha: 0.0001
Train Ep: 265/270 | Reward:   16.0 | MSE: 0.2789 | C_Loss: 0.016 | A_Loss: 0.035 | Alpha: 0.0001
  [!] Running Isolated Validation (Pure CMA vs GNN)...
  -> Val Results: Pure Baseline Errors: 5195 | GNN Errors: 5103
  -> Relative Improvement: 1.771%
Train Ep: 266/270 | Reward:    0.0 | MSE: 0.2431 | C_Loss: 0.016 | A_Loss: 0.035 | Alpha: 0.0001
Train Ep: 267/270 | Reward:  -43.0 | MSE: 0.4979 | C_Loss: 0.020 | A_Loss: 0.032 | Alpha: 0.0001
Train Ep: 268/270 | Reward:  -32.0 | MSE: 0.3193 | C_Loss: 0.019 | A_Loss: 0.032 | Alpha: 0.0001
Train Ep: 269/270 | Reward:   25.0 | MSE: 0.3808 | C_Loss: 0.021 | A_Loss: 0.032 | Alpha: 0.0001
Train Ep: 270/270 | Reward:  -21.0 | MSE: 0.3258 | C_Loss: 0.018 | A_Loss: 0.031 | Alpha: 0.0001
  [!] Running Isolated Validation (Pure CMA vs GNN)...
  -> Val Results: Pure Baseline Errors: 5195 | GNN Errors: 5100
  -> Relative Improvement: 1.829%

Training complete in 48952.91 seconds.
[*] Models successfully saved to models/sac_gnn_37_cpu.pth
Training plots saved to 'plots/training_metrics_37_cpu.png'
[*] The best performing model during validation was saved to: models/sac_gnn_37_cpu_best.pth
Training run time = 48954.89 s
Job finished at: Fri Apr 17 08:01:05 CEST 2026
