Job started at: Fri Apr 17 19:24:26 CEST 2026
Starting Run 38: Gamma=0.99 | Layers=1 | Mismatch=30.0
SLURM Mode Received: 0
Execution Pipeline: ['train']
Loaded Configuration: {'mode': 0, 'model_path': 'models/sac_gnn_38.pth', 'training_metrics_filename': 'training_metrics_38.png', 'distance': 5, 'n_rounds': 5, 'p': 0.004, 'p_gate_zz': 0.0, 'mismatch': 30.0, 'n_shots': 65000, 'n_test_shots': 10000, 'burn_in_steps': 15000, 'bypass_threshold': 2, 'action_scale': 3.0, 'update_period': 100, 'prior_shots': 1000, 'local_action_only': True, 'local_action_hops': 1, 'n_layers': 1, 'hidden_dim': 128, 'lr': 0.0001, 'gamma': 0.99, 'tau': 0.005, 'alpha': 0.01, 'batch_size': 64, 'buffer_capacity': 100000, 'update_frequency': 100, 'train_episodes': 270, 'test_episodes': 20}

Initializing environment...

############################################################
### RUNNING MODE: TRAIN
############################################################

========================================
STARTING TRAINING (Episodes: 270)
========================================
Train Ep: 001/270 | Reward: -536.0 | MSE: 0.1403 | C_Loss: 0.050 | A_Loss: 0.063 | Alpha: 0.0095
Train Ep: 002/270 | Reward: -440.0 | MSE: 0.1729 | C_Loss: 0.050 | A_Loss: 0.074 | Alpha: 0.0091
Train Ep: 003/270 | Reward: -517.0 | MSE: 0.1283 | C_Loss: 0.051 | A_Loss: 0.078 | Alpha: 0.0086
Train Ep: 004/270 | Reward: -857.0 | MSE: 0.2406 | C_Loss: 0.062 | A_Loss: 0.091 | Alpha: 0.0082
Train Ep: 005/270 | Reward: -637.0 | MSE: 0.1970 | C_Loss: 0.082 | A_Loss: 0.106 | Alpha: 0.0079
Train Ep: 006/270 | Reward: -605.0 | MSE: 0.2339 | C_Loss: 0.074 | A_Loss: 0.129 | Alpha: 0.0075
Train Ep: 007/270 | Reward: -506.0 | MSE: 0.1476 | C_Loss: 0.067 | A_Loss: 0.142 | Alpha: 0.0072
Train Ep: 008/270 | Reward: -367.0 | MSE: 0.1554 | C_Loss: 0.060 | A_Loss: 0.155 | Alpha: 0.0069
Train Ep: 009/270 | Reward: -432.0 | MSE: 0.2277 | C_Loss: 0.053 | A_Loss: 0.165 | Alpha: 0.0066
Train Ep: 010/270 | Reward: -496.0 | MSE: 0.2189 | C_Loss: 0.051 | A_Loss: 0.175 | Alpha: 0.0063
Train Ep: 011/270 | Reward: -343.0 | MSE: 0.1861 | C_Loss: 0.048 | A_Loss: 0.181 | Alpha: 0.0060
Train Ep: 012/270 | Reward: -487.0 | MSE: 0.1924 | C_Loss: 0.045 | A_Loss: 0.184 | Alpha: 0.0057
Train Ep: 013/270 | Reward: -438.0 | MSE: 0.1570 | C_Loss: 0.054 | A_Loss: 0.193 | Alpha: 0.0055
Train Ep: 014/270 | Reward: -358.0 | MSE: 0.2706 | C_Loss: 0.051 | A_Loss: 0.197 | Alpha: 0.0052
Train Ep: 015/270 | Reward: -306.0 | MSE: 0.2774 | C_Loss: 0.044 | A_Loss: 0.204 | Alpha: 0.0050
Train Ep: 016/270 | Reward: -412.0 | MSE: 0.1561 | C_Loss: 0.042 | A_Loss: 0.208 | Alpha: 0.0048
Train Ep: 017/270 | Reward: -273.0 | MSE: 0.1356 | C_Loss: 0.043 | A_Loss: 0.214 | Alpha: 0.0046
Train Ep: 018/270 | Reward: -339.0 | MSE: 0.1735 | C_Loss: 0.044 | A_Loss: 0.221 | Alpha: 0.0044
Train Ep: 019/270 | Reward: -356.0 | MSE: 0.2937 | C_Loss: 0.044 | A_Loss: 0.228 | Alpha: 0.0042
Train Ep: 020/270 | Reward: -222.0 | MSE: 0.2399 | C_Loss: 0.038 | A_Loss: 0.234 | Alpha: 0.0040
Train Ep: 021/270 | Reward: -168.0 | MSE: 0.1397 | C_Loss: 0.030 | A_Loss: 0.238 | Alpha: 0.0039
Train Ep: 022/270 | Reward: -241.0 | MSE: 0.3125 | C_Loss: 0.029 | A_Loss: 0.238 | Alpha: 0.0037
Train Ep: 023/270 | Reward: -208.0 | MSE: 0.2121 | C_Loss: 0.033 | A_Loss: 0.237 | Alpha: 0.0036
Train Ep: 024/270 | Reward: -127.0 | MSE: 0.2825 | C_Loss: 0.037 | A_Loss: 0.240 | Alpha: 0.0034
Train Ep: 025/270 | Reward: -177.0 | MSE: 0.3013 | C_Loss: 0.025 | A_Loss: 0.241 | Alpha: 0.0033
Train Ep: 026/270 | Reward: -161.0 | MSE: 0.2824 | C_Loss: 0.026 | A_Loss: 0.244 | Alpha: 0.0031
Train Ep: 027/270 | Reward:  -82.0 | MSE: 0.1847 | C_Loss: 0.025 | A_Loss: 0.243 | Alpha: 0.0030
Train Ep: 028/270 | Reward: -121.0 | MSE: 0.2181 | C_Loss: 0.022 | A_Loss: 0.241 | Alpha: 0.0029
Train Ep: 029/270 | Reward: -140.0 | MSE: 0.3548 | C_Loss: 0.023 | A_Loss: 0.242 | Alpha: 0.0027
Train Ep: 030/270 | Reward:  -82.0 | MSE: 0.2071 | C_Loss: 0.025 | A_Loss: 0.243 | Alpha: 0.0026
Train Ep: 031/270 | Reward:  -46.0 | MSE: 0.3025 | C_Loss: 0.019 | A_Loss: 0.241 | Alpha: 0.0025
Train Ep: 032/270 | Reward:  -39.0 | MSE: 0.2393 | C_Loss: 0.015 | A_Loss: 0.237 | Alpha: 0.0024
Train Ep: 033/270 | Reward:  -97.0 | MSE: 0.2713 | C_Loss: 0.020 | A_Loss: 0.231 | Alpha: 0.0023
Train Ep: 034/270 | Reward: -107.0 | MSE: 0.3265 | C_Loss: 0.023 | A_Loss: 0.228 | Alpha: 0.0022
Train Ep: 035/270 | Reward:  -48.0 | MSE: 0.3658 | C_Loss: 0.019 | A_Loss: 0.225 | Alpha: 0.0021
Train Ep: 036/270 | Reward:   25.0 | MSE: 0.2367 | C_Loss: 0.022 | A_Loss: 0.221 | Alpha: 0.0020
  [!] Reward crossed 0! Unlocking Validation phase for the rest of training.
Train Ep: 037/270 | Reward:  -25.0 | MSE: 0.2637 | C_Loss: 0.021 | A_Loss: 0.217 | Alpha: 0.0019
Train Ep: 038/270 | Reward:  -23.0 | MSE: 0.4083 | C_Loss: 0.025 | A_Loss: 0.211 | Alpha: 0.0018
Train Ep: 039/270 | Reward:  -50.0 | MSE: 0.3404 | C_Loss: 0.025 | A_Loss: 0.205 | Alpha: 0.0017
Train Ep: 040/270 | Reward:  -37.0 | MSE: 0.2536 | C_Loss: 0.024 | A_Loss: 0.198 | Alpha: 0.0017
  [!] Running Isolated Validation (Pure CMA vs GNN)...
  -> Val Results: Pure Baseline Errors: 5195 | GNN Errors: 5064
  -> Relative Improvement: 2.522%
  *** New Best Model! Net Score improved from -inf to 0.02521655437921078 ***
[*] Models successfully saved to models/sac_gnn_38_best.pth
Train Ep: 041/270 | Reward:   14.0 | MSE: 0.3551 | C_Loss: 0.019 | A_Loss: 0.196 | Alpha: 0.0016
Train Ep: 042/270 | Reward:  -15.0 | MSE: 0.2813 | C_Loss: 0.020 | A_Loss: 0.190 | Alpha: 0.0015
Train Ep: 043/270 | Reward:  -69.0 | MSE: 0.2186 | C_Loss: 0.018 | A_Loss: 0.186 | Alpha: 0.0014
Train Ep: 044/270 | Reward:    3.0 | MSE: 0.2718 | C_Loss: 0.018 | A_Loss: 0.184 | Alpha: 0.0014
Train Ep: 045/270 | Reward:   -8.0 | MSE: 0.2970 | C_Loss: 0.016 | A_Loss: 0.181 | Alpha: 0.0013
  [!] Running Isolated Validation (Pure CMA vs GNN)...
  -> Val Results: Pure Baseline Errors: 5195 | GNN Errors: 5068
  -> Relative Improvement: 2.445%
Train Ep: 046/270 | Reward:  -20.0 | MSE: 0.2890 | C_Loss: 0.021 | A_Loss: 0.178 | Alpha: 0.0013
Train Ep: 047/270 | Reward:  -15.0 | MSE: 0.4071 | C_Loss: 0.019 | A_Loss: 0.174 | Alpha: 0.0012
Train Ep: 048/270 | Reward:  -11.0 | MSE: 0.3028 | C_Loss: 0.019 | A_Loss: 0.171 | Alpha: 0.0012
Train Ep: 049/270 | Reward:  -43.0 | MSE: 0.3348 | C_Loss: 0.020 | A_Loss: 0.167 | Alpha: 0.0011
Train Ep: 050/270 | Reward:  -14.0 | MSE: 0.3367 | C_Loss: 0.022 | A_Loss: 0.163 | Alpha: 0.0011
  [!] Running Isolated Validation (Pure CMA vs GNN)...
  -> Val Results: Pure Baseline Errors: 5195 | GNN Errors: 5032
  -> Relative Improvement: 3.138%
  *** New Best Model! Net Score improved from 0.02521655437921078 to 0.031376323387872954 ***
[*] Models successfully saved to models/sac_gnn_38_best.pth
Train Ep: 051/270 | Reward:  -37.0 | MSE: 0.3334 | C_Loss: 0.019 | A_Loss: 0.160 | Alpha: 0.0010
Train Ep: 052/270 | Reward:  -45.0 | MSE: 0.1874 | C_Loss: 0.020 | A_Loss: 0.156 | Alpha: 0.0010
Train Ep: 053/270 | Reward:  -18.0 | MSE: 0.1588 | C_Loss: 0.025 | A_Loss: 0.153 | Alpha: 0.0009
Train Ep: 054/270 | Reward:  -59.0 | MSE: 0.2084 | C_Loss: 0.028 | A_Loss: 0.151 | Alpha: 0.0009
Train Ep: 055/270 | Reward:  -18.0 | MSE: 0.2804 | C_Loss: 0.031 | A_Loss: 0.145 | Alpha: 0.0008
  [!] Running Isolated Validation (Pure CMA vs GNN)...
  -> Val Results: Pure Baseline Errors: 5195 | GNN Errors: 4960
  -> Relative Improvement: 4.524%
  *** New Best Model! Net Score improved from 0.031376323387872954 to 0.04523580365736285 ***
[*] Models successfully saved to models/sac_gnn_38_best.pth
Train Ep: 056/270 | Reward:  -64.0 | MSE: 0.2659 | C_Loss: 0.030 | A_Loss: 0.144 | Alpha: 0.0008
Train Ep: 057/270 | Reward:  -82.0 | MSE: 0.3829 | C_Loss: 0.025 | A_Loss: 0.141 | Alpha: 0.0008
Train Ep: 058/270 | Reward:  -30.0 | MSE: 0.2871 | C_Loss: 0.028 | A_Loss: 0.140 | Alpha: 0.0007
Train Ep: 059/270 | Reward:   -8.0 | MSE: 0.3766 | C_Loss: 0.025 | A_Loss: 0.139 | Alpha: 0.0007
Train Ep: 060/270 | Reward:  -19.0 | MSE: 0.2696 | C_Loss: 0.020 | A_Loss: 0.136 | Alpha: 0.0007
  [!] Running Isolated Validation (Pure CMA vs GNN)...
  -> Val Results: Pure Baseline Errors: 5195 | GNN Errors: 4986
  -> Relative Improvement: 4.023%
Train Ep: 061/270 | Reward:  -48.0 | MSE: 0.3920 | C_Loss: 0.022 | A_Loss: 0.132 | Alpha: 0.0006
Train Ep: 062/270 | Reward:  -32.0 | MSE: 0.2970 | C_Loss: 0.024 | A_Loss: 0.132 | Alpha: 0.0006
Train Ep: 063/270 | Reward: -105.0 | MSE: 0.1939 | C_Loss: 0.022 | A_Loss: 0.129 | Alpha: 0.0006
Train Ep: 064/270 | Reward:  -64.0 | MSE: 0.2416 | C_Loss: 0.023 | A_Loss: 0.128 | Alpha: 0.0006
Train Ep: 065/270 | Reward:  -19.0 | MSE: 0.2211 | C_Loss: 0.027 | A_Loss: 0.129 | Alpha: 0.0005
  [!] Running Isolated Validation (Pure CMA vs GNN)...
  -> Val Results: Pure Baseline Errors: 5195 | GNN Errors: 5031
  -> Relative Improvement: 3.157%
Train Ep: 066/270 | Reward:  -29.0 | MSE: 0.4171 | C_Loss: 0.025 | A_Loss: 0.126 | Alpha: 0.0005
Train Ep: 067/270 | Reward:  -29.0 | MSE: 0.3584 | C_Loss: 0.027 | A_Loss: 0.124 | Alpha: 0.0005
Train Ep: 068/270 | Reward:   17.0 | MSE: 0.3994 | C_Loss: 0.026 | A_Loss: 0.121 | Alpha: 0.0005
Train Ep: 069/270 | Reward:   -7.0 | MSE: 0.3614 | C_Loss: 0.027 | A_Loss: 0.117 | Alpha: 0.0004
Train Ep: 070/270 | Reward:  -56.0 | MSE: 0.1959 | C_Loss: 0.026 | A_Loss: 0.113 | Alpha: 0.0004
  [!] Running Isolated Validation (Pure CMA vs GNN)...
  -> Val Results: Pure Baseline Errors: 5195 | GNN Errors: 4977
  -> Relative Improvement: 4.196%
Train Ep: 071/270 | Reward:  -79.0 | MSE: 0.3200 | C_Loss: 0.029 | A_Loss: 0.110 | Alpha: 0.0004
Train Ep: 072/270 | Reward:  -26.0 | MSE: 0.1969 | C_Loss: 0.032 | A_Loss: 0.109 | Alpha: 0.0004
Train Ep: 073/270 | Reward:  -36.0 | MSE: 0.2662 | C_Loss: 0.029 | A_Loss: 0.107 | Alpha: 0.0004
Train Ep: 074/270 | Reward: -134.0 | MSE: 0.2781 | C_Loss: 0.032 | A_Loss: 0.106 | Alpha: 0.0004
Train Ep: 075/270 | Reward:  -22.0 | MSE: 0.3058 | C_Loss: 0.036 | A_Loss: 0.108 | Alpha: 0.0003
  [!] Running Isolated Validation (Pure CMA vs GNN)...
  -> Val Results: Pure Baseline Errors: 5195 | GNN Errors: 4983
  -> Relative Improvement: 4.081%
Train Ep: 076/270 | Reward:  -71.0 | MSE: 0.3747 | C_Loss: 0.035 | A_Loss: 0.106 | Alpha: 0.0003
Train Ep: 077/270 | Reward:  -95.0 | MSE: 0.2888 | C_Loss: 0.030 | A_Loss: 0.108 | Alpha: 0.0003
Train Ep: 078/270 | Reward:  -66.0 | MSE: 0.3439 | C_Loss: 0.027 | A_Loss: 0.112 | Alpha: 0.0003
Train Ep: 079/270 | Reward:  -68.0 | MSE: 0.3522 | C_Loss: 0.029 | A_Loss: 0.111 | Alpha: 0.0003
Train Ep: 080/270 | Reward:  -18.0 | MSE: 0.2627 | C_Loss: 0.031 | A_Loss: 0.113 | Alpha: 0.0003
  [!] Running Isolated Validation (Pure CMA vs GNN)...
  -> Val Results: Pure Baseline Errors: 5195 | GNN Errors: 5023
  -> Relative Improvement: 3.311%
Train Ep: 081/270 | Reward:   18.0 | MSE: 0.2043 | C_Loss: 0.022 | A_Loss: 0.111 | Alpha: 0.0003
Train Ep: 082/270 | Reward:    7.0 | MSE: 0.3220 | C_Loss: 0.019 | A_Loss: 0.108 | Alpha: 0.0003
Train Ep: 083/270 | Reward:   16.0 | MSE: 0.3319 | C_Loss: 0.023 | A_Loss: 0.100 | Alpha: 0.0002
Train Ep: 084/270 | Reward:  -20.0 | MSE: 0.2955 | C_Loss: 0.030 | A_Loss: 0.096 | Alpha: 0.0002
Train Ep: 085/270 | Reward:  -17.0 | MSE: 0.3634 | C_Loss: 0.032 | A_Loss: 0.094 | Alpha: 0.0002
  [!] Running Isolated Validation (Pure CMA vs GNN)...
  -> Val Results: Pure Baseline Errors: 5195 | GNN Errors: 4963
  -> Relative Improvement: 4.466%
Train Ep: 086/270 | Reward:  -94.0 | MSE: 0.3232 | C_Loss: 0.028 | A_Loss: 0.095 | Alpha: 0.0002
Train Ep: 087/270 | Reward:  -76.0 | MSE: 0.3034 | C_Loss: 0.028 | A_Loss: 0.096 | Alpha: 0.0002
Train Ep: 088/270 | Reward:  -29.0 | MSE: 0.2788 | C_Loss: 0.027 | A_Loss: 0.099 | Alpha: 0.0002
Train Ep: 089/270 | Reward:  -39.0 | MSE: 0.2596 | C_Loss: 0.021 | A_Loss: 0.100 | Alpha: 0.0002
Train Ep: 090/270 | Reward:  -54.0 | MSE: 0.3338 | C_Loss: 0.017 | A_Loss: 0.098 | Alpha: 0.0002
  [!] Running Isolated Validation (Pure CMA vs GNN)...
  -> Val Results: Pure Baseline Errors: 5195 | GNN Errors: 5145
  -> Relative Improvement: 0.962%
Train Ep: 091/270 | Reward:  -80.0 | MSE: 0.3380 | C_Loss: 0.022 | A_Loss: 0.098 | Alpha: 0.0002
Train Ep: 092/270 | Reward:  -74.0 | MSE: 0.4210 | C_Loss: 0.030 | A_Loss: 0.099 | Alpha: 0.0002
Train Ep: 093/270 | Reward:    4.0 | MSE: 0.3937 | C_Loss: 0.026 | A_Loss: 0.101 | Alpha: 0.0002
Train Ep: 094/270 | Reward:   35.0 | MSE: 0.2699 | C_Loss: 0.023 | A_Loss: 0.099 | Alpha: 0.0001
Train Ep: 095/270 | Reward:  -29.0 | MSE: 0.3044 | C_Loss: 0.022 | A_Loss: 0.095 | Alpha: 0.0001
  [!] Running Isolated Validation (Pure CMA vs GNN)...
  -> Val Results: Pure Baseline Errors: 5195 | GNN Errors: 5081
  -> Relative Improvement: 2.194%
Train Ep: 096/270 | Reward:  -34.0 | MSE: 0.2299 | C_Loss: 0.016 | A_Loss: 0.096 | Alpha: 0.0001
Train Ep: 097/270 | Reward:  -37.0 | MSE: 0.2390 | C_Loss: 0.018 | A_Loss: 0.094 | Alpha: 0.0001
Train Ep: 098/270 | Reward:  -36.0 | MSE: 0.2437 | C_Loss: 0.020 | A_Loss: 0.093 | Alpha: 0.0001
Train Ep: 099/270 | Reward:  -64.0 | MSE: 0.2419 | C_Loss: 0.017 | A_Loss: 0.095 | Alpha: 0.0001
Train Ep: 100/270 | Reward:  -16.0 | MSE: 0.4722 | C_Loss: 0.017 | A_Loss: 0.096 | Alpha: 0.0001
  [!] Running Isolated Validation (Pure CMA vs GNN)...
  -> Val Results: Pure Baseline Errors: 5195 | GNN Errors: 5116
  -> Relative Improvement: 1.521%
Train Ep: 101/270 | Reward:   -2.0 | MSE: 0.3553 | C_Loss: 0.017 | A_Loss: 0.096 | Alpha: 0.0001
Train Ep: 102/270 | Reward:   27.0 | MSE: 0.3131 | C_Loss: 0.015 | A_Loss: 0.094 | Alpha: 0.0001
Train Ep: 103/270 | Reward:    9.0 | MSE: 0.2613 | C_Loss: 0.014 | A_Loss: 0.091 | Alpha: 0.0001
Train Ep: 104/270 | Reward:   52.0 | MSE: 0.1515 | C_Loss: 0.016 | A_Loss: 0.088 | Alpha: 0.0001
Train Ep: 105/270 | Reward:  -26.0 | MSE: 0.2834 | C_Loss: 0.014 | A_Loss: 0.086 | Alpha: 0.0001
  [!] Running Isolated Validation (Pure CMA vs GNN)...
  -> Val Results: Pure Baseline Errors: 5195 | GNN Errors: 5049
  -> Relative Improvement: 2.810%
Train Ep: 106/270 | Reward:  -43.0 | MSE: 0.2730 | C_Loss: 0.017 | A_Loss: 0.085 | Alpha: 0.0001
Train Ep: 107/270 | Reward:    1.0 | MSE: 0.3566 | C_Loss: 0.019 | A_Loss: 0.084 | Alpha: 0.0001
Train Ep: 108/270 | Reward:  -17.0 | MSE: 0.3314 | C_Loss: 0.019 | A_Loss: 0.084 | Alpha: 0.0001
Train Ep: 109/270 | Reward:  -14.0 | MSE: 0.3361 | C_Loss: 0.016 | A_Loss: 0.083 | Alpha: 0.0001
Train Ep: 110/270 | Reward:  -16.0 | MSE: 0.3273 | C_Loss: 0.017 | A_Loss: 0.082 | Alpha: 0.0001
  [!] Running Isolated Validation (Pure CMA vs GNN)...
  -> Val Results: Pure Baseline Errors: 5195 | GNN Errors: 5095
  -> Relative Improvement: 1.925%
Train Ep: 111/270 | Reward:   -7.0 | MSE: 0.4787 | C_Loss: 0.015 | A_Loss: 0.082 | Alpha: 0.0001
Train Ep: 112/270 | Reward:   30.0 | MSE: 0.3100 | C_Loss: 0.015 | A_Loss: 0.080 | Alpha: 0.0001
Train Ep: 113/270 | Reward:    5.0 | MSE: 0.2439 | C_Loss: 0.016 | A_Loss: 0.077 | Alpha: 0.0001
Train Ep: 114/270 | Reward:  -35.0 | MSE: 0.4361 | C_Loss: 0.019 | A_Loss: 0.077 | Alpha: 0.0001
Train Ep: 115/270 | Reward:  -12.0 | MSE: 0.4228 | C_Loss: 0.019 | A_Loss: 0.077 | Alpha: 0.0001
  [!] Running Isolated Validation (Pure CMA vs GNN)...
  -> Val Results: Pure Baseline Errors: 5195 | GNN Errors: 5030
  -> Relative Improvement: 3.176%
Train Ep: 116/270 | Reward:  -35.0 | MSE: 0.5885 | C_Loss: 0.022 | A_Loss: 0.076 | Alpha: 0.0001
Train Ep: 117/270 | Reward:   36.0 | MSE: 0.2726 | C_Loss: 0.018 | A_Loss: 0.077 | Alpha: 0.0001
Train Ep: 118/270 | Reward:   -1.0 | MSE: 0.3621 | C_Loss: 0.017 | A_Loss: 0.076 | Alpha: 0.0001
Train Ep: 119/270 | Reward:  -36.0 | MSE: 0.4335 | C_Loss: 0.016 | A_Loss: 0.073 | Alpha: 0.0001
Train Ep: 120/270 | Reward:   19.0 | MSE: 0.3041 | C_Loss: 0.021 | A_Loss: 0.072 | Alpha: 0.0001
  [!] Running Isolated Validation (Pure CMA vs GNN)...
  -> Val Results: Pure Baseline Errors: 5195 | GNN Errors: 5001
  -> Relative Improvement: 3.734%
Train Ep: 121/270 | Reward:   25.0 | MSE: 0.3222 | C_Loss: 0.020 | A_Loss: 0.069 | Alpha: 0.0001
Train Ep: 122/270 | Reward:   -8.0 | MSE: 0.3032 | C_Loss: 0.015 | A_Loss: 0.068 | Alpha: 0.0001
Train Ep: 123/270 | Reward:   -5.0 | MSE: 0.3176 | C_Loss: 0.016 | A_Loss: 0.067 | Alpha: 0.0001
Train Ep: 124/270 | Reward:  -27.0 | MSE: 0.2621 | C_Loss: 0.019 | A_Loss: 0.066 | Alpha: 0.0001
Train Ep: 125/270 | Reward:   -5.0 | MSE: 0.3056 | C_Loss: 0.021 | A_Loss: 0.065 | Alpha: 0.0001
  [!] Running Isolated Validation (Pure CMA vs GNN)...
  -> Val Results: Pure Baseline Errors: 5195 | GNN Errors: 5026
  -> Relative Improvement: 3.253%
Train Ep: 126/270 | Reward:  -23.0 | MSE: 0.2131 | C_Loss: 0.022 | A_Loss: 0.064 | Alpha: 0.0001
Train Ep: 127/270 | Reward:   30.0 | MSE: 0.3580 | C_Loss: 0.027 | A_Loss: 0.063 | Alpha: 0.0001
Train Ep: 128/270 | Reward:  -64.0 | MSE: 0.2494 | C_Loss: 0.027 | A_Loss: 0.059 | Alpha: 0.0001
Train Ep: 129/270 | Reward: -107.0 | MSE: 0.2942 | C_Loss: 0.027 | A_Loss: 0.059 | Alpha: 0.0001
Train Ep: 130/270 | Reward:  -48.0 | MSE: 0.3600 | C_Loss: 0.027 | A_Loss: 0.060 | Alpha: 0.0001
  [!] Running Isolated Validation (Pure CMA vs GNN)...
  -> Val Results: Pure Baseline Errors: 5195 | GNN Errors: 5014
  -> Relative Improvement: 3.484%
Train Ep: 131/270 | Reward:  -68.0 | MSE: 0.1679 | C_Loss: 0.026 | A_Loss: 0.064 | Alpha: 0.0001
Train Ep: 132/270 | Reward:  -79.0 | MSE: 0.2851 | C_Loss: 0.025 | A_Loss: 0.063 | Alpha: 0.0001
Train Ep: 133/270 | Reward:  -40.0 | MSE: 0.2704 | C_Loss: 0.024 | A_Loss: 0.065 | Alpha: 0.0001
Train Ep: 134/270 | Reward:  -69.0 | MSE: 0.2268 | C_Loss: 0.022 | A_Loss: 0.065 | Alpha: 0.0001
Train Ep: 135/270 | Reward:  -35.0 | MSE: 0.2836 | C_Loss: 0.023 | A_Loss: 0.065 | Alpha: 0.0001
  [!] Running Isolated Validation (Pure CMA vs GNN)...
  -> Val Results: Pure Baseline Errors: 5195 | GNN Errors: 5070
  -> Relative Improvement: 2.406%
Train Ep: 136/270 | Reward: -133.0 | MSE: 0.3192 | C_Loss: 0.024 | A_Loss: 0.066 | Alpha: 0.0001
Train Ep: 137/270 | Reward: -190.0 | MSE: 0.3352 | C_Loss: 0.027 | A_Loss: 0.071 | Alpha: 0.0001
Train Ep: 138/270 | Reward:  -90.0 | MSE: 0.4453 | C_Loss: 0.028 | A_Loss: 0.075 | Alpha: 0.0001
Train Ep: 139/270 | Reward:  -28.0 | MSE: 0.2364 | C_Loss: 0.021 | A_Loss: 0.078 | Alpha: 0.0001
Train Ep: 140/270 | Reward:  -45.0 | MSE: 0.3155 | C_Loss: 0.014 | A_Loss: 0.080 | Alpha: 0.0001
  [!] Running Isolated Validation (Pure CMA vs GNN)...
  -> Val Results: Pure Baseline Errors: 5195 | GNN Errors: 5176
  -> Relative Improvement: 0.366%
Train Ep: 141/270 | Reward:  -53.0 | MSE: 0.3513 | C_Loss: 0.012 | A_Loss: 0.080 | Alpha: 0.0001
Train Ep: 142/270 | Reward:  -27.0 | MSE: 0.2118 | C_Loss: 0.011 | A_Loss: 0.080 | Alpha: 0.0001
Train Ep: 143/270 | Reward:  -50.0 | MSE: 0.4140 | C_Loss: 0.013 | A_Loss: 0.080 | Alpha: 0.0001
Train Ep: 144/270 | Reward:  -25.0 | MSE: 0.3224 | C_Loss: 0.015 | A_Loss: 0.079 | Alpha: 0.0001
Train Ep: 145/270 | Reward:  -35.0 | MSE: 0.2936 | C_Loss: 0.018 | A_Loss: 0.079 | Alpha: 0.0001
  [!] Running Isolated Validation (Pure CMA vs GNN)...
  -> Val Results: Pure Baseline Errors: 5195 | GNN Errors: 5160
  -> Relative Improvement: 0.674%
Train Ep: 146/270 | Reward:   10.0 | MSE: 0.2774 | C_Loss: 0.014 | A_Loss: 0.078 | Alpha: 0.0001
Train Ep: 147/270 | Reward:  -30.0 | MSE: 0.4019 | C_Loss: 0.013 | A_Loss: 0.077 | Alpha: 0.0001
Train Ep: 148/270 | Reward:  -54.0 | MSE: 0.2754 | C_Loss: 0.017 | A_Loss: 0.075 | Alpha: 0.0001
Train Ep: 149/270 | Reward:  -12.0 | MSE: 0.3207 | C_Loss: 0.021 | A_Loss: 0.075 | Alpha: 0.0001
Train Ep: 150/270 | Reward: -113.0 | MSE: 0.2848 | C_Loss: 0.020 | A_Loss: 0.076 | Alpha: 0.0001
  [!] Running Isolated Validation (Pure CMA vs GNN)...
  -> Val Results: Pure Baseline Errors: 5195 | GNN Errors: 5119
  -> Relative Improvement: 1.463%
Train Ep: 151/270 | Reward:  -57.0 | MSE: 0.3751 | C_Loss: 0.024 | A_Loss: 0.075 | Alpha: 0.0001
Train Ep: 152/270 | Reward:  -20.0 | MSE: 0.2491 | C_Loss: 0.020 | A_Loss: 0.077 | Alpha: 0.0001
Train Ep: 153/270 | Reward:  -50.0 | MSE: 0.2805 | C_Loss: 0.018 | A_Loss: 0.075 | Alpha: 0.0001
Train Ep: 154/270 | Reward:  -71.0 | MSE: 0.2886 | C_Loss: 0.016 | A_Loss: 0.075 | Alpha: 0.0001
Train Ep: 155/270 | Reward:  -34.0 | MSE: 0.3741 | C_Loss: 0.018 | A_Loss: 0.077 | Alpha: 0.0001
  [!] Running Isolated Validation (Pure CMA vs GNN)...
  -> Val Results: Pure Baseline Errors: 5195 | GNN Errors: 5109
  -> Relative Improvement: 1.655%
Train Ep: 156/270 | Reward: -103.0 | MSE: 0.3711 | C_Loss: 0.022 | A_Loss: 0.076 | Alpha: 0.0001
Train Ep: 157/270 | Reward:  -17.0 | MSE: 0.3551 | C_Loss: 0.024 | A_Loss: 0.078 | Alpha: 0.0001
Train Ep: 158/270 | Reward:    1.0 | MSE: 0.3781 | C_Loss: 0.019 | A_Loss: 0.079 | Alpha: 0.0001
Train Ep: 159/270 | Reward:  -20.0 | MSE: 0.3377 | C_Loss: 0.017 | A_Loss: 0.078 | Alpha: 0.0001
Train Ep: 160/270 | Reward:  -10.0 | MSE: 0.1981 | C_Loss: 0.014 | A_Loss: 0.076 | Alpha: 0.0001
  [!] Running Isolated Validation (Pure CMA vs GNN)...
  -> Val Results: Pure Baseline Errors: 5195 | GNN Errors: 5079
  -> Relative Improvement: 2.233%
Train Ep: 161/270 | Reward:  -26.0 | MSE: 0.3540 | C_Loss: 0.014 | A_Loss: 0.076 | Alpha: 0.0001
Train Ep: 162/270 | Reward:    1.0 | MSE: 0.2423 | C_Loss: 0.013 | A_Loss: 0.074 | Alpha: 0.0001
Train Ep: 163/270 | Reward:    5.0 | MSE: 0.4855 | C_Loss: 0.011 | A_Loss: 0.074 | Alpha: 0.0001
Train Ep: 164/270 | Reward:    4.0 | MSE: 0.2329 | C_Loss: 0.010 | A_Loss: 0.072 | Alpha: 0.0001
Train Ep: 165/270 | Reward:  -14.0 | MSE: 0.4071 | C_Loss: 0.010 | A_Loss: 0.071 | Alpha: 0.0001
  [!] Running Isolated Validation (Pure CMA vs GNN)...
  -> Val Results: Pure Baseline Errors: 5195 | GNN Errors: 5101
  -> Relative Improvement: 1.809%
Train Ep: 166/270 | Reward:  -45.0 | MSE: 0.2843 | C_Loss: 0.013 | A_Loss: 0.071 | Alpha: 0.0001
Train Ep: 167/270 | Reward:  -13.0 | MSE: 0.2297 | C_Loss: 0.014 | A_Loss: 0.071 | Alpha: 0.0001
Train Ep: 168/270 | Reward:  -46.0 | MSE: 0.3169 | C_Loss: 0.016 | A_Loss: 0.071 | Alpha: 0.0001
Train Ep: 169/270 | Reward:  -16.0 | MSE: 0.3608 | C_Loss: 0.016 | A_Loss: 0.072 | Alpha: 0.0001
Train Ep: 170/270 | Reward:  -72.0 | MSE: 0.3073 | C_Loss: 0.018 | A_Loss: 0.071 | Alpha: 0.0001
  [!] Running Isolated Validation (Pure CMA vs GNN)...
  -> Val Results: Pure Baseline Errors: 5195 | GNN Errors: 5141
  -> Relative Improvement: 1.039%
Train Ep: 171/270 | Reward:  -54.0 | MSE: 0.2164 | C_Loss: 0.019 | A_Loss: 0.070 | Alpha: 0.0001
Train Ep: 172/270 | Reward:  -31.0 | MSE: 0.3538 | C_Loss: 0.019 | A_Loss: 0.072 | Alpha: 0.0001
Train Ep: 173/270 | Reward:  -13.0 | MSE: 0.3833 | C_Loss: 0.016 | A_Loss: 0.074 | Alpha: 0.0001
Train Ep: 174/270 | Reward:   10.0 | MSE: 0.1882 | C_Loss: 0.012 | A_Loss: 0.075 | Alpha: 0.0001
Train Ep: 175/270 | Reward:  -15.0 | MSE: 0.4026 | C_Loss: 0.013 | A_Loss: 0.073 | Alpha: 0.0001
  [!] Running Isolated Validation (Pure CMA vs GNN)...
  -> Val Results: Pure Baseline Errors: 5195 | GNN Errors: 5082
  -> Relative Improvement: 2.175%
Train Ep: 176/270 | Reward:  -10.0 | MSE: 0.3602 | C_Loss: 0.022 | A_Loss: 0.071 | Alpha: 0.0001
Train Ep: 177/270 | Reward:  -18.0 | MSE: 0.3768 | C_Loss: 0.024 | A_Loss: 0.072 | Alpha: 0.0001
Train Ep: 178/270 | Reward:  -27.0 | MSE: 0.2250 | C_Loss: 0.023 | A_Loss: 0.072 | Alpha: 0.0001
Train Ep: 179/270 | Reward:  -26.0 | MSE: 0.2922 | C_Loss: 0.020 | A_Loss: 0.071 | Alpha: 0.0001
Train Ep: 180/270 | Reward:  -45.0 | MSE: 0.3420 | C_Loss: 0.022 | A_Loss: 0.070 | Alpha: 0.0001
  [!] Running Isolated Validation (Pure CMA vs GNN)...
  -> Val Results: Pure Baseline Errors: 5195 | GNN Errors: 5096
  -> Relative Improvement: 1.906%
Train Ep: 181/270 | Reward:  -20.0 | MSE: 0.2636 | C_Loss: 0.017 | A_Loss: 0.072 | Alpha: 0.0001
Train Ep: 182/270 | Reward: -100.0 | MSE: 0.3744 | C_Loss: 0.015 | A_Loss: 0.072 | Alpha: 0.0001
Train Ep: 183/270 | Reward:   11.0 | MSE: 0.3879 | C_Loss: 0.015 | A_Loss: 0.074 | Alpha: 0.0001
Train Ep: 184/270 | Reward:  -14.0 | MSE: 0.3223 | C_Loss: 0.016 | A_Loss: 0.074 | Alpha: 0.0001
Train Ep: 185/270 | Reward:  -63.0 | MSE: 0.3318 | C_Loss: 0.013 | A_Loss: 0.073 | Alpha: 0.0001
  [!] Running Isolated Validation (Pure CMA vs GNN)...
  -> Val Results: Pure Baseline Errors: 5195 | GNN Errors: 5099
  -> Relative Improvement: 1.848%
Train Ep: 186/270 | Reward:    2.0 | MSE: 0.3522 | C_Loss: 0.015 | A_Loss: 0.073 | Alpha: 0.0001
Train Ep: 187/270 | Reward:  -23.0 | MSE: 0.3165 | C_Loss: 0.017 | A_Loss: 0.071 | Alpha: 0.0001
Train Ep: 188/270 | Reward:  -77.0 | MSE: 0.2817 | C_Loss: 0.020 | A_Loss: 0.071 | Alpha: 0.0001
Train Ep: 189/270 | Reward:  -52.0 | MSE: 0.4325 | C_Loss: 0.022 | A_Loss: 0.072 | Alpha: 0.0001
Train Ep: 190/270 | Reward:  -13.0 | MSE: 0.2722 | C_Loss: 0.020 | A_Loss: 0.073 | Alpha: 0.0001
  [!] Running Isolated Validation (Pure CMA vs GNN)...
  -> Val Results: Pure Baseline Errors: 5195 | GNN Errors: 5107
  -> Relative Improvement: 1.694%
Train Ep: 191/270 | Reward: -140.0 | MSE: 0.2637 | C_Loss: 0.018 | A_Loss: 0.072 | Alpha: 0.0001
Train Ep: 192/270 | Reward: -101.0 | MSE: 0.2994 | C_Loss: 0.022 | A_Loss: 0.074 | Alpha: 0.0001
Train Ep: 193/270 | Reward:  -52.0 | MSE: 0.3092 | C_Loss: 0.020 | A_Loss: 0.078 | Alpha: 0.0001
Train Ep: 194/270 | Reward:    9.0 | MSE: 0.2659 | C_Loss: 0.018 | A_Loss: 0.080 | Alpha: 0.0001
Train Ep: 195/270 | Reward:  -59.0 | MSE: 0.2496 | C_Loss: 0.018 | A_Loss: 0.079 | Alpha: 0.0001
  [!] Running Isolated Validation (Pure CMA vs GNN)...
  -> Val Results: Pure Baseline Errors: 5195 | GNN Errors: 5135
  -> Relative Improvement: 1.155%
Train Ep: 196/270 | Reward:  -70.0 | MSE: 0.3657 | C_Loss: 0.017 | A_Loss: 0.080 | Alpha: 0.0001
Train Ep: 197/270 | Reward:  -84.0 | MSE: 0.1972 | C_Loss: 0.020 | A_Loss: 0.080 | Alpha: 0.0001
Train Ep: 198/270 | Reward:   20.0 | MSE: 0.3769 | C_Loss: 0.018 | A_Loss: 0.082 | Alpha: 0.0001
Train Ep: 199/270 | Reward:  -70.0 | MSE: 0.2691 | C_Loss: 0.016 | A_Loss: 0.082 | Alpha: 0.0001
Train Ep: 200/270 | Reward:  -59.0 | MSE: 0.3640 | C_Loss: 0.021 | A_Loss: 0.081 | Alpha: 0.0001
  [!] Running Isolated Validation (Pure CMA vs GNN)...
  -> Val Results: Pure Baseline Errors: 5195 | GNN Errors: 5112
  -> Relative Improvement: 1.598%
Train Ep: 201/270 | Reward:  -63.0 | MSE: 0.3594 | C_Loss: 0.026 | A_Loss: 0.083 | Alpha: 0.0001
Train Ep: 202/270 | Reward:  -66.0 | MSE: 0.3549 | C_Loss: 0.023 | A_Loss: 0.084 | Alpha: 0.0001
Train Ep: 203/270 | Reward: -144.0 | MSE: 0.3287 | C_Loss: 0.024 | A_Loss: 0.084 | Alpha: 0.0001
Train Ep: 204/270 | Reward: -162.0 | MSE: 0.3326 | C_Loss: 0.035 | A_Loss: 0.085 | Alpha: 0.0001
Train Ep: 205/270 | Reward:   -4.0 | MSE: 0.2576 | C_Loss: 0.032 | A_Loss: 0.089 | Alpha: 0.0001
  [!] Running Isolated Validation (Pure CMA vs GNN)...
  -> Val Results: Pure Baseline Errors: 5195 | GNN Errors: 5141
  -> Relative Improvement: 1.039%
Train Ep: 206/270 | Reward:  -25.0 | MSE: 0.3085 | C_Loss: 0.019 | A_Loss: 0.089 | Alpha: 0.0001
Train Ep: 207/270 | Reward:    7.0 | MSE: 0.4156 | C_Loss: 0.011 | A_Loss: 0.089 | Alpha: 0.0001
Train Ep: 208/270 | Reward:   10.0 | MSE: 0.3492 | C_Loss: 0.006 | A_Loss: 0.088 | Alpha: 0.0001
Train Ep: 209/270 | Reward:  -10.0 | MSE: 0.2448 | C_Loss: 0.011 | A_Loss: 0.086 | Alpha: 0.0001
Train Ep: 210/270 | Reward:   29.0 | MSE: 0.4349 | C_Loss: 0.014 | A_Loss: 0.085 | Alpha: 0.0001
  [!] Running Isolated Validation (Pure CMA vs GNN)...
  -> Val Results: Pure Baseline Errors: 5195 | GNN Errors: 5108
  -> Relative Improvement: 1.675%
Train Ep: 211/270 | Reward:  -13.0 | MSE: 0.3085 | C_Loss: 0.012 | A_Loss: 0.085 | Alpha: 0.0001
Train Ep: 212/270 | Reward:  -46.0 | MSE: 0.2150 | C_Loss: 0.013 | A_Loss: 0.084 | Alpha: 0.0001
Train Ep: 213/270 | Reward:  -53.0 | MSE: 0.3604 | C_Loss: 0.014 | A_Loss: 0.084 | Alpha: 0.0001
Train Ep: 214/270 | Reward: -138.0 | MSE: 0.3745 | C_Loss: 0.020 | A_Loss: 0.083 | Alpha: 0.0001
Train Ep: 215/270 | Reward: -400.0 | MSE: 0.2279 | C_Loss: 0.037 | A_Loss: 0.083 | Alpha: 0.0001
  [!] Running Isolated Validation (Pure CMA vs GNN)...
  -> Val Results: Pure Baseline Errors: 5195 | GNN Errors: 5086
  -> Relative Improvement: 2.098%
Train Ep: 216/270 | Reward:  -24.0 | MSE: 0.2569 | C_Loss: 0.043 | A_Loss: 0.092 | Alpha: 0.0001
Train Ep: 217/270 | Reward:   12.0 | MSE: 0.3313 | C_Loss: 0.023 | A_Loss: 0.096 | Alpha: 0.0001
Train Ep: 218/270 | Reward:   42.0 | MSE: 0.3476 | C_Loss: 0.006 | A_Loss: 0.093 | Alpha: 0.0001
Train Ep: 219/270 | Reward:    6.0 | MSE: 0.3219 | C_Loss: 0.006 | A_Loss: 0.090 | Alpha: 0.0001
Train Ep: 220/270 | Reward:  -44.0 | MSE: 0.3917 | C_Loss: 0.012 | A_Loss: 0.088 | Alpha: 0.0001
  [!] Running Isolated Validation (Pure CMA vs GNN)...
  -> Val Results: Pure Baseline Errors: 5195 | GNN Errors: 5094
  -> Relative Improvement: 1.944%
Train Ep: 221/270 | Reward:   -2.0 | MSE: 0.3074 | C_Loss: 0.015 | A_Loss: 0.088 | Alpha: 0.0001
Train Ep: 222/270 | Reward:   -1.0 | MSE: 0.3365 | C_Loss: 0.010 | A_Loss: 0.087 | Alpha: 0.0001
Train Ep: 223/270 | Reward: -101.0 | MSE: 0.2310 | C_Loss: 0.010 | A_Loss: 0.085 | Alpha: 0.0001
Train Ep: 224/270 | Reward:    1.0 | MSE: 0.4412 | C_Loss: 0.016 | A_Loss: 0.086 | Alpha: 0.0001
Train Ep: 225/270 | Reward:   53.0 | MSE: 0.4569 | C_Loss: 0.010 | A_Loss: 0.086 | Alpha: 0.0001
  [!] Running Isolated Validation (Pure CMA vs GNN)...
  -> Val Results: Pure Baseline Errors: 5195 | GNN Errors: 5173
  -> Relative Improvement: 0.423%
Train Ep: 226/270 | Reward:  -75.0 | MSE: 0.3038 | C_Loss: 0.010 | A_Loss: 0.083 | Alpha: 0.0001
Train Ep: 227/270 | Reward:  -27.0 | MSE: 0.3300 | C_Loss: 0.015 | A_Loss: 0.082 | Alpha: 0.0001
Train Ep: 228/270 | Reward:  -79.0 | MSE: 0.2153 | C_Loss: 0.014 | A_Loss: 0.082 | Alpha: 0.0001
Train Ep: 229/270 | Reward: -176.0 | MSE: 0.2403 | C_Loss: 0.026 | A_Loss: 0.084 | Alpha: 0.0001
Train Ep: 230/270 | Reward: -110.0 | MSE: 0.3077 | C_Loss: 0.027 | A_Loss: 0.088 | Alpha: 0.0001
  [!] Running Isolated Validation (Pure CMA vs GNN)...
  -> Val Results: Pure Baseline Errors: 5195 | GNN Errors: 5188
  -> Relative Improvement: 0.135%
Train Ep: 231/270 | Reward:  -37.0 | MSE: 0.3011 | C_Loss: 0.022 | A_Loss: 0.092 | Alpha: 0.0001
Train Ep: 232/270 | Reward:  -28.0 | MSE: 0.2799 | C_Loss: 0.012 | A_Loss: 0.092 | Alpha: 0.0001
Train Ep: 233/270 | Reward:  -94.0 | MSE: 0.3902 | C_Loss: 0.011 | A_Loss: 0.091 | Alpha: 0.0001
Train Ep: 234/270 | Reward:  -79.0 | MSE: 0.2759 | C_Loss: 0.015 | A_Loss: 0.093 | Alpha: 0.0001
Train Ep: 235/270 | Reward:  -56.0 | MSE: 0.4535 | C_Loss: 0.016 | A_Loss: 0.095 | Alpha: 0.0001
  [!] Running Isolated Validation (Pure CMA vs GNN)...
  -> Val Results: Pure Baseline Errors: 5195 | GNN Errors: 5184
  -> Relative Improvement: 0.212%
Train Ep: 236/270 | Reward:    9.0 | MSE: 0.3544 | C_Loss: 0.013 | A_Loss: 0.097 | Alpha: 0.0001
Train Ep: 237/270 | Reward:  -77.0 | MSE: 0.2549 | C_Loss: 0.015 | A_Loss: 0.094 | Alpha: 0.0001
Train Ep: 238/270 | Reward:   12.0 | MSE: 0.3238 | C_Loss: 0.015 | A_Loss: 0.094 | Alpha: 0.0001
Train Ep: 239/270 | Reward:    7.0 | MSE: 0.2538 | C_Loss: 0.011 | A_Loss: 0.093 | Alpha: 0.0001
Train Ep: 240/270 | Reward:  -23.0 | MSE: 0.3357 | C_Loss: 0.005 | A_Loss: 0.091 | Alpha: 0.0001
  [!] Running Isolated Validation (Pure CMA vs GNN)...
  -> Val Results: Pure Baseline Errors: 5195 | GNN Errors: 5127
  -> Relative Improvement: 1.309%
Train Ep: 241/270 | Reward:  -29.0 | MSE: 0.3708 | C_Loss: 0.007 | A_Loss: 0.088 | Alpha: 0.0001
Train Ep: 242/270 | Reward: -208.0 | MSE: 0.2023 | C_Loss: 0.021 | A_Loss: 0.087 | Alpha: 0.0001
Train Ep: 243/270 | Reward: -192.0 | MSE: 0.3533 | C_Loss: 0.034 | A_Loss: 0.090 | Alpha: 0.0001
Train Ep: 244/270 | Reward:  -55.0 | MSE: 0.3457 | C_Loss: 0.037 | A_Loss: 0.097 | Alpha: 0.0001
Train Ep: 245/270 | Reward:   13.0 | MSE: 0.3855 | C_Loss: 0.018 | A_Loss: 0.098 | Alpha: 0.0001
  [!] Running Isolated Validation (Pure CMA vs GNN)...
  -> Val Results: Pure Baseline Errors: 5195 | GNN Errors: 5180
  -> Relative Improvement: 0.289%
Train Ep: 246/270 | Reward:   10.0 | MSE: 0.2475 | C_Loss: 0.004 | A_Loss: 0.095 | Alpha: 0.0001
Train Ep: 247/270 | Reward:   14.0 | MSE: 0.3136 | C_Loss: 0.003 | A_Loss: 0.093 | Alpha: 0.0001
Train Ep: 248/270 | Reward:   24.0 | MSE: 0.4247 | C_Loss: 0.003 | A_Loss: 0.091 | Alpha: 0.0001
Train Ep: 249/270 | Reward:   13.0 | MSE: 0.2564 | C_Loss: 0.004 | A_Loss: 0.089 | Alpha: 0.0001
Train Ep: 250/270 | Reward:  -18.0 | MSE: 0.2779 | C_Loss: 0.006 | A_Loss: 0.087 | Alpha: 0.0001
  [!] Running Isolated Validation (Pure CMA vs GNN)...
  -> Val Results: Pure Baseline Errors: 5195 | GNN Errors: 5131
  -> Relative Improvement: 1.232%
Train Ep: 251/270 | Reward:  -63.0 | MSE: 0.3936 | C_Loss: 0.013 | A_Loss: 0.086 | Alpha: 0.0001
Train Ep: 252/270 | Reward:  -53.0 | MSE: 0.3157 | C_Loss: 0.016 | A_Loss: 0.085 | Alpha: 0.0001
Train Ep: 253/270 | Reward: -115.0 | MSE: 0.3850 | C_Loss: 0.021 | A_Loss: 0.087 | Alpha: 0.0001
Train Ep: 254/270 | Reward: -116.0 | MSE: 0.3125 | C_Loss: 0.022 | A_Loss: 0.089 | Alpha: 0.0001
Train Ep: 255/270 | Reward: -299.0 | MSE: 0.1987 | C_Loss: 0.030 | A_Loss: 0.092 | Alpha: 0.0001
  [!] Running Isolated Validation (Pure CMA vs GNN)...
  -> Val Results: Pure Baseline Errors: 5195 | GNN Errors: 5101
  -> Relative Improvement: 1.809%
Train Ep: 256/270 | Reward: -274.0 | MSE: 0.1969 | C_Loss: 0.045 | A_Loss: 0.098 | Alpha: 0.0001
Train Ep: 257/270 | Reward:   -1.0 | MSE: 0.3774 | C_Loss: 0.037 | A_Loss: 0.105 | Alpha: 0.0001
Train Ep: 258/270 | Reward:    4.0 | MSE: 0.2431 | C_Loss: 0.017 | A_Loss: 0.105 | Alpha: 0.0001
Train Ep: 259/270 | Reward:    8.0 | MSE: 0.2956 | C_Loss: 0.003 | A_Loss: 0.103 | Alpha: 0.0001
Train Ep: 260/270 | Reward:    7.0 | MSE: 0.3758 | C_Loss: 0.004 | A_Loss: 0.101 | Alpha: 0.0001
  [!] Running Isolated Validation (Pure CMA vs GNN)...
  -> Val Results: Pure Baseline Errors: 5195 | GNN Errors: 5144
  -> Relative Improvement: 0.982%
Train Ep: 261/270 | Reward:   27.0 | MSE: 0.2290 | C_Loss: 0.006 | A_Loss: 0.098 | Alpha: 0.0001
Train Ep: 262/270 | Reward:   -1.0 | MSE: 0.3121 | C_Loss: 0.011 | A_Loss: 0.096 | Alpha: 0.0001
Train Ep: 263/270 | Reward:  -24.0 | MSE: 0.2941 | C_Loss: 0.014 | A_Loss: 0.094 | Alpha: 0.0001
Train Ep: 264/270 | Reward:  -24.0 | MSE: 0.2538 | C_Loss: 0.013 | A_Loss: 0.092 | Alpha: 0.0001
Train Ep: 265/270 | Reward:   -4.0 | MSE: 0.3072 | C_Loss: 0.008 | A_Loss: 0.091 | Alpha: 0.0001
  [!] Running Isolated Validation (Pure CMA vs GNN)...
  -> Val Results: Pure Baseline Errors: 5195 | GNN Errors: 5179
  -> Relative Improvement: 0.308%
Train Ep: 266/270 | Reward:    4.0 | MSE: 0.4097 | C_Loss: 0.006 | A_Loss: 0.091 | Alpha: 0.0001
Train Ep: 267/270 | Reward:   15.0 | MSE: 0.1959 | C_Loss: 0.003 | A_Loss: 0.090 | Alpha: 0.0001
Train Ep: 268/270 | Reward:   -3.0 | MSE: 0.3174 | C_Loss: 0.004 | A_Loss: 0.088 | Alpha: 0.0001
Train Ep: 269/270 | Reward:  -27.0 | MSE: 0.4156 | C_Loss: 0.006 | A_Loss: 0.087 | Alpha: 0.0001
Train Ep: 270/270 | Reward:  -77.0 | MSE: 0.3747 | C_Loss: 0.015 | A_Loss: 0.084 | Alpha: 0.0001
  [!] Running Isolated Validation (Pure CMA vs GNN)...
  -> Val Results: Pure Baseline Errors: 5195 | GNN Errors: 5097
  -> Relative Improvement: 1.886%

Training complete in 47393.32 seconds.
[*] Models successfully saved to models/sac_gnn_38.pth
Training plots saved to 'plots/training_metrics_38.png'
[*] The best performing model during validation was saved to: models/sac_gnn_38_best.pth
Training run time = 47395.10 s
Job finished at: Sat Apr 18 08:37:06 CEST 2026
