Job started at: Thu Apr 23 20:02:36 CEST 2026
Starting Run 45: Gamma=0.0 | Layers=1 | Mismatch=30.0 | action_scale=6 | Using P.C.
SLURM Mode Received: 0
Execution Pipeline: ['train']
Loaded Configuration: {'mode': 0, 'model_path': 'models/sac_gnn_45.pth', 'training_metrics_filename': 'training_metrics_45.png', 'distance': 5, 'n_rounds': 5, 'p': 0.004, 'p_gate_zz': 0.0, 'mismatch': 30.0, 'n_shots': 65000, 'n_test_shots': 10000, 'burn_in_steps': 15000, 'bypass_threshold': 2, 'action_scale': 6.0, 'update_period': 100, 'prior_shots': 1000, 'local_action_only': True, 'local_action_hops': 1, 'n_layers': 1, 'use_pearson_correlation': True, 'hidden_dim': 256, 'lr': 0.0001, 'gamma': 0.0, 'tau': 0.005, 'alpha': 0.01, 'batch_size': 64, 'buffer_capacity': 100000, 'update_frequency': 100, 'train_episodes': 350, 'test_episodes': 20}

Initializing environment...

############################################################
### RUNNING MODE: TRAIN
############################################################

========================================
STARTING TRAINING (Episodes: 350)
========================================
Train Ep: 001/350 | Reward: -1384.0 | MSE: 0.3578 | C_Loss: 0.102 | A_Loss: 0.030 | Alpha: 0.0095
Train Ep: 002/350 | Reward: -795.0 | MSE: 0.3435 | C_Loss: 0.087 | A_Loss: 0.020 | Alpha: 0.0091
Train Ep: 003/350 | Reward: -539.0 | MSE: 0.2351 | C_Loss: 0.076 | A_Loss: 0.013 | Alpha: 0.0087
Train Ep: 004/350 | Reward: -109.0 | MSE: 0.2962 | C_Loss: 0.057 | A_Loss: 0.008 | Alpha: 0.0083
Train Ep: 005/350 | Reward:  -55.0 | MSE: 0.4547 | C_Loss: 0.026 | A_Loss: 0.000 | Alpha: 0.0079
Train Ep: 006/350 | Reward:  -37.0 | MSE: 0.3509 | C_Loss: 0.013 | A_Loss: -0.001 | Alpha: 0.0076
Train Ep: 007/350 | Reward: -125.0 | MSE: 0.2624 | C_Loss: 0.017 | A_Loss: -0.002 | Alpha: 0.0072
Train Ep: 008/350 | Reward: -110.0 | MSE: 0.3329 | C_Loss: 0.021 | A_Loss: 0.000 | Alpha: 0.0069
Train Ep: 009/350 | Reward: -128.0 | MSE: 0.2588 | C_Loss: 0.022 | A_Loss: -0.000 | Alpha: 0.0066
Train Ep: 010/350 | Reward: -143.0 | MSE: 0.4164 | C_Loss: 0.021 | A_Loss: 0.000 | Alpha: 0.0063
Train Ep: 011/350 | Reward:  -76.0 | MSE: 0.2511 | C_Loss: 0.020 | A_Loss: 0.000 | Alpha: 0.0060
Train Ep: 012/350 | Reward: -176.0 | MSE: 0.2800 | C_Loss: 0.021 | A_Loss: -0.001 | Alpha: 0.0058
Train Ep: 013/350 | Reward: -157.0 | MSE: 0.3541 | C_Loss: 0.024 | A_Loss: -0.000 | Alpha: 0.0055
Train Ep: 014/350 | Reward:  -56.0 | MSE: 0.3327 | C_Loss: 0.025 | A_Loss: 0.001 | Alpha: 0.0053
Train Ep: 015/350 | Reward:  -91.0 | MSE: 0.1967 | C_Loss: 0.021 | A_Loss: 0.000 | Alpha: 0.0050
Train Ep: 016/350 | Reward: -294.0 | MSE: 0.2371 | C_Loss: 0.025 | A_Loss: 0.000 | Alpha: 0.0048
Train Ep: 017/350 | Reward: -192.0 | MSE: 0.4489 | C_Loss: 0.033 | A_Loss: 0.002 | Alpha: 0.0046
Train Ep: 018/350 | Reward: -282.0 | MSE: 0.3167 | C_Loss: 0.038 | A_Loss: 0.003 | Alpha: 0.0044
Train Ep: 019/350 | Reward: -128.0 | MSE: 0.3115 | C_Loss: 0.039 | A_Loss: 0.004 | Alpha: 0.0042
Train Ep: 020/350 | Reward:  -46.0 | MSE: 0.1944 | C_Loss: 0.026 | A_Loss: 0.000 | Alpha: 0.0040
Train Ep: 021/350 | Reward:  -36.0 | MSE: 0.4325 | C_Loss: 0.012 | A_Loss: -0.000 | Alpha: 0.0038
Train Ep: 022/350 | Reward:  -27.0 | MSE: 0.3569 | C_Loss: 0.013 | A_Loss: -0.001 | Alpha: 0.0037
Train Ep: 023/350 | Reward:  -64.0 | MSE: 0.2770 | C_Loss: 0.018 | A_Loss: -0.000 | Alpha: 0.0035
Train Ep: 024/350 | Reward: -120.0 | MSE: 0.2480 | C_Loss: 0.023 | A_Loss: 0.000 | Alpha: 0.0033
Train Ep: 025/350 | Reward:  -60.0 | MSE: 0.3653 | C_Loss: 0.023 | A_Loss: 0.000 | Alpha: 0.0032
Train Ep: 026/350 | Reward: -193.0 | MSE: 0.3470 | C_Loss: 0.023 | A_Loss: -0.000 | Alpha: 0.0030
Train Ep: 027/350 | Reward: -184.0 | MSE: 0.3596 | C_Loss: 0.027 | A_Loss: 0.001 | Alpha: 0.0029
Train Ep: 028/350 | Reward:  -42.0 | MSE: 0.3112 | C_Loss: 0.022 | A_Loss: 0.001 | Alpha: 0.0028
Train Ep: 029/350 | Reward:  -71.0 | MSE: 0.2908 | C_Loss: 0.019 | A_Loss: 0.000 | Alpha: 0.0027
Train Ep: 030/350 | Reward:  -84.0 | MSE: 0.3011 | C_Loss: 0.019 | A_Loss: 0.000 | Alpha: 0.0025
Train Ep: 031/350 | Reward:  -98.0 | MSE: 0.2727 | C_Loss: 0.019 | A_Loss: 0.001 | Alpha: 0.0024
Train Ep: 032/350 | Reward: -189.0 | MSE: 0.3205 | C_Loss: 0.023 | A_Loss: 0.001 | Alpha: 0.0023
Train Ep: 033/350 | Reward: -171.0 | MSE: 0.3058 | C_Loss: 0.030 | A_Loss: 0.002 | Alpha: 0.0022
Train Ep: 034/350 | Reward: -312.0 | MSE: 0.3592 | C_Loss: 0.035 | A_Loss: 0.003 | Alpha: 0.0021
Train Ep: 035/350 | Reward: -169.0 | MSE: 0.2415 | C_Loss: 0.037 | A_Loss: 0.005 | Alpha: 0.0020
Train Ep: 036/350 | Reward: -106.0 | MSE: 0.2810 | C_Loss: 0.026 | A_Loss: 0.003 | Alpha: 0.0019
Train Ep: 037/350 | Reward: -128.0 | MSE: 0.2931 | C_Loss: 0.024 | A_Loss: 0.002 | Alpha: 0.0018
Train Ep: 038/350 | Reward: -249.0 | MSE: 0.4315 | C_Loss: 0.028 | A_Loss: 0.002 | Alpha: 0.0018
Train Ep: 039/350 | Reward:  -65.0 | MSE: 0.3162 | C_Loss: 0.031 | A_Loss: 0.002 | Alpha: 0.0017
Train Ep: 040/350 | Reward:   -3.0 | MSE: 0.4375 | C_Loss: 0.020 | A_Loss: 0.001 | Alpha: 0.0016
Train Ep: 041/350 | Reward:  -53.0 | MSE: 0.4018 | C_Loss: 0.013 | A_Loss: -0.001 | Alpha: 0.0016
Train Ep: 042/350 | Reward: -114.0 | MSE: 0.3853 | C_Loss: 0.018 | A_Loss: -0.001 | Alpha: 0.0015
Train Ep: 043/350 | Reward:  -50.0 | MSE: 0.2526 | C_Loss: 0.018 | A_Loss: 0.001 | Alpha: 0.0014
Train Ep: 044/350 | Reward: -142.0 | MSE: 0.3017 | C_Loss: 0.019 | A_Loss: 0.001 | Alpha: 0.0014
Train Ep: 045/350 | Reward:  -13.0 | MSE: 0.3331 | C_Loss: 0.018 | A_Loss: 0.001 | Alpha: 0.0013
Train Ep: 046/350 | Reward:  -34.0 | MSE: 0.3237 | C_Loss: 0.013 | A_Loss: 0.000 | Alpha: 0.0012
Train Ep: 047/350 | Reward:  -40.0 | MSE: 0.2911 | C_Loss: 0.011 | A_Loss: 0.001 | Alpha: 0.0012
Train Ep: 048/350 | Reward:  -14.0 | MSE: 0.3926 | C_Loss: 0.010 | A_Loss: 0.000 | Alpha: 0.0011
Train Ep: 049/350 | Reward:   -5.0 | MSE: 0.2283 | C_Loss: 0.010 | A_Loss: 0.000 | Alpha: 0.0011
Train Ep: 050/350 | Reward:    0.0 | MSE: 0.4272 | C_Loss: 0.008 | A_Loss: -0.000 | Alpha: 0.0010
Train Ep: 051/350 | Reward:    1.0 | MSE: 0.2996 | C_Loss: 0.007 | A_Loss: -0.000 | Alpha: 0.0010
  [!] Reward crossed 0! Unlocking Validation phase for the rest of training.
Train Ep: 052/350 | Reward:  -10.0 | MSE: 0.3715 | C_Loss: 0.006 | A_Loss: -0.000 | Alpha: 0.0010
Train Ep: 053/350 | Reward:    5.0 | MSE: 0.4452 | C_Loss: 0.005 | A_Loss: 0.000 | Alpha: 0.0009
Train Ep: 054/350 | Reward:  -22.0 | MSE: 0.2722 | C_Loss: 0.007 | A_Loss: 0.000 | Alpha: 0.0009
Train Ep: 055/350 | Reward:  -34.0 | MSE: 0.3297 | C_Loss: 0.011 | A_Loss: 0.000 | Alpha: 0.0008
  [!] Running Isolated Validation (Pure CMA vs GNN)...
  -> Val Results: Pure Baseline Errors: 5195 | GNN Errors: 5195
  -> Relative Improvement: 0.000%
  *** New Best Model! Net Score improved from -inf to 0.0 ***
[*] Models successfully saved to models/sac_gnn_45_best.pth
Train Ep: 056/350 | Reward:  -73.0 | MSE: 0.1723 | C_Loss: 0.012 | A_Loss: 0.000 | Alpha: 0.0008
Train Ep: 057/350 | Reward:  -51.0 | MSE: 0.2663 | C_Loss: 0.014 | A_Loss: 0.001 | Alpha: 0.0008
Train Ep: 058/350 | Reward:  -69.0 | MSE: 0.3251 | C_Loss: 0.012 | A_Loss: 0.002 | Alpha: 0.0007
Train Ep: 059/350 | Reward: -130.0 | MSE: 0.4352 | C_Loss: 0.017 | A_Loss: 0.002 | Alpha: 0.0007
Train Ep: 060/350 | Reward:   14.0 | MSE: 0.2240 | C_Loss: 0.013 | A_Loss: 0.000 | Alpha: 0.0007
  [!] Running Isolated Validation (Pure CMA vs GNN)...
  -> Val Results: Pure Baseline Errors: 5195 | GNN Errors: 5195
  -> Relative Improvement: 0.000%
Train Ep: 061/350 | Reward:    9.0 | MSE: 0.2297 | C_Loss: 0.006 | A_Loss: -0.000 | Alpha: 0.0006
Train Ep: 062/350 | Reward:   -2.0 | MSE: 0.3320 | C_Loss: 0.001 | A_Loss: -0.000 | Alpha: 0.0006
Train Ep: 063/350 | Reward:    4.0 | MSE: 0.3075 | C_Loss: 0.001 | A_Loss: 0.000 | Alpha: 0.0006
Train Ep: 064/350 | Reward:    6.0 | MSE: 0.2772 | C_Loss: 0.001 | A_Loss: -0.000 | Alpha: 0.0006
Train Ep: 065/350 | Reward:    0.0 | MSE: 0.2990 | C_Loss: 0.001 | A_Loss: 0.000 | Alpha: 0.0005
  [!] Running Isolated Validation (Pure CMA vs GNN)...
  -> Val Results: Pure Baseline Errors: 5195 | GNN Errors: 5195
  -> Relative Improvement: 0.000%
Train Ep: 066/350 | Reward:    5.0 | MSE: 0.3716 | C_Loss: 0.000 | A_Loss: 0.000 | Alpha: 0.0005
Train Ep: 067/350 | Reward:   -1.0 | MSE: 0.2391 | C_Loss: 0.000 | A_Loss: 0.000 | Alpha: 0.0005
Train Ep: 068/350 | Reward:    0.0 | MSE: 0.3221 | C_Loss: 0.000 | A_Loss: 0.000 | Alpha: 0.0005
Train Ep: 069/350 | Reward:    1.0 | MSE: 0.3491 | C_Loss: 0.001 | A_Loss: 0.000 | Alpha: 0.0005
Train Ep: 070/350 | Reward:    5.0 | MSE: 0.2326 | C_Loss: 0.001 | A_Loss: 0.000 | Alpha: 0.0004
  [!] Running Isolated Validation (Pure CMA vs GNN)...
  -> Val Results: Pure Baseline Errors: 5195 | GNN Errors: 5195
  -> Relative Improvement: 0.000%
Train Ep: 071/350 | Reward:    2.0 | MSE: 0.2195 | C_Loss: 0.000 | A_Loss: 0.000 | Alpha: 0.0004
Train Ep: 072/350 | Reward:    2.0 | MSE: 0.3491 | C_Loss: 0.000 | A_Loss: 0.000 | Alpha: 0.0004
Train Ep: 073/350 | Reward:   -1.0 | MSE: 0.4840 | C_Loss: 0.001 | A_Loss: -0.000 | Alpha: 0.0004
Train Ep: 074/350 | Reward:  -18.0 | MSE: 0.4362 | C_Loss: 0.002 | A_Loss: 0.000 | Alpha: 0.0004
Train Ep: 075/350 | Reward:  -13.0 | MSE: 0.3530 | C_Loss: 0.003 | A_Loss: 0.000 | Alpha: 0.0003
  [!] Running Isolated Validation (Pure CMA vs GNN)...
  -> Val Results: Pure Baseline Errors: 5195 | GNN Errors: 5195
  -> Relative Improvement: 0.000%
Train Ep: 076/350 | Reward:  -26.0 | MSE: 0.3644 | C_Loss: 0.005 | A_Loss: 0.000 | Alpha: 0.0003
Train Ep: 077/350 | Reward:   11.0 | MSE: 0.3842 | C_Loss: 0.006 | A_Loss: 0.001 | Alpha: 0.0003
Train Ep: 078/350 | Reward:   -2.0 | MSE: 0.2955 | C_Loss: 0.003 | A_Loss: -0.000 | Alpha: 0.0003
Train Ep: 079/350 | Reward:    7.0 | MSE: 0.3232 | C_Loss: 0.004 | A_Loss: -0.001 | Alpha: 0.0003
Train Ep: 080/350 | Reward:   -6.0 | MSE: 0.2963 | C_Loss: 0.002 | A_Loss: 0.000 | Alpha: 0.0003
  [!] Running Isolated Validation (Pure CMA vs GNN)...
  -> Val Results: Pure Baseline Errors: 5195 | GNN Errors: 5195
  -> Relative Improvement: 0.000%
Train Ep: 081/350 | Reward:    4.0 | MSE: 0.4582 | C_Loss: 0.002 | A_Loss: 0.000 | Alpha: 0.0003
Train Ep: 082/350 | Reward:   11.0 | MSE: 0.2619 | C_Loss: 0.002 | A_Loss: -0.000 | Alpha: 0.0003
Train Ep: 083/350 | Reward:    5.0 | MSE: 0.3278 | C_Loss: 0.002 | A_Loss: -0.000 | Alpha: 0.0002
Train Ep: 084/350 | Reward:    9.0 | MSE: 0.2280 | C_Loss: 0.001 | A_Loss: -0.000 | Alpha: 0.0002
Train Ep: 085/350 | Reward:    6.0 | MSE: 0.1997 | C_Loss: 0.001 | A_Loss: -0.000 | Alpha: 0.0002
  [!] Running Isolated Validation (Pure CMA vs GNN)...
  -> Val Results: Pure Baseline Errors: 5195 | GNN Errors: 5195
  -> Relative Improvement: 0.000%
Train Ep: 086/350 | Reward:    5.0 | MSE: 0.4150 | C_Loss: 0.002 | A_Loss: -0.000 | Alpha: 0.0002
Train Ep: 087/350 | Reward:   13.0 | MSE: 0.3108 | C_Loss: 0.002 | A_Loss: -0.000 | Alpha: 0.0002
Train Ep: 088/350 | Reward:  -21.0 | MSE: 0.4427 | C_Loss: 0.003 | A_Loss: -0.000 | Alpha: 0.0002
Train Ep: 089/350 | Reward:    7.0 | MSE: 0.3356 | C_Loss: 0.003 | A_Loss: 0.000 | Alpha: 0.0002
Train Ep: 090/350 | Reward:   10.0 | MSE: 0.3038 | C_Loss: 0.003 | A_Loss: 0.000 | Alpha: 0.0002
  [!] Running Isolated Validation (Pure CMA vs GNN)...
  -> Val Results: Pure Baseline Errors: 5195 | GNN Errors: 5195
  -> Relative Improvement: 0.000%
Train Ep: 091/350 | Reward:   14.0 | MSE: 0.3934 | C_Loss: 0.002 | A_Loss: -0.001 | Alpha: 0.0002
Train Ep: 092/350 | Reward:   19.0 | MSE: 0.3105 | C_Loss: 0.003 | A_Loss: -0.000 | Alpha: 0.0002
Train Ep: 093/350 | Reward:   27.0 | MSE: 0.3612 | C_Loss: 0.004 | A_Loss: -0.001 | Alpha: 0.0002
Train Ep: 094/350 | Reward:    1.0 | MSE: 0.3897 | C_Loss: 0.004 | A_Loss: -0.000 | Alpha: 0.0001
Train Ep: 095/350 | Reward:    1.0 | MSE: 0.3560 | C_Loss: 0.004 | A_Loss: 0.000 | Alpha: 0.0001
  [!] Running Isolated Validation (Pure CMA vs GNN)...
  -> Val Results: Pure Baseline Errors: 5195 | GNN Errors: 5195
  -> Relative Improvement: 0.000%
Train Ep: 096/350 | Reward:   25.0 | MSE: 0.3591 | C_Loss: 0.002 | A_Loss: -0.000 | Alpha: 0.0001
Train Ep: 097/350 | Reward:    5.0 | MSE: 0.2033 | C_Loss: 0.002 | A_Loss: -0.000 | Alpha: 0.0001
Train Ep: 098/350 | Reward:   -6.0 | MSE: 0.3215 | C_Loss: 0.003 | A_Loss: -0.000 | Alpha: 0.0001
Train Ep: 099/350 | Reward:  -13.0 | MSE: 0.2600 | C_Loss: 0.003 | A_Loss: 0.000 | Alpha: 0.0001
Train Ep: 100/350 | Reward:  -35.0 | MSE: 0.2929 | C_Loss: 0.005 | A_Loss: 0.001 | Alpha: 0.0001
  [!] Running Isolated Validation (Pure CMA vs GNN)...
  -> Val Results: Pure Baseline Errors: 5195 | GNN Errors: 5195
  -> Relative Improvement: 0.000%
Train Ep: 101/350 | Reward:   -9.0 | MSE: 0.2880 | C_Loss: 0.006 | A_Loss: 0.001 | Alpha: 0.0001
Train Ep: 102/350 | Reward:   -1.0 | MSE: 0.4784 | C_Loss: 0.008 | A_Loss: 0.000 | Alpha: 0.0001
Train Ep: 103/350 | Reward:    1.0 | MSE: 0.4104 | C_Loss: 0.007 | A_Loss: 0.000 | Alpha: 0.0001
Train Ep: 104/350 | Reward:   -3.0 | MSE: 0.2554 | C_Loss: 0.005 | A_Loss: 0.000 | Alpha: 0.0001
Train Ep: 105/350 | Reward:    6.0 | MSE: 0.3887 | C_Loss: 0.001 | A_Loss: 0.000 | Alpha: 0.0001
  [!] Running Isolated Validation (Pure CMA vs GNN)...
  -> Val Results: Pure Baseline Errors: 5195 | GNN Errors: 5195
  -> Relative Improvement: 0.000%
Train Ep: 106/350 | Reward:   -3.0 | MSE: 0.3198 | C_Loss: 0.001 | A_Loss: -0.000 | Alpha: 0.0001
Train Ep: 107/350 | Reward:   -2.0 | MSE: 0.4801 | C_Loss: 0.001 | A_Loss: -0.000 | Alpha: 0.0001
Train Ep: 108/350 | Reward:    3.0 | MSE: 0.3118 | C_Loss: 0.001 | A_Loss: 0.000 | Alpha: 0.0001
Train Ep: 109/350 | Reward:    5.0 | MSE: 0.2636 | C_Loss: 0.001 | A_Loss: -0.000 | Alpha: 0.0001
Train Ep: 110/350 | Reward:    3.0 | MSE: 0.2855 | C_Loss: 0.000 | A_Loss: -0.000 | Alpha: 0.0001
  [!] Running Isolated Validation (Pure CMA vs GNN)...
  -> Val Results: Pure Baseline Errors: 5195 | GNN Errors: 5195
  -> Relative Improvement: 0.000%
Train Ep: 111/350 | Reward:   -3.0 | MSE: 0.3426 | C_Loss: 0.001 | A_Loss: -0.000 | Alpha: 0.0001
Train Ep: 112/350 | Reward:    3.0 | MSE: 0.2421 | C_Loss: 0.001 | A_Loss: -0.000 | Alpha: 0.0001
Train Ep: 113/350 | Reward:    1.0 | MSE: 0.3179 | C_Loss: 0.001 | A_Loss: -0.000 | Alpha: 0.0001
Train Ep: 114/350 | Reward:    2.0 | MSE: 0.3007 | C_Loss: 0.002 | A_Loss: -0.000 | Alpha: 0.0001
Train Ep: 115/350 | Reward:    6.0 | MSE: 0.2073 | C_Loss: 0.001 | A_Loss: 0.000 | Alpha: 0.0001
  [!] Running Isolated Validation (Pure CMA vs GNN)...
  -> Val Results: Pure Baseline Errors: 5195 | GNN Errors: 5195
  -> Relative Improvement: 0.000%
Train Ep: 116/350 | Reward:   11.0 | MSE: 0.3603 | C_Loss: 0.001 | A_Loss: -0.000 | Alpha: 0.0001
Train Ep: 117/350 | Reward:   -9.0 | MSE: 0.2499 | C_Loss: 0.001 | A_Loss: -0.000 | Alpha: 0.0001
Train Ep: 118/350 | Reward:    2.0 | MSE: 0.3158 | C_Loss: 0.002 | A_Loss: 0.000 | Alpha: 0.0000
Train Ep: 119/350 | Reward:   17.0 | MSE: 0.4596 | C_Loss: 0.005 | A_Loss: 0.000 | Alpha: 0.0000
Train Ep: 120/350 | Reward:    4.0 | MSE: 0.2215 | C_Loss: 0.003 | A_Loss: -0.000 | Alpha: 0.0000
  [!] Running Isolated Validation (Pure CMA vs GNN)...
  -> Val Results: Pure Baseline Errors: 5195 | GNN Errors: 5195
  -> Relative Improvement: 0.000%
Train Ep: 121/350 | Reward:   -2.0 | MSE: 0.3746 | C_Loss: 0.001 | A_Loss: 0.000 | Alpha: 0.0000
Train Ep: 122/350 | Reward:   -2.0 | MSE: 0.4592 | C_Loss: 0.001 | A_Loss: 0.000 | Alpha: 0.0000
Train Ep: 123/350 | Reward:    7.0 | MSE: 0.3670 | C_Loss: 0.000 | A_Loss: 0.000 | Alpha: 0.0000
Train Ep: 124/350 | Reward:    2.0 | MSE: 0.1885 | C_Loss: 0.000 | A_Loss: -0.000 | Alpha: 0.0000
Train Ep: 125/350 | Reward:   -2.0 | MSE: 0.3587 | C_Loss: 0.000 | A_Loss: 0.000 | Alpha: 0.0000
  [!] Running Isolated Validation (Pure CMA vs GNN)...
  -> Val Results: Pure Baseline Errors: 5195 | GNN Errors: 5195
  -> Relative Improvement: 0.000%
Train Ep: 126/350 | Reward:    4.0 | MSE: 0.3445 | C_Loss: 0.001 | A_Loss: 0.000 | Alpha: 0.0000
Train Ep: 127/350 | Reward:   11.0 | MSE: 0.3689 | C_Loss: 0.000 | A_Loss: -0.000 | Alpha: 0.0000
Train Ep: 128/350 | Reward:    0.0 | MSE: 0.2865 | C_Loss: 0.001 | A_Loss: -0.000 | Alpha: 0.0000
Train Ep: 129/350 | Reward:    1.0 | MSE: 0.3086 | C_Loss: 0.000 | A_Loss: -0.000 | Alpha: 0.0000
Train Ep: 130/350 | Reward:    5.0 | MSE: 0.2514 | C_Loss: 0.000 | A_Loss: -0.000 | Alpha: 0.0000
  [!] Running Isolated Validation (Pure CMA vs GNN)...
  -> Val Results: Pure Baseline Errors: 5195 | GNN Errors: 5195
  -> Relative Improvement: 0.000%
Train Ep: 131/350 | Reward:    0.0 | MSE: 0.3374 | C_Loss: 0.000 | A_Loss: -0.000 | Alpha: 0.0000
Train Ep: 132/350 | Reward:    6.0 | MSE: 0.3078 | C_Loss: 0.001 | A_Loss: 0.000 | Alpha: 0.0000
Train Ep: 133/350 | Reward:    3.0 | MSE: 0.3639 | C_Loss: 0.000 | A_Loss: -0.000 | Alpha: 0.0000
Train Ep: 134/350 | Reward:    1.0 | MSE: 0.3512 | C_Loss: 0.001 | A_Loss: -0.000 | Alpha: 0.0000
Train Ep: 135/350 | Reward:    7.0 | MSE: 0.3222 | C_Loss: 0.000 | A_Loss: 0.000 | Alpha: 0.0000
  [!] Running Isolated Validation (Pure CMA vs GNN)...
  -> Val Results: Pure Baseline Errors: 5195 | GNN Errors: 5195
  -> Relative Improvement: 0.000%
Train Ep: 136/350 | Reward:    8.0 | MSE: 0.3262 | C_Loss: 0.001 | A_Loss: 0.000 | Alpha: 0.0000
Train Ep: 137/350 | Reward: -147.0 | MSE: 0.3401 | C_Loss: 0.003 | A_Loss: 0.000 | Alpha: 0.0000
Train Ep: 138/350 | Reward:    6.0 | MSE: 0.3001 | C_Loss: 0.010 | A_Loss: -0.000 | Alpha: 0.0000
Train Ep: 139/350 | Reward:   -1.0 | MSE: 0.4455 | C_Loss: 0.008 | A_Loss: -0.001 | Alpha: 0.0000
Train Ep: 140/350 | Reward:    2.0 | MSE: 0.3054 | C_Loss: 0.000 | A_Loss: 0.000 | Alpha: 0.0000
  [!] Running Isolated Validation (Pure CMA vs GNN)...
  -> Val Results: Pure Baseline Errors: 5195 | GNN Errors: 5195
  -> Relative Improvement: 0.000%
Train Ep: 141/350 | Reward:    0.0 | MSE: 0.4142 | C_Loss: 0.000 | A_Loss: 0.000 | Alpha: 0.0000
Train Ep: 142/350 | Reward:    1.0 | MSE: 0.3664 | C_Loss: 0.000 | A_Loss: -0.000 | Alpha: 0.0000
Train Ep: 143/350 | Reward:    0.0 | MSE: 0.3646 | C_Loss: 0.000 | A_Loss: 0.000 | Alpha: 0.0000
Train Ep: 144/350 | Reward:    1.0 | MSE: 0.2813 | C_Loss: 0.000 | A_Loss: 0.000 | Alpha: 0.0000
Train Ep: 145/350 | Reward:    3.0 | MSE: 0.2719 | C_Loss: 0.000 | A_Loss: -0.000 | Alpha: 0.0000
  [!] Running Isolated Validation (Pure CMA vs GNN)...
  -> Val Results: Pure Baseline Errors: 5195 | GNN Errors: 5195
  -> Relative Improvement: 0.000%
Train Ep: 146/350 | Reward:    0.0 | MSE: 0.2967 | C_Loss: 0.000 | A_Loss: 0.000 | Alpha: 0.0000
Train Ep: 147/350 | Reward:    2.0 | MSE: 0.3349 | C_Loss: 0.000 | A_Loss: 0.000 | Alpha: 0.0000
Train Ep: 148/350 | Reward:    1.0 | MSE: 0.3317 | C_Loss: 0.000 | A_Loss: 0.000 | Alpha: 0.0000
Train Ep: 149/350 | Reward:    2.0 | MSE: 0.3634 | C_Loss: 0.000 | A_Loss: 0.000 | Alpha: 0.0000
Train Ep: 150/350 | Reward:    0.0 | MSE: 0.4363 | C_Loss: 0.000 | A_Loss: -0.000 | Alpha: 0.0000
  [!] Running Isolated Validation (Pure CMA vs GNN)...
  -> Val Results: Pure Baseline Errors: 5195 | GNN Errors: 5195
  -> Relative Improvement: 0.000%
Train Ep: 151/350 | Reward:    1.0 | MSE: 0.3807 | C_Loss: 0.000 | A_Loss: 0.000 | Alpha: 0.0000
Train Ep: 152/350 | Reward:   -1.0 | MSE: 0.3709 | C_Loss: 0.000 | A_Loss: 0.000 | Alpha: 0.0000
Train Ep: 153/350 | Reward:    5.0 | MSE: 0.4000 | C_Loss: 0.000 | A_Loss: -0.000 | Alpha: 0.0000
Train Ep: 154/350 | Reward:    1.0 | MSE: 0.3060 | C_Loss: 0.000 | A_Loss: 0.000 | Alpha: 0.0000
Train Ep: 155/350 | Reward:    0.0 | MSE: 0.3864 | C_Loss: 0.000 | A_Loss: -0.000 | Alpha: 0.0000
  [!] Running Isolated Validation (Pure CMA vs GNN)...
  -> Val Results: Pure Baseline Errors: 5195 | GNN Errors: 5195
  -> Relative Improvement: 0.000%
Train Ep: 156/350 | Reward:   -2.0 | MSE: 0.2873 | C_Loss: 0.000 | A_Loss: 0.000 | Alpha: 0.0000
Train Ep: 157/350 | Reward:    0.0 | MSE: 0.3604 | C_Loss: 0.000 | A_Loss: 0.000 | Alpha: 0.0000
Train Ep: 158/350 | Reward:    3.0 | MSE: 0.3271 | C_Loss: 0.000 | A_Loss: -0.000 | Alpha: 0.0000
Train Ep: 159/350 | Reward:    0.0 | MSE: 0.3388 | C_Loss: 0.000 | A_Loss: 0.000 | Alpha: 0.0000
Train Ep: 160/350 | Reward:    1.0 | MSE: 0.3636 | C_Loss: 0.000 | A_Loss: -0.000 | Alpha: 0.0000
  [!] Running Isolated Validation (Pure CMA vs GNN)...
  -> Val Results: Pure Baseline Errors: 5195 | GNN Errors: 5195
  -> Relative Improvement: 0.000%
Train Ep: 161/350 | Reward:    0.0 | MSE: 0.2448 | C_Loss: 0.000 | A_Loss: 0.000 | Alpha: 0.0000
Train Ep: 162/350 | Reward:    0.0 | MSE: 0.2384 | C_Loss: 0.000 | A_Loss: 0.000 | Alpha: 0.0000
Train Ep: 163/350 | Reward:    0.0 | MSE: 0.2931 | C_Loss: 0.000 | A_Loss: 0.000 | Alpha: 0.0000
Train Ep: 164/350 | Reward:   -1.0 | MSE: 0.3620 | C_Loss: 0.000 | A_Loss: 0.000 | Alpha: 0.0000
Train Ep: 165/350 | Reward:    1.0 | MSE: 0.3034 | C_Loss: 0.000 | A_Loss: 0.000 | Alpha: 0.0000
  [!] Running Isolated Validation (Pure CMA vs GNN)...
  -> Val Results: Pure Baseline Errors: 5195 | GNN Errors: 5195
  -> Relative Improvement: 0.000%
Train Ep: 166/350 | Reward:    0.0 | MSE: 0.2644 | C_Loss: 0.000 | A_Loss: 0.000 | Alpha: 0.0000
Train Ep: 167/350 | Reward:    1.0 | MSE: 0.3712 | C_Loss: 0.000 | A_Loss: -0.000 | Alpha: 0.0000
Train Ep: 168/350 | Reward:    2.0 | MSE: 0.3180 | C_Loss: 0.000 | A_Loss: -0.000 | Alpha: 0.0000
Train Ep: 169/350 | Reward:    6.0 | MSE: 0.2670 | C_Loss: 0.001 | A_Loss: -0.000 | Alpha: 0.0000
Train Ep: 170/350 | Reward:  -64.0 | MSE: 0.2465 | C_Loss: 0.005 | A_Loss: 0.000 | Alpha: 0.0000
  [!] Running Isolated Validation (Pure CMA vs GNN)...
  -> Val Results: Pure Baseline Errors: 5195 | GNN Errors: 5195
  -> Relative Improvement: 0.000%
Train Ep: 171/350 | Reward:    0.0 | MSE: 0.2546 | C_Loss: 0.007 | A_Loss: 0.001 | Alpha: 0.0000
Train Ep: 172/350 | Reward:    2.0 | MSE: 0.3397 | C_Loss: 0.002 | A_Loss: 0.000 | Alpha: 0.0000
Train Ep: 173/350 | Reward: -188.0 | MSE: 0.3941 | C_Loss: 0.009 | A_Loss: 0.001 | Alpha: 0.0000
Train Ep: 174/350 | Reward:   -1.0 | MSE: 0.2585 | C_Loss: 0.014 | A_Loss: 0.000 | Alpha: 0.0000
Train Ep: 175/350 | Reward:    0.0 | MSE: 0.4118 | C_Loss: 0.005 | A_Loss: 0.000 | Alpha: 0.0000
  [!] Running Isolated Validation (Pure CMA vs GNN)...
  -> Val Results: Pure Baseline Errors: 5195 | GNN Errors: 5195
  -> Relative Improvement: 0.000%
Train Ep: 176/350 | Reward:    0.0 | MSE: 0.3262 | C_Loss: 0.000 | A_Loss: 0.000 | Alpha: 0.0000
Train Ep: 177/350 | Reward:    0.0 | MSE: 0.2961 | C_Loss: 0.000 | A_Loss: 0.000 | Alpha: 0.0000
Train Ep: 178/350 | Reward:    0.0 | MSE: 0.4857 | C_Loss: 0.000 | A_Loss: 0.000 | Alpha: 0.0000
Train Ep: 179/350 | Reward:    0.0 | MSE: 0.3305 | C_Loss: 0.000 | A_Loss: 0.000 | Alpha: 0.0000
Train Ep: 180/350 | Reward:    0.0 | MSE: 0.3446 | C_Loss: 0.000 | A_Loss: 0.000 | Alpha: 0.0000
  [!] Running Isolated Validation (Pure CMA vs GNN)...
  -> Val Results: Pure Baseline Errors: 5195 | GNN Errors: 5195
  -> Relative Improvement: 0.000%
Train Ep: 181/350 | Reward:    0.0 | MSE: 0.2436 | C_Loss: 0.000 | A_Loss: 0.000 | Alpha: 0.0000
Train Ep: 182/350 | Reward:    0.0 | MSE: 0.5102 | C_Loss: 0.000 | A_Loss: 0.000 | Alpha: 0.0000
Train Ep: 183/350 | Reward:    0.0 | MSE: 0.4116 | C_Loss: 0.000 | A_Loss: 0.000 | Alpha: 0.0000
Train Ep: 184/350 | Reward:    0.0 | MSE: 0.2968 | C_Loss: 0.000 | A_Loss: 0.000 | Alpha: 0.0000
Train Ep: 185/350 | Reward:    0.0 | MSE: 0.2795 | C_Loss: 0.000 | A_Loss: 0.000 | Alpha: 0.0000
  [!] Running Isolated Validation (Pure CMA vs GNN)...
  -> Val Results: Pure Baseline Errors: 5195 | GNN Errors: 5195
  -> Relative Improvement: 0.000%
Train Ep: 186/350 | Reward:    0.0 | MSE: 0.4030 | C_Loss: 0.000 | A_Loss: 0.000 | Alpha: 0.0000
Train Ep: 187/350 | Reward:    0.0 | MSE: 0.3263 | C_Loss: 0.000 | A_Loss: 0.000 | Alpha: 0.0000
Train Ep: 188/350 | Reward:    0.0 | MSE: 0.3223 | C_Loss: 0.000 | A_Loss: 0.000 | Alpha: 0.0000
Train Ep: 189/350 | Reward:    0.0 | MSE: 0.4783 | C_Loss: 0.000 | A_Loss: 0.000 | Alpha: 0.0000
Train Ep: 190/350 | Reward:    0.0 | MSE: 0.2279 | C_Loss: 0.000 | A_Loss: 0.000 | Alpha: 0.0000
  [!] Running Isolated Validation (Pure CMA vs GNN)...
  -> Val Results: Pure Baseline Errors: 5195 | GNN Errors: 5195
  -> Relative Improvement: 0.000%
Train Ep: 191/350 | Reward:    0.0 | MSE: 0.4119 | C_Loss: 0.000 | A_Loss: 0.000 | Alpha: 0.0000
Train Ep: 192/350 | Reward:    0.0 | MSE: 0.3311 | C_Loss: 0.000 | A_Loss: 0.000 | Alpha: 0.0000
Train Ep: 193/350 | Reward:    0.0 | MSE: 0.3719 | C_Loss: 0.000 | A_Loss: 0.000 | Alpha: 0.0000
Train Ep: 194/350 | Reward:    0.0 | MSE: 0.3291 | C_Loss: 0.000 | A_Loss: 0.000 | Alpha: 0.0000
Train Ep: 195/350 | Reward:    0.0 | MSE: 0.2924 | C_Loss: 0.000 | A_Loss: 0.000 | Alpha: 0.0000
  [!] Running Isolated Validation (Pure CMA vs GNN)...
  -> Val Results: Pure Baseline Errors: 5195 | GNN Errors: 5195
  -> Relative Improvement: 0.000%
Train Ep: 196/350 | Reward:    1.0 | MSE: 0.3173 | C_Loss: 0.000 | A_Loss: 0.000 | Alpha: 0.0000
Train Ep: 197/350 | Reward:    0.0 | MSE: 0.3430 | C_Loss: 0.000 | A_Loss: 0.000 | Alpha: 0.0000
Train Ep: 198/350 | Reward:    0.0 | MSE: 0.3255 | C_Loss: 0.000 | A_Loss: 0.000 | Alpha: 0.0000
Train Ep: 199/350 | Reward:    0.0 | MSE: 0.3143 | C_Loss: 0.000 | A_Loss: 0.000 | Alpha: 0.0000
Train Ep: 200/350 | Reward:    1.0 | MSE: 0.3119 | C_Loss: 0.000 | A_Loss: 0.000 | Alpha: 0.0000
  [!] Running Isolated Validation (Pure CMA vs GNN)...
  -> Val Results: Pure Baseline Errors: 5195 | GNN Errors: 5195
  -> Relative Improvement: 0.000%
Train Ep: 201/350 | Reward:    1.0 | MSE: 0.2890 | C_Loss: 0.000 | A_Loss: 0.000 | Alpha: 0.0000
Train Ep: 202/350 | Reward:    1.0 | MSE: 0.3198 | C_Loss: 0.000 | A_Loss: 0.000 | Alpha: 0.0000
Train Ep: 203/350 | Reward:   -2.0 | MSE: 0.4154 | C_Loss: 0.000 | A_Loss: 0.000 | Alpha: 0.0000
Train Ep: 204/350 | Reward:    0.0 | MSE: 0.2905 | C_Loss: 0.000 | A_Loss: 0.000 | Alpha: 0.0000
Train Ep: 205/350 | Reward:   -2.0 | MSE: 0.3990 | C_Loss: 0.000 | A_Loss: 0.000 | Alpha: 0.0000
  [!] Running Isolated Validation (Pure CMA vs GNN)...
  -> Val Results: Pure Baseline Errors: 5195 | GNN Errors: 5193
  -> Relative Improvement: 0.038%
  *** New Best Model! Net Score improved from 0.0 to 0.00038498556304138594 ***
[*] Models successfully saved to models/sac_gnn_45_best.pth
Train Ep: 206/350 | Reward:   -3.0 | MSE: 0.2893 | C_Loss: 0.000 | A_Loss: 0.000 | Alpha: 0.0000
Train Ep: 207/350 | Reward:   -7.0 | MSE: 0.2952 | C_Loss: 0.000 | A_Loss: 0.000 | Alpha: 0.0000
Train Ep: 208/350 | Reward:  -10.0 | MSE: 0.2491 | C_Loss: 0.001 | A_Loss: 0.000 | Alpha: 0.0000
Train Ep: 209/350 | Reward:   -7.0 | MSE: 0.3918 | C_Loss: 0.001 | A_Loss: 0.000 | Alpha: 0.0000
Train Ep: 210/350 | Reward:    0.0 | MSE: 0.3084 | C_Loss: 0.001 | A_Loss: 0.000 | Alpha: 0.0000
  [!] Running Isolated Validation (Pure CMA vs GNN)...
  -> Val Results: Pure Baseline Errors: 5195 | GNN Errors: 5195
  -> Relative Improvement: 0.000%
Train Ep: 211/350 | Reward:    0.0 | MSE: 0.4379 | C_Loss: 0.000 | A_Loss: 0.000 | Alpha: 0.0000
Train Ep: 212/350 | Reward:    0.0 | MSE: 0.3683 | C_Loss: 0.000 | A_Loss: 0.000 | Alpha: 0.0000
Train Ep: 213/350 | Reward:    1.0 | MSE: 0.3212 | C_Loss: 0.000 | A_Loss: 0.000 | Alpha: 0.0000
Train Ep: 214/350 | Reward:    0.0 | MSE: 0.3637 | C_Loss: 0.000 | A_Loss: -0.000 | Alpha: 0.0000
Train Ep: 215/350 | Reward:    0.0 | MSE: 0.2753 | C_Loss: 0.000 | A_Loss: 0.000 | Alpha: 0.0000
  [!] Running Isolated Validation (Pure CMA vs GNN)...
  -> Val Results: Pure Baseline Errors: 5195 | GNN Errors: 5195
  -> Relative Improvement: 0.000%
Train Ep: 216/350 | Reward:    0.0 | MSE: 0.3347 | C_Loss: 0.000 | A_Loss: 0.000 | Alpha: 0.0000
Train Ep: 217/350 | Reward:    0.0 | MSE: 0.3068 | C_Loss: 0.000 | A_Loss: 0.000 | Alpha: 0.0000
Train Ep: 218/350 | Reward:    0.0 | MSE: 0.2498 | C_Loss: 0.000 | A_Loss: 0.000 | Alpha: 0.0000
Train Ep: 219/350 | Reward:   -1.0 | MSE: 0.2299 | C_Loss: 0.000 | A_Loss: 0.000 | Alpha: 0.0000
Train Ep: 220/350 | Reward:    0.0 | MSE: 0.3795 | C_Loss: 0.000 | A_Loss: 0.000 | Alpha: 0.0000
  [!] Running Isolated Validation (Pure CMA vs GNN)...
  -> Val Results: Pure Baseline Errors: 5195 | GNN Errors: 5195
  -> Relative Improvement: 0.000%
Train Ep: 221/350 | Reward:    0.0 | MSE: 0.1982 | C_Loss: 0.000 | A_Loss: 0.000 | Alpha: 0.0000
Train Ep: 222/350 | Reward:    0.0 | MSE: 0.2130 | C_Loss: 0.000 | A_Loss: 0.000 | Alpha: 0.0000
Train Ep: 223/350 | Reward:    0.0 | MSE: 0.3241 | C_Loss: 0.000 | A_Loss: 0.000 | Alpha: 0.0000
Train Ep: 224/350 | Reward:    0.0 | MSE: 0.2070 | C_Loss: 0.000 | A_Loss: 0.000 | Alpha: 0.0000
Train Ep: 225/350 | Reward:    0.0 | MSE: 0.3952 | C_Loss: 0.000 | A_Loss: 0.000 | Alpha: 0.0000
  [!] Running Isolated Validation (Pure CMA vs GNN)...
  -> Val Results: Pure Baseline Errors: 5195 | GNN Errors: 5195
  -> Relative Improvement: 0.000%
Train Ep: 226/350 | Reward:    0.0 | MSE: 0.2334 | C_Loss: 0.000 | A_Loss: 0.000 | Alpha: 0.0000
Train Ep: 227/350 | Reward:    0.0 | MSE: 0.3621 | C_Loss: 0.000 | A_Loss: 0.000 | Alpha: 0.0000
Train Ep: 228/350 | Reward:    1.0 | MSE: 0.3268 | C_Loss: 0.000 | A_Loss: 0.000 | Alpha: 0.0000
Train Ep: 229/350 | Reward:    0.0 | MSE: 0.3444 | C_Loss: 0.000 | A_Loss: 0.000 | Alpha: 0.0000
Train Ep: 230/350 | Reward:    5.0 | MSE: 0.3054 | C_Loss: 0.000 | A_Loss: -0.000 | Alpha: 0.0000
  [!] Running Isolated Validation (Pure CMA vs GNN)...
  -> Val Results: Pure Baseline Errors: 5195 | GNN Errors: 5195
  -> Relative Improvement: 0.000%
Train Ep: 231/350 | Reward:    1.0 | MSE: 0.2726 | C_Loss: 0.000 | A_Loss: -0.000 | Alpha: 0.0000
Train Ep: 232/350 | Reward:   -1.0 | MSE: 0.3165 | C_Loss: 0.000 | A_Loss: -0.000 | Alpha: 0.0000
Train Ep: 233/350 | Reward:    2.0 | MSE: 0.2198 | C_Loss: 0.000 | A_Loss: 0.000 | Alpha: 0.0000
Train Ep: 234/350 | Reward:    5.0 | MSE: 0.3248 | C_Loss: 0.001 | A_Loss: 0.000 | Alpha: 0.0000
Train Ep: 235/350 | Reward:   -1.0 | MSE: 0.2559 | C_Loss: 0.001 | A_Loss: 0.000 | Alpha: 0.0000
  [!] Running Isolated Validation (Pure CMA vs GNN)...
  -> Val Results: Pure Baseline Errors: 5195 | GNN Errors: 5195
  -> Relative Improvement: 0.000%
Train Ep: 236/350 | Reward:    4.0 | MSE: 0.2919 | C_Loss: 0.000 | A_Loss: -0.000 | Alpha: 0.0000
Train Ep: 237/350 | Reward:    3.0 | MSE: 0.3362 | C_Loss: 0.000 | A_Loss: -0.000 | Alpha: 0.0000
Train Ep: 238/350 | Reward:    2.0 | MSE: 0.3398 | C_Loss: 0.000 | A_Loss: 0.000 | Alpha: 0.0000
Train Ep: 239/350 | Reward:    4.0 | MSE: 0.4500 | C_Loss: 0.000 | A_Loss: -0.000 | Alpha: 0.0000
Train Ep: 240/350 | Reward:   -2.0 | MSE: 0.4761 | C_Loss: 0.000 | A_Loss: -0.000 | Alpha: 0.0000
  [!] Running Isolated Validation (Pure CMA vs GNN)...
  -> Val Results: Pure Baseline Errors: 5195 | GNN Errors: 5195
  -> Relative Improvement: 0.000%
Train Ep: 241/350 | Reward:   -1.0 | MSE: 0.4448 | C_Loss: 0.000 | A_Loss: 0.000 | Alpha: 0.0000
Train Ep: 242/350 | Reward:    3.0 | MSE: 0.3056 | C_Loss: 0.000 | A_Loss: -0.000 | Alpha: 0.0000
Train Ep: 243/350 | Reward:    4.0 | MSE: 0.2824 | C_Loss: 0.000 | A_Loss: -0.000 | Alpha: 0.0000
Train Ep: 244/350 | Reward:    9.0 | MSE: 0.3643 | C_Loss: 0.000 | A_Loss: -0.000 | Alpha: 0.0000
Train Ep: 245/350 | Reward:    0.0 | MSE: 0.3742 | C_Loss: 0.001 | A_Loss: -0.000 | Alpha: 0.0000
  [!] Running Isolated Validation (Pure CMA vs GNN)...
  -> Val Results: Pure Baseline Errors: 5195 | GNN Errors: 5195
  -> Relative Improvement: 0.000%
Train Ep: 246/350 | Reward:   -1.0 | MSE: 0.2613 | C_Loss: 0.000 | A_Loss: -0.000 | Alpha: 0.0000
Train Ep: 247/350 | Reward:    1.0 | MSE: 0.3044 | C_Loss: 0.000 | A_Loss: -0.000 | Alpha: 0.0000
Train Ep: 248/350 | Reward:    0.0 | MSE: 0.2575 | C_Loss: 0.000 | A_Loss: 0.000 | Alpha: 0.0000
Train Ep: 249/350 | Reward:    3.0 | MSE: 0.4674 | C_Loss: 0.000 | A_Loss: -0.000 | Alpha: 0.0000
Train Ep: 250/350 | Reward:   14.0 | MSE: 0.4644 | C_Loss: 0.000 | A_Loss: 0.000 | Alpha: 0.0000
  [!] Running Isolated Validation (Pure CMA vs GNN)...
  -> Val Results: Pure Baseline Errors: 5195 | GNN Errors: 5195
  -> Relative Improvement: 0.000%
Train Ep: 251/350 | Reward:    2.0 | MSE: 0.3261 | C_Loss: 0.001 | A_Loss: -0.000 | Alpha: 0.0000
Train Ep: 252/350 | Reward:    0.0 | MSE: 0.3856 | C_Loss: 0.001 | A_Loss: -0.000 | Alpha: 0.0000
Train Ep: 253/350 | Reward:    0.0 | MSE: 0.2761 | C_Loss: 0.000 | A_Loss: -0.000 | Alpha: 0.0000
Train Ep: 254/350 | Reward:    0.0 | MSE: 0.3350 | C_Loss: 0.000 | A_Loss: 0.000 | Alpha: 0.0000
Train Ep: 255/350 | Reward:    0.0 | MSE: 0.3078 | C_Loss: 0.000 | A_Loss: 0.000 | Alpha: 0.0000
  [!] Running Isolated Validation (Pure CMA vs GNN)...
  -> Val Results: Pure Baseline Errors: 5195 | GNN Errors: 5195
  -> Relative Improvement: 0.000%
Train Ep: 256/350 | Reward:    0.0 | MSE: 0.4923 | C_Loss: 0.000 | A_Loss: 0.000 | Alpha: 0.0000
Train Ep: 257/350 | Reward:    0.0 | MSE: 0.2719 | C_Loss: 0.000 | A_Loss: 0.000 | Alpha: 0.0000
Train Ep: 258/350 | Reward:    0.0 | MSE: 0.3329 | C_Loss: 0.000 | A_Loss: 0.000 | Alpha: 0.0000
Train Ep: 259/350 | Reward:    0.0 | MSE: 0.2442 | C_Loss: 0.000 | A_Loss: 0.000 | Alpha: 0.0000
Train Ep: 260/350 | Reward:    1.0 | MSE: 0.2359 | C_Loss: 0.000 | A_Loss: 0.000 | Alpha: 0.0000
  [!] Running Isolated Validation (Pure CMA vs GNN)...
  -> Val Results: Pure Baseline Errors: 5195 | GNN Errors: 5195
  -> Relative Improvement: 0.000%
Train Ep: 261/350 | Reward:   -1.0 | MSE: 0.3215 | C_Loss: 0.000 | A_Loss: 0.000 | Alpha: 0.0000
Train Ep: 262/350 | Reward:    0.0 | MSE: 0.4028 | C_Loss: 0.000 | A_Loss: 0.000 | Alpha: 0.0000
Train Ep: 263/350 | Reward:    0.0 | MSE: 0.3802 | C_Loss: 0.000 | A_Loss: 0.000 | Alpha: 0.0000
Train Ep: 264/350 | Reward:    1.0 | MSE: 0.2932 | C_Loss: 0.000 | A_Loss: 0.000 | Alpha: 0.0000
Train Ep: 265/350 | Reward:    0.0 | MSE: 0.3051 | C_Loss: 0.000 | A_Loss: 0.000 | Alpha: 0.0000
  [!] Running Isolated Validation (Pure CMA vs GNN)...
  -> Val Results: Pure Baseline Errors: 5195 | GNN Errors: 5195
  -> Relative Improvement: 0.000%
Train Ep: 266/350 | Reward:   -1.0 | MSE: 0.3564 | C_Loss: 0.000 | A_Loss: -0.000 | Alpha: 0.0000
Train Ep: 267/350 | Reward:    1.0 | MSE: 0.3297 | C_Loss: 0.000 | A_Loss: 0.000 | Alpha: 0.0000
Train Ep: 268/350 | Reward:    0.0 | MSE: 0.3865 | C_Loss: 0.000 | A_Loss: -0.000 | Alpha: 0.0000
Train Ep: 269/350 | Reward:    0.0 | MSE: 0.3069 | C_Loss: 0.000 | A_Loss: 0.000 | Alpha: 0.0000
Train Ep: 270/350 | Reward:   -1.0 | MSE: 0.3052 | C_Loss: 0.000 | A_Loss: 0.000 | Alpha: 0.0000
  [!] Running Isolated Validation (Pure CMA vs GNN)...
  -> Val Results: Pure Baseline Errors: 5195 | GNN Errors: 5195
  -> Relative Improvement: 0.000%
Train Ep: 271/350 | Reward:    2.0 | MSE: 0.3480 | C_Loss: 0.000 | A_Loss: 0.000 | Alpha: 0.0000
Train Ep: 272/350 | Reward:    0.0 | MSE: 0.3106 | C_Loss: 0.000 | A_Loss: -0.000 | Alpha: 0.0000
Train Ep: 273/350 | Reward:    0.0 | MSE: 0.2738 | C_Loss: 0.000 | A_Loss: 0.000 | Alpha: 0.0000
Train Ep: 274/350 | Reward:    0.0 | MSE: 0.2060 | C_Loss: 0.000 | A_Loss: 0.000 | Alpha: 0.0000
Train Ep: 275/350 | Reward:    0.0 | MSE: 0.3423 | C_Loss: 0.000 | A_Loss: 0.000 | Alpha: 0.0000
  [!] Running Isolated Validation (Pure CMA vs GNN)...
  -> Val Results: Pure Baseline Errors: 5195 | GNN Errors: 5195
  -> Relative Improvement: 0.000%
Train Ep: 276/350 | Reward:    0.0 | MSE: 0.3950 | C_Loss: 0.000 | A_Loss: 0.000 | Alpha: 0.0000
Train Ep: 277/350 | Reward:    0.0 | MSE: 0.2939 | C_Loss: 0.000 | A_Loss: 0.000 | Alpha: 0.0000
Train Ep: 278/350 | Reward:    1.0 | MSE: 0.2891 | C_Loss: 0.000 | A_Loss: 0.000 | Alpha: 0.0000
Train Ep: 279/350 | Reward:    0.0 | MSE: 0.3161 | C_Loss: 0.000 | A_Loss: 0.000 | Alpha: 0.0000
Train Ep: 280/350 | Reward:    0.0 | MSE: 0.3256 | C_Loss: 0.000 | A_Loss: -0.000 | Alpha: 0.0000
  [!] Running Isolated Validation (Pure CMA vs GNN)...
  -> Val Results: Pure Baseline Errors: 5195 | GNN Errors: 5195
  -> Relative Improvement: 0.000%
Train Ep: 281/350 | Reward:    0.0 | MSE: 0.3783 | C_Loss: 0.000 | A_Loss: 0.000 | Alpha: 0.0000
Train Ep: 282/350 | Reward:    0.0 | MSE: 0.4324 | C_Loss: 0.000 | A_Loss: 0.000 | Alpha: 0.0000
Train Ep: 283/350 | Reward:    0.0 | MSE: 0.2974 | C_Loss: 0.000 | A_Loss: 0.000 | Alpha: 0.0000
Train Ep: 284/350 | Reward:    0.0 | MSE: 0.4649 | C_Loss: 0.000 | A_Loss: 0.000 | Alpha: 0.0000
Train Ep: 285/350 | Reward:    0.0 | MSE: 0.4264 | C_Loss: 0.000 | A_Loss: 0.000 | Alpha: 0.0000
  [!] Running Isolated Validation (Pure CMA vs GNN)...
  -> Val Results: Pure Baseline Errors: 5195 | GNN Errors: 5195
  -> Relative Improvement: 0.000%
Train Ep: 286/350 | Reward:    0.0 | MSE: 0.3604 | C_Loss: 0.000 | A_Loss: 0.000 | Alpha: 0.0000
Train Ep: 287/350 | Reward:    0.0 | MSE: 0.2392 | C_Loss: 0.000 | A_Loss: 0.000 | Alpha: 0.0000
Train Ep: 288/350 | Reward:    1.0 | MSE: 0.4405 | C_Loss: 0.000 | A_Loss: 0.000 | Alpha: 0.0000
Train Ep: 289/350 | Reward:    1.0 | MSE: 0.2811 | C_Loss: 0.000 | A_Loss: 0.000 | Alpha: 0.0000
Train Ep: 290/350 | Reward:    0.0 | MSE: 0.4152 | C_Loss: 0.000 | A_Loss: -0.000 | Alpha: 0.0000
  [!] Running Isolated Validation (Pure CMA vs GNN)...
  -> Val Results: Pure Baseline Errors: 5195 | GNN Errors: 5195
  -> Relative Improvement: 0.000%
Train Ep: 291/350 | Reward:    1.0 | MSE: 0.3015 | C_Loss: 0.000 | A_Loss: 0.000 | Alpha: 0.0000
Train Ep: 292/350 | Reward:    0.0 | MSE: 0.2902 | C_Loss: 0.000 | A_Loss: -0.000 | Alpha: 0.0000
Train Ep: 293/350 | Reward:    0.0 | MSE: 0.2813 | C_Loss: 0.000 | A_Loss: 0.000 | Alpha: 0.0000
Train Ep: 294/350 | Reward:    1.0 | MSE: 0.4554 | C_Loss: 0.000 | A_Loss: 0.000 | Alpha: 0.0000
Train Ep: 295/350 | Reward:    0.0 | MSE: 0.3786 | C_Loss: 0.000 | A_Loss: -0.000 | Alpha: 0.0000
  [!] Running Isolated Validation (Pure CMA vs GNN)...
  -> Val Results: Pure Baseline Errors: 5195 | GNN Errors: 5195
  -> Relative Improvement: 0.000%
Train Ep: 296/350 | Reward:    0.0 | MSE: 0.3973 | C_Loss: 0.000 | A_Loss: 0.000 | Alpha: 0.0000
Train Ep: 297/350 | Reward:    0.0 | MSE: 0.3907 | C_Loss: 0.000 | A_Loss: 0.000 | Alpha: 0.0000
Train Ep: 298/350 | Reward:    1.0 | MSE: 0.1918 | C_Loss: 0.000 | A_Loss: 0.000 | Alpha: 0.0000
Train Ep: 299/350 | Reward:    0.0 | MSE: 0.3673 | C_Loss: 0.000 | A_Loss: 0.000 | Alpha: 0.0000
Train Ep: 300/350 | Reward:   -1.0 | MSE: 0.2953 | C_Loss: 0.000 | A_Loss: 0.000 | Alpha: 0.0000
  [!] Running Isolated Validation (Pure CMA vs GNN)...
  -> Val Results: Pure Baseline Errors: 5195 | GNN Errors: 5195
  -> Relative Improvement: 0.000%
Train Ep: 301/350 | Reward:    0.0 | MSE: 0.2933 | C_Loss: 0.000 | A_Loss: 0.000 | Alpha: 0.0000
Train Ep: 302/350 | Reward:    0.0 | MSE: 0.2961 | C_Loss: 0.000 | A_Loss: 0.000 | Alpha: 0.0000
Train Ep: 303/350 | Reward:    0.0 | MSE: 0.2860 | C_Loss: 0.000 | A_Loss: 0.000 | Alpha: 0.0000
Train Ep: 304/350 | Reward:    1.0 | MSE: 0.2609 | C_Loss: 0.000 | A_Loss: 0.000 | Alpha: 0.0000
Train Ep: 305/350 | Reward:    0.0 | MSE: 0.2870 | C_Loss: 0.000 | A_Loss: 0.000 | Alpha: 0.0000
  [!] Running Isolated Validation (Pure CMA vs GNN)...
  -> Val Results: Pure Baseline Errors: 5195 | GNN Errors: 5195
  -> Relative Improvement: 0.000%
Train Ep: 306/350 | Reward:    0.0 | MSE: 0.2791 | C_Loss: 0.000 | A_Loss: 0.000 | Alpha: 0.0000
Train Ep: 307/350 | Reward:    0.0 | MSE: 0.4644 | C_Loss: 0.000 | A_Loss: 0.000 | Alpha: 0.0000
Train Ep: 308/350 | Reward:    0.0 | MSE: 0.3244 | C_Loss: 0.000 | A_Loss: 0.000 | Alpha: 0.0000
Train Ep: 309/350 | Reward:    0.0 | MSE: 0.3551 | C_Loss: 0.000 | A_Loss: 0.000 | Alpha: 0.0000
Train Ep: 310/350 | Reward:    0.0 | MSE: 0.2310 | C_Loss: 0.000 | A_Loss: 0.000 | Alpha: 0.0000
  [!] Running Isolated Validation (Pure CMA vs GNN)...
  -> Val Results: Pure Baseline Errors: 5195 | GNN Errors: 5195
  -> Relative Improvement: 0.000%
Train Ep: 311/350 | Reward:    0.0 | MSE: 0.3689 | C_Loss: 0.000 | A_Loss: 0.000 | Alpha: 0.0000
Train Ep: 312/350 | Reward:    0.0 | MSE: 0.3098 | C_Loss: 0.000 | A_Loss: 0.000 | Alpha: 0.0000
Train Ep: 313/350 | Reward:    0.0 | MSE: 0.1763 | C_Loss: 0.000 | A_Loss: 0.000 | Alpha: 0.0000
Train Ep: 314/350 | Reward:    1.0 | MSE: 0.3176 | C_Loss: 0.000 | A_Loss: 0.000 | Alpha: 0.0000
Train Ep: 315/350 | Reward:    0.0 | MSE: 0.2146 | C_Loss: 0.000 | A_Loss: 0.000 | Alpha: 0.0000
  [!] Running Isolated Validation (Pure CMA vs GNN)...
  -> Val Results: Pure Baseline Errors: 5195 | GNN Errors: 5195
  -> Relative Improvement: 0.000%
Train Ep: 316/350 | Reward:    0.0 | MSE: 0.3138 | C_Loss: 0.000 | A_Loss: 0.000 | Alpha: 0.0000
Train Ep: 317/350 | Reward:   -1.0 | MSE: 0.3498 | C_Loss: 0.000 | A_Loss: 0.000 | Alpha: 0.0000
Train Ep: 318/350 | Reward:    1.0 | MSE: 0.4105 | C_Loss: 0.000 | A_Loss: 0.000 | Alpha: 0.0000
Train Ep: 319/350 | Reward:    0.0 | MSE: 0.2761 | C_Loss: 0.000 | A_Loss: -0.000 | Alpha: 0.0000
Train Ep: 320/350 | Reward:    0.0 | MSE: 0.2669 | C_Loss: 0.000 | A_Loss: 0.000 | Alpha: 0.0000
  [!] Running Isolated Validation (Pure CMA vs GNN)...
  -> Val Results: Pure Baseline Errors: 5195 | GNN Errors: 5195
  -> Relative Improvement: 0.000%
Train Ep: 321/350 | Reward:    0.0 | MSE: 0.3476 | C_Loss: 0.000 | A_Loss: 0.000 | Alpha: 0.0000
Train Ep: 322/350 | Reward:    0.0 | MSE: 0.3020 | C_Loss: 0.000 | A_Loss: 0.000 | Alpha: 0.0000
Train Ep: 323/350 | Reward:    0.0 | MSE: 0.4060 | C_Loss: 0.000 | A_Loss: 0.000 | Alpha: 0.0000
Train Ep: 324/350 | Reward:   -1.0 | MSE: 0.4030 | C_Loss: 0.000 | A_Loss: 0.000 | Alpha: 0.0000
Train Ep: 325/350 | Reward:    1.0 | MSE: 0.2915 | C_Loss: 0.000 | A_Loss: 0.000 | Alpha: 0.0000
  [!] Running Isolated Validation (Pure CMA vs GNN)...
  -> Val Results: Pure Baseline Errors: 5195 | GNN Errors: 5195
  -> Relative Improvement: 0.000%
Train Ep: 326/350 | Reward:    0.0 | MSE: 0.3390 | C_Loss: 0.000 | A_Loss: 0.000 | Alpha: 0.0000
Train Ep: 327/350 | Reward:    2.0 | MSE: 0.3965 | C_Loss: 0.000 | A_Loss: 0.000 | Alpha: 0.0000
Train Ep: 328/350 | Reward:    0.0 | MSE: 0.3000 | C_Loss: 0.000 | A_Loss: -0.000 | Alpha: 0.0000
Train Ep: 329/350 | Reward:    1.0 | MSE: 0.2182 | C_Loss: 0.000 | A_Loss: -0.000 | Alpha: 0.0000
Train Ep: 330/350 | Reward:    0.0 | MSE: 0.2594 | C_Loss: 0.000 | A_Loss: 0.000 | Alpha: 0.0000
  [!] Running Isolated Validation (Pure CMA vs GNN)...
  -> Val Results: Pure Baseline Errors: 5195 | GNN Errors: 5195
  -> Relative Improvement: 0.000%
Train Ep: 331/350 | Reward:    0.0 | MSE: 0.4598 | C_Loss: 0.000 | A_Loss: 0.000 | Alpha: 0.0000
Train Ep: 332/350 | Reward:    0.0 | MSE: 0.2755 | C_Loss: 0.000 | A_Loss: 0.000 | Alpha: 0.0000
Train Ep: 333/350 | Reward:    0.0 | MSE: 0.2851 | C_Loss: 0.000 | A_Loss: 0.000 | Alpha: 0.0000
Train Ep: 334/350 | Reward:    1.0 | MSE: 0.3207 | C_Loss: 0.000 | A_Loss: 0.000 | Alpha: 0.0000
Train Ep: 335/350 | Reward:    0.0 | MSE: 0.2908 | C_Loss: 0.000 | A_Loss: 0.000 | Alpha: 0.0000
  [!] Running Isolated Validation (Pure CMA vs GNN)...
  -> Val Results: Pure Baseline Errors: 5195 | GNN Errors: 5195
  -> Relative Improvement: 0.000%
Train Ep: 336/350 | Reward:    0.0 | MSE: 0.4362 | C_Loss: 0.000 | A_Loss: 0.000 | Alpha: 0.0000
Train Ep: 337/350 | Reward:    0.0 | MSE: 0.2866 | C_Loss: 0.000 | A_Loss: 0.000 | Alpha: 0.0000
Train Ep: 338/350 | Reward:    0.0 | MSE: 0.4079 | C_Loss: 0.000 | A_Loss: 0.000 | Alpha: 0.0000
Train Ep: 339/350 | Reward:    1.0 | MSE: 0.1904 | C_Loss: 0.000 | A_Loss: 0.000 | Alpha: 0.0000
Train Ep: 340/350 | Reward:    0.0 | MSE: 0.3076 | C_Loss: 0.000 | A_Loss: 0.000 | Alpha: 0.0000
  [!] Running Isolated Validation (Pure CMA vs GNN)...
  -> Val Results: Pure Baseline Errors: 5195 | GNN Errors: 5195
  -> Relative Improvement: 0.000%
Train Ep: 341/350 | Reward:    0.0 | MSE: 0.2768 | C_Loss: 0.000 | A_Loss: 0.000 | Alpha: 0.0000
Train Ep: 342/350 | Reward:   -2.0 | MSE: 0.4635 | C_Loss: 0.000 | A_Loss: 0.000 | Alpha: 0.0000
Train Ep: 343/350 | Reward:    1.0 | MSE: 0.3909 | C_Loss: 0.000 | A_Loss: 0.000 | Alpha: 0.0000
Train Ep: 344/350 | Reward:    1.0 | MSE: 0.2223 | C_Loss: 0.000 | A_Loss: -0.000 | Alpha: 0.0000
Train Ep: 345/350 | Reward:    0.0 | MSE: 0.2918 | C_Loss: 0.000 | A_Loss: 0.000 | Alpha: 0.0000
  [!] Running Isolated Validation (Pure CMA vs GNN)...
  -> Val Results: Pure Baseline Errors: 5195 | GNN Errors: 5195
  -> Relative Improvement: 0.000%
Train Ep: 346/350 | Reward:   -1.0 | MSE: 0.2878 | C_Loss: 0.000 | A_Loss: 0.000 | Alpha: 0.0000
Train Ep: 347/350 | Reward:    0.0 | MSE: 0.2987 | C_Loss: 0.000 | A_Loss: 0.000 | Alpha: 0.0000
Train Ep: 348/350 | Reward:    0.0 | MSE: 0.4356 | C_Loss: 0.000 | A_Loss: 0.000 | Alpha: 0.0000
Train Ep: 349/350 | Reward:    0.0 | MSE: 0.3045 | C_Loss: 0.000 | A_Loss: 0.000 | Alpha: 0.0000
Train Ep: 350/350 | Reward:    0.0 | MSE: 0.3377 | C_Loss: 0.000 | A_Loss: 0.000 | Alpha: 0.0000
  [!] Running Isolated Validation (Pure CMA vs GNN)...
  -> Val Results: Pure Baseline Errors: 5195 | GNN Errors: 5195
  -> Relative Improvement: 0.000%

Training complete in 67600.89 seconds.
[*] Models successfully saved to models/sac_gnn_45.pth
Training plots saved to 'plots/training_metrics_45.png'
[*] The best performing model during validation was saved to: models/sac_gnn_45_best.pth
Training run time = 67601.94 s
Job finished at: Fri Apr 24 14:49:27 CEST 2026
