Job started at: Mon Apr 20 19:12:37 CEST 2026
Starting Run 43: Gamma=0.0 | Layers=1 | Mismatch=30.0
SLURM Mode Received: 0
Execution Pipeline: ['train']
Loaded Configuration: {'mode': 0, 'model_path': 'models/sac_gnn_43.pth', 'training_metrics_filename': 'training_metrics_43.png', 'distance': 5, 'n_rounds': 5, 'p': 0.004, 'p_gate_zz': 0.0, 'mismatch': 30.0, 'n_shots': 65000, 'n_test_shots': 10000, 'burn_in_steps': 15000, 'bypass_threshold': 2, 'action_scale': 3.0, 'update_period': 100, 'prior_shots': 1000, 'local_action_only': True, 'local_action_hops': 1, 'n_layers': 1, 'hidden_dim': 256, 'lr': 0.0001, 'gamma': 0.0, 'tau': 0.005, 'alpha': 0.01, 'batch_size': 64, 'buffer_capacity': 100000, 'update_frequency': 100, 'train_episodes': 350, 'test_episodes': 20}

Initializing environment...

############################################################
### RUNNING MODE: TRAIN
############################################################

========================================
STARTING TRAINING (Episodes: 350)
========================================
Train Ep: 001/350 | Reward: -555.0 | MSE: 0.3054 | C_Loss: 0.064 | A_Loss: 0.012 | Alpha: 0.0095
Train Ep: 002/350 | Reward: -207.0 | MSE: 0.3803 | C_Loss: 0.063 | A_Loss: 0.005 | Alpha: 0.0091
Train Ep: 003/350 | Reward:  -37.0 | MSE: 0.2526 | C_Loss: 0.049 | A_Loss: 0.001 | Alpha: 0.0087
Train Ep: 004/350 | Reward:  -13.0 | MSE: 0.3622 | C_Loss: 0.034 | A_Loss: -0.001 | Alpha: 0.0083
Train Ep: 005/350 | Reward:    0.0 | MSE: 0.3563 | C_Loss: 0.017 | A_Loss: -0.003 | Alpha: 0.0079
Train Ep: 006/350 | Reward:  -29.0 | MSE: 0.4311 | C_Loss: 0.018 | A_Loss: -0.003 | Alpha: 0.0075
Train Ep: 007/350 | Reward:  -28.0 | MSE: 0.3100 | C_Loss: 0.019 | A_Loss: -0.003 | Alpha: 0.0072
Train Ep: 008/350 | Reward:  -31.0 | MSE: 0.3713 | C_Loss: 0.018 | A_Loss: -0.002 | Alpha: 0.0069
Train Ep: 009/350 | Reward:    5.0 | MSE: 0.3763 | C_Loss: 0.017 | A_Loss: -0.002 | Alpha: 0.0066
  [!] Reward crossed 0! Unlocking Validation phase for the rest of training.
Train Ep: 010/350 | Reward:  -40.0 | MSE: 0.2429 | C_Loss: 0.019 | A_Loss: -0.003 | Alpha: 0.0063
  [!] Running Isolated Validation (Pure CMA vs GNN)...
  -> Val Results: Pure Baseline Errors: 5195 | GNN Errors: 5186
  -> Relative Improvement: 0.173%
  *** New Best Model! Net Score improved from -inf to 0.0017324350336862368 ***
[*] Models successfully saved to models/sac_gnn_43_best.pth
Train Ep: 011/350 | Reward:  -49.0 | MSE: 0.2954 | C_Loss: 0.020 | A_Loss: -0.003 | Alpha: 0.0060
Train Ep: 012/350 | Reward:  -75.0 | MSE: 0.2575 | C_Loss: 0.021 | A_Loss: -0.003 | Alpha: 0.0057
Train Ep: 013/350 | Reward:  -33.0 | MSE: 0.3608 | C_Loss: 0.018 | A_Loss: -0.002 | Alpha: 0.0055
Train Ep: 014/350 | Reward:   -8.0 | MSE: 0.3176 | C_Loss: 0.018 | A_Loss: -0.003 | Alpha: 0.0052
Train Ep: 015/350 | Reward:  -61.0 | MSE: 0.2789 | C_Loss: 0.018 | A_Loss: -0.002 | Alpha: 0.0050
  [!] Running Isolated Validation (Pure CMA vs GNN)...
  -> Val Results: Pure Baseline Errors: 5195 | GNN Errors: 5180
  -> Relative Improvement: 0.289%
  *** New Best Model! Net Score improved from 0.0017324350336862368 to 0.0028873917228103944 ***
[*] Models successfully saved to models/sac_gnn_43_best.pth
Train Ep: 016/350 | Reward:  -96.0 | MSE: 0.3179 | C_Loss: 0.027 | A_Loss: -0.002 | Alpha: 0.0048
Train Ep: 017/350 | Reward: -131.0 | MSE: 0.3142 | C_Loss: 0.035 | A_Loss: -0.001 | Alpha: 0.0046
Train Ep: 018/350 | Reward:  -99.0 | MSE: 0.3113 | C_Loss: 0.037 | A_Loss: -0.001 | Alpha: 0.0044
Train Ep: 019/350 | Reward:  -20.0 | MSE: 0.4409 | C_Loss: 0.031 | A_Loss: -0.001 | Alpha: 0.0042
Train Ep: 020/350 | Reward:   10.0 | MSE: 0.3691 | C_Loss: 0.018 | A_Loss: -0.002 | Alpha: 0.0040
  [!] Running Isolated Validation (Pure CMA vs GNN)...
  -> Val Results: Pure Baseline Errors: 5195 | GNN Errors: 5186
  -> Relative Improvement: 0.173%
Train Ep: 021/350 | Reward:   20.0 | MSE: 0.2547 | C_Loss: 0.012 | A_Loss: -0.002 | Alpha: 0.0038
Train Ep: 022/350 | Reward:   -6.0 | MSE: 0.4723 | C_Loss: 0.010 | A_Loss: -0.002 | Alpha: 0.0036
Train Ep: 023/350 | Reward:  -50.0 | MSE: 0.3268 | C_Loss: 0.015 | A_Loss: -0.001 | Alpha: 0.0035
Train Ep: 024/350 | Reward:  -32.0 | MSE: 0.2755 | C_Loss: 0.018 | A_Loss: -0.001 | Alpha: 0.0033
Train Ep: 025/350 | Reward:  -23.0 | MSE: 0.2999 | C_Loss: 0.019 | A_Loss: -0.002 | Alpha: 0.0032
  [!] Running Isolated Validation (Pure CMA vs GNN)...
  -> Val Results: Pure Baseline Errors: 5195 | GNN Errors: 5182
  -> Relative Improvement: 0.250%
Train Ep: 026/350 | Reward:  -26.0 | MSE: 0.3698 | C_Loss: 0.023 | A_Loss: -0.000 | Alpha: 0.0030
Train Ep: 027/350 | Reward:   10.0 | MSE: 0.2384 | C_Loss: 0.023 | A_Loss: -0.002 | Alpha: 0.0029
Train Ep: 028/350 | Reward:   18.0 | MSE: 0.3721 | C_Loss: 0.017 | A_Loss: -0.002 | Alpha: 0.0028
Train Ep: 029/350 | Reward:   24.0 | MSE: 0.4304 | C_Loss: 0.012 | A_Loss: -0.001 | Alpha: 0.0026
Train Ep: 030/350 | Reward:  -13.0 | MSE: 0.3506 | C_Loss: 0.011 | A_Loss: -0.002 | Alpha: 0.0025
  [!] Running Isolated Validation (Pure CMA vs GNN)...
  -> Val Results: Pure Baseline Errors: 5195 | GNN Errors: 5190
  -> Relative Improvement: 0.096%
Train Ep: 031/350 | Reward:    2.0 | MSE: 0.3758 | C_Loss: 0.011 | A_Loss: -0.000 | Alpha: 0.0024
Train Ep: 032/350 | Reward:   39.0 | MSE: 0.3341 | C_Loss: 0.015 | A_Loss: -0.002 | Alpha: 0.0023
Train Ep: 033/350 | Reward:   -6.0 | MSE: 0.3397 | C_Loss: 0.016 | A_Loss: -0.002 | Alpha: 0.0022
Train Ep: 034/350 | Reward:  -20.0 | MSE: 0.3066 | C_Loss: 0.014 | A_Loss: -0.001 | Alpha: 0.0021
Train Ep: 035/350 | Reward:  -58.0 | MSE: 0.3307 | C_Loss: 0.024 | A_Loss: -0.001 | Alpha: 0.0020
  [!] Running Isolated Validation (Pure CMA vs GNN)...
  -> Val Results: Pure Baseline Errors: 5195 | GNN Errors: 5182
  -> Relative Improvement: 0.250%
Train Ep: 036/350 | Reward:  -75.0 | MSE: 0.2711 | C_Loss: 0.027 | A_Loss: 0.001 | Alpha: 0.0019
Train Ep: 037/350 | Reward:  -14.0 | MSE: 0.3520 | C_Loss: 0.023 | A_Loss: -0.000 | Alpha: 0.0018
Train Ep: 038/350 | Reward:   21.0 | MSE: 0.2548 | C_Loss: 0.018 | A_Loss: -0.001 | Alpha: 0.0018
Train Ep: 039/350 | Reward:  -12.0 | MSE: 0.3026 | C_Loss: 0.017 | A_Loss: -0.001 | Alpha: 0.0017
Train Ep: 040/350 | Reward:   -6.0 | MSE: 0.4262 | C_Loss: 0.017 | A_Loss: -0.001 | Alpha: 0.0016
  [!] Running Isolated Validation (Pure CMA vs GNN)...
  -> Val Results: Pure Baseline Errors: 5195 | GNN Errors: 5192
  -> Relative Improvement: 0.058%
Train Ep: 041/350 | Reward:    2.0 | MSE: 0.3349 | C_Loss: 0.016 | A_Loss: -0.001 | Alpha: 0.0015
Train Ep: 042/350 | Reward:    5.0 | MSE: 0.4373 | C_Loss: 0.018 | A_Loss: -0.001 | Alpha: 0.0015
Train Ep: 043/350 | Reward:   36.0 | MSE: 0.4065 | C_Loss: 0.017 | A_Loss: -0.001 | Alpha: 0.0014
Train Ep: 044/350 | Reward:   29.0 | MSE: 0.2349 | C_Loss: 0.013 | A_Loss: -0.000 | Alpha: 0.0013
Train Ep: 045/350 | Reward:   16.0 | MSE: 0.4453 | C_Loss: 0.013 | A_Loss: -0.000 | Alpha: 0.0013
  [!] Running Isolated Validation (Pure CMA vs GNN)...
  -> Val Results: Pure Baseline Errors: 5195 | GNN Errors: 5195
  -> Relative Improvement: 0.000%
Train Ep: 046/350 | Reward:   20.0 | MSE: 0.2662 | C_Loss: 0.014 | A_Loss: -0.002 | Alpha: 0.0012
Train Ep: 047/350 | Reward:   21.0 | MSE: 0.2596 | C_Loss: 0.014 | A_Loss: -0.001 | Alpha: 0.0012
Train Ep: 048/350 | Reward:   16.0 | MSE: 0.4424 | C_Loss: 0.013 | A_Loss: -0.001 | Alpha: 0.0011
Train Ep: 049/350 | Reward:   50.0 | MSE: 0.3506 | C_Loss: 0.011 | A_Loss: -0.002 | Alpha: 0.0011
Train Ep: 050/350 | Reward:   -7.0 | MSE: 0.2912 | C_Loss: 0.013 | A_Loss: -0.001 | Alpha: 0.0010
  [!] Running Isolated Validation (Pure CMA vs GNN)...
  -> Val Results: Pure Baseline Errors: 5195 | GNN Errors: 5184
  -> Relative Improvement: 0.212%
Train Ep: 051/350 | Reward:    5.0 | MSE: 0.4204 | C_Loss: 0.015 | A_Loss: -0.001 | Alpha: 0.0010
Train Ep: 052/350 | Reward:   -4.0 | MSE: 0.2858 | C_Loss: 0.014 | A_Loss: -0.000 | Alpha: 0.0009
Train Ep: 053/350 | Reward:   -3.0 | MSE: 0.3918 | C_Loss: 0.011 | A_Loss: -0.000 | Alpha: 0.0009
Train Ep: 054/350 | Reward:   22.0 | MSE: 0.3614 | C_Loss: 0.010 | A_Loss: -0.001 | Alpha: 0.0009
Train Ep: 055/350 | Reward:    3.0 | MSE: 0.3638 | C_Loss: 0.013 | A_Loss: -0.001 | Alpha: 0.0008
  [!] Running Isolated Validation (Pure CMA vs GNN)...
  -> Val Results: Pure Baseline Errors: 5195 | GNN Errors: 5187
  -> Relative Improvement: 0.154%
Train Ep: 056/350 | Reward:  -21.0 | MSE: 0.3259 | C_Loss: 0.015 | A_Loss: -0.001 | Alpha: 0.0008
Train Ep: 057/350 | Reward:   -3.0 | MSE: 0.4996 | C_Loss: 0.015 | A_Loss: -0.000 | Alpha: 0.0007
Train Ep: 058/350 | Reward:   14.0 | MSE: 0.3660 | C_Loss: 0.018 | A_Loss: 0.001 | Alpha: 0.0007
Train Ep: 059/350 | Reward:  -35.0 | MSE: 0.3053 | C_Loss: 0.015 | A_Loss: -0.001 | Alpha: 0.0007
Train Ep: 060/350 | Reward:   28.0 | MSE: 0.3152 | C_Loss: 0.017 | A_Loss: 0.000 | Alpha: 0.0007
  [!] Running Isolated Validation (Pure CMA vs GNN)...
  -> Val Results: Pure Baseline Errors: 5195 | GNN Errors: 5195
  -> Relative Improvement: 0.000%
Train Ep: 061/350 | Reward:   -2.0 | MSE: 0.2547 | C_Loss: 0.014 | A_Loss: -0.002 | Alpha: 0.0006
Train Ep: 062/350 | Reward:   19.0 | MSE: 0.3720 | C_Loss: 0.013 | A_Loss: -0.001 | Alpha: 0.0006
Train Ep: 063/350 | Reward:   14.0 | MSE: 0.2881 | C_Loss: 0.012 | A_Loss: -0.001 | Alpha: 0.0006
Train Ep: 064/350 | Reward:   15.0 | MSE: 0.3965 | C_Loss: 0.016 | A_Loss: -0.001 | Alpha: 0.0005
Train Ep: 065/350 | Reward:  -11.0 | MSE: 0.2310 | C_Loss: 0.018 | A_Loss: -0.000 | Alpha: 0.0005
  [!] Running Isolated Validation (Pure CMA vs GNN)...
  -> Val Results: Pure Baseline Errors: 5195 | GNN Errors: 5195
  -> Relative Improvement: 0.000%
Train Ep: 066/350 | Reward:    1.0 | MSE: 0.2875 | C_Loss: 0.015 | A_Loss: 0.000 | Alpha: 0.0005
Train Ep: 067/350 | Reward: -116.0 | MSE: 0.1535 | C_Loss: 0.015 | A_Loss: 0.000 | Alpha: 0.0005
Train Ep: 068/350 | Reward:  -34.0 | MSE: 0.3599 | C_Loss: 0.026 | A_Loss: 0.001 | Alpha: 0.0005
Train Ep: 069/350 | Reward:   -3.0 | MSE: 0.2990 | C_Loss: 0.025 | A_Loss: 0.000 | Alpha: 0.0004
Train Ep: 070/350 | Reward:  -31.0 | MSE: 0.3767 | C_Loss: 0.022 | A_Loss: 0.000 | Alpha: 0.0004
  [!] Running Isolated Validation (Pure CMA vs GNN)...
  -> Val Results: Pure Baseline Errors: 5195 | GNN Errors: 5190
  -> Relative Improvement: 0.096%
Train Ep: 071/350 | Reward:  -35.0 | MSE: 0.3673 | C_Loss: 0.020 | A_Loss: 0.000 | Alpha: 0.0004
Train Ep: 072/350 | Reward:   23.0 | MSE: 0.3947 | C_Loss: 0.018 | A_Loss: 0.001 | Alpha: 0.0004
Train Ep: 073/350 | Reward:   16.0 | MSE: 0.2879 | C_Loss: 0.023 | A_Loss: -0.000 | Alpha: 0.0004
Train Ep: 074/350 | Reward:   -5.0 | MSE: 0.2925 | C_Loss: 0.023 | A_Loss: -0.000 | Alpha: 0.0003
Train Ep: 075/350 | Reward:  -11.0 | MSE: 0.4728 | C_Loss: 0.025 | A_Loss: -0.000 | Alpha: 0.0003
  [!] Running Isolated Validation (Pure CMA vs GNN)...
  -> Val Results: Pure Baseline Errors: 5195 | GNN Errors: 5157
  -> Relative Improvement: 0.731%
  *** New Best Model! Net Score improved from 0.0028873917228103944 to 0.007314725697786333 ***
[*] Models successfully saved to models/sac_gnn_43_best.pth
Train Ep: 076/350 | Reward:    8.0 | MSE: 0.3521 | C_Loss: 0.018 | A_Loss: -0.001 | Alpha: 0.0003
Train Ep: 077/350 | Reward:   -7.0 | MSE: 0.3762 | C_Loss: 0.018 | A_Loss: -0.000 | Alpha: 0.0003
Train Ep: 078/350 | Reward:   23.0 | MSE: 0.3111 | C_Loss: 0.020 | A_Loss: 0.000 | Alpha: 0.0003
Train Ep: 079/350 | Reward:   34.0 | MSE: 0.3388 | C_Loss: 0.015 | A_Loss: -0.001 | Alpha: 0.0003
Train Ep: 080/350 | Reward:  -12.0 | MSE: 0.2856 | C_Loss: 0.015 | A_Loss: 0.000 | Alpha: 0.0003
  [!] Running Isolated Validation (Pure CMA vs GNN)...
  -> Val Results: Pure Baseline Errors: 5195 | GNN Errors: 5180
  -> Relative Improvement: 0.289%
Train Ep: 081/350 | Reward:  -32.0 | MSE: 0.3120 | C_Loss: 0.012 | A_Loss: 0.000 | Alpha: 0.0003
Train Ep: 082/350 | Reward:   26.0 | MSE: 0.3356 | C_Loss: 0.012 | A_Loss: 0.000 | Alpha: 0.0002
Train Ep: 083/350 | Reward:   16.0 | MSE: 0.3099 | C_Loss: 0.015 | A_Loss: 0.000 | Alpha: 0.0002
Train Ep: 084/350 | Reward:  -57.0 | MSE: 0.3701 | C_Loss: 0.016 | A_Loss: -0.001 | Alpha: 0.0002
Train Ep: 085/350 | Reward:  -27.0 | MSE: 0.3001 | C_Loss: 0.018 | A_Loss: -0.000 | Alpha: 0.0002
  [!] Running Isolated Validation (Pure CMA vs GNN)...
  -> Val Results: Pure Baseline Errors: 5195 | GNN Errors: 5195
  -> Relative Improvement: 0.000%
Train Ep: 086/350 | Reward:  -28.0 | MSE: 0.3222 | C_Loss: 0.017 | A_Loss: 0.001 | Alpha: 0.0002
Train Ep: 087/350 | Reward:  -34.0 | MSE: 0.1917 | C_Loss: 0.018 | A_Loss: 0.000 | Alpha: 0.0002
Train Ep: 088/350 | Reward:    8.0 | MSE: 0.2185 | C_Loss: 0.017 | A_Loss: 0.000 | Alpha: 0.0002
Train Ep: 089/350 | Reward:   -9.0 | MSE: 0.2998 | C_Loss: 0.014 | A_Loss: -0.001 | Alpha: 0.0002
Train Ep: 090/350 | Reward:   11.0 | MSE: 0.3806 | C_Loss: 0.015 | A_Loss: 0.000 | Alpha: 0.0002
  [!] Running Isolated Validation (Pure CMA vs GNN)...
  -> Val Results: Pure Baseline Errors: 5195 | GNN Errors: 4914
  -> Relative Improvement: 5.409%
  *** New Best Model! Net Score improved from 0.007314725697786333 to 0.05409047160731473 ***
[*] Models successfully saved to models/sac_gnn_43_best.pth
Train Ep: 091/350 | Reward:   72.0 | MSE: 0.3348 | C_Loss: 0.017 | A_Loss: -0.000 | Alpha: 0.0002
Train Ep: 092/350 | Reward:   10.0 | MSE: 0.2587 | C_Loss: 0.018 | A_Loss: -0.001 | Alpha: 0.0002
Train Ep: 093/350 | Reward:    7.0 | MSE: 0.3752 | C_Loss: 0.018 | A_Loss: -0.000 | Alpha: 0.0001
Train Ep: 094/350 | Reward:   36.0 | MSE: 0.4182 | C_Loss: 0.015 | A_Loss: 0.000 | Alpha: 0.0001
Train Ep: 095/350 | Reward:  -24.0 | MSE: 0.3397 | C_Loss: 0.016 | A_Loss: -0.001 | Alpha: 0.0001
  [!] Running Isolated Validation (Pure CMA vs GNN)...
  -> Val Results: Pure Baseline Errors: 5195 | GNN Errors: 5066
  -> Relative Improvement: 2.483%
Train Ep: 096/350 | Reward:   31.0 | MSE: 0.2113 | C_Loss: 0.017 | A_Loss: -0.000 | Alpha: 0.0001
Train Ep: 097/350 | Reward:   26.0 | MSE: 0.3536 | C_Loss: 0.017 | A_Loss: -0.001 | Alpha: 0.0001
Train Ep: 098/350 | Reward:   -1.0 | MSE: 0.3069 | C_Loss: 0.013 | A_Loss: -0.000 | Alpha: 0.0001
Train Ep: 099/350 | Reward:   35.0 | MSE: 0.4212 | C_Loss: 0.009 | A_Loss: 0.000 | Alpha: 0.0001
Train Ep: 100/350 | Reward:   57.0 | MSE: 0.3607 | C_Loss: 0.011 | A_Loss: -0.000 | Alpha: 0.0001
  [!] Running Isolated Validation (Pure CMA vs GNN)...
  -> Val Results: Pure Baseline Errors: 5195 | GNN Errors: 5148
  -> Relative Improvement: 0.905%
Train Ep: 101/350 | Reward:   33.0 | MSE: 0.1576 | C_Loss: 0.011 | A_Loss: -0.001 | Alpha: 0.0001
Train Ep: 102/350 | Reward:  -11.0 | MSE: 0.2005 | C_Loss: 0.015 | A_Loss: -0.000 | Alpha: 0.0001
Train Ep: 103/350 | Reward:   -5.0 | MSE: 0.3290 | C_Loss: 0.015 | A_Loss: -0.001 | Alpha: 0.0001
Train Ep: 104/350 | Reward:  105.0 | MSE: 0.2629 | C_Loss: 0.022 | A_Loss: -0.000 | Alpha: 0.0001
Train Ep: 105/350 | Reward:   28.0 | MSE: 0.3952 | C_Loss: 0.026 | A_Loss: -0.001 | Alpha: 0.0001
  [!] Running Isolated Validation (Pure CMA vs GNN)...
  -> Val Results: Pure Baseline Errors: 5195 | GNN Errors: 4881
  -> Relative Improvement: 6.044%
  *** New Best Model! Net Score improved from 0.05409047160731473 to 0.060442733397497596 ***
[*] Models successfully saved to models/sac_gnn_43_best.pth
Train Ep: 106/350 | Reward:    7.0 | MSE: 0.3588 | C_Loss: 0.025 | A_Loss: -0.001 | Alpha: 0.0001
Train Ep: 107/350 | Reward:   26.0 | MSE: 0.3411 | C_Loss: 0.019 | A_Loss: -0.000 | Alpha: 0.0001
Train Ep: 108/350 | Reward:   53.0 | MSE: 0.2392 | C_Loss: 0.012 | A_Loss: -0.001 | Alpha: 0.0001
Train Ep: 109/350 | Reward:   26.0 | MSE: 0.3605 | C_Loss: 0.012 | A_Loss: -0.001 | Alpha: 0.0001
Train Ep: 110/350 | Reward:   15.0 | MSE: 0.3134 | C_Loss: 0.015 | A_Loss: -0.002 | Alpha: 0.0001
  [!] Running Isolated Validation (Pure CMA vs GNN)...
  -> Val Results: Pure Baseline Errors: 5195 | GNN Errors: 5160
  -> Relative Improvement: 0.674%
Train Ep: 111/350 | Reward:   65.0 | MSE: 0.2644 | C_Loss: 0.008 | A_Loss: -0.000 | Alpha: 0.0001
Train Ep: 112/350 | Reward:   18.0 | MSE: 0.3754 | C_Loss: 0.007 | A_Loss: -0.000 | Alpha: 0.0001
Train Ep: 113/350 | Reward:   40.0 | MSE: 0.3228 | C_Loss: 0.006 | A_Loss: -0.000 | Alpha: 0.0001
Train Ep: 114/350 | Reward:   34.0 | MSE: 0.2939 | C_Loss: 0.009 | A_Loss: -0.001 | Alpha: 0.0001
Train Ep: 115/350 | Reward:   34.0 | MSE: 0.3008 | C_Loss: 0.012 | A_Loss: -0.001 | Alpha: 0.0001
  [!] Running Isolated Validation (Pure CMA vs GNN)...
  -> Val Results: Pure Baseline Errors: 5195 | GNN Errors: 5164
  -> Relative Improvement: 0.597%
Train Ep: 116/350 | Reward:   33.0 | MSE: 0.3629 | C_Loss: 0.010 | A_Loss: -0.001 | Alpha: 0.0001
Train Ep: 117/350 | Reward:   17.0 | MSE: 0.3278 | C_Loss: 0.007 | A_Loss: -0.001 | Alpha: 0.0001
Train Ep: 118/350 | Reward:   26.0 | MSE: 0.3421 | C_Loss: 0.004 | A_Loss: -0.000 | Alpha: 0.0000
Train Ep: 119/350 | Reward:   15.0 | MSE: 0.3082 | C_Loss: 0.006 | A_Loss: 0.000 | Alpha: 0.0000
Train Ep: 120/350 | Reward:   44.0 | MSE: 0.2930 | C_Loss: 0.010 | A_Loss: -0.001 | Alpha: 0.0000
  [!] Running Isolated Validation (Pure CMA vs GNN)...
  -> Val Results: Pure Baseline Errors: 5195 | GNN Errors: 5195
  -> Relative Improvement: 0.000%
Train Ep: 121/350 | Reward:    0.0 | MSE: 0.3305 | C_Loss: 0.007 | A_Loss: -0.000 | Alpha: 0.0000
Train Ep: 122/350 | Reward:   28.0 | MSE: 0.2903 | C_Loss: 0.008 | A_Loss: -0.000 | Alpha: 0.0000
Train Ep: 123/350 | Reward:   45.0 | MSE: 0.4000 | C_Loss: 0.009 | A_Loss: -0.000 | Alpha: 0.0000
Train Ep: 124/350 | Reward:   37.0 | MSE: 0.2996 | C_Loss: 0.010 | A_Loss: -0.001 | Alpha: 0.0000
Train Ep: 125/350 | Reward:   39.0 | MSE: 0.2358 | C_Loss: 0.011 | A_Loss: -0.001 | Alpha: 0.0000
  [!] Running Isolated Validation (Pure CMA vs GNN)...
  -> Val Results: Pure Baseline Errors: 5195 | GNN Errors: 5152
  -> Relative Improvement: 0.828%
Train Ep: 126/350 | Reward:   56.0 | MSE: 0.2492 | C_Loss: 0.009 | A_Loss: -0.001 | Alpha: 0.0000
Train Ep: 127/350 | Reward:   39.0 | MSE: 0.2160 | C_Loss: 0.009 | A_Loss: -0.001 | Alpha: 0.0000
Train Ep: 128/350 | Reward:   52.0 | MSE: 0.2065 | C_Loss: 0.010 | A_Loss: -0.001 | Alpha: 0.0000
Train Ep: 129/350 | Reward:   18.0 | MSE: 0.2803 | C_Loss: 0.009 | A_Loss: -0.001 | Alpha: 0.0000
Train Ep: 130/350 | Reward:   37.0 | MSE: 0.3441 | C_Loss: 0.009 | A_Loss: -0.000 | Alpha: 0.0000
  [!] Running Isolated Validation (Pure CMA vs GNN)...
  -> Val Results: Pure Baseline Errors: 5195 | GNN Errors: 5178
  -> Relative Improvement: 0.327%
Train Ep: 131/350 | Reward:   27.0 | MSE: 0.5039 | C_Loss: 0.007 | A_Loss: -0.001 | Alpha: 0.0000
Train Ep: 132/350 | Reward:   41.0 | MSE: 0.3227 | C_Loss: 0.008 | A_Loss: -0.001 | Alpha: 0.0000
Train Ep: 133/350 | Reward:   10.0 | MSE: 0.3449 | C_Loss: 0.007 | A_Loss: -0.001 | Alpha: 0.0000
Train Ep: 134/350 | Reward:    5.0 | MSE: 0.3651 | C_Loss: 0.010 | A_Loss: -0.001 | Alpha: 0.0000
Train Ep: 135/350 | Reward:   22.0 | MSE: 0.3655 | C_Loss: 0.007 | A_Loss: 0.000 | Alpha: 0.0000
  [!] Running Isolated Validation (Pure CMA vs GNN)...
  -> Val Results: Pure Baseline Errors: 5195 | GNN Errors: 5176
  -> Relative Improvement: 0.366%
Train Ep: 136/350 | Reward:   27.0 | MSE: 0.3272 | C_Loss: 0.008 | A_Loss: -0.001 | Alpha: 0.0000
Train Ep: 137/350 | Reward:    0.0 | MSE: 0.3133 | C_Loss: 0.008 | A_Loss: -0.000 | Alpha: 0.0000
Train Ep: 138/350 | Reward:   26.0 | MSE: 0.3802 | C_Loss: 0.008 | A_Loss: 0.000 | Alpha: 0.0000
Train Ep: 139/350 | Reward:   34.0 | MSE: 0.4066 | C_Loss: 0.008 | A_Loss: -0.001 | Alpha: 0.0000
Train Ep: 140/350 | Reward:   35.0 | MSE: 0.2475 | C_Loss: 0.006 | A_Loss: -0.000 | Alpha: 0.0000
  [!] Running Isolated Validation (Pure CMA vs GNN)...
  -> Val Results: Pure Baseline Errors: 5195 | GNN Errors: 5045
  -> Relative Improvement: 2.887%
Train Ep: 141/350 | Reward:   79.0 | MSE: 0.3728 | C_Loss: 0.007 | A_Loss: -0.001 | Alpha: 0.0000
Train Ep: 142/350 | Reward:   45.0 | MSE: 0.2126 | C_Loss: 0.010 | A_Loss: -0.001 | Alpha: 0.0000
Train Ep: 143/350 | Reward:   62.0 | MSE: 0.3074 | C_Loss: 0.011 | A_Loss: -0.001 | Alpha: 0.0000
Train Ep: 144/350 | Reward:   43.0 | MSE: 0.4006 | C_Loss: 0.015 | A_Loss: -0.001 | Alpha: 0.0000
Train Ep: 145/350 | Reward:   14.0 | MSE: 0.2471 | C_Loss: 0.021 | A_Loss: -0.001 | Alpha: 0.0000
  [!] Running Isolated Validation (Pure CMA vs GNN)...
  -> Val Results: Pure Baseline Errors: 5195 | GNN Errors: 4915
  -> Relative Improvement: 5.390%
Train Ep: 146/350 | Reward:   85.0 | MSE: 0.3898 | C_Loss: 0.020 | A_Loss: 0.000 | Alpha: 0.0000
Train Ep: 147/350 | Reward:   59.0 | MSE: 0.2213 | C_Loss: 0.016 | A_Loss: -0.000 | Alpha: 0.0000
Train Ep: 148/350 | Reward:   91.0 | MSE: 0.2678 | C_Loss: 0.017 | A_Loss: -0.001 | Alpha: 0.0000
Train Ep: 149/350 | Reward:   44.0 | MSE: 0.3970 | C_Loss: 0.013 | A_Loss: -0.001 | Alpha: 0.0000
Train Ep: 150/350 | Reward:   16.0 | MSE: 0.3283 | C_Loss: 0.012 | A_Loss: -0.001 | Alpha: 0.0000
  [!] Running Isolated Validation (Pure CMA vs GNN)...
  -> Val Results: Pure Baseline Errors: 5195 | GNN Errors: 4926
  -> Relative Improvement: 5.178%
Train Ep: 151/350 | Reward:   80.0 | MSE: 0.3569 | C_Loss: 0.014 | A_Loss: -0.001 | Alpha: 0.0000
Train Ep: 152/350 | Reward:   14.0 | MSE: 0.2967 | C_Loss: 0.015 | A_Loss: -0.001 | Alpha: 0.0000
Train Ep: 153/350 | Reward:   28.0 | MSE: 0.2979 | C_Loss: 0.017 | A_Loss: -0.001 | Alpha: 0.0000
Train Ep: 154/350 | Reward:   38.0 | MSE: 0.3203 | C_Loss: 0.014 | A_Loss: -0.000 | Alpha: 0.0000
Train Ep: 155/350 | Reward:   25.0 | MSE: 0.3131 | C_Loss: 0.016 | A_Loss: -0.001 | Alpha: 0.0000
  [!] Running Isolated Validation (Pure CMA vs GNN)...
  -> Val Results: Pure Baseline Errors: 5195 | GNN Errors: 4939
  -> Relative Improvement: 4.928%
Train Ep: 156/350 | Reward:   42.0 | MSE: 0.2456 | C_Loss: 0.017 | A_Loss: -0.000 | Alpha: 0.0000
Train Ep: 157/350 | Reward:   54.0 | MSE: 0.3039 | C_Loss: 0.022 | A_Loss: -0.001 | Alpha: 0.0000
Train Ep: 158/350 | Reward:   49.0 | MSE: 0.2831 | C_Loss: 0.021 | A_Loss: -0.001 | Alpha: 0.0000
Train Ep: 159/350 | Reward:   54.0 | MSE: 0.3632 | C_Loss: 0.023 | A_Loss: -0.000 | Alpha: 0.0000
Train Ep: 160/350 | Reward:   80.0 | MSE: 0.3650 | C_Loss: 0.024 | A_Loss: -0.000 | Alpha: 0.0000
  [!] Running Isolated Validation (Pure CMA vs GNN)...
  -> Val Results: Pure Baseline Errors: 5195 | GNN Errors: 4956
  -> Relative Improvement: 4.601%
Train Ep: 161/350 | Reward:   64.0 | MSE: 0.3902 | C_Loss: 0.019 | A_Loss: -0.001 | Alpha: 0.0000
Train Ep: 162/350 | Reward:  -30.0 | MSE: 0.3139 | C_Loss: 0.019 | A_Loss: -0.001 | Alpha: 0.0000
Train Ep: 163/350 | Reward:   42.0 | MSE: 0.3379 | C_Loss: 0.021 | A_Loss: -0.000 | Alpha: 0.0000
Train Ep: 164/350 | Reward:   56.0 | MSE: 0.3692 | C_Loss: 0.015 | A_Loss: -0.001 | Alpha: 0.0000
Train Ep: 165/350 | Reward:  127.0 | MSE: 0.2527 | C_Loss: 0.017 | A_Loss: -0.001 | Alpha: 0.0000
  [!] Running Isolated Validation (Pure CMA vs GNN)...
  -> Val Results: Pure Baseline Errors: 5195 | GNN Errors: 5431
  -> Relative Improvement: -4.543%
Train Ep: 166/350 | Reward:   29.0 | MSE: 0.3583 | C_Loss: 0.032 | A_Loss: -0.001 | Alpha: 0.0000
Train Ep: 167/350 | Reward:    3.0 | MSE: 0.2945 | C_Loss: 0.043 | A_Loss: -0.001 | Alpha: 0.0000
Train Ep: 168/350 | Reward:   19.0 | MSE: 0.2317 | C_Loss: 0.037 | A_Loss: 0.001 | Alpha: 0.0000
Train Ep: 169/350 | Reward:    2.0 | MSE: 0.2791 | C_Loss: 0.028 | A_Loss: -0.001 | Alpha: 0.0000
Train Ep: 170/350 | Reward:    4.0 | MSE: 0.1967 | C_Loss: 0.029 | A_Loss: 0.000 | Alpha: 0.0000
  [!] Running Isolated Validation (Pure CMA vs GNN)...
  -> Val Results: Pure Baseline Errors: 5195 | GNN Errors: 5040
  -> Relative Improvement: 2.984%
Train Ep: 171/350 | Reward:    7.0 | MSE: 0.3041 | C_Loss: 0.027 | A_Loss: -0.001 | Alpha: 0.0000
Train Ep: 172/350 | Reward:  -83.0 | MSE: 0.2263 | C_Loss: 0.025 | A_Loss: 0.000 | Alpha: 0.0000
Train Ep: 173/350 | Reward:  -55.0 | MSE: 0.3152 | C_Loss: 0.029 | A_Loss: 0.002 | Alpha: 0.0000
Train Ep: 174/350 | Reward:   69.0 | MSE: 0.2310 | C_Loss: 0.028 | A_Loss: 0.000 | Alpha: 0.0000
Train Ep: 175/350 | Reward:  -95.0 | MSE: 0.3220 | C_Loss: 0.029 | A_Loss: 0.001 | Alpha: 0.0000
  [!] Running Isolated Validation (Pure CMA vs GNN)...
  -> Val Results: Pure Baseline Errors: 5195 | GNN Errors: 5045
  -> Relative Improvement: 2.887%
Train Ep: 176/350 | Reward:  -23.0 | MSE: 0.2715 | C_Loss: 0.037 | A_Loss: 0.002 | Alpha: 0.0000
Train Ep: 177/350 | Reward:  -72.0 | MSE: 0.2550 | C_Loss: 0.032 | A_Loss: 0.002 | Alpha: 0.0000
Train Ep: 178/350 | Reward:  -84.0 | MSE: 0.3590 | C_Loss: 0.031 | A_Loss: 0.001 | Alpha: 0.0000
Train Ep: 179/350 | Reward:   33.0 | MSE: 0.4002 | C_Loss: 0.033 | A_Loss: 0.001 | Alpha: 0.0000
Train Ep: 180/350 | Reward:  -12.0 | MSE: 0.3024 | C_Loss: 0.027 | A_Loss: 0.000 | Alpha: 0.0000
  [!] Running Isolated Validation (Pure CMA vs GNN)...
  -> Val Results: Pure Baseline Errors: 5195 | GNN Errors: 5187
  -> Relative Improvement: 0.154%
Train Ep: 181/350 | Reward:   74.0 | MSE: 0.3147 | C_Loss: 0.028 | A_Loss: -0.000 | Alpha: 0.0000
Train Ep: 182/350 | Reward:   14.0 | MSE: 0.3314 | C_Loss: 0.035 | A_Loss: -0.002 | Alpha: 0.0000
Train Ep: 183/350 | Reward:   12.0 | MSE: 0.2288 | C_Loss: 0.037 | A_Loss: -0.001 | Alpha: 0.0000
Train Ep: 184/350 | Reward:   67.0 | MSE: 0.1942 | C_Loss: 0.028 | A_Loss: -0.001 | Alpha: 0.0000
Train Ep: 185/350 | Reward:   80.0 | MSE: 0.3173 | C_Loss: 0.024 | A_Loss: -0.000 | Alpha: 0.0000
  [!] Running Isolated Validation (Pure CMA vs GNN)...
  -> Val Results: Pure Baseline Errors: 5195 | GNN Errors: 4936
  -> Relative Improvement: 4.986%
Train Ep: 186/350 | Reward:   88.0 | MSE: 0.2802 | C_Loss: 0.032 | A_Loss: -0.002 | Alpha: 0.0000
Train Ep: 187/350 | Reward:   69.0 | MSE: 0.2534 | C_Loss: 0.035 | A_Loss: -0.001 | Alpha: 0.0000
Train Ep: 188/350 | Reward:   66.0 | MSE: 0.3533 | C_Loss: 0.036 | A_Loss: -0.001 | Alpha: 0.0000
Train Ep: 189/350 | Reward:  116.0 | MSE: 0.3227 | C_Loss: 0.024 | A_Loss: -0.001 | Alpha: 0.0000
Train Ep: 190/350 | Reward:  116.0 | MSE: 0.3486 | C_Loss: 0.026 | A_Loss: -0.003 | Alpha: 0.0000
  [!] Running Isolated Validation (Pure CMA vs GNN)...
  -> Val Results: Pure Baseline Errors: 5195 | GNN Errors: 5214
  -> Relative Improvement: -0.366%
Train Ep: 191/350 | Reward:   46.0 | MSE: 0.2935 | C_Loss: 0.026 | A_Loss: -0.002 | Alpha: 0.0000
Train Ep: 192/350 | Reward:   50.0 | MSE: 0.3735 | C_Loss: 0.030 | A_Loss: -0.001 | Alpha: 0.0000
Train Ep: 193/350 | Reward:  106.0 | MSE: 0.3186 | C_Loss: 0.029 | A_Loss: -0.002 | Alpha: 0.0000
Train Ep: 194/350 | Reward:   70.0 | MSE: 0.1510 | C_Loss: 0.035 | A_Loss: -0.002 | Alpha: 0.0000
Train Ep: 195/350 | Reward:   44.0 | MSE: 0.2219 | C_Loss: 0.033 | A_Loss: -0.002 | Alpha: 0.0000
  [!] Running Isolated Validation (Pure CMA vs GNN)...
  -> Val Results: Pure Baseline Errors: 5195 | GNN Errors: 4976
  -> Relative Improvement: 4.216%
Train Ep: 196/350 | Reward:   50.0 | MSE: 0.1760 | C_Loss: 0.031 | A_Loss: -0.001 | Alpha: 0.0000
Train Ep: 197/350 | Reward:   80.0 | MSE: 0.3600 | C_Loss: 0.032 | A_Loss: -0.002 | Alpha: 0.0000
Train Ep: 198/350 | Reward:   66.0 | MSE: 0.2121 | C_Loss: 0.026 | A_Loss: -0.001 | Alpha: 0.0000
Train Ep: 199/350 | Reward:  -55.0 | MSE: 0.2438 | C_Loss: 0.025 | A_Loss: -0.002 | Alpha: 0.0000
Train Ep: 200/350 | Reward:  -49.0 | MSE: 0.3958 | C_Loss: 0.036 | A_Loss: 0.001 | Alpha: 0.0000
  [!] Running Isolated Validation (Pure CMA vs GNN)...
  -> Val Results: Pure Baseline Errors: 5195 | GNN Errors: 5195
  -> Relative Improvement: 0.000%
Train Ep: 201/350 | Reward:   50.0 | MSE: 0.3030 | C_Loss: 0.028 | A_Loss: 0.000 | Alpha: 0.0000
Train Ep: 202/350 | Reward:    2.0 | MSE: 0.2644 | C_Loss: 0.008 | A_Loss: -0.000 | Alpha: 0.0000
Train Ep: 203/350 | Reward:   93.0 | MSE: 0.3437 | C_Loss: 0.003 | A_Loss: -0.001 | Alpha: 0.0000
Train Ep: 204/350 | Reward:  104.0 | MSE: 0.2981 | C_Loss: 0.008 | A_Loss: -0.002 | Alpha: 0.0000
Train Ep: 205/350 | Reward:   75.0 | MSE: 0.3401 | C_Loss: 0.010 | A_Loss: -0.002 | Alpha: 0.0000
  [!] Running Isolated Validation (Pure CMA vs GNN)...
  -> Val Results: Pure Baseline Errors: 5195 | GNN Errors: 5041
  -> Relative Improvement: 2.964%
Train Ep: 206/350 | Reward:   81.0 | MSE: 0.3895 | C_Loss: 0.009 | A_Loss: -0.001 | Alpha: 0.0000
Train Ep: 207/350 | Reward:   42.0 | MSE: 0.4245 | C_Loss: 0.009 | A_Loss: -0.001 | Alpha: 0.0000
Train Ep: 208/350 | Reward:   69.0 | MSE: 0.4023 | C_Loss: 0.010 | A_Loss: -0.001 | Alpha: 0.0000
Train Ep: 209/350 | Reward:   42.0 | MSE: 0.3826 | C_Loss: 0.008 | A_Loss: -0.001 | Alpha: 0.0000
Train Ep: 210/350 | Reward:   26.0 | MSE: 0.3200 | C_Loss: 0.006 | A_Loss: -0.001 | Alpha: 0.0000
  [!] Running Isolated Validation (Pure CMA vs GNN)...
  -> Val Results: Pure Baseline Errors: 5195 | GNN Errors: 5046
  -> Relative Improvement: 2.868%
Train Ep: 211/350 | Reward:   98.0 | MSE: 0.2871 | C_Loss: 0.005 | A_Loss: -0.001 | Alpha: 0.0000
Train Ep: 212/350 | Reward:   98.0 | MSE: 0.3157 | C_Loss: 0.010 | A_Loss: -0.002 | Alpha: 0.0000
Train Ep: 213/350 | Reward:   62.0 | MSE: 0.2440 | C_Loss: 0.011 | A_Loss: -0.001 | Alpha: 0.0000
Train Ep: 214/350 | Reward:   62.0 | MSE: 0.3295 | C_Loss: 0.015 | A_Loss: -0.002 | Alpha: 0.0000
Train Ep: 215/350 | Reward:   77.0 | MSE: 0.3061 | C_Loss: 0.012 | A_Loss: -0.001 | Alpha: 0.0000
  [!] Running Isolated Validation (Pure CMA vs GNN)...
  -> Val Results: Pure Baseline Errors: 5195 | GNN Errors: 5016
  -> Relative Improvement: 3.446%
Train Ep: 216/350 | Reward:   68.0 | MSE: 0.2797 | C_Loss: 0.011 | A_Loss: -0.001 | Alpha: 0.0000
Train Ep: 217/350 | Reward:   69.0 | MSE: 0.1678 | C_Loss: 0.009 | A_Loss: -0.001 | Alpha: 0.0000
Train Ep: 218/350 | Reward:   64.0 | MSE: 0.5316 | C_Loss: 0.008 | A_Loss: -0.001 | Alpha: 0.0000
Train Ep: 219/350 | Reward:   61.0 | MSE: 0.3682 | C_Loss: 0.009 | A_Loss: -0.001 | Alpha: 0.0000
Train Ep: 220/350 | Reward:  121.0 | MSE: 0.4609 | C_Loss: 0.011 | A_Loss: -0.002 | Alpha: 0.0000
  [!] Running Isolated Validation (Pure CMA vs GNN)...
  -> Val Results: Pure Baseline Errors: 5195 | GNN Errors: 4991
  -> Relative Improvement: 3.927%
Train Ep: 221/350 | Reward:   78.0 | MSE: 0.1686 | C_Loss: 0.011 | A_Loss: -0.002 | Alpha: 0.0000
Train Ep: 222/350 | Reward:   67.0 | MSE: 0.3049 | C_Loss: 0.009 | A_Loss: -0.002 | Alpha: 0.0000
Train Ep: 223/350 | Reward:   41.0 | MSE: 0.2480 | C_Loss: 0.009 | A_Loss: -0.001 | Alpha: 0.0000
Train Ep: 224/350 | Reward:   55.0 | MSE: 0.3259 | C_Loss: 0.008 | A_Loss: -0.001 | Alpha: 0.0000
Train Ep: 225/350 | Reward:   57.0 | MSE: 0.2588 | C_Loss: 0.010 | A_Loss: -0.001 | Alpha: 0.0000
  [!] Running Isolated Validation (Pure CMA vs GNN)...
  -> Val Results: Pure Baseline Errors: 5195 | GNN Errors: 4982
  -> Relative Improvement: 4.100%
Train Ep: 226/350 | Reward:   99.0 | MSE: 0.4312 | C_Loss: 0.008 | A_Loss: -0.001 | Alpha: 0.0000
Train Ep: 227/350 | Reward:  121.0 | MSE: 0.1722 | C_Loss: 0.012 | A_Loss: -0.002 | Alpha: 0.0000
Train Ep: 228/350 | Reward:   72.0 | MSE: 0.2214 | C_Loss: 0.014 | A_Loss: -0.001 | Alpha: 0.0000
Train Ep: 229/350 | Reward:   33.0 | MSE: 0.3099 | C_Loss: 0.022 | A_Loss: -0.002 | Alpha: 0.0000
Train Ep: 230/350 | Reward:  162.0 | MSE: 0.2036 | C_Loss: 0.025 | A_Loss: -0.001 | Alpha: 0.0000
  [!] Running Isolated Validation (Pure CMA vs GNN)...
  -> Val Results: Pure Baseline Errors: 5195 | GNN Errors: 4887
  -> Relative Improvement: 5.929%
Train Ep: 231/350 | Reward:   24.0 | MSE: 0.2313 | C_Loss: 0.028 | A_Loss: -0.002 | Alpha: 0.0000
Train Ep: 232/350 | Reward:   54.0 | MSE: 0.3452 | C_Loss: 0.027 | A_Loss: -0.001 | Alpha: 0.0000
Train Ep: 233/350 | Reward:   -4.0 | MSE: 0.1699 | C_Loss: 0.027 | A_Loss: -0.001 | Alpha: 0.0000
Train Ep: 234/350 | Reward:  -90.0 | MSE: 0.3238 | C_Loss: 0.036 | A_Loss: 0.001 | Alpha: 0.0000
Train Ep: 235/350 | Reward:   24.0 | MSE: 0.2602 | C_Loss: 0.044 | A_Loss: 0.001 | Alpha: 0.0000
  [!] Running Isolated Validation (Pure CMA vs GNN)...
  -> Val Results: Pure Baseline Errors: 5195 | GNN Errors: 5033
  -> Relative Improvement: 3.118%
Train Ep: 236/350 | Reward:   86.0 | MSE: 0.3346 | C_Loss: 0.027 | A_Loss: 0.001 | Alpha: 0.0000
Train Ep: 237/350 | Reward:  120.0 | MSE: 0.2242 | C_Loss: 0.016 | A_Loss: -0.001 | Alpha: 0.0000
Train Ep: 238/350 | Reward:   46.0 | MSE: 0.2713 | C_Loss: 0.012 | A_Loss: -0.002 | Alpha: 0.0000
Train Ep: 239/350 | Reward:   51.0 | MSE: 0.4369 | C_Loss: 0.008 | A_Loss: -0.001 | Alpha: 0.0000
Train Ep: 240/350 | Reward:   79.0 | MSE: 0.4198 | C_Loss: 0.010 | A_Loss: -0.001 | Alpha: 0.0000
  [!] Running Isolated Validation (Pure CMA vs GNN)...
  -> Val Results: Pure Baseline Errors: 5195 | GNN Errors: 4917
  -> Relative Improvement: 5.351%
Train Ep: 241/350 | Reward:   96.0 | MSE: 0.2919 | C_Loss: 0.010 | A_Loss: -0.002 | Alpha: 0.0000
Train Ep: 242/350 | Reward:  111.0 | MSE: 0.2834 | C_Loss: 0.016 | A_Loss: -0.003 | Alpha: 0.0000
Train Ep: 243/350 | Reward:   58.0 | MSE: 0.3058 | C_Loss: 0.014 | A_Loss: -0.002 | Alpha: 0.0000
Train Ep: 244/350 | Reward:   81.0 | MSE: 0.2964 | C_Loss: 0.010 | A_Loss: -0.001 | Alpha: 0.0000
Train Ep: 245/350 | Reward:   49.0 | MSE: 0.2921 | C_Loss: 0.012 | A_Loss: -0.001 | Alpha: 0.0000
  [!] Running Isolated Validation (Pure CMA vs GNN)...
  -> Val Results: Pure Baseline Errors: 5195 | GNN Errors: 5029
  -> Relative Improvement: 3.195%
Train Ep: 246/350 | Reward:   69.0 | MSE: 0.2114 | C_Loss: 0.013 | A_Loss: -0.001 | Alpha: 0.0000
Train Ep: 247/350 | Reward:   89.0 | MSE: 0.4946 | C_Loss: 0.008 | A_Loss: -0.001 | Alpha: 0.0000
Train Ep: 248/350 | Reward:   52.0 | MSE: 0.1974 | C_Loss: 0.013 | A_Loss: -0.001 | Alpha: 0.0000
Train Ep: 249/350 | Reward:   95.0 | MSE: 0.3183 | C_Loss: 0.014 | A_Loss: -0.002 | Alpha: 0.0000
Train Ep: 250/350 | Reward:  160.0 | MSE: 0.4001 | C_Loss: 0.015 | A_Loss: -0.002 | Alpha: 0.0000
  [!] Running Isolated Validation (Pure CMA vs GNN)...
  -> Val Results: Pure Baseline Errors: 5195 | GNN Errors: 4913
  -> Relative Improvement: 5.428%
Train Ep: 251/350 | Reward:   -7.0 | MSE: 0.3124 | C_Loss: 0.023 | A_Loss: -0.002 | Alpha: 0.0000
Train Ep: 252/350 | Reward:   42.0 | MSE: 0.2914 | C_Loss: 0.022 | A_Loss: -0.002 | Alpha: 0.0000
Train Ep: 253/350 | Reward:   88.0 | MSE: 0.3522 | C_Loss: 0.019 | A_Loss: -0.002 | Alpha: 0.0000
Train Ep: 254/350 | Reward:   95.0 | MSE: 0.2790 | C_Loss: 0.023 | A_Loss: -0.001 | Alpha: 0.0000
Train Ep: 255/350 | Reward:   85.0 | MSE: 0.3279 | C_Loss: 0.024 | A_Loss: -0.002 | Alpha: 0.0000
  [!] Running Isolated Validation (Pure CMA vs GNN)...
  -> Val Results: Pure Baseline Errors: 5195 | GNN Errors: 4899
  -> Relative Improvement: 5.698%
Train Ep: 256/350 | Reward:   60.0 | MSE: 0.2426 | C_Loss: 0.025 | A_Loss: -0.001 | Alpha: 0.0000
Train Ep: 257/350 | Reward:   88.0 | MSE: 0.3669 | C_Loss: 0.028 | A_Loss: -0.001 | Alpha: 0.0000
Train Ep: 258/350 | Reward:   92.0 | MSE: 0.2665 | C_Loss: 0.029 | A_Loss: -0.002 | Alpha: 0.0000
Train Ep: 259/350 | Reward:  135.0 | MSE: 0.3007 | C_Loss: 0.020 | A_Loss: -0.001 | Alpha: 0.0000
Train Ep: 260/350 | Reward:   70.0 | MSE: 0.2845 | C_Loss: 0.019 | A_Loss: -0.002 | Alpha: 0.0000
  [!] Running Isolated Validation (Pure CMA vs GNN)...
  -> Val Results: Pure Baseline Errors: 5195 | GNN Errors: 4925
  -> Relative Improvement: 5.197%
Train Ep: 261/350 | Reward:  151.0 | MSE: 0.4140 | C_Loss: 0.021 | A_Loss: -0.003 | Alpha: 0.0000
Train Ep: 262/350 | Reward:  136.0 | MSE: 0.3537 | C_Loss: 0.021 | A_Loss: -0.002 | Alpha: 0.0000
Train Ep: 263/350 | Reward:  117.0 | MSE: 0.2220 | C_Loss: 0.024 | A_Loss: -0.003 | Alpha: 0.0000
Train Ep: 264/350 | Reward:   47.0 | MSE: 0.3945 | C_Loss: 0.022 | A_Loss: -0.001 | Alpha: 0.0000
Train Ep: 265/350 | Reward:   62.0 | MSE: 0.2615 | C_Loss: 0.016 | A_Loss: -0.001 | Alpha: 0.0000
  [!] Running Isolated Validation (Pure CMA vs GNN)...
  -> Val Results: Pure Baseline Errors: 5195 | GNN Errors: 4942
  -> Relative Improvement: 4.870%
Train Ep: 266/350 | Reward:  122.0 | MSE: 0.2571 | C_Loss: 0.015 | A_Loss: -0.001 | Alpha: 0.0000
Train Ep: 267/350 | Reward:  103.0 | MSE: 0.3357 | C_Loss: 0.016 | A_Loss: -0.002 | Alpha: 0.0000
Train Ep: 268/350 | Reward:   31.0 | MSE: 0.3858 | C_Loss: 0.013 | A_Loss: -0.002 | Alpha: 0.0000
Train Ep: 269/350 | Reward:   83.0 | MSE: 0.3075 | C_Loss: 0.007 | A_Loss: -0.001 | Alpha: 0.0000
Train Ep: 270/350 | Reward:   80.0 | MSE: 0.3333 | C_Loss: 0.010 | A_Loss: -0.002 | Alpha: 0.0000
  [!] Running Isolated Validation (Pure CMA vs GNN)...
  -> Val Results: Pure Baseline Errors: 5195 | GNN Errors: 5026
  -> Relative Improvement: 3.253%
Train Ep: 271/350 | Reward:   70.0 | MSE: 0.2484 | C_Loss: 0.014 | A_Loss: -0.002 | Alpha: 0.0000
Train Ep: 272/350 | Reward:  150.0 | MSE: 0.1938 | C_Loss: 0.020 | A_Loss: -0.001 | Alpha: 0.0000
Train Ep: 273/350 | Reward:   76.0 | MSE: 0.3168 | C_Loss: 0.022 | A_Loss: -0.002 | Alpha: 0.0000
Train Ep: 274/350 | Reward:   77.0 | MSE: 0.2972 | C_Loss: 0.027 | A_Loss: -0.002 | Alpha: 0.0000
Train Ep: 275/350 | Reward:   97.0 | MSE: 0.3585 | C_Loss: 0.034 | A_Loss: 0.000 | Alpha: 0.0000
  [!] Running Isolated Validation (Pure CMA vs GNN)...
  -> Val Results: Pure Baseline Errors: 5195 | GNN Errors: 4940
  -> Relative Improvement: 4.909%
Train Ep: 276/350 | Reward:   69.0 | MSE: 0.3518 | C_Loss: 0.034 | A_Loss: -0.001 | Alpha: 0.0000
Train Ep: 277/350 | Reward:   26.0 | MSE: 0.4319 | C_Loss: 0.029 | A_Loss: -0.003 | Alpha: 0.0000
Train Ep: 278/350 | Reward:   93.0 | MSE: 0.3164 | C_Loss: 0.023 | A_Loss: -0.000 | Alpha: 0.0000
Train Ep: 279/350 | Reward:   63.0 | MSE: 0.3784 | C_Loss: 0.014 | A_Loss: -0.001 | Alpha: 0.0000
Train Ep: 280/350 | Reward:   72.0 | MSE: 0.4073 | C_Loss: 0.009 | A_Loss: -0.002 | Alpha: 0.0000
  [!] Running Isolated Validation (Pure CMA vs GNN)...
  -> Val Results: Pure Baseline Errors: 5195 | GNN Errors: 4982
  -> Relative Improvement: 4.100%
Train Ep: 281/350 | Reward:   62.0 | MSE: 0.2925 | C_Loss: 0.012 | A_Loss: -0.001 | Alpha: 0.0000
Train Ep: 282/350 | Reward:   44.0 | MSE: 0.2352 | C_Loss: 0.011 | A_Loss: -0.002 | Alpha: 0.0000
Train Ep: 283/350 | Reward:   90.0 | MSE: 0.4100 | C_Loss: 0.010 | A_Loss: -0.000 | Alpha: 0.0000
Train Ep: 284/350 | Reward:   64.0 | MSE: 0.3154 | C_Loss: 0.010 | A_Loss: -0.002 | Alpha: 0.0000
Train Ep: 285/350 | Reward:   64.0 | MSE: 0.3878 | C_Loss: 0.008 | A_Loss: -0.001 | Alpha: 0.0000
  [!] Running Isolated Validation (Pure CMA vs GNN)...
  -> Val Results: Pure Baseline Errors: 5195 | GNN Errors: 5039
  -> Relative Improvement: 3.003%
Train Ep: 286/350 | Reward:   61.0 | MSE: 0.3783 | C_Loss: 0.009 | A_Loss: -0.001 | Alpha: 0.0000
Train Ep: 287/350 | Reward:   34.0 | MSE: 0.2947 | C_Loss: 0.010 | A_Loss: -0.001 | Alpha: 0.0000
Train Ep: 288/350 | Reward:   35.0 | MSE: 0.2660 | C_Loss: 0.007 | A_Loss: -0.001 | Alpha: 0.0000
Train Ep: 289/350 | Reward:  114.0 | MSE: 0.3093 | C_Loss: 0.009 | A_Loss: -0.001 | Alpha: 0.0000
Train Ep: 290/350 | Reward:   69.0 | MSE: 0.3116 | C_Loss: 0.012 | A_Loss: -0.001 | Alpha: 0.0000
  [!] Running Isolated Validation (Pure CMA vs GNN)...
  -> Val Results: Pure Baseline Errors: 5195 | GNN Errors: 5043
  -> Relative Improvement: 2.926%
Train Ep: 291/350 | Reward:   98.0 | MSE: 0.3946 | C_Loss: 0.013 | A_Loss: -0.002 | Alpha: 0.0000
Train Ep: 292/350 | Reward:   44.0 | MSE: 0.3135 | C_Loss: 0.013 | A_Loss: -0.001 | Alpha: 0.0000
Train Ep: 293/350 | Reward:   10.0 | MSE: 0.3095 | C_Loss: 0.015 | A_Loss: -0.001 | Alpha: 0.0000
Train Ep: 294/350 | Reward:   23.0 | MSE: 0.3460 | C_Loss: 0.013 | A_Loss: 0.000 | Alpha: 0.0000
Train Ep: 295/350 | Reward:   46.0 | MSE: 0.2999 | C_Loss: 0.009 | A_Loss: -0.001 | Alpha: 0.0000
  [!] Running Isolated Validation (Pure CMA vs GNN)...
  -> Val Results: Pure Baseline Errors: 5195 | GNN Errors: 5070
  -> Relative Improvement: 2.406%
Train Ep: 296/350 | Reward:   76.0 | MSE: 0.2612 | C_Loss: 0.009 | A_Loss: -0.001 | Alpha: 0.0000
Train Ep: 297/350 | Reward:  120.0 | MSE: 0.1905 | C_Loss: 0.017 | A_Loss: -0.002 | Alpha: 0.0000
Train Ep: 298/350 | Reward:  136.0 | MSE: 0.3077 | C_Loss: 0.021 | A_Loss: -0.002 | Alpha: 0.0000
Train Ep: 299/350 | Reward:   90.0 | MSE: 0.3135 | C_Loss: 0.022 | A_Loss: -0.002 | Alpha: 0.0000
Train Ep: 300/350 | Reward:   74.0 | MSE: 0.3351 | C_Loss: 0.023 | A_Loss: -0.001 | Alpha: 0.0000
  [!] Running Isolated Validation (Pure CMA vs GNN)...
  -> Val Results: Pure Baseline Errors: 5195 | GNN Errors: 5073
  -> Relative Improvement: 2.348%
Train Ep: 301/350 | Reward:  132.0 | MSE: 0.4429 | C_Loss: 0.019 | A_Loss: -0.002 | Alpha: 0.0000
Train Ep: 302/350 | Reward:   92.0 | MSE: 0.2940 | C_Loss: 0.015 | A_Loss: -0.002 | Alpha: 0.0000
Train Ep: 303/350 | Reward:  117.0 | MSE: 0.3207 | C_Loss: 0.018 | A_Loss: -0.003 | Alpha: 0.0000
Train Ep: 304/350 | Reward:   38.0 | MSE: 0.2682 | C_Loss: 0.018 | A_Loss: -0.002 | Alpha: 0.0000
Train Ep: 305/350 | Reward:   16.0 | MSE: 0.2464 | C_Loss: 0.023 | A_Loss: -0.002 | Alpha: 0.0000
  [!] Running Isolated Validation (Pure CMA vs GNN)...
  -> Val Results: Pure Baseline Errors: 5195 | GNN Errors: 5154
  -> Relative Improvement: 0.789%
Train Ep: 306/350 | Reward:    6.0 | MSE: 0.3137 | C_Loss: 0.025 | A_Loss: -0.000 | Alpha: 0.0000
Train Ep: 307/350 | Reward:    5.0 | MSE: 0.2054 | C_Loss: 0.027 | A_Loss: -0.001 | Alpha: 0.0000
Train Ep: 308/350 | Reward:   69.0 | MSE: 0.1970 | C_Loss: 0.026 | A_Loss: -0.001 | Alpha: 0.0000
Train Ep: 309/350 | Reward: -109.0 | MSE: 0.2355 | C_Loss: 0.033 | A_Loss: 0.000 | Alpha: 0.0000
Train Ep: 310/350 | Reward:  -24.0 | MSE: 0.1929 | C_Loss: 0.037 | A_Loss: 0.001 | Alpha: 0.0000
  [!] Running Isolated Validation (Pure CMA vs GNN)...
  -> Val Results: Pure Baseline Errors: 5195 | GNN Errors: 5072
  -> Relative Improvement: 2.368%
Train Ep: 311/350 | Reward:   89.0 | MSE: 0.1999 | C_Loss: 0.028 | A_Loss: 0.001 | Alpha: 0.0000
Train Ep: 312/350 | Reward:   98.0 | MSE: 0.3143 | C_Loss: 0.021 | A_Loss: -0.001 | Alpha: 0.0000
Train Ep: 313/350 | Reward:   44.0 | MSE: 0.3243 | C_Loss: 0.024 | A_Loss: -0.001 | Alpha: 0.0000
Train Ep: 314/350 | Reward:   68.0 | MSE: 0.2203 | C_Loss: 0.027 | A_Loss: -0.002 | Alpha: 0.0000
Train Ep: 315/350 | Reward:   40.0 | MSE: 0.1612 | C_Loss: 0.029 | A_Loss: -0.002 | Alpha: 0.0000
  [!] Running Isolated Validation (Pure CMA vs GNN)...
  -> Val Results: Pure Baseline Errors: 5195 | GNN Errors: 4950
  -> Relative Improvement: 4.716%
Train Ep: 316/350 | Reward:  -20.0 | MSE: 0.3640 | C_Loss: 0.027 | A_Loss: -0.001 | Alpha: 0.0000
Train Ep: 317/350 | Reward:   58.0 | MSE: 0.2390 | C_Loss: 0.025 | A_Loss: 0.000 | Alpha: 0.0000
Train Ep: 318/350 | Reward:  -11.0 | MSE: 0.3217 | C_Loss: 0.024 | A_Loss: -0.000 | Alpha: 0.0000
Train Ep: 319/350 | Reward:   30.0 | MSE: 0.3805 | C_Loss: 0.027 | A_Loss: -0.000 | Alpha: 0.0000
Train Ep: 320/350 | Reward:   37.0 | MSE: 0.4611 | C_Loss: 0.027 | A_Loss: -0.001 | Alpha: 0.0000
  [!] Running Isolated Validation (Pure CMA vs GNN)...
  -> Val Results: Pure Baseline Errors: 5195 | GNN Errors: 5169
  -> Relative Improvement: 0.500%
Train Ep: 321/350 | Reward:   27.0 | MSE: 0.3734 | C_Loss: 0.020 | A_Loss: -0.001 | Alpha: 0.0000
Train Ep: 322/350 | Reward:   22.0 | MSE: 0.2991 | C_Loss: 0.006 | A_Loss: -0.000 | Alpha: 0.0000
Train Ep: 323/350 | Reward:   10.0 | MSE: 0.3029 | C_Loss: 0.002 | A_Loss: -0.000 | Alpha: 0.0000
Train Ep: 324/350 | Reward:   14.0 | MSE: 0.2959 | C_Loss: 0.002 | A_Loss: -0.000 | Alpha: 0.0000
Train Ep: 325/350 | Reward:   10.0 | MSE: 0.3576 | C_Loss: 0.001 | A_Loss: 0.000 | Alpha: 0.0000
  [!] Running Isolated Validation (Pure CMA vs GNN)...
  -> Val Results: Pure Baseline Errors: 5195 | GNN Errors: 5202
  -> Relative Improvement: -0.135%
Train Ep: 326/350 | Reward:    2.0 | MSE: 0.3370 | C_Loss: 0.001 | A_Loss: -0.000 | Alpha: 0.0000
Train Ep: 327/350 | Reward:    8.0 | MSE: 0.2900 | C_Loss: 0.001 | A_Loss: 0.000 | Alpha: 0.0000
Train Ep: 328/350 | Reward:   24.0 | MSE: 0.2645 | C_Loss: 0.001 | A_Loss: -0.000 | Alpha: 0.0000
Train Ep: 329/350 | Reward:   40.0 | MSE: 0.4951 | C_Loss: 0.001 | A_Loss: -0.000 | Alpha: 0.0000
Train Ep: 330/350 | Reward:   62.0 | MSE: 0.3397 | C_Loss: 0.007 | A_Loss: -0.000 | Alpha: 0.0000
  [!] Running Isolated Validation (Pure CMA vs GNN)...
  -> Val Results: Pure Baseline Errors: 5195 | GNN Errors: 5047
  -> Relative Improvement: 2.849%
Train Ep: 331/350 | Reward:    6.0 | MSE: 0.4364 | C_Loss: 0.023 | A_Loss: -0.000 | Alpha: 0.0000
Train Ep: 332/350 | Reward:   27.0 | MSE: 0.3189 | C_Loss: 0.021 | A_Loss: -0.001 | Alpha: 0.0000
Train Ep: 333/350 | Reward: -148.0 | MSE: 0.3030 | C_Loss: 0.021 | A_Loss: -0.000 | Alpha: 0.0000
Train Ep: 334/350 | Reward:   13.0 | MSE: 0.3831 | C_Loss: 0.027 | A_Loss: 0.001 | Alpha: 0.0000
Train Ep: 335/350 | Reward:   15.0 | MSE: 0.2754 | C_Loss: 0.013 | A_Loss: -0.000 | Alpha: 0.0000
  [!] Running Isolated Validation (Pure CMA vs GNN)...
  -> Val Results: Pure Baseline Errors: 5195 | GNN Errors: 5191
  -> Relative Improvement: 0.077%
Train Ep: 336/350 | Reward:   91.0 | MSE: 0.3994 | C_Loss: 0.004 | A_Loss: -0.001 | Alpha: 0.0000
Train Ep: 337/350 | Reward:   70.0 | MSE: 0.4059 | C_Loss: 0.012 | A_Loss: -0.002 | Alpha: 0.0000
Train Ep: 338/350 | Reward:  104.0 | MSE: 0.3052 | C_Loss: 0.017 | A_Loss: -0.001 | Alpha: 0.0000
Train Ep: 339/350 | Reward:  125.0 | MSE: 0.3218 | C_Loss: 0.017 | A_Loss: -0.001 | Alpha: 0.0000
Train Ep: 340/350 | Reward:   85.0 | MSE: 0.3580 | C_Loss: 0.017 | A_Loss: -0.002 | Alpha: 0.0000
  [!] Running Isolated Validation (Pure CMA vs GNN)...
  -> Val Results: Pure Baseline Errors: 5195 | GNN Errors: 4955
  -> Relative Improvement: 4.620%
Train Ep: 341/350 | Reward:  140.0 | MSE: 0.2852 | C_Loss: 0.015 | A_Loss: -0.002 | Alpha: 0.0000
Train Ep: 342/350 | Reward:   72.0 | MSE: 0.3578 | C_Loss: 0.017 | A_Loss: -0.003 | Alpha: 0.0000
Train Ep: 343/350 | Reward:   79.0 | MSE: 0.2325 | C_Loss: 0.017 | A_Loss: -0.002 | Alpha: 0.0000
Train Ep: 344/350 | Reward:   91.0 | MSE: 0.2576 | C_Loss: 0.020 | A_Loss: -0.002 | Alpha: 0.0000
Train Ep: 345/350 | Reward:   69.0 | MSE: 0.2656 | C_Loss: 0.019 | A_Loss: -0.002 | Alpha: 0.0000
  [!] Running Isolated Validation (Pure CMA vs GNN)...
  -> Val Results: Pure Baseline Errors: 5195 | GNN Errors: 4884
  -> Relative Improvement: 5.987%
Train Ep: 346/350 | Reward:   72.0 | MSE: 0.3416 | C_Loss: 0.016 | A_Loss: -0.001 | Alpha: 0.0000
Train Ep: 347/350 | Reward:  122.0 | MSE: 0.4258 | C_Loss: 0.018 | A_Loss: -0.001 | Alpha: 0.0000
Train Ep: 348/350 | Reward:   68.0 | MSE: 0.2188 | C_Loss: 0.014 | A_Loss: -0.002 | Alpha: 0.0000
Train Ep: 349/350 | Reward:   75.0 | MSE: 0.3401 | C_Loss: 0.013 | A_Loss: -0.002 | Alpha: 0.0000
Train Ep: 350/350 | Reward:  106.0 | MSE: 0.3232 | C_Loss: 0.012 | A_Loss: -0.001 | Alpha: 0.0000
  [!] Running Isolated Validation (Pure CMA vs GNN)...
  -> Val Results: Pure Baseline Errors: 5195 | GNN Errors: 4982
  -> Relative Improvement: 4.100%

Training complete in 70207.56 seconds.
[*] Models successfully saved to models/sac_gnn_43.pth
Training plots saved to 'plots/training_metrics_43.png'
[*] The best performing model during validation was saved to: models/sac_gnn_43_best.pth
Training run time = 70208.53 s
Job finished at: Tue Apr 21 14:46:55 CEST 2026
