Job started at: Fri Apr 17 20:30:32 CEST 2026
Starting Run 40: Gamma=0.0 | Layers=1 | Mismatch=30.0
SLURM Mode Received: 0
Execution Pipeline: ['train']
Loaded Configuration: {'mode': 0, 'model_path': 'models/sac_gnn_40.pth', 'training_metrics_filename': 'training_metrics_40.png', 'distance': 5, 'n_rounds': 5, 'p': 0.004, 'p_gate_zz': 0.0, 'mismatch': 30.0, 'n_shots': 65000, 'n_test_shots': 10000, 'burn_in_steps': 15000, 'bypass_threshold': 2, 'action_scale': 3.0, 'update_period': 100, 'prior_shots': 1000, 'local_action_only': True, 'local_action_hops': 1, 'n_layers': 1, 'hidden_dim': 128, 'lr': 0.0001, 'gamma': 0.0, 'tau': 0.005, 'alpha': 0.01, 'batch_size': 64, 'buffer_capacity': 100000, 'update_frequency': 100, 'train_episodes': 270, 'test_episodes': 20}

Initializing environment...

############################################################
### RUNNING MODE: TRAIN
############################################################

========================================
STARTING TRAINING (Episodes: 270)
========================================
Train Ep: 001/270 | Reward: -544.0 | MSE: 0.1631 | C_Loss: 0.061 | A_Loss: 0.004 | Alpha: 0.0095
Train Ep: 002/270 | Reward: -917.0 | MSE: 0.2328 | C_Loss: 0.066 | A_Loss: 0.007 | Alpha: 0.0091
Train Ep: 003/270 | Reward: -626.0 | MSE: 0.1852 | C_Loss: 0.070 | A_Loss: 0.009 | Alpha: 0.0086
Train Ep: 004/270 | Reward: -529.0 | MSE: 0.1311 | C_Loss: 0.065 | A_Loss: 0.010 | Alpha: 0.0082
Train Ep: 005/270 | Reward: -671.0 | MSE: 0.1996 | C_Loss: 0.056 | A_Loss: 0.007 | Alpha: 0.0079
Train Ep: 006/270 | Reward: -635.0 | MSE: 0.2371 | C_Loss: 0.064 | A_Loss: 0.007 | Alpha: 0.0075
Train Ep: 007/270 | Reward: -521.0 | MSE: 0.2477 | C_Loss: 0.068 | A_Loss: 0.006 | Alpha: 0.0072
Train Ep: 008/270 | Reward: -667.0 | MSE: 0.2006 | C_Loss: 0.062 | A_Loss: 0.009 | Alpha: 0.0069
Train Ep: 009/270 | Reward: -633.0 | MSE: 0.2581 | C_Loss: 0.063 | A_Loss: 0.009 | Alpha: 0.0066
Train Ep: 010/270 | Reward: -447.0 | MSE: 0.2458 | C_Loss: 0.063 | A_Loss: 0.008 | Alpha: 0.0063
Train Ep: 011/270 | Reward: -341.0 | MSE: 0.2037 | C_Loss: 0.053 | A_Loss: 0.005 | Alpha: 0.0060
Train Ep: 012/270 | Reward: -422.0 | MSE: 0.1524 | C_Loss: 0.046 | A_Loss: 0.004 | Alpha: 0.0057
Train Ep: 013/270 | Reward: -710.0 | MSE: 0.2639 | C_Loss: 0.054 | A_Loss: 0.006 | Alpha: 0.0055
Train Ep: 014/270 | Reward: -505.0 | MSE: 0.2748 | C_Loss: 0.065 | A_Loss: 0.008 | Alpha: 0.0052
Train Ep: 015/270 | Reward: -472.0 | MSE: 0.2350 | C_Loss: 0.062 | A_Loss: 0.006 | Alpha: 0.0050
Train Ep: 016/270 | Reward: -583.0 | MSE: 0.3017 | C_Loss: 0.056 | A_Loss: 0.009 | Alpha: 0.0048
Train Ep: 017/270 | Reward: -236.0 | MSE: 0.1990 | C_Loss: 0.053 | A_Loss: 0.008 | Alpha: 0.0046
Train Ep: 018/270 | Reward: -252.0 | MSE: 0.3378 | C_Loss: 0.041 | A_Loss: 0.003 | Alpha: 0.0044
Train Ep: 019/270 | Reward: -352.0 | MSE: 0.2217 | C_Loss: 0.034 | A_Loss: 0.003 | Alpha: 0.0042
Train Ep: 020/270 | Reward: -338.0 | MSE: 0.2166 | C_Loss: 0.037 | A_Loss: 0.004 | Alpha: 0.0040
Train Ep: 021/270 | Reward: -429.0 | MSE: 0.2524 | C_Loss: 0.040 | A_Loss: 0.005 | Alpha: 0.0038
Train Ep: 022/270 | Reward: -288.0 | MSE: 0.2061 | C_Loss: 0.041 | A_Loss: 0.006 | Alpha: 0.0037
Train Ep: 023/270 | Reward: -183.0 | MSE: 0.2058 | C_Loss: 0.034 | A_Loss: 0.004 | Alpha: 0.0035
Train Ep: 024/270 | Reward: -301.0 | MSE: 0.2807 | C_Loss: 0.032 | A_Loss: 0.004 | Alpha: 0.0034
Train Ep: 025/270 | Reward: -260.0 | MSE: 0.2430 | C_Loss: 0.034 | A_Loss: 0.004 | Alpha: 0.0032
Train Ep: 026/270 | Reward: -173.0 | MSE: 0.2079 | C_Loss: 0.030 | A_Loss: 0.004 | Alpha: 0.0031
Train Ep: 027/270 | Reward: -246.0 | MSE: 0.2679 | C_Loss: 0.029 | A_Loss: 0.002 | Alpha: 0.0029
Train Ep: 028/270 | Reward: -283.0 | MSE: 0.2749 | C_Loss: 0.033 | A_Loss: 0.003 | Alpha: 0.0028
Train Ep: 029/270 | Reward: -236.0 | MSE: 0.2869 | C_Loss: 0.034 | A_Loss: 0.004 | Alpha: 0.0027
Train Ep: 030/270 | Reward: -220.0 | MSE: 0.3301 | C_Loss: 0.039 | A_Loss: 0.004 | Alpha: 0.0026
Train Ep: 031/270 | Reward: -227.0 | MSE: 0.3591 | C_Loss: 0.035 | A_Loss: 0.004 | Alpha: 0.0025
Train Ep: 032/270 | Reward: -239.0 | MSE: 0.3017 | C_Loss: 0.036 | A_Loss: 0.006 | Alpha: 0.0024
Train Ep: 033/270 | Reward: -184.0 | MSE: 0.3278 | C_Loss: 0.031 | A_Loss: 0.004 | Alpha: 0.0023
Train Ep: 034/270 | Reward:  -95.0 | MSE: 0.2068 | C_Loss: 0.028 | A_Loss: 0.003 | Alpha: 0.0022
Train Ep: 035/270 | Reward: -128.0 | MSE: 0.3628 | C_Loss: 0.025 | A_Loss: 0.001 | Alpha: 0.0021
Train Ep: 036/270 | Reward: -119.0 | MSE: 0.3424 | C_Loss: 0.024 | A_Loss: 0.003 | Alpha: 0.0020
Train Ep: 037/270 | Reward: -164.0 | MSE: 0.2426 | C_Loss: 0.029 | A_Loss: 0.002 | Alpha: 0.0019
Train Ep: 038/270 | Reward: -216.0 | MSE: 0.2474 | C_Loss: 0.032 | A_Loss: 0.002 | Alpha: 0.0018
Train Ep: 039/270 | Reward: -129.0 | MSE: 0.2344 | C_Loss: 0.035 | A_Loss: 0.003 | Alpha: 0.0017
Train Ep: 040/270 | Reward: -271.0 | MSE: 0.3550 | C_Loss: 0.035 | A_Loss: 0.002 | Alpha: 0.0016
Train Ep: 041/270 | Reward: -276.0 | MSE: 0.4073 | C_Loss: 0.038 | A_Loss: 0.005 | Alpha: 0.0016
Train Ep: 042/270 | Reward: -116.0 | MSE: 0.2702 | C_Loss: 0.034 | A_Loss: 0.005 | Alpha: 0.0015
Train Ep: 043/270 | Reward: -113.0 | MSE: 0.2391 | C_Loss: 0.028 | A_Loss: 0.003 | Alpha: 0.0014
Train Ep: 044/270 | Reward:  -96.0 | MSE: 0.1871 | C_Loss: 0.029 | A_Loss: 0.002 | Alpha: 0.0014
Train Ep: 045/270 | Reward: -149.0 | MSE: 0.1847 | C_Loss: 0.032 | A_Loss: 0.001 | Alpha: 0.0013
Train Ep: 046/270 | Reward: -105.0 | MSE: 0.2769 | C_Loss: 0.030 | A_Loss: 0.003 | Alpha: 0.0013
Train Ep: 047/270 | Reward:  -58.0 | MSE: 0.2728 | C_Loss: 0.029 | A_Loss: 0.003 | Alpha: 0.0012
Train Ep: 048/270 | Reward:  -74.0 | MSE: 0.4099 | C_Loss: 0.024 | A_Loss: 0.001 | Alpha: 0.0012
Train Ep: 049/270 | Reward: -132.0 | MSE: 0.3165 | C_Loss: 0.023 | A_Loss: 0.002 | Alpha: 0.0011
Train Ep: 050/270 | Reward: -159.0 | MSE: 0.2734 | C_Loss: 0.028 | A_Loss: 0.002 | Alpha: 0.0011
Train Ep: 051/270 | Reward: -125.0 | MSE: 0.4389 | C_Loss: 0.029 | A_Loss: 0.003 | Alpha: 0.0010
Train Ep: 052/270 | Reward:  -30.0 | MSE: 0.2852 | C_Loss: 0.025 | A_Loss: 0.003 | Alpha: 0.0010
Train Ep: 053/270 | Reward:  -73.0 | MSE: 0.3141 | C_Loss: 0.018 | A_Loss: 0.001 | Alpha: 0.0009
Train Ep: 054/270 | Reward:  -72.0 | MSE: 0.4087 | C_Loss: 0.021 | A_Loss: 0.002 | Alpha: 0.0009
Train Ep: 055/270 | Reward:  -64.0 | MSE: 0.2494 | C_Loss: 0.027 | A_Loss: 0.001 | Alpha: 0.0008
Train Ep: 056/270 | Reward: -171.0 | MSE: 0.2654 | C_Loss: 0.029 | A_Loss: 0.001 | Alpha: 0.0008
Train Ep: 057/270 | Reward:  -79.0 | MSE: 0.2780 | C_Loss: 0.036 | A_Loss: 0.003 | Alpha: 0.0008
Train Ep: 058/270 | Reward: -123.0 | MSE: 0.3036 | C_Loss: 0.027 | A_Loss: 0.002 | Alpha: 0.0007
Train Ep: 059/270 | Reward:  -75.0 | MSE: 0.3376 | C_Loss: 0.022 | A_Loss: 0.002 | Alpha: 0.0007
Train Ep: 060/270 | Reward:  -51.0 | MSE: 0.2926 | C_Loss: 0.022 | A_Loss: 0.002 | Alpha: 0.0007
Train Ep: 061/270 | Reward:  -25.0 | MSE: 0.3929 | C_Loss: 0.016 | A_Loss: 0.002 | Alpha: 0.0006
Train Ep: 062/270 | Reward:  -27.0 | MSE: 0.3006 | C_Loss: 0.015 | A_Loss: 0.000 | Alpha: 0.0006
Train Ep: 063/270 | Reward: -124.0 | MSE: 0.3461 | C_Loss: 0.017 | A_Loss: 0.001 | Alpha: 0.0006
Train Ep: 064/270 | Reward:  -85.0 | MSE: 0.3088 | C_Loss: 0.019 | A_Loss: 0.002 | Alpha: 0.0006
Train Ep: 065/270 | Reward:  -87.0 | MSE: 0.4079 | C_Loss: 0.022 | A_Loss: 0.001 | Alpha: 0.0005
Train Ep: 066/270 | Reward: -127.0 | MSE: 0.2928 | C_Loss: 0.026 | A_Loss: 0.002 | Alpha: 0.0005
Train Ep: 067/270 | Reward: -129.0 | MSE: 0.2392 | C_Loss: 0.029 | A_Loss: 0.002 | Alpha: 0.0005
Train Ep: 068/270 | Reward: -104.0 | MSE: 0.2726 | C_Loss: 0.024 | A_Loss: 0.002 | Alpha: 0.0005
Train Ep: 069/270 | Reward:  -80.0 | MSE: 0.2976 | C_Loss: 0.024 | A_Loss: 0.002 | Alpha: 0.0004
Train Ep: 070/270 | Reward:    2.0 | MSE: 0.3136 | C_Loss: 0.018 | A_Loss: 0.002 | Alpha: 0.0004
  [!] Reward crossed 0! Unlocking Validation phase for the rest of training.
  [!] Running Isolated Validation (Pure CMA vs GNN)...
  -> Val Results: Pure Baseline Errors: 5195 | GNN Errors: 5159
  -> Relative Improvement: 0.693%
  *** New Best Model! Net Score improved from -inf to 0.006929740134744947 ***
[*] Models successfully saved to models/sac_gnn_40_best.pth
Train Ep: 071/270 | Reward:  -31.0 | MSE: 0.3244 | C_Loss: 0.015 | A_Loss: 0.001 | Alpha: 0.0004
Train Ep: 072/270 | Reward: -121.0 | MSE: 0.2623 | C_Loss: 0.016 | A_Loss: 0.001 | Alpha: 0.0004
Train Ep: 073/270 | Reward: -145.0 | MSE: 0.3970 | C_Loss: 0.021 | A_Loss: 0.002 | Alpha: 0.0004
Train Ep: 074/270 | Reward:  -40.0 | MSE: 0.3860 | C_Loss: 0.026 | A_Loss: 0.003 | Alpha: 0.0004
Train Ep: 075/270 | Reward:  -17.0 | MSE: 0.3106 | C_Loss: 0.019 | A_Loss: 0.002 | Alpha: 0.0004
  [!] Running Isolated Validation (Pure CMA vs GNN)...
  -> Val Results: Pure Baseline Errors: 5195 | GNN Errors: 5133
  -> Relative Improvement: 1.193%
  *** New Best Model! Net Score improved from 0.006929740134744947 to 0.011934552454282965 ***
[*] Models successfully saved to models/sac_gnn_40_best.pth
Train Ep: 076/270 | Reward:  -20.0 | MSE: 0.3599 | C_Loss: 0.011 | A_Loss: 0.000 | Alpha: 0.0003
Train Ep: 077/270 | Reward:   12.0 | MSE: 0.3529 | C_Loss: 0.012 | A_Loss: 0.001 | Alpha: 0.0003
Train Ep: 078/270 | Reward:    1.0 | MSE: 0.3689 | C_Loss: 0.012 | A_Loss: -0.000 | Alpha: 0.0003
Train Ep: 079/270 | Reward:  -52.0 | MSE: 0.2786 | C_Loss: 0.013 | A_Loss: -0.000 | Alpha: 0.0003
Train Ep: 080/270 | Reward: -297.0 | MSE: 0.2305 | C_Loss: 0.021 | A_Loss: 0.001 | Alpha: 0.0003
  [!] Running Isolated Validation (Pure CMA vs GNN)...
  -> Val Results: Pure Baseline Errors: 5195 | GNN Errors: 5125
  -> Relative Improvement: 1.347%
  *** New Best Model! Net Score improved from 0.011934552454282965 to 0.013474494706448507 ***
[*] Models successfully saved to models/sac_gnn_40_best.pth
Train Ep: 081/270 | Reward:  -14.0 | MSE: 0.2259 | C_Loss: 0.029 | A_Loss: 0.004 | Alpha: 0.0003
Train Ep: 082/270 | Reward:  -22.0 | MSE: 0.2165 | C_Loss: 0.021 | A_Loss: 0.002 | Alpha: 0.0003
Train Ep: 083/270 | Reward:   35.0 | MSE: 0.2449 | C_Loss: 0.010 | A_Loss: 0.001 | Alpha: 0.0002
Train Ep: 084/270 | Reward:   16.0 | MSE: 0.3697 | C_Loss: 0.008 | A_Loss: 0.000 | Alpha: 0.0002
Train Ep: 085/270 | Reward:   29.0 | MSE: 0.3643 | C_Loss: 0.006 | A_Loss: -0.001 | Alpha: 0.0002
  [!] Running Isolated Validation (Pure CMA vs GNN)...
  -> Val Results: Pure Baseline Errors: 5195 | GNN Errors: 5129
  -> Relative Improvement: 1.270%
Train Ep: 086/270 | Reward:   48.0 | MSE: 0.2894 | C_Loss: 0.006 | A_Loss: -0.000 | Alpha: 0.0002
Train Ep: 087/270 | Reward:   37.0 | MSE: 0.3092 | C_Loss: 0.008 | A_Loss: 0.000 | Alpha: 0.0002
Train Ep: 088/270 | Reward:   24.0 | MSE: 0.2644 | C_Loss: 0.010 | A_Loss: -0.001 | Alpha: 0.0002
Train Ep: 089/270 | Reward:    3.0 | MSE: 0.4168 | C_Loss: 0.012 | A_Loss: -0.000 | Alpha: 0.0002
Train Ep: 090/270 | Reward:  -74.0 | MSE: 0.3249 | C_Loss: 0.017 | A_Loss: 0.001 | Alpha: 0.0002
  [!] Running Isolated Validation (Pure CMA vs GNN)...
  -> Val Results: Pure Baseline Errors: 5195 | GNN Errors: 5105
  -> Relative Improvement: 1.732%
  *** New Best Model! Net Score improved from 0.013474494706448507 to 0.017324350336862367 ***
[*] Models successfully saved to models/sac_gnn_40_best.pth
Train Ep: 091/270 | Reward:  -67.0 | MSE: 0.3576 | C_Loss: 0.022 | A_Loss: 0.001 | Alpha: 0.0002
Train Ep: 092/270 | Reward:   17.0 | MSE: 0.3283 | C_Loss: 0.021 | A_Loss: 0.001 | Alpha: 0.0002
Train Ep: 093/270 | Reward:  -62.0 | MSE: 0.3179 | C_Loss: 0.020 | A_Loss: -0.000 | Alpha: 0.0002
Train Ep: 094/270 | Reward: -157.0 | MSE: 0.1840 | C_Loss: 0.025 | A_Loss: 0.001 | Alpha: 0.0001
Train Ep: 095/270 | Reward: -190.0 | MSE: 0.2499 | C_Loss: 0.034 | A_Loss: 0.002 | Alpha: 0.0001
  [!] Running Isolated Validation (Pure CMA vs GNN)...
  -> Val Results: Pure Baseline Errors: 5195 | GNN Errors: 5131
  -> Relative Improvement: 1.232%
Train Ep: 096/270 | Reward: -145.0 | MSE: 0.2789 | C_Loss: 0.037 | A_Loss: 0.004 | Alpha: 0.0001
Train Ep: 097/270 | Reward:   -5.0 | MSE: 0.2146 | C_Loss: 0.029 | A_Loss: 0.003 | Alpha: 0.0001
Train Ep: 098/270 | Reward:   26.0 | MSE: 0.3277 | C_Loss: 0.012 | A_Loss: 0.000 | Alpha: 0.0001
Train Ep: 099/270 | Reward:    5.0 | MSE: 0.3732 | C_Loss: 0.005 | A_Loss: -0.000 | Alpha: 0.0001
Train Ep: 100/270 | Reward:   33.0 | MSE: 0.2511 | C_Loss: 0.004 | A_Loss: -0.000 | Alpha: 0.0001
  [!] Running Isolated Validation (Pure CMA vs GNN)...
  -> Val Results: Pure Baseline Errors: 5195 | GNN Errors: 5178
  -> Relative Improvement: 0.327%
Train Ep: 101/270 | Reward:   19.0 | MSE: 0.3342 | C_Loss: 0.004 | A_Loss: -0.001 | Alpha: 0.0001
Train Ep: 102/270 | Reward:   -2.0 | MSE: 0.3047 | C_Loss: 0.005 | A_Loss: -0.000 | Alpha: 0.0001
Train Ep: 103/270 | Reward:  -13.0 | MSE: 0.4108 | C_Loss: 0.008 | A_Loss: 0.000 | Alpha: 0.0001
Train Ep: 104/270 | Reward:  -50.0 | MSE: 0.2960 | C_Loss: 0.015 | A_Loss: 0.000 | Alpha: 0.0001
Train Ep: 105/270 | Reward:  -59.0 | MSE: 0.2511 | C_Loss: 0.016 | A_Loss: 0.000 | Alpha: 0.0001
  [!] Running Isolated Validation (Pure CMA vs GNN)...
  -> Val Results: Pure Baseline Errors: 5195 | GNN Errors: 5171
  -> Relative Improvement: 0.462%
Train Ep: 106/270 | Reward:   12.0 | MSE: 0.2217 | C_Loss: 0.019 | A_Loss: 0.000 | Alpha: 0.0001
Train Ep: 107/270 | Reward:  -72.0 | MSE: 0.4040 | C_Loss: 0.020 | A_Loss: -0.000 | Alpha: 0.0001
Train Ep: 108/270 | Reward:  -47.0 | MSE: 0.2457 | C_Loss: 0.018 | A_Loss: 0.001 | Alpha: 0.0001
Train Ep: 109/270 | Reward:   -4.0 | MSE: 0.3666 | C_Loss: 0.013 | A_Loss: 0.000 | Alpha: 0.0001
Train Ep: 110/270 | Reward:  -99.0 | MSE: 0.3459 | C_Loss: 0.017 | A_Loss: 0.000 | Alpha: 0.0001
  [!] Running Isolated Validation (Pure CMA vs GNN)...
  -> Val Results: Pure Baseline Errors: 5195 | GNN Errors: 5113
  -> Relative Improvement: 1.578%
Train Ep: 111/270 | Reward: -360.0 | MSE: 0.1927 | C_Loss: 0.028 | A_Loss: 0.003 | Alpha: 0.0001
Train Ep: 112/270 | Reward:   17.0 | MSE: 0.3449 | C_Loss: 0.034 | A_Loss: 0.004 | Alpha: 0.0001
Train Ep: 113/270 | Reward:    4.0 | MSE: 0.3174 | C_Loss: 0.016 | A_Loss: 0.002 | Alpha: 0.0001
Train Ep: 114/270 | Reward:    9.0 | MSE: 0.4549 | C_Loss: 0.003 | A_Loss: 0.000 | Alpha: 0.0001
Train Ep: 115/270 | Reward:   15.0 | MSE: 0.4003 | C_Loss: 0.002 | A_Loss: -0.000 | Alpha: 0.0001
  [!] Running Isolated Validation (Pure CMA vs GNN)...
  -> Val Results: Pure Baseline Errors: 5195 | GNN Errors: 5154
  -> Relative Improvement: 0.789%
Train Ep: 116/270 | Reward:   21.0 | MSE: 0.2424 | C_Loss: 0.001 | A_Loss: -0.000 | Alpha: 0.0001
Train Ep: 117/270 | Reward:   21.0 | MSE: 0.3194 | C_Loss: 0.001 | A_Loss: -0.000 | Alpha: 0.0001
Train Ep: 118/270 | Reward:   22.0 | MSE: 0.4149 | C_Loss: 0.002 | A_Loss: -0.000 | Alpha: 0.0001
Train Ep: 119/270 | Reward:   24.0 | MSE: 0.2887 | C_Loss: 0.003 | A_Loss: -0.000 | Alpha: 0.0001
Train Ep: 120/270 | Reward:   23.0 | MSE: 0.4901 | C_Loss: 0.003 | A_Loss: -0.000 | Alpha: 0.0001
  [!] Running Isolated Validation (Pure CMA vs GNN)...
  -> Val Results: Pure Baseline Errors: 5195 | GNN Errors: 5136
  -> Relative Improvement: 1.136%
Train Ep: 121/270 | Reward:   10.0 | MSE: 0.2141 | C_Loss: 0.003 | A_Loss: -0.000 | Alpha: 0.0001
Train Ep: 122/270 | Reward:   25.0 | MSE: 0.3573 | C_Loss: 0.003 | A_Loss: -0.000 | Alpha: 0.0001
Train Ep: 123/270 | Reward:   27.0 | MSE: 0.4117 | C_Loss: 0.005 | A_Loss: -0.000 | Alpha: 0.0001
Train Ep: 124/270 | Reward:   -3.0 | MSE: 0.3279 | C_Loss: 0.007 | A_Loss: 0.001 | Alpha: 0.0001
Train Ep: 125/270 | Reward:   35.0 | MSE: 0.3598 | C_Loss: 0.008 | A_Loss: 0.000 | Alpha: 0.0001
  [!] Running Isolated Validation (Pure CMA vs GNN)...
  -> Val Results: Pure Baseline Errors: 5195 | GNN Errors: 5106
  -> Relative Improvement: 1.713%
Train Ep: 126/270 | Reward:  -72.0 | MSE: 0.4407 | C_Loss: 0.009 | A_Loss: -0.001 | Alpha: 0.0001
Train Ep: 127/270 | Reward: -149.0 | MSE: 0.3466 | C_Loss: 0.021 | A_Loss: 0.001 | Alpha: 0.0001
Train Ep: 128/270 | Reward:   18.0 | MSE: 0.2805 | C_Loss: 0.022 | A_Loss: 0.002 | Alpha: 0.0001
Train Ep: 129/270 | Reward:   18.0 | MSE: 0.3052 | C_Loss: 0.008 | A_Loss: 0.002 | Alpha: 0.0001
Train Ep: 130/270 | Reward:   22.0 | MSE: 0.3330 | C_Loss: 0.002 | A_Loss: -0.000 | Alpha: 0.0001
  [!] Running Isolated Validation (Pure CMA vs GNN)...
  -> Val Results: Pure Baseline Errors: 5195 | GNN Errors: 5174
  -> Relative Improvement: 0.404%
Train Ep: 131/270 | Reward:   20.0 | MSE: 0.1760 | C_Loss: 0.002 | A_Loss: -0.000 | Alpha: 0.0001
Train Ep: 132/270 | Reward:   31.0 | MSE: 0.2532 | C_Loss: 0.002 | A_Loss: -0.000 | Alpha: 0.0001
Train Ep: 133/270 | Reward:   14.0 | MSE: 0.3002 | C_Loss: 0.003 | A_Loss: -0.001 | Alpha: 0.0001
Train Ep: 134/270 | Reward:   19.0 | MSE: 0.2401 | C_Loss: 0.003 | A_Loss: -0.000 | Alpha: 0.0001
Train Ep: 135/270 | Reward:   15.0 | MSE: 0.3213 | C_Loss: 0.003 | A_Loss: -0.000 | Alpha: 0.0001
  [!] Running Isolated Validation (Pure CMA vs GNN)...
  -> Val Results: Pure Baseline Errors: 5195 | GNN Errors: 5146
  -> Relative Improvement: 0.943%
Train Ep: 136/270 | Reward:   26.0 | MSE: 0.4358 | C_Loss: 0.007 | A_Loss: -0.001 | Alpha: 0.0001
Train Ep: 137/270 | Reward:    1.0 | MSE: 0.3001 | C_Loss: 0.010 | A_Loss: -0.000 | Alpha: 0.0001
Train Ep: 138/270 | Reward:  -37.0 | MSE: 0.4053 | C_Loss: 0.016 | A_Loss: 0.000 | Alpha: 0.0001
Train Ep: 139/270 | Reward:  -73.0 | MSE: 0.2968 | C_Loss: 0.021 | A_Loss: 0.002 | Alpha: 0.0001
Train Ep: 140/270 | Reward:  -71.0 | MSE: 0.2327 | C_Loss: 0.021 | A_Loss: 0.001 | Alpha: 0.0001
  [!] Running Isolated Validation (Pure CMA vs GNN)...
  -> Val Results: Pure Baseline Errors: 5195 | GNN Errors: 5093
  -> Relative Improvement: 1.963%
  *** New Best Model! Net Score improved from 0.017324350336862367 to 0.019634263715110685 ***
[*] Models successfully saved to models/sac_gnn_40_best.pth
Train Ep: 141/270 | Reward:  -42.0 | MSE: 0.3604 | C_Loss: 0.016 | A_Loss: -0.000 | Alpha: 0.0001
Train Ep: 142/270 | Reward:    7.0 | MSE: 0.2855 | C_Loss: 0.014 | A_Loss: 0.001 | Alpha: 0.0001
Train Ep: 143/270 | Reward:    0.0 | MSE: 0.3237 | C_Loss: 0.010 | A_Loss: 0.000 | Alpha: 0.0001
Train Ep: 144/270 | Reward:   26.0 | MSE: 0.2191 | C_Loss: 0.009 | A_Loss: 0.000 | Alpha: 0.0001
Train Ep: 145/270 | Reward:  -28.0 | MSE: 0.3376 | C_Loss: 0.009 | A_Loss: 0.000 | Alpha: 0.0001
  [!] Running Isolated Validation (Pure CMA vs GNN)...
  -> Val Results: Pure Baseline Errors: 5195 | GNN Errors: 5090
  -> Relative Improvement: 2.021%
  *** New Best Model! Net Score improved from 0.019634263715110685 to 0.02021174205967276 ***
[*] Models successfully saved to models/sac_gnn_40_best.pth
Train Ep: 146/270 | Reward:   13.0 | MSE: 0.2308 | C_Loss: 0.011 | A_Loss: 0.000 | Alpha: 0.0001
Train Ep: 147/270 | Reward:  -38.0 | MSE: 0.2957 | C_Loss: 0.014 | A_Loss: -0.000 | Alpha: 0.0001
Train Ep: 148/270 | Reward:  -86.0 | MSE: 0.3562 | C_Loss: 0.024 | A_Loss: 0.001 | Alpha: 0.0001
Train Ep: 149/270 | Reward:   41.0 | MSE: 0.2702 | C_Loss: 0.024 | A_Loss: 0.000 | Alpha: 0.0001
Train Ep: 150/270 | Reward:    4.0 | MSE: 0.3059 | C_Loss: 0.013 | A_Loss: -0.001 | Alpha: 0.0001
  [!] Running Isolated Validation (Pure CMA vs GNN)...
  -> Val Results: Pure Baseline Errors: 5195 | GNN Errors: 5115
  -> Relative Improvement: 1.540%
Train Ep: 151/270 | Reward:   33.0 | MSE: 0.3573 | C_Loss: 0.008 | A_Loss: -0.000 | Alpha: 0.0001
Train Ep: 152/270 | Reward:  -69.0 | MSE: 0.2368 | C_Loss: 0.015 | A_Loss: 0.000 | Alpha: 0.0001
Train Ep: 153/270 | Reward:  -79.0 | MSE: 0.2520 | C_Loss: 0.029 | A_Loss: 0.001 | Alpha: 0.0001
Train Ep: 154/270 | Reward:    2.0 | MSE: 0.2176 | C_Loss: 0.023 | A_Loss: 0.001 | Alpha: 0.0001
Train Ep: 155/270 | Reward:  -23.0 | MSE: 0.2926 | C_Loss: 0.014 | A_Loss: 0.001 | Alpha: 0.0001
  [!] Running Isolated Validation (Pure CMA vs GNN)...
  -> Val Results: Pure Baseline Errors: 5195 | GNN Errors: 5149
  -> Relative Improvement: 0.885%
Train Ep: 156/270 | Reward:  -26.0 | MSE: 0.2064 | C_Loss: 0.016 | A_Loss: 0.001 | Alpha: 0.0001
Train Ep: 157/270 | Reward:   14.0 | MSE: 0.3875 | C_Loss: 0.013 | A_Loss: 0.000 | Alpha: 0.0001
Train Ep: 158/270 | Reward:   46.0 | MSE: 0.2618 | C_Loss: 0.010 | A_Loss: -0.000 | Alpha: 0.0001
Train Ep: 159/270 | Reward:   14.0 | MSE: 0.3189 | C_Loss: 0.010 | A_Loss: -0.000 | Alpha: 0.0001
Train Ep: 160/270 | Reward:  -29.0 | MSE: 0.3872 | C_Loss: 0.014 | A_Loss: 0.001 | Alpha: 0.0001
  [!] Running Isolated Validation (Pure CMA vs GNN)...
  -> Val Results: Pure Baseline Errors: 5195 | GNN Errors: 5137
  -> Relative Improvement: 1.116%
Train Ep: 161/270 | Reward:   -7.0 | MSE: 0.1843 | C_Loss: 0.014 | A_Loss: 0.001 | Alpha: 0.0001
Train Ep: 162/270 | Reward:    4.0 | MSE: 0.4522 | C_Loss: 0.014 | A_Loss: 0.000 | Alpha: 0.0001
Train Ep: 163/270 | Reward:  -77.0 | MSE: 0.3214 | C_Loss: 0.016 | A_Loss: -0.000 | Alpha: 0.0001
Train Ep: 164/270 | Reward:   15.0 | MSE: 0.3677 | C_Loss: 0.015 | A_Loss: 0.001 | Alpha: 0.0001
Train Ep: 165/270 | Reward:    9.0 | MSE: 0.3517 | C_Loss: 0.010 | A_Loss: -0.000 | Alpha: 0.0001
  [!] Running Isolated Validation (Pure CMA vs GNN)...
  -> Val Results: Pure Baseline Errors: 5195 | GNN Errors: 5148
  -> Relative Improvement: 0.905%
Train Ep: 166/270 | Reward:  -26.0 | MSE: 0.3012 | C_Loss: 0.006 | A_Loss: -0.000 | Alpha: 0.0001
Train Ep: 167/270 | Reward:  -30.0 | MSE: 0.3643 | C_Loss: 0.010 | A_Loss: 0.001 | Alpha: 0.0001
Train Ep: 168/270 | Reward:    8.0 | MSE: 0.3673 | C_Loss: 0.015 | A_Loss: 0.001 | Alpha: 0.0001
Train Ep: 169/270 | Reward:   46.0 | MSE: 0.2850 | C_Loss: 0.010 | A_Loss: -0.000 | Alpha: 0.0001
Train Ep: 170/270 | Reward:  -30.0 | MSE: 0.3574 | C_Loss: 0.009 | A_Loss: -0.001 | Alpha: 0.0001
  [!] Running Isolated Validation (Pure CMA vs GNN)...
  -> Val Results: Pure Baseline Errors: 5195 | GNN Errors: 5171
  -> Relative Improvement: 0.462%
Train Ep: 171/270 | Reward:  -20.0 | MSE: 0.3513 | C_Loss: 0.010 | A_Loss: 0.000 | Alpha: 0.0001
Train Ep: 172/270 | Reward:   12.0 | MSE: 0.2077 | C_Loss: 0.010 | A_Loss: 0.001 | Alpha: 0.0001
Train Ep: 173/270 | Reward: -123.0 | MSE: 0.2396 | C_Loss: 0.012 | A_Loss: -0.000 | Alpha: 0.0001
Train Ep: 174/270 | Reward:  -61.0 | MSE: 0.4196 | C_Loss: 0.018 | A_Loss: 0.001 | Alpha: 0.0001
Train Ep: 175/270 | Reward:   19.0 | MSE: 0.3501 | C_Loss: 0.015 | A_Loss: 0.002 | Alpha: 0.0001
  [!] Running Isolated Validation (Pure CMA vs GNN)...
  -> Val Results: Pure Baseline Errors: 5195 | GNN Errors: 5172
  -> Relative Improvement: 0.443%
Train Ep: 176/270 | Reward:   19.0 | MSE: 0.3979 | C_Loss: 0.008 | A_Loss: 0.000 | Alpha: 0.0001
Train Ep: 177/270 | Reward:   -1.0 | MSE: 0.3215 | C_Loss: 0.004 | A_Loss: -0.000 | Alpha: 0.0001
Train Ep: 178/270 | Reward:  -33.0 | MSE: 0.4172 | C_Loss: 0.009 | A_Loss: -0.000 | Alpha: 0.0001
Train Ep: 179/270 | Reward:  -78.0 | MSE: 0.2551 | C_Loss: 0.018 | A_Loss: 0.000 | Alpha: 0.0001
Train Ep: 180/270 | Reward:  -89.0 | MSE: 0.2881 | C_Loss: 0.019 | A_Loss: 0.001 | Alpha: 0.0001
  [!] Running Isolated Validation (Pure CMA vs GNN)...
  -> Val Results: Pure Baseline Errors: 5195 | GNN Errors: 5165
  -> Relative Improvement: 0.577%
Train Ep: 181/270 | Reward: -181.0 | MSE: 0.2647 | C_Loss: 0.016 | A_Loss: 0.002 | Alpha: 0.0001
Train Ep: 182/270 | Reward:  -80.0 | MSE: 0.3505 | C_Loss: 0.018 | A_Loss: 0.003 | Alpha: 0.0001
Train Ep: 183/270 | Reward:   17.0 | MSE: 0.2539 | C_Loss: 0.017 | A_Loss: 0.001 | Alpha: 0.0001
Train Ep: 184/270 | Reward:   20.0 | MSE: 0.2657 | C_Loss: 0.007 | A_Loss: -0.000 | Alpha: 0.0001
Train Ep: 185/270 | Reward:   18.0 | MSE: 0.3291 | C_Loss: 0.001 | A_Loss: -0.001 | Alpha: 0.0001
  [!] Running Isolated Validation (Pure CMA vs GNN)...
  -> Val Results: Pure Baseline Errors: 5195 | GNN Errors: 5168
  -> Relative Improvement: 0.520%
Train Ep: 186/270 | Reward:   17.0 | MSE: 0.4225 | C_Loss: 0.001 | A_Loss: -0.000 | Alpha: 0.0001
Train Ep: 187/270 | Reward:   25.0 | MSE: 0.3661 | C_Loss: 0.002 | A_Loss: -0.001 | Alpha: 0.0001
Train Ep: 188/270 | Reward:   20.0 | MSE: 0.2468 | C_Loss: 0.002 | A_Loss: -0.000 | Alpha: 0.0001
Train Ep: 189/270 | Reward:   20.0 | MSE: 0.2932 | C_Loss: 0.004 | A_Loss: -0.001 | Alpha: 0.0001
Train Ep: 190/270 | Reward:    8.0 | MSE: 0.2512 | C_Loss: 0.004 | A_Loss: -0.001 | Alpha: 0.0001
  [!] Running Isolated Validation (Pure CMA vs GNN)...
  -> Val Results: Pure Baseline Errors: 5195 | GNN Errors: 5157
  -> Relative Improvement: 0.731%
Train Ep: 191/270 | Reward:   23.0 | MSE: 0.2905 | C_Loss: 0.004 | A_Loss: -0.000 | Alpha: 0.0001
Train Ep: 192/270 | Reward:   26.0 | MSE: 0.2671 | C_Loss: 0.004 | A_Loss: -0.000 | Alpha: 0.0001
Train Ep: 193/270 | Reward:   35.0 | MSE: 0.4235 | C_Loss: 0.004 | A_Loss: -0.000 | Alpha: 0.0001
Train Ep: 194/270 | Reward:   25.0 | MSE: 0.3913 | C_Loss: 0.005 | A_Loss: -0.001 | Alpha: 0.0001
Train Ep: 195/270 | Reward:  -42.0 | MSE: 0.3726 | C_Loss: 0.009 | A_Loss: -0.000 | Alpha: 0.0001
  [!] Running Isolated Validation (Pure CMA vs GNN)...
  -> Val Results: Pure Baseline Errors: 5195 | GNN Errors: 5081
  -> Relative Improvement: 2.194%
  *** New Best Model! Net Score improved from 0.02021174205967276 to 0.021944177093359 ***
[*] Models successfully saved to models/sac_gnn_40_best.pth
Train Ep: 196/270 | Reward:  -91.0 | MSE: 0.2451 | C_Loss: 0.019 | A_Loss: 0.001 | Alpha: 0.0001
Train Ep: 197/270 | Reward:   22.0 | MSE: 0.3760 | C_Loss: 0.023 | A_Loss: 0.002 | Alpha: 0.0001
Train Ep: 198/270 | Reward:  -63.0 | MSE: 0.3980 | C_Loss: 0.017 | A_Loss: 0.002 | Alpha: 0.0001
Train Ep: 199/270 | Reward:   10.0 | MSE: 0.3964 | C_Loss: 0.012 | A_Loss: -0.000 | Alpha: 0.0001
Train Ep: 200/270 | Reward:   35.0 | MSE: 0.5163 | C_Loss: 0.008 | A_Loss: -0.000 | Alpha: 0.0001
  [!] Running Isolated Validation (Pure CMA vs GNN)...
  -> Val Results: Pure Baseline Errors: 5195 | GNN Errors: 5145
  -> Relative Improvement: 0.962%
Train Ep: 201/270 | Reward:   29.0 | MSE: 0.2529 | C_Loss: 0.004 | A_Loss: -0.000 | Alpha: 0.0001
Train Ep: 202/270 | Reward:   24.0 | MSE: 0.4479 | C_Loss: 0.004 | A_Loss: -0.000 | Alpha: 0.0001
Train Ep: 203/270 | Reward:   18.0 | MSE: 0.3773 | C_Loss: 0.004 | A_Loss: -0.001 | Alpha: 0.0001
Train Ep: 204/270 | Reward:   28.0 | MSE: 0.2927 | C_Loss: 0.004 | A_Loss: -0.001 | Alpha: 0.0001
Train Ep: 205/270 | Reward:   19.0 | MSE: 0.2554 | C_Loss: 0.005 | A_Loss: -0.000 | Alpha: 0.0001
  [!] Running Isolated Validation (Pure CMA vs GNN)...
  -> Val Results: Pure Baseline Errors: 5195 | GNN Errors: 5103
  -> Relative Improvement: 1.771%
Train Ep: 206/270 | Reward:   19.0 | MSE: 0.2990 | C_Loss: 0.009 | A_Loss: 0.000 | Alpha: 0.0001
Train Ep: 207/270 | Reward:   19.0 | MSE: 0.4143 | C_Loss: 0.009 | A_Loss: 0.000 | Alpha: 0.0001
Train Ep: 208/270 | Reward:   12.0 | MSE: 0.2902 | C_Loss: 0.009 | A_Loss: -0.000 | Alpha: 0.0001
Train Ep: 209/270 | Reward:  -77.0 | MSE: 0.3223 | C_Loss: 0.012 | A_Loss: -0.000 | Alpha: 0.0001
Train Ep: 210/270 | Reward:  -47.0 | MSE: 0.3955 | C_Loss: 0.016 | A_Loss: 0.001 | Alpha: 0.0001
  [!] Running Isolated Validation (Pure CMA vs GNN)...
  -> Val Results: Pure Baseline Errors: 5195 | GNN Errors: 5167
  -> Relative Improvement: 0.539%
Train Ep: 211/270 | Reward:    6.0 | MSE: 0.4094 | C_Loss: 0.016 | A_Loss: 0.001 | Alpha: 0.0001
Train Ep: 212/270 | Reward:    4.0 | MSE: 0.3755 | C_Loss: 0.008 | A_Loss: 0.000 | Alpha: 0.0001
Train Ep: 213/270 | Reward:    1.0 | MSE: 0.3640 | C_Loss: 0.005 | A_Loss: -0.000 | Alpha: 0.0001
Train Ep: 214/270 | Reward:   11.0 | MSE: 0.3509 | C_Loss: 0.006 | A_Loss: 0.000 | Alpha: 0.0001
Train Ep: 215/270 | Reward:    2.0 | MSE: 0.3416 | C_Loss: 0.007 | A_Loss: 0.001 | Alpha: 0.0001
  [!] Running Isolated Validation (Pure CMA vs GNN)...
  -> Val Results: Pure Baseline Errors: 5195 | GNN Errors: 5161
  -> Relative Improvement: 0.654%
Train Ep: 216/270 | Reward:   21.0 | MSE: 0.2953 | C_Loss: 0.005 | A_Loss: -0.000 | Alpha: 0.0001
Train Ep: 217/270 | Reward:  -15.0 | MSE: 0.4556 | C_Loss: 0.005 | A_Loss: -0.000 | Alpha: 0.0001
Train Ep: 218/270 | Reward:    1.0 | MSE: 0.3813 | C_Loss: 0.005 | A_Loss: 0.000 | Alpha: 0.0001
Train Ep: 219/270 | Reward:   -8.0 | MSE: 0.2514 | C_Loss: 0.006 | A_Loss: 0.000 | Alpha: 0.0001
Train Ep: 220/270 | Reward:   11.0 | MSE: 0.2937 | C_Loss: 0.006 | A_Loss: 0.000 | Alpha: 0.0001
  [!] Running Isolated Validation (Pure CMA vs GNN)...
  -> Val Results: Pure Baseline Errors: 5195 | GNN Errors: 5129
  -> Relative Improvement: 1.270%
Train Ep: 221/270 | Reward:    8.0 | MSE: 0.4276 | C_Loss: 0.005 | A_Loss: 0.001 | Alpha: 0.0001
Train Ep: 222/270 | Reward:   10.0 | MSE: 0.3003 | C_Loss: 0.004 | A_Loss: -0.001 | Alpha: 0.0001
Train Ep: 223/270 | Reward:   43.0 | MSE: 0.3832 | C_Loss: 0.006 | A_Loss: -0.000 | Alpha: 0.0001
Train Ep: 224/270 | Reward:  -12.0 | MSE: 0.3577 | C_Loss: 0.011 | A_Loss: -0.000 | Alpha: 0.0001
Train Ep: 225/270 | Reward:  -25.0 | MSE: 0.3685 | C_Loss: 0.012 | A_Loss: 0.001 | Alpha: 0.0001
  [!] Running Isolated Validation (Pure CMA vs GNN)...
  -> Val Results: Pure Baseline Errors: 5195 | GNN Errors: 5152
  -> Relative Improvement: 0.828%
Train Ep: 226/270 | Reward:   -5.0 | MSE: 0.3486 | C_Loss: 0.010 | A_Loss: -0.000 | Alpha: 0.0001
Train Ep: 227/270 | Reward:  -32.0 | MSE: 0.2824 | C_Loss: 0.014 | A_Loss: 0.000 | Alpha: 0.0001
Train Ep: 228/270 | Reward:  -23.0 | MSE: 0.3876 | C_Loss: 0.020 | A_Loss: 0.001 | Alpha: 0.0001
Train Ep: 229/270 | Reward:   12.0 | MSE: 0.3349 | C_Loss: 0.018 | A_Loss: 0.000 | Alpha: 0.0001
Train Ep: 230/270 | Reward:   15.0 | MSE: 0.3964 | C_Loss: 0.012 | A_Loss: -0.000 | Alpha: 0.0001
  [!] Running Isolated Validation (Pure CMA vs GNN)...
  -> Val Results: Pure Baseline Errors: 5195 | GNN Errors: 5095
  -> Relative Improvement: 1.925%
Train Ep: 231/270 | Reward:  -19.0 | MSE: 0.3033 | C_Loss: 0.014 | A_Loss: -0.001 | Alpha: 0.0001
Train Ep: 232/270 | Reward:    9.0 | MSE: 0.3212 | C_Loss: 0.016 | A_Loss: -0.000 | Alpha: 0.0001
Train Ep: 233/270 | Reward:  -57.0 | MSE: 0.2916 | C_Loss: 0.011 | A_Loss: 0.000 | Alpha: 0.0001
Train Ep: 234/270 | Reward:  -42.0 | MSE: 0.2770 | C_Loss: 0.018 | A_Loss: 0.001 | Alpha: 0.0001
Train Ep: 235/270 | Reward:   29.0 | MSE: 0.3565 | C_Loss: 0.019 | A_Loss: 0.001 | Alpha: 0.0001
  [!] Running Isolated Validation (Pure CMA vs GNN)...
  -> Val Results: Pure Baseline Errors: 5195 | GNN Errors: 5120
  -> Relative Improvement: 1.444%
Train Ep: 236/270 | Reward:   10.0 | MSE: 0.2829 | C_Loss: 0.010 | A_Loss: -0.001 | Alpha: 0.0001
Train Ep: 237/270 | Reward:   17.0 | MSE: 0.2441 | C_Loss: 0.006 | A_Loss: -0.000 | Alpha: 0.0001
Train Ep: 238/270 | Reward:   29.0 | MSE: 0.3146 | C_Loss: 0.007 | A_Loss: -0.000 | Alpha: 0.0001
Train Ep: 239/270 | Reward:    5.0 | MSE: 0.3320 | C_Loss: 0.010 | A_Loss: -0.000 | Alpha: 0.0001
Train Ep: 240/270 | Reward:   44.0 | MSE: 0.3127 | C_Loss: 0.013 | A_Loss: 0.001 | Alpha: 0.0001
  [!] Running Isolated Validation (Pure CMA vs GNN)...
  -> Val Results: Pure Baseline Errors: 5195 | GNN Errors: 5114
  -> Relative Improvement: 1.559%
Train Ep: 241/270 | Reward:  -31.0 | MSE: 0.3900 | C_Loss: 0.013 | A_Loss: -0.001 | Alpha: 0.0001
Train Ep: 242/270 | Reward:   42.0 | MSE: 0.3475 | C_Loss: 0.012 | A_Loss: 0.000 | Alpha: 0.0001
Train Ep: 243/270 | Reward:  -12.0 | MSE: 0.2952 | C_Loss: 0.013 | A_Loss: 0.000 | Alpha: 0.0001
Train Ep: 244/270 | Reward:   11.0 | MSE: 0.4218 | C_Loss: 0.019 | A_Loss: -0.001 | Alpha: 0.0001
Train Ep: 245/270 | Reward:   27.0 | MSE: 0.3238 | C_Loss: 0.017 | A_Loss: 0.000 | Alpha: 0.0001
  [!] Running Isolated Validation (Pure CMA vs GNN)...
  -> Val Results: Pure Baseline Errors: 5195 | GNN Errors: 5107
  -> Relative Improvement: 1.694%
Train Ep: 246/270 | Reward: -141.0 | MSE: 0.3917 | C_Loss: 0.013 | A_Loss: -0.000 | Alpha: 0.0001
Train Ep: 247/270 | Reward:   23.0 | MSE: 0.2334 | C_Loss: 0.018 | A_Loss: 0.001 | Alpha: 0.0001
Train Ep: 248/270 | Reward:   36.0 | MSE: 0.2677 | C_Loss: 0.011 | A_Loss: 0.001 | Alpha: 0.0001
Train Ep: 249/270 | Reward:    3.0 | MSE: 0.2973 | C_Loss: 0.004 | A_Loss: -0.001 | Alpha: 0.0001
Train Ep: 250/270 | Reward:   16.0 | MSE: 0.4457 | C_Loss: 0.002 | A_Loss: -0.000 | Alpha: 0.0001
  [!] Running Isolated Validation (Pure CMA vs GNN)...
  -> Val Results: Pure Baseline Errors: 5195 | GNN Errors: 5160
  -> Relative Improvement: 0.674%
Train Ep: 251/270 | Reward:   24.0 | MSE: 0.1830 | C_Loss: 0.002 | A_Loss: -0.000 | Alpha: 0.0001
Train Ep: 252/270 | Reward:   26.0 | MSE: 0.3840 | C_Loss: 0.002 | A_Loss: -0.001 | Alpha: 0.0001
Train Ep: 253/270 | Reward:   11.0 | MSE: 0.4839 | C_Loss: 0.005 | A_Loss: -0.000 | Alpha: 0.0001
Train Ep: 254/270 | Reward:   25.0 | MSE: 0.3139 | C_Loss: 0.007 | A_Loss: -0.001 | Alpha: 0.0001
Train Ep: 255/270 | Reward:   20.0 | MSE: 0.4194 | C_Loss: 0.006 | A_Loss: -0.000 | Alpha: 0.0001
  [!] Running Isolated Validation (Pure CMA vs GNN)...
  -> Val Results: Pure Baseline Errors: 5195 | GNN Errors: 5118
  -> Relative Improvement: 1.482%
Train Ep: 256/270 | Reward:  -13.0 | MSE: 0.2689 | C_Loss: 0.008 | A_Loss: -0.000 | Alpha: 0.0001
Train Ep: 257/270 | Reward: -107.0 | MSE: 0.3170 | C_Loss: 0.012 | A_Loss: -0.000 | Alpha: 0.0001
Train Ep: 258/270 | Reward:   14.0 | MSE: 0.4139 | C_Loss: 0.013 | A_Loss: 0.001 | Alpha: 0.0001
Train Ep: 259/270 | Reward:   43.0 | MSE: 0.3077 | C_Loss: 0.009 | A_Loss: 0.000 | Alpha: 0.0001
Train Ep: 260/270 | Reward:   12.0 | MSE: 0.3681 | C_Loss: 0.003 | A_Loss: -0.000 | Alpha: 0.0001
  [!] Running Isolated Validation (Pure CMA vs GNN)...
  -> Val Results: Pure Baseline Errors: 5195 | GNN Errors: 5114
  -> Relative Improvement: 1.559%
Train Ep: 261/270 | Reward:   41.0 | MSE: 0.3537 | C_Loss: 0.003 | A_Loss: -0.000 | Alpha: 0.0001
Train Ep: 262/270 | Reward:   43.0 | MSE: 0.2910 | C_Loss: 0.004 | A_Loss: -0.001 | Alpha: 0.0001
Train Ep: 263/270 | Reward:   25.0 | MSE: 0.3241 | C_Loss: 0.003 | A_Loss: -0.001 | Alpha: 0.0001
Train Ep: 264/270 | Reward:   12.0 | MSE: 0.5499 | C_Loss: 0.006 | A_Loss: -0.001 | Alpha: 0.0001
Train Ep: 265/270 | Reward:   22.0 | MSE: 0.2459 | C_Loss: 0.009 | A_Loss: -0.000 | Alpha: 0.0001
  [!] Running Isolated Validation (Pure CMA vs GNN)...
  -> Val Results: Pure Baseline Errors: 5195 | GNN Errors: 5029
  -> Relative Improvement: 3.195%
  *** New Best Model! Net Score improved from 0.021944177093359 to 0.03195380173243503 ***
[*] Models successfully saved to models/sac_gnn_40_best.pth
Train Ep: 266/270 | Reward:  -15.0 | MSE: 0.2838 | C_Loss: 0.014 | A_Loss: -0.000 | Alpha: 0.0001
Train Ep: 267/270 | Reward:  -38.0 | MSE: 0.3106 | C_Loss: 0.015 | A_Loss: 0.000 | Alpha: 0.0001
Train Ep: 268/270 | Reward:  -79.0 | MSE: 0.2589 | C_Loss: 0.018 | A_Loss: 0.002 | Alpha: 0.0001
Train Ep: 269/270 | Reward:  -10.0 | MSE: 0.2569 | C_Loss: 0.021 | A_Loss: -0.000 | Alpha: 0.0001
Train Ep: 270/270 | Reward:  -11.0 | MSE: 0.3007 | C_Loss: 0.024 | A_Loss: 0.001 | Alpha: 0.0001
  [!] Running Isolated Validation (Pure CMA vs GNN)...
  -> Val Results: Pure Baseline Errors: 5195 | GNN Errors: 5106
  -> Relative Improvement: 1.713%

Training complete in 44479.72 seconds.
[*] Models successfully saved to models/sac_gnn_40.pth
Training plots saved to 'plots/training_metrics_40.png'
[*] The best performing model during validation was saved to: models/sac_gnn_40_best.pth
Training run time = 44481.39 s
Job finished at: Sat Apr 18 09:25:27 CEST 2026
