Job started at: Fri Apr 24 14:12:37 CEST 2026
Starting Run 47: Gamma=0.0 | Layers=1 | Mismatch=30.0 | action_scale=6 | Using log joint probs| h.d.=128
SLURM Mode Received: 0
Execution Pipeline: ['train']
Loaded Configuration: {'mode': 0, 'model_path': 'models/sac_gnn_47.pth', 'training_metrics_filename': 'training_metrics_47.png', 'distance': 5, 'n_rounds': 5, 'p': 0.004, 'p_gate_zz': 0.0, 'mismatch': 30.0, 'n_shots': 65000, 'n_test_shots': 10000, 'burn_in_steps': 15000, 'bypass_threshold': 2, 'action_scale': 6.0, 'update_period': 1000, 'prior_shots': 1000, 'local_action_only': True, 'local_action_hops': 1, 'n_layers': 1, 'use_pearson_correlation': False, 'use_log_joint_prob': True, 'hidden_dim': 128, 'lr': 0.0001, 'gamma': 0.0, 'tau': 0.005, 'alpha': 0.01, 'batch_size': 64, 'buffer_capacity': 100000, 'update_frequency': 100, 'train_episodes': 270, 'test_episodes': 20}

Initializing environment...

############################################################
### RUNNING MODE: TRAIN
############################################################

========================================
STARTING TRAINING (Episodes: 270)
========================================
Train Ep: 001/270 | Reward: -1677.0 | MSE: 0.1680 | C_Loss: 0.107 | A_Loss: 0.033 | Alpha: 0.0095
Train Ep: 002/270 | Reward: -1295.0 | MSE: 0.1969 | C_Loss: 0.098 | A_Loss: 0.029 | Alpha: 0.0091
Train Ep: 003/270 | Reward: -1173.0 | MSE: 0.2104 | C_Loss: 0.096 | A_Loss: 0.024 | Alpha: 0.0087
Train Ep: 004/270 | Reward: -1505.0 | MSE: 0.1580 | C_Loss: 0.095 | A_Loss: 0.020 | Alpha: 0.0083
Train Ep: 005/270 | Reward: -1242.0 | MSE: 0.2236 | C_Loss: 0.107 | A_Loss: 0.026 | Alpha: 0.0079
Train Ep: 006/270 | Reward: -1154.0 | MSE: 0.3158 | C_Loss: 0.105 | A_Loss: 0.023 | Alpha: 0.0076
Train Ep: 007/270 | Reward: -927.0 | MSE: 0.1727 | C_Loss: 0.093 | A_Loss: 0.023 | Alpha: 0.0073
Train Ep: 008/270 | Reward: -1089.0 | MSE: 0.1225 | C_Loss: 0.088 | A_Loss: 0.019 | Alpha: 0.0070
Train Ep: 009/270 | Reward: -762.0 | MSE: 0.1153 | C_Loss: 0.088 | A_Loss: 0.020 | Alpha: 0.0067
Train Ep: 010/270 | Reward: -636.0 | MSE: 0.2239 | C_Loss: 0.078 | A_Loss: 0.016 | Alpha: 0.0065
Train Ep: 011/270 | Reward: -557.0 | MSE: 0.1601 | C_Loss: 0.063 | A_Loss: 0.013 | Alpha: 0.0062
Train Ep: 012/270 | Reward: -709.0 | MSE: 0.1090 | C_Loss: 0.059 | A_Loss: 0.014 | Alpha: 0.0059
Train Ep: 013/270 | Reward: -593.0 | MSE: 0.2033 | C_Loss: 0.071 | A_Loss: 0.014 | Alpha: 0.0057
Train Ep: 014/270 | Reward: -674.0 | MSE: 0.1887 | C_Loss: 0.077 | A_Loss: 0.013 | Alpha: 0.0055
Train Ep: 015/270 | Reward: -436.0 | MSE: 0.2096 | C_Loss: 0.070 | A_Loss: 0.013 | Alpha: 0.0053
Train Ep: 016/270 | Reward: -495.0 | MSE: 0.2024 | C_Loss: 0.062 | A_Loss: 0.010 | Alpha: 0.0050
Train Ep: 017/270 | Reward: -553.0 | MSE: 0.1670 | C_Loss: 0.062 | A_Loss: 0.010 | Alpha: 0.0048
Train Ep: 018/270 | Reward: -424.0 | MSE: 0.1743 | C_Loss: 0.057 | A_Loss: 0.012 | Alpha: 0.0046
Train Ep: 019/270 | Reward: -394.0 | MSE: 0.2208 | C_Loss: 0.057 | A_Loss: 0.012 | Alpha: 0.0045
Train Ep: 020/270 | Reward: -364.0 | MSE: 0.1417 | C_Loss: 0.052 | A_Loss: 0.009 | Alpha: 0.0043
Train Ep: 021/270 | Reward: -306.0 | MSE: 0.2313 | C_Loss: 0.047 | A_Loss: 0.009 | Alpha: 0.0041
Train Ep: 022/270 | Reward: -247.0 | MSE: 0.1603 | C_Loss: 0.038 | A_Loss: 0.008 | Alpha: 0.0039
Train Ep: 023/270 | Reward: -295.0 | MSE: 0.1532 | C_Loss: 0.036 | A_Loss: 0.008 | Alpha: 0.0038
Train Ep: 024/270 | Reward: -293.0 | MSE: 0.1948 | C_Loss: 0.039 | A_Loss: 0.007 | Alpha: 0.0036
Train Ep: 025/270 | Reward: -262.0 | MSE: 0.1958 | C_Loss: 0.045 | A_Loss: 0.008 | Alpha: 0.0035
Train Ep: 026/270 | Reward: -295.0 | MSE: 0.1211 | C_Loss: 0.048 | A_Loss: 0.006 | Alpha: 0.0033
Train Ep: 027/270 | Reward: -579.0 | MSE: 0.2095 | C_Loss: 0.053 | A_Loss: 0.009 | Alpha: 0.0031
Train Ep: 028/270 | Reward: -125.0 | MSE: 0.1084 | C_Loss: 0.054 | A_Loss: 0.008 | Alpha: 0.0030
Train Ep: 029/270 | Reward: -235.0 | MSE: 0.1781 | C_Loss: 0.040 | A_Loss: 0.007 | Alpha: 0.0029
Train Ep: 030/270 | Reward: -200.0 | MSE: 0.1169 | C_Loss: 0.038 | A_Loss: 0.006 | Alpha: 0.0028
Train Ep: 031/270 | Reward: -111.0 | MSE: 0.1790 | C_Loss: 0.037 | A_Loss: 0.006 | Alpha: 0.0027
Train Ep: 032/270 | Reward: -103.0 | MSE: 0.1416 | C_Loss: 0.033 | A_Loss: 0.005 | Alpha: 0.0027
Train Ep: 033/270 | Reward: -189.0 | MSE: 0.2178 | C_Loss: 0.033 | A_Loss: 0.004 | Alpha: 0.0025
Train Ep: 034/270 | Reward: -231.0 | MSE: 0.1515 | C_Loss: 0.036 | A_Loss: 0.005 | Alpha: 0.0024
Train Ep: 035/270 | Reward:  -94.0 | MSE: 0.1996 | C_Loss: 0.036 | A_Loss: 0.005 | Alpha: 0.0023
Train Ep: 036/270 | Reward: -221.0 | MSE: 0.2559 | C_Loss: 0.031 | A_Loss: 0.005 | Alpha: 0.0022
Train Ep: 037/270 | Reward: -201.0 | MSE: 0.1766 | C_Loss: 0.039 | A_Loss: 0.005 | Alpha: 0.0022
Train Ep: 038/270 | Reward: -191.0 | MSE: 0.1598 | C_Loss: 0.037 | A_Loss: 0.006 | Alpha: 0.0021
Train Ep: 039/270 | Reward: -113.0 | MSE: 0.1946 | C_Loss: 0.039 | A_Loss: 0.006 | Alpha: 0.0020
Train Ep: 040/270 | Reward: -127.0 | MSE: 0.1901 | C_Loss: 0.031 | A_Loss: 0.004 | Alpha: 0.0019
Train Ep: 041/270 | Reward: -147.0 | MSE: 0.1942 | C_Loss: 0.031 | A_Loss: 0.002 | Alpha: 0.0018
Train Ep: 042/270 | Reward: -155.0 | MSE: 0.1912 | C_Loss: 0.027 | A_Loss: 0.004 | Alpha: 0.0017
Train Ep: 043/270 | Reward: -180.0 | MSE: 0.1566 | C_Loss: 0.028 | A_Loss: 0.004 | Alpha: 0.0016
Train Ep: 044/270 | Reward: -206.0 | MSE: 0.1482 | C_Loss: 0.033 | A_Loss: 0.005 | Alpha: 0.0016
Train Ep: 045/270 | Reward: -132.0 | MSE: 0.2379 | C_Loss: 0.034 | A_Loss: 0.006 | Alpha: 0.0015
Train Ep: 046/270 | Reward: -128.0 | MSE: 0.2221 | C_Loss: 0.037 | A_Loss: 0.003 | Alpha: 0.0015
Train Ep: 047/270 | Reward:  -64.0 | MSE: 0.1439 | C_Loss: 0.029 | A_Loss: 0.004 | Alpha: 0.0014
Train Ep: 048/270 | Reward:  -25.0 | MSE: 0.2308 | C_Loss: 0.018 | A_Loss: 0.002 | Alpha: 0.0014
Train Ep: 049/270 | Reward: -124.0 | MSE: 0.1444 | C_Loss: 0.016 | A_Loss: 0.002 | Alpha: 0.0013
Train Ep: 050/270 | Reward: -181.0 | MSE: 0.1992 | C_Loss: 0.023 | A_Loss: 0.002 | Alpha: 0.0012
Train Ep: 051/270 | Reward: -242.0 | MSE: 0.2039 | C_Loss: 0.030 | A_Loss: 0.004 | Alpha: 0.0012
Train Ep: 052/270 | Reward:  -44.0 | MSE: 0.2589 | C_Loss: 0.034 | A_Loss: 0.004 | Alpha: 0.0011
Train Ep: 053/270 | Reward: -109.0 | MSE: 0.1253 | C_Loss: 0.029 | A_Loss: 0.003 | Alpha: 0.0011
Train Ep: 054/270 | Reward: -152.0 | MSE: 0.1545 | C_Loss: 0.026 | A_Loss: 0.003 | Alpha: 0.0011
Train Ep: 055/270 | Reward: -134.0 | MSE: 0.1221 | C_Loss: 0.027 | A_Loss: 0.004 | Alpha: 0.0010
Train Ep: 056/270 | Reward: -133.0 | MSE: 0.2168 | C_Loss: 0.025 | A_Loss: 0.003 | Alpha: 0.0010
Train Ep: 057/270 | Reward: -121.0 | MSE: 0.1694 | C_Loss: 0.024 | A_Loss: 0.004 | Alpha: 0.0009
Train Ep: 058/270 | Reward: -112.0 | MSE: 0.2650 | C_Loss: 0.022 | A_Loss: 0.003 | Alpha: 0.0009
Train Ep: 059/270 | Reward: -103.0 | MSE: 0.1943 | C_Loss: 0.022 | A_Loss: 0.003 | Alpha: 0.0009
Train Ep: 060/270 | Reward: -145.0 | MSE: 0.1291 | C_Loss: 0.029 | A_Loss: 0.003 | Alpha: 0.0008
Train Ep: 061/270 | Reward: -195.0 | MSE: 0.2378 | C_Loss: 0.029 | A_Loss: 0.002 | Alpha: 0.0008
Train Ep: 062/270 | Reward:  -45.0 | MSE: 0.3271 | C_Loss: 0.028 | A_Loss: 0.004 | Alpha: 0.0008
Train Ep: 063/270 | Reward:  -67.0 | MSE: 0.1151 | C_Loss: 0.025 | A_Loss: 0.001 | Alpha: 0.0008
Train Ep: 064/270 | Reward: -185.0 | MSE: 0.2396 | C_Loss: 0.030 | A_Loss: 0.001 | Alpha: 0.0007
Train Ep: 065/270 | Reward: -144.0 | MSE: 0.2556 | C_Loss: 0.038 | A_Loss: 0.002 | Alpha: 0.0007
Train Ep: 066/270 | Reward: -101.0 | MSE: 0.1710 | C_Loss: 0.034 | A_Loss: 0.004 | Alpha: 0.0007
Train Ep: 067/270 | Reward:  -29.0 | MSE: 0.1238 | C_Loss: 0.029 | A_Loss: 0.003 | Alpha: 0.0006
Train Ep: 068/270 | Reward:  -56.0 | MSE: 0.2438 | C_Loss: 0.031 | A_Loss: 0.001 | Alpha: 0.0006
Train Ep: 069/270 | Reward:  -56.0 | MSE: 0.2338 | C_Loss: 0.030 | A_Loss: 0.001 | Alpha: 0.0006
Train Ep: 070/270 | Reward:  -71.0 | MSE: 0.2023 | C_Loss: 0.030 | A_Loss: 0.003 | Alpha: 0.0006
Train Ep: 071/270 | Reward:  -31.0 | MSE: 0.2324 | C_Loss: 0.027 | A_Loss: 0.002 | Alpha: 0.0006
Train Ep: 072/270 | Reward:  -53.0 | MSE: 0.2273 | C_Loss: 0.022 | A_Loss: 0.002 | Alpha: 0.0006
Train Ep: 073/270 | Reward:  -77.0 | MSE: 0.1637 | C_Loss: 0.026 | A_Loss: 0.002 | Alpha: 0.0006
Train Ep: 074/270 | Reward: -104.0 | MSE: 0.1387 | C_Loss: 0.020 | A_Loss: 0.002 | Alpha: 0.0005
Train Ep: 075/270 | Reward: -109.0 | MSE: 0.2665 | C_Loss: 0.018 | A_Loss: 0.002 | Alpha: 0.0005
Train Ep: 076/270 | Reward:  -59.0 | MSE: 0.1353 | C_Loss: 0.024 | A_Loss: 0.002 | Alpha: 0.0005
Train Ep: 077/270 | Reward:  -70.0 | MSE: 0.2569 | C_Loss: 0.026 | A_Loss: 0.003 | Alpha: 0.0005
Train Ep: 078/270 | Reward:  -50.0 | MSE: 0.1794 | C_Loss: 0.020 | A_Loss: 0.002 | Alpha: 0.0005
Train Ep: 079/270 | Reward:    5.0 | MSE: 0.1907 | C_Loss: 0.021 | A_Loss: 0.000 | Alpha: 0.0005
  [!] Reward crossed 0! Unlocking Validation phase for the rest of training.
Train Ep: 080/270 | Reward:   16.0 | MSE: 0.2725 | C_Loss: 0.023 | A_Loss: 0.003 | Alpha: 0.0006
  [!] Running Isolated Validation (Pure CMA vs GNN)...
  -> Val Results: Pure Baseline Errors: 5222 | GNN Errors: 5092
  -> Relative Improvement: 2.489%
  *** New Best Model! Net Score improved from -inf to 0.0248946763692072 ***
[*] Models successfully saved to models/sac_gnn_47_best.pth
Train Ep: 081/270 | Reward:  -61.0 | MSE: 0.1524 | C_Loss: 0.025 | A_Loss: 0.001 | Alpha: 0.0006
Train Ep: 082/270 | Reward:  -42.0 | MSE: 0.1736 | C_Loss: 0.022 | A_Loss: 0.001 | Alpha: 0.0006
Train Ep: 083/270 | Reward:   16.0 | MSE: 0.2010 | C_Loss: 0.020 | A_Loss: 0.001 | Alpha: 0.0006
Train Ep: 084/270 | Reward:   18.0 | MSE: 0.1366 | C_Loss: 0.017 | A_Loss: 0.001 | Alpha: 0.0006
Train Ep: 085/270 | Reward:  -40.0 | MSE: 0.1728 | C_Loss: 0.015 | A_Loss: 0.001 | Alpha: 0.0006
  [!] Running Isolated Validation (Pure CMA vs GNN)...
  -> Val Results: Pure Baseline Errors: 5222 | GNN Errors: 5073
  -> Relative Improvement: 2.853%
  *** New Best Model! Net Score improved from 0.0248946763692072 to 0.028533129069322097 ***
[*] Models successfully saved to models/sac_gnn_47_best.pth
Train Ep: 086/270 | Reward:  -75.0 | MSE: 0.2221 | C_Loss: 0.014 | A_Loss: 0.001 | Alpha: 0.0006
Train Ep: 087/270 | Reward:  -87.0 | MSE: 0.1545 | C_Loss: 0.021 | A_Loss: 0.002 | Alpha: 0.0006
Train Ep: 088/270 | Reward:  -57.0 | MSE: 0.1615 | C_Loss: 0.025 | A_Loss: 0.002 | Alpha: 0.0006
Train Ep: 089/270 | Reward:  -46.0 | MSE: 0.2008 | C_Loss: 0.028 | A_Loss: 0.001 | Alpha: 0.0005
Train Ep: 090/270 | Reward:  -19.0 | MSE: 0.1716 | C_Loss: 0.035 | A_Loss: 0.002 | Alpha: 0.0005
  [!] Running Isolated Validation (Pure CMA vs GNN)...
  -> Val Results: Pure Baseline Errors: 5222 | GNN Errors: 5027
  -> Relative Improvement: 3.734%
  *** New Best Model! Net Score improved from 0.028533129069322097 to 0.0373420145538108 ***
[*] Models successfully saved to models/sac_gnn_47_best.pth
Train Ep: 091/270 | Reward: -111.0 | MSE: 0.2654 | C_Loss: 0.033 | A_Loss: 0.001 | Alpha: 0.0005
Train Ep: 092/270 | Reward: -104.0 | MSE: 0.1997 | C_Loss: 0.028 | A_Loss: 0.002 | Alpha: 0.0005
Train Ep: 093/270 | Reward:  -52.0 | MSE: 0.2339 | C_Loss: 0.027 | A_Loss: 0.003 | Alpha: 0.0005
Train Ep: 094/270 | Reward:  -64.0 | MSE: 0.2914 | C_Loss: 0.026 | A_Loss: 0.002 | Alpha: 0.0005
Train Ep: 095/270 | Reward:   21.0 | MSE: 0.3216 | C_Loss: 0.021 | A_Loss: 0.001 | Alpha: 0.0005
  [!] Running Isolated Validation (Pure CMA vs GNN)...
  -> Val Results: Pure Baseline Errors: 5222 | GNN Errors: 5121
  -> Relative Improvement: 1.934%
Train Ep: 096/270 | Reward:   32.0 | MSE: 0.1984 | C_Loss: 0.018 | A_Loss: 0.000 | Alpha: 0.0006
Train Ep: 097/270 | Reward:   -2.0 | MSE: 0.1625 | C_Loss: 0.017 | A_Loss: 0.001 | Alpha: 0.0006
Train Ep: 098/270 | Reward:  -69.0 | MSE: 0.1013 | C_Loss: 0.015 | A_Loss: 0.001 | Alpha: 0.0006
Train Ep: 099/270 | Reward:   -5.0 | MSE: 0.1866 | C_Loss: 0.015 | A_Loss: 0.002 | Alpha: 0.0006
Train Ep: 100/270 | Reward:  -47.0 | MSE: 0.1877 | C_Loss: 0.017 | A_Loss: 0.002 | Alpha: 0.0006
  [!] Running Isolated Validation (Pure CMA vs GNN)...
  -> Val Results: Pure Baseline Errors: 5222 | GNN Errors: 5144
  -> Relative Improvement: 1.494%
Train Ep: 101/270 | Reward: -102.0 | MSE: 0.2460 | C_Loss: 0.020 | A_Loss: 0.001 | Alpha: 0.0006
Train Ep: 102/270 | Reward:   -9.0 | MSE: 0.2177 | C_Loss: 0.026 | A_Loss: 0.002 | Alpha: 0.0006
Train Ep: 103/270 | Reward:  -61.0 | MSE: 0.1267 | C_Loss: 0.028 | A_Loss: 0.002 | Alpha: 0.0005
Train Ep: 104/270 | Reward:  -37.0 | MSE: 0.1722 | C_Loss: 0.030 | A_Loss: 0.001 | Alpha: 0.0006
Train Ep: 105/270 | Reward:  -25.0 | MSE: 0.2083 | C_Loss: 0.027 | A_Loss: 0.001 | Alpha: 0.0006
  [!] Running Isolated Validation (Pure CMA vs GNN)...
  -> Val Results: Pure Baseline Errors: 5222 | GNN Errors: 5056
  -> Relative Improvement: 3.179%
Train Ep: 106/270 | Reward: -101.0 | MSE: 0.2103 | C_Loss: 0.029 | A_Loss: 0.002 | Alpha: 0.0006
Train Ep: 107/270 | Reward:  -25.0 | MSE: 0.1521 | C_Loss: 0.030 | A_Loss: 0.001 | Alpha: 0.0006
Train Ep: 108/270 | Reward:  -47.0 | MSE: 0.1330 | C_Loss: 0.025 | A_Loss: 0.001 | Alpha: 0.0006
Train Ep: 109/270 | Reward:  -28.0 | MSE: 0.2510 | C_Loss: 0.016 | A_Loss: 0.001 | Alpha: 0.0006
Train Ep: 110/270 | Reward:  -39.0 | MSE: 0.2204 | C_Loss: 0.017 | A_Loss: 0.002 | Alpha: 0.0006
  [!] Running Isolated Validation (Pure CMA vs GNN)...
  -> Val Results: Pure Baseline Errors: 5222 | GNN Errors: 5110
  -> Relative Improvement: 2.145%
Train Ep: 111/270 | Reward:  -48.0 | MSE: 0.1757 | C_Loss: 0.015 | A_Loss: 0.002 | Alpha: 0.0006
Train Ep: 112/270 | Reward:  -39.0 | MSE: 0.2185 | C_Loss: 0.016 | A_Loss: 0.002 | Alpha: 0.0007
Train Ep: 113/270 | Reward:  -91.0 | MSE: 0.2465 | C_Loss: 0.016 | A_Loss: 0.002 | Alpha: 0.0007
Train Ep: 114/270 | Reward:  -42.0 | MSE: 0.1540 | C_Loss: 0.022 | A_Loss: 0.002 | Alpha: 0.0007
Train Ep: 115/270 | Reward:  -25.0 | MSE: 0.2397 | C_Loss: 0.020 | A_Loss: 0.001 | Alpha: 0.0008
  [!] Running Isolated Validation (Pure CMA vs GNN)...
  -> Val Results: Pure Baseline Errors: 5222 | GNN Errors: 5181
  -> Relative Improvement: 0.785%
Train Ep: 116/270 | Reward: -149.0 | MSE: 0.1986 | C_Loss: 0.021 | A_Loss: 0.001 | Alpha: 0.0008
Train Ep: 117/270 | Reward: -172.0 | MSE: 0.1830 | C_Loss: 0.025 | A_Loss: 0.003 | Alpha: 0.0007
Train Ep: 118/270 | Reward:  -93.0 | MSE: 0.2877 | C_Loss: 0.022 | A_Loss: 0.004 | Alpha: 0.0007
Train Ep: 119/270 | Reward:  -95.0 | MSE: 0.2683 | C_Loss: 0.023 | A_Loss: 0.004 | Alpha: 0.0007
Train Ep: 120/270 | Reward:  -16.0 | MSE: 0.2768 | C_Loss: 0.025 | A_Loss: 0.002 | Alpha: 0.0008
  [!] Running Isolated Validation (Pure CMA vs GNN)...
  -> Val Results: Pure Baseline Errors: 5222 | GNN Errors: 5126
  -> Relative Improvement: 1.838%
Train Ep: 121/270 | Reward:  -22.0 | MSE: 0.2442 | C_Loss: 0.020 | A_Loss: 0.002 | Alpha: 0.0008
Train Ep: 122/270 | Reward:  -17.0 | MSE: 0.1577 | C_Loss: 0.018 | A_Loss: 0.001 | Alpha: 0.0008
Train Ep: 123/270 | Reward:  -20.0 | MSE: 0.2325 | C_Loss: 0.021 | A_Loss: 0.001 | Alpha: 0.0008
Train Ep: 124/270 | Reward:  -26.0 | MSE: 0.2228 | C_Loss: 0.021 | A_Loss: 0.001 | Alpha: 0.0009
Train Ep: 125/270 | Reward:  -49.0 | MSE: 0.1434 | C_Loss: 0.025 | A_Loss: 0.002 | Alpha: 0.0009
  [!] Running Isolated Validation (Pure CMA vs GNN)...
  -> Val Results: Pure Baseline Errors: 5222 | GNN Errors: 5120
  -> Relative Improvement: 1.953%
Train Ep: 126/270 | Reward:  -18.0 | MSE: 0.2473 | C_Loss: 0.024 | A_Loss: 0.001 | Alpha: 0.0010
Train Ep: 127/270 | Reward:  -56.0 | MSE: 0.1892 | C_Loss: 0.020 | A_Loss: 0.002 | Alpha: 0.0010
Train Ep: 128/270 | Reward:  -61.0 | MSE: 0.1471 | C_Loss: 0.015 | A_Loss: 0.002 | Alpha: 0.0009
Train Ep: 129/270 | Reward:  -40.0 | MSE: 0.1822 | C_Loss: 0.017 | A_Loss: 0.002 | Alpha: 0.0009
Train Ep: 130/270 | Reward:  -71.0 | MSE: 0.1592 | C_Loss: 0.017 | A_Loss: 0.002 | Alpha: 0.0008
  [!] Running Isolated Validation (Pure CMA vs GNN)...
  -> Val Results: Pure Baseline Errors: 5222 | GNN Errors: 5066
  -> Relative Improvement: 2.987%
Train Ep: 131/270 | Reward:  -64.0 | MSE: 0.1319 | C_Loss: 0.020 | A_Loss: 0.002 | Alpha: 0.0008
Train Ep: 132/270 | Reward: -136.0 | MSE: 0.1510 | C_Loss: 0.019 | A_Loss: 0.003 | Alpha: 0.0007
Train Ep: 133/270 | Reward: -121.0 | MSE: 0.1953 | C_Loss: 0.025 | A_Loss: 0.002 | Alpha: 0.0007
Train Ep: 134/270 | Reward:  -32.0 | MSE: 0.2062 | C_Loss: 0.027 | A_Loss: 0.003 | Alpha: 0.0007
Train Ep: 135/270 | Reward:  -59.0 | MSE: 0.1788 | C_Loss: 0.023 | A_Loss: 0.002 | Alpha: 0.0007
  [!] Running Isolated Validation (Pure CMA vs GNN)...
  -> Val Results: Pure Baseline Errors: 5222 | GNN Errors: 5067
  -> Relative Improvement: 2.968%
Train Ep: 136/270 | Reward:  -15.0 | MSE: 0.1940 | C_Loss: 0.023 | A_Loss: 0.001 | Alpha: 0.0007
Train Ep: 137/270 | Reward:  -34.0 | MSE: 0.1674 | C_Loss: 0.023 | A_Loss: 0.000 | Alpha: 0.0008
Train Ep: 138/270 | Reward:   15.0 | MSE: 0.1198 | C_Loss: 0.017 | A_Loss: 0.000 | Alpha: 0.0008
Train Ep: 139/270 | Reward: -134.0 | MSE: 0.2225 | C_Loss: 0.020 | A_Loss: 0.001 | Alpha: 0.0008
Train Ep: 140/270 | Reward:  -55.0 | MSE: 0.1230 | C_Loss: 0.023 | A_Loss: 0.003 | Alpha: 0.0009
  [!] Running Isolated Validation (Pure CMA vs GNN)...
  -> Val Results: Pure Baseline Errors: 5222 | GNN Errors: 5185
  -> Relative Improvement: 0.709%
Train Ep: 141/270 | Reward:  -35.0 | MSE: 0.2217 | C_Loss: 0.018 | A_Loss: 0.003 | Alpha: 0.0009
Train Ep: 142/270 | Reward:  -67.0 | MSE: 0.1402 | C_Loss: 0.012 | A_Loss: 0.002 | Alpha: 0.0009
Train Ep: 143/270 | Reward:  -55.0 | MSE: 0.1859 | C_Loss: 0.013 | A_Loss: 0.002 | Alpha: 0.0009
Train Ep: 144/270 | Reward:  -69.0 | MSE: 0.2274 | C_Loss: 0.015 | A_Loss: 0.003 | Alpha: 0.0009
Train Ep: 145/270 | Reward:  -51.0 | MSE: 0.1561 | C_Loss: 0.016 | A_Loss: 0.002 | Alpha: 0.0009
  [!] Running Isolated Validation (Pure CMA vs GNN)...
  -> Val Results: Pure Baseline Errors: 5222 | GNN Errors: 5192
  -> Relative Improvement: 0.574%
Train Ep: 146/270 | Reward: -122.0 | MSE: 0.2709 | C_Loss: 0.018 | A_Loss: 0.002 | Alpha: 0.0009
Train Ep: 147/270 | Reward: -116.0 | MSE: 0.2439 | C_Loss: 0.024 | A_Loss: 0.002 | Alpha: 0.0008
Train Ep: 148/270 | Reward:  -80.0 | MSE: 0.1433 | C_Loss: 0.025 | A_Loss: 0.003 | Alpha: 0.0008
Train Ep: 149/270 | Reward: -106.0 | MSE: 0.2391 | C_Loss: 0.019 | A_Loss: 0.003 | Alpha: 0.0008
Train Ep: 150/270 | Reward: -104.0 | MSE: 0.2680 | C_Loss: 0.020 | A_Loss: 0.002 | Alpha: 0.0008
  [!] Running Isolated Validation (Pure CMA vs GNN)...
  -> Val Results: Pure Baseline Errors: 5222 | GNN Errors: 5066
  -> Relative Improvement: 2.987%
Train Ep: 151/270 | Reward:  -36.0 | MSE: 0.2263 | C_Loss: 0.024 | A_Loss: 0.001 | Alpha: 0.0008
Train Ep: 152/270 | Reward:  -81.0 | MSE: 0.1482 | C_Loss: 0.028 | A_Loss: 0.002 | Alpha: 0.0008
Train Ep: 153/270 | Reward:  -54.0 | MSE: 0.1791 | C_Loss: 0.026 | A_Loss: 0.002 | Alpha: 0.0008
Train Ep: 154/270 | Reward:  -66.0 | MSE: 0.2688 | C_Loss: 0.024 | A_Loss: 0.003 | Alpha: 0.0008
Train Ep: 155/270 | Reward: -104.0 | MSE: 0.2103 | C_Loss: 0.025 | A_Loss: 0.002 | Alpha: 0.0008
  [!] Running Isolated Validation (Pure CMA vs GNN)...
  -> Val Results: Pure Baseline Errors: 5222 | GNN Errors: 5178
  -> Relative Improvement: 0.843%
Train Ep: 156/270 | Reward:  -21.0 | MSE: 0.2628 | C_Loss: 0.023 | A_Loss: 0.003 | Alpha: 0.0008
Train Ep: 157/270 | Reward:  -39.0 | MSE: 0.2238 | C_Loss: 0.022 | A_Loss: 0.001 | Alpha: 0.0008
Train Ep: 158/270 | Reward:  -40.0 | MSE: 0.1355 | C_Loss: 0.025 | A_Loss: 0.002 | Alpha: 0.0008
Train Ep: 159/270 | Reward:  -56.0 | MSE: 0.1803 | C_Loss: 0.020 | A_Loss: 0.001 | Alpha: 0.0008
Train Ep: 160/270 | Reward:  -48.0 | MSE: 0.1774 | C_Loss: 0.016 | A_Loss: 0.002 | Alpha: 0.0008
  [!] Running Isolated Validation (Pure CMA vs GNN)...
  -> Val Results: Pure Baseline Errors: 5222 | GNN Errors: 5200
  -> Relative Improvement: 0.421%
Train Ep: 161/270 | Reward:  -77.0 | MSE: 0.2325 | C_Loss: 0.015 | A_Loss: 0.002 | Alpha: 0.0008
Train Ep: 162/270 | Reward:  -52.0 | MSE: 0.1157 | C_Loss: 0.015 | A_Loss: 0.003 | Alpha: 0.0008
Train Ep: 163/270 | Reward:  -55.0 | MSE: 0.1635 | C_Loss: 0.016 | A_Loss: 0.002 | Alpha: 0.0008
Train Ep: 164/270 | Reward:  -47.0 | MSE: 0.2144 | C_Loss: 0.017 | A_Loss: 0.003 | Alpha: 0.0008
Train Ep: 165/270 | Reward:  -18.0 | MSE: 0.2852 | C_Loss: 0.022 | A_Loss: 0.002 | Alpha: 0.0008
  [!] Running Isolated Validation (Pure CMA vs GNN)...
  -> Val Results: Pure Baseline Errors: 5222 | GNN Errors: 4995
  -> Relative Improvement: 4.347%
  *** New Best Model! Net Score improved from 0.0373420145538108 to 0.04346993489084642 ***
[*] Models successfully saved to models/sac_gnn_47_best.pth
Train Ep: 166/270 | Reward:  -40.0 | MSE: 0.2399 | C_Loss: 0.023 | A_Loss: 0.002 | Alpha: 0.0008
Train Ep: 167/270 | Reward:  -68.0 | MSE: 0.1717 | C_Loss: 0.023 | A_Loss: 0.002 | Alpha: 0.0008
Train Ep: 168/270 | Reward: -135.0 | MSE: 0.1832 | C_Loss: 0.027 | A_Loss: 0.002 | Alpha: 0.0008
Train Ep: 169/270 | Reward:  -47.0 | MSE: 0.2863 | C_Loss: 0.028 | A_Loss: 0.002 | Alpha: 0.0007
Train Ep: 170/270 | Reward:  -86.0 | MSE: 0.2200 | C_Loss: 0.024 | A_Loss: 0.003 | Alpha: 0.0007
  [!] Running Isolated Validation (Pure CMA vs GNN)...
  -> Val Results: Pure Baseline Errors: 5222 | GNN Errors: 5068
  -> Relative Improvement: 2.949%
Train Ep: 171/270 | Reward:  -32.0 | MSE: 0.1388 | C_Loss: 0.024 | A_Loss: 0.003 | Alpha: 0.0008
Train Ep: 172/270 | Reward:  -57.0 | MSE: 0.2237 | C_Loss: 0.023 | A_Loss: 0.002 | Alpha: 0.0008
Train Ep: 173/270 | Reward: -149.0 | MSE: 0.1933 | C_Loss: 0.032 | A_Loss: 0.002 | Alpha: 0.0008
Train Ep: 174/270 | Reward:  -47.0 | MSE: 0.2225 | C_Loss: 0.033 | A_Loss: 0.003 | Alpha: 0.0008
Train Ep: 175/270 | Reward:  -63.0 | MSE: 0.2813 | C_Loss: 0.026 | A_Loss: 0.002 | Alpha: 0.0008
  [!] Running Isolated Validation (Pure CMA vs GNN)...
  -> Val Results: Pure Baseline Errors: 5222 | GNN Errors: 5234
  -> Relative Improvement: -0.230%
Train Ep: 176/270 | Reward:  -88.0 | MSE: 0.2305 | C_Loss: 0.018 | A_Loss: 0.002 | Alpha: 0.0009
Train Ep: 177/270 | Reward:  -37.0 | MSE: 0.2020 | C_Loss: 0.018 | A_Loss: 0.002 | Alpha: 0.0009
Train Ep: 178/270 | Reward:  -39.0 | MSE: 0.1254 | C_Loss: 0.017 | A_Loss: 0.002 | Alpha: 0.0010
Train Ep: 179/270 | Reward:  -41.0 | MSE: 0.2427 | C_Loss: 0.014 | A_Loss: 0.002 | Alpha: 0.0010
Train Ep: 180/270 | Reward:  -24.0 | MSE: 0.1792 | C_Loss: 0.020 | A_Loss: 0.003 | Alpha: 0.0011
  [!] Running Isolated Validation (Pure CMA vs GNN)...
  -> Val Results: Pure Baseline Errors: 5222 | GNN Errors: 5136
  -> Relative Improvement: 1.647%
Train Ep: 181/270 | Reward:  -83.0 | MSE: 0.2120 | C_Loss: 0.025 | A_Loss: 0.002 | Alpha: 0.0011
Train Ep: 182/270 | Reward:  -57.0 | MSE: 0.2031 | C_Loss: 0.030 | A_Loss: 0.002 | Alpha: 0.0011
Train Ep: 183/270 | Reward: -115.0 | MSE: 0.2036 | C_Loss: 0.032 | A_Loss: 0.003 | Alpha: 0.0011
Train Ep: 184/270 | Reward:  -94.0 | MSE: 0.2029 | C_Loss: 0.028 | A_Loss: 0.003 | Alpha: 0.0011
Train Ep: 185/270 | Reward:  -12.0 | MSE: 0.2130 | C_Loss: 0.031 | A_Loss: 0.003 | Alpha: 0.0011
  [!] Running Isolated Validation (Pure CMA vs GNN)...
  -> Val Results: Pure Baseline Errors: 5222 | GNN Errors: 5058
  -> Relative Improvement: 3.141%
Train Ep: 186/270 | Reward: -106.0 | MSE: 0.2116 | C_Loss: 0.031 | A_Loss: 0.003 | Alpha: 0.0011
Train Ep: 187/270 | Reward:  -14.0 | MSE: 0.1472 | C_Loss: 0.026 | A_Loss: 0.004 | Alpha: 0.0011
Train Ep: 188/270 | Reward: -114.0 | MSE: 0.2596 | C_Loss: 0.025 | A_Loss: 0.002 | Alpha: 0.0011
Train Ep: 189/270 | Reward: -133.0 | MSE: 0.1205 | C_Loss: 0.024 | A_Loss: 0.003 | Alpha: 0.0010
Train Ep: 190/270 | Reward:  -45.0 | MSE: 0.2731 | C_Loss: 0.024 | A_Loss: 0.004 | Alpha: 0.0011
  [!] Running Isolated Validation (Pure CMA vs GNN)...
  -> Val Results: Pure Baseline Errors: 5222 | GNN Errors: 5198
  -> Relative Improvement: 0.460%
Train Ep: 191/270 | Reward:  -54.0 | MSE: 0.1225 | C_Loss: 0.022 | A_Loss: 0.002 | Alpha: 0.0011
Train Ep: 192/270 | Reward:  -50.0 | MSE: 0.2451 | C_Loss: 0.020 | A_Loss: 0.003 | Alpha: 0.0012
Train Ep: 193/270 | Reward:  -44.0 | MSE: 0.2397 | C_Loss: 0.021 | A_Loss: 0.001 | Alpha: 0.0012
Train Ep: 194/270 | Reward:  -46.0 | MSE: 0.1650 | C_Loss: 0.020 | A_Loss: 0.003 | Alpha: 0.0012
Train Ep: 195/270 | Reward: -185.0 | MSE: 0.1573 | C_Loss: 0.021 | A_Loss: 0.002 | Alpha: 0.0012
  [!] Running Isolated Validation (Pure CMA vs GNN)...
  -> Val Results: Pure Baseline Errors: 5222 | GNN Errors: 5215
  -> Relative Improvement: 0.134%
Train Ep: 196/270 | Reward:  -80.0 | MSE: 0.2941 | C_Loss: 0.027 | A_Loss: 0.003 | Alpha: 0.0012
Train Ep: 197/270 | Reward:  -58.0 | MSE: 0.2208 | C_Loss: 0.020 | A_Loss: 0.003 | Alpha: 0.0012
Train Ep: 198/270 | Reward:  -91.0 | MSE: 0.2246 | C_Loss: 0.018 | A_Loss: 0.003 | Alpha: 0.0013
Train Ep: 199/270 | Reward:  -52.0 | MSE: 0.1350 | C_Loss: 0.019 | A_Loss: 0.002 | Alpha: 0.0013
Train Ep: 200/270 | Reward: -101.0 | MSE: 0.1429 | C_Loss: 0.022 | A_Loss: 0.003 | Alpha: 0.0013
  [!] Running Isolated Validation (Pure CMA vs GNN)...
  -> Val Results: Pure Baseline Errors: 5222 | GNN Errors: 5204
  -> Relative Improvement: 0.345%
Train Ep: 201/270 | Reward:  -64.0 | MSE: 0.1770 | C_Loss: 0.026 | A_Loss: 0.005 | Alpha: 0.0012
Train Ep: 202/270 | Reward: -136.0 | MSE: 0.2228 | C_Loss: 0.025 | A_Loss: 0.001 | Alpha: 0.0012
Train Ep: 203/270 | Reward:  -57.0 | MSE: 0.2011 | C_Loss: 0.023 | A_Loss: 0.002 | Alpha: 0.0011
Train Ep: 204/270 | Reward:  -47.0 | MSE: 0.1336 | C_Loss: 0.021 | A_Loss: 0.002 | Alpha: 0.0011
Train Ep: 205/270 | Reward:  -56.0 | MSE: 0.2195 | C_Loss: 0.017 | A_Loss: 0.003 | Alpha: 0.0012
  [!] Running Isolated Validation (Pure CMA vs GNN)...
  -> Val Results: Pure Baseline Errors: 5222 | GNN Errors: 5255
  -> Relative Improvement: -0.632%
Train Ep: 206/270 | Reward:  -65.0 | MSE: 0.2385 | C_Loss: 0.016 | A_Loss: 0.002 | Alpha: 0.0012
Train Ep: 207/270 | Reward:  -42.0 | MSE: 0.2441 | C_Loss: 0.016 | A_Loss: 0.003 | Alpha: 0.0013
Train Ep: 208/270 | Reward: -137.0 | MSE: 0.2290 | C_Loss: 0.021 | A_Loss: 0.002 | Alpha: 0.0012
Train Ep: 209/270 | Reward:  -76.0 | MSE: 0.2772 | C_Loss: 0.026 | A_Loss: 0.003 | Alpha: 0.0012
Train Ep: 210/270 | Reward:  -82.0 | MSE: 0.2144 | C_Loss: 0.025 | A_Loss: 0.003 | Alpha: 0.0011
  [!] Running Isolated Validation (Pure CMA vs GNN)...
  -> Val Results: Pure Baseline Errors: 5222 | GNN Errors: 5122
  -> Relative Improvement: 1.915%
Train Ep: 211/270 | Reward:  -30.0 | MSE: 0.2171 | C_Loss: 0.023 | A_Loss: 0.003 | Alpha: 0.0011
Train Ep: 212/270 | Reward:  -77.0 | MSE: 0.2086 | C_Loss: 0.027 | A_Loss: 0.002 | Alpha: 0.0010
Train Ep: 213/270 | Reward: -134.0 | MSE: 0.1531 | C_Loss: 0.027 | A_Loss: 0.003 | Alpha: 0.0010
Train Ep: 214/270 | Reward:  -14.0 | MSE: 0.1254 | C_Loss: 0.030 | A_Loss: 0.003 | Alpha: 0.0011
Train Ep: 215/270 | Reward:  -56.0 | MSE: 0.1192 | C_Loss: 0.022 | A_Loss: 0.002 | Alpha: 0.0011
  [!] Running Isolated Validation (Pure CMA vs GNN)...
  -> Val Results: Pure Baseline Errors: 5222 | GNN Errors: 5077
  -> Relative Improvement: 2.777%
Train Ep: 216/270 | Reward:  -77.0 | MSE: 0.2444 | C_Loss: 0.018 | A_Loss: 0.002 | Alpha: 0.0011
Train Ep: 217/270 | Reward:  -14.0 | MSE: 0.2472 | C_Loss: 0.020 | A_Loss: 0.003 | Alpha: 0.0012
Train Ep: 218/270 | Reward:  -57.0 | MSE: 0.2425 | C_Loss: 0.020 | A_Loss: 0.002 | Alpha: 0.0012
Train Ep: 219/270 | Reward:   -7.0 | MSE: 0.2232 | C_Loss: 0.018 | A_Loss: 0.003 | Alpha: 0.0013
Train Ep: 220/270 | Reward: -151.0 | MSE: 0.3156 | C_Loss: 0.024 | A_Loss: 0.003 | Alpha: 0.0013
  [!] Running Isolated Validation (Pure CMA vs GNN)...
  -> Val Results: Pure Baseline Errors: 5222 | GNN Errors: 5104
  -> Relative Improvement: 2.260%
Train Ep: 221/270 | Reward:  -43.0 | MSE: 0.1563 | C_Loss: 0.027 | A_Loss: 0.003 | Alpha: 0.0014
Train Ep: 222/270 | Reward:  -59.0 | MSE: 0.1799 | C_Loss: 0.025 | A_Loss: 0.004 | Alpha: 0.0014
Train Ep: 223/270 | Reward:  -77.0 | MSE: 0.2569 | C_Loss: 0.020 | A_Loss: 0.003 | Alpha: 0.0014
Train Ep: 224/270 | Reward:  -82.0 | MSE: 0.1924 | C_Loss: 0.019 | A_Loss: 0.003 | Alpha: 0.0014
Train Ep: 225/270 | Reward:  -60.0 | MSE: 0.2278 | C_Loss: 0.019 | A_Loss: 0.004 | Alpha: 0.0015
  [!] Running Isolated Validation (Pure CMA vs GNN)...
  -> Val Results: Pure Baseline Errors: 5222 | GNN Errors: 5208
  -> Relative Improvement: 0.268%
Train Ep: 226/270 | Reward:  -40.0 | MSE: 0.2542 | C_Loss: 0.017 | A_Loss: 0.003 | Alpha: 0.0015
Train Ep: 227/270 | Reward: -115.0 | MSE: 0.2621 | C_Loss: 0.018 | A_Loss: 0.003 | Alpha: 0.0015
Train Ep: 228/270 | Reward:  -75.0 | MSE: 0.1533 | C_Loss: 0.021 | A_Loss: 0.003 | Alpha: 0.0016
Train Ep: 229/270 | Reward:  -60.0 | MSE: 0.2975 | C_Loss: 0.024 | A_Loss: 0.003 | Alpha: 0.0016
Train Ep: 230/270 | Reward: -105.0 | MSE: 0.3025 | C_Loss: 0.023 | A_Loss: 0.003 | Alpha: 0.0015
  [!] Running Isolated Validation (Pure CMA vs GNN)...
  -> Val Results: Pure Baseline Errors: 5222 | GNN Errors: 5150
  -> Relative Improvement: 1.379%
Train Ep: 231/270 | Reward:  -97.0 | MSE: 0.2566 | C_Loss: 0.025 | A_Loss: 0.004 | Alpha: 0.0015
Train Ep: 232/270 | Reward: -110.0 | MSE: 0.1565 | C_Loss: 0.027 | A_Loss: 0.003 | Alpha: 0.0015
Train Ep: 233/270 | Reward: -124.0 | MSE: 0.1165 | C_Loss: 0.024 | A_Loss: 0.002 | Alpha: 0.0014
Train Ep: 234/270 | Reward: -113.0 | MSE: 0.0983 | C_Loss: 0.027 | A_Loss: 0.003 | Alpha: 0.0013
Train Ep: 235/270 | Reward: -109.0 | MSE: 0.1618 | C_Loss: 0.021 | A_Loss: 0.002 | Alpha: 0.0013
  [!] Running Isolated Validation (Pure CMA vs GNN)...
  -> Val Results: Pure Baseline Errors: 5222 | GNN Errors: 5132
  -> Relative Improvement: 1.723%
Train Ep: 236/270 | Reward:  -35.0 | MSE: 0.1714 | C_Loss: 0.020 | A_Loss: 0.003 | Alpha: 0.0013
Train Ep: 237/270 | Reward:  -56.0 | MSE: 0.1917 | C_Loss: 0.019 | A_Loss: 0.003 | Alpha: 0.0013
Train Ep: 238/270 | Reward:  -93.0 | MSE: 0.1785 | C_Loss: 0.015 | A_Loss: 0.003 | Alpha: 0.0014
Train Ep: 239/270 | Reward:  -86.0 | MSE: 0.2033 | C_Loss: 0.016 | A_Loss: 0.003 | Alpha: 0.0014
Train Ep: 240/270 | Reward: -138.0 | MSE: 0.1749 | C_Loss: 0.019 | A_Loss: 0.003 | Alpha: 0.0014
  [!] Running Isolated Validation (Pure CMA vs GNN)...
  -> Val Results: Pure Baseline Errors: 5222 | GNN Errors: 5308
  -> Relative Improvement: -1.647%
Train Ep: 241/270 | Reward:  -52.0 | MSE: 0.2437 | C_Loss: 0.018 | A_Loss: 0.004 | Alpha: 0.0015
Train Ep: 242/270 | Reward:  -89.0 | MSE: 0.1969 | C_Loss: 0.016 | A_Loss: 0.005 | Alpha: 0.0016
Train Ep: 243/270 | Reward: -130.0 | MSE: 0.2180 | C_Loss: 0.015 | A_Loss: 0.002 | Alpha: 0.0015
Train Ep: 244/270 | Reward: -161.0 | MSE: 0.1776 | C_Loss: 0.019 | A_Loss: 0.003 | Alpha: 0.0014
Train Ep: 245/270 | Reward:  -80.0 | MSE: 0.2267 | C_Loss: 0.022 | A_Loss: 0.004 | Alpha: 0.0014
  [!] Running Isolated Validation (Pure CMA vs GNN)...
  -> Val Results: Pure Baseline Errors: 5222 | GNN Errors: 5210
  -> Relative Improvement: 0.230%
Train Ep: 246/270 | Reward:  -87.0 | MSE: 0.1132 | C_Loss: 0.020 | A_Loss: 0.003 | Alpha: 0.0014
Train Ep: 247/270 | Reward:  -22.0 | MSE: 0.1455 | C_Loss: 0.017 | A_Loss: 0.003 | Alpha: 0.0014
Train Ep: 248/270 | Reward:  -81.0 | MSE: 0.3070 | C_Loss: 0.019 | A_Loss: 0.003 | Alpha: 0.0014
Train Ep: 249/270 | Reward:  -42.0 | MSE: 0.1627 | C_Loss: 0.017 | A_Loss: 0.002 | Alpha: 0.0014
Train Ep: 250/270 | Reward:  -58.0 | MSE: 0.2488 | C_Loss: 0.017 | A_Loss: 0.001 | Alpha: 0.0013
  [!] Running Isolated Validation (Pure CMA vs GNN)...
  -> Val Results: Pure Baseline Errors: 5222 | GNN Errors: 5116
  -> Relative Improvement: 2.030%
Train Ep: 251/270 | Reward:  -39.0 | MSE: 0.1015 | C_Loss: 0.016 | A_Loss: 0.001 | Alpha: 0.0013
Train Ep: 252/270 | Reward:  -27.0 | MSE: 0.2103 | C_Loss: 0.020 | A_Loss: 0.003 | Alpha: 0.0013
Train Ep: 253/270 | Reward:  -30.0 | MSE: 0.1737 | C_Loss: 0.022 | A_Loss: 0.002 | Alpha: 0.0013
Train Ep: 254/270 | Reward:  -59.0 | MSE: 0.1102 | C_Loss: 0.024 | A_Loss: 0.001 | Alpha: 0.0013
Train Ep: 255/270 | Reward:  -66.0 | MSE: 0.1959 | C_Loss: 0.024 | A_Loss: 0.003 | Alpha: 0.0013
  [!] Running Isolated Validation (Pure CMA vs GNN)...
  -> Val Results: Pure Baseline Errors: 5222 | GNN Errors: 5126
  -> Relative Improvement: 1.838%
Train Ep: 256/270 | Reward:  -47.0 | MSE: 0.1679 | C_Loss: 0.020 | A_Loss: 0.003 | Alpha: 0.0013
Train Ep: 257/270 | Reward:   -2.0 | MSE: 0.1343 | C_Loss: 0.017 | A_Loss: 0.002 | Alpha: 0.0013
Train Ep: 258/270 | Reward:  -20.0 | MSE: 0.2066 | C_Loss: 0.019 | A_Loss: 0.002 | Alpha: 0.0012
Train Ep: 259/270 | Reward: -115.0 | MSE: 0.2281 | C_Loss: 0.022 | A_Loss: 0.002 | Alpha: 0.0012
Train Ep: 260/270 | Reward:  -59.0 | MSE: 0.2042 | C_Loss: 0.023 | A_Loss: 0.003 | Alpha: 0.0012
  [!] Running Isolated Validation (Pure CMA vs GNN)...
  -> Val Results: Pure Baseline Errors: 5222 | GNN Errors: 5240
  -> Relative Improvement: -0.345%
Train Ep: 261/270 | Reward:  -33.0 | MSE: 0.1463 | C_Loss: 0.019 | A_Loss: 0.003 | Alpha: 0.0013
Train Ep: 262/270 | Reward:  -16.0 | MSE: 0.2153 | C_Loss: 0.013 | A_Loss: 0.002 | Alpha: 0.0013
Train Ep: 263/270 | Reward:  -55.0 | MSE: 0.2077 | C_Loss: 0.017 | A_Loss: 0.002 | Alpha: 0.0013
Train Ep: 264/270 | Reward:  -27.0 | MSE: 0.2179 | C_Loss: 0.020 | A_Loss: 0.002 | Alpha: 0.0013
Train Ep: 265/270 | Reward: -143.0 | MSE: 0.1976 | C_Loss: 0.023 | A_Loss: 0.002 | Alpha: 0.0012
  [!] Running Isolated Validation (Pure CMA vs GNN)...
  -> Val Results: Pure Baseline Errors: 5222 | GNN Errors: 5128
  -> Relative Improvement: 1.800%
Train Ep: 266/270 | Reward:  -51.0 | MSE: 0.2456 | C_Loss: 0.024 | A_Loss: 0.002 | Alpha: 0.0012
Train Ep: 267/270 | Reward:  -93.0 | MSE: 0.1241 | C_Loss: 0.023 | A_Loss: 0.003 | Alpha: 0.0011
Train Ep: 268/270 | Reward:  -63.0 | MSE: 0.1732 | C_Loss: 0.022 | A_Loss: 0.003 | Alpha: 0.0011
Train Ep: 269/270 | Reward: -109.0 | MSE: 0.1560 | C_Loss: 0.022 | A_Loss: 0.003 | Alpha: 0.0011
Train Ep: 270/270 | Reward: -107.0 | MSE: 0.1408 | C_Loss: 0.014 | A_Loss: 0.002 | Alpha: 0.0011
  [!] Running Isolated Validation (Pure CMA vs GNN)...
  -> Val Results: Pure Baseline Errors: 5222 | GNN Errors: 5254
  -> Relative Improvement: -0.613%

Training complete in 30176.34 seconds.
[*] Models successfully saved to models/sac_gnn_47.pth
Training plots saved to 'plots/training_metrics_47.png'
[*] The best performing model during validation was saved to: models/sac_gnn_47_best.pth
Training run time = 30179.81 s
Job finished at: Fri Apr 24 22:38:09 CEST 2026
