Job started at: Mon Apr 20 19:12:37 CEST 2026
Starting Run 42: Gamma=0.0 | Layers=1 | Mismatch=30.0
SLURM Mode Received: 0
Execution Pipeline: ['train']
Loaded Configuration: {'mode': 0, 'model_path': 'models/sac_gnn_42.pth', 'training_metrics_filename': 'training_metrics_42.png', 'distance': 5, 'n_rounds': 5, 'p': 0.004, 'p_gate_zz': 0.0, 'mismatch': 30.0, 'n_shots': 65000, 'n_test_shots': 10000, 'burn_in_steps': 15000, 'bypass_threshold': 2, 'action_scale': 3.0, 'update_period': 100, 'prior_shots': 1000, 'local_action_only': True, 'local_action_hops': 1, 'n_layers': 1, 'hidden_dim': 128, 'lr': 0.0001, 'gamma': 0.0, 'tau': 0.005, 'alpha': 0.01, 'batch_size': 64, 'buffer_capacity': 100000, 'update_frequency': 100, 'train_episodes': 270, 'test_episodes': 20}

Initializing environment...

############################################################
### RUNNING MODE: TRAIN
############################################################

========================================
STARTING TRAINING (Episodes: 270)
========================================
Train Ep: 001/270 | Reward: -654.0 | MSE: 0.2623 | C_Loss: 0.083 | A_Loss: 0.011 | Alpha: 0.0095
Train Ep: 002/270 | Reward: -253.0 | MSE: 0.2983 | C_Loss: 0.069 | A_Loss: 0.006 | Alpha: 0.0091
Train Ep: 003/270 | Reward: -285.0 | MSE: 0.4293 | C_Loss: 0.063 | A_Loss: 0.004 | Alpha: 0.0087
Train Ep: 004/270 | Reward: -205.0 | MSE: 0.3283 | C_Loss: 0.053 | A_Loss: 0.003 | Alpha: 0.0083
Train Ep: 005/270 | Reward:  -79.0 | MSE: 0.3182 | C_Loss: 0.047 | A_Loss: 0.002 | Alpha: 0.0079
Train Ep: 006/270 | Reward: -208.0 | MSE: 0.3838 | C_Loss: 0.039 | A_Loss: -0.001 | Alpha: 0.0075
Train Ep: 007/270 | Reward:  -34.0 | MSE: 0.3482 | C_Loss: 0.039 | A_Loss: -0.002 | Alpha: 0.0072
Train Ep: 008/270 | Reward:   -8.0 | MSE: 0.2734 | C_Loss: 0.027 | A_Loss: -0.002 | Alpha: 0.0068
Train Ep: 009/270 | Reward:    0.0 | MSE: 0.3336 | C_Loss: 0.019 | A_Loss: -0.002 | Alpha: 0.0065
Train Ep: 010/270 | Reward:   -4.0 | MSE: 0.3285 | C_Loss: 0.021 | A_Loss: -0.004 | Alpha: 0.0062
Train Ep: 011/270 | Reward:  -13.0 | MSE: 0.3665 | C_Loss: 0.019 | A_Loss: -0.002 | Alpha: 0.0060
Train Ep: 012/270 | Reward:  -67.0 | MSE: 0.3307 | C_Loss: 0.020 | A_Loss: -0.003 | Alpha: 0.0057
Train Ep: 013/270 | Reward:  -39.0 | MSE: 0.3689 | C_Loss: 0.019 | A_Loss: -0.002 | Alpha: 0.0054
Train Ep: 014/270 | Reward:  -11.0 | MSE: 0.3709 | C_Loss: 0.019 | A_Loss: -0.003 | Alpha: 0.0052
Train Ep: 015/270 | Reward:  -50.0 | MSE: 0.3909 | C_Loss: 0.020 | A_Loss: -0.002 | Alpha: 0.0050
Train Ep: 016/270 | Reward:  -19.0 | MSE: 0.3378 | C_Loss: 0.020 | A_Loss: -0.003 | Alpha: 0.0048
Train Ep: 017/270 | Reward:  -26.0 | MSE: 0.2247 | C_Loss: 0.017 | A_Loss: -0.001 | Alpha: 0.0045
Train Ep: 018/270 | Reward:  -15.0 | MSE: 0.4116 | C_Loss: 0.017 | A_Loss: -0.002 | Alpha: 0.0043
Train Ep: 019/270 | Reward:  -70.0 | MSE: 0.3797 | C_Loss: 0.020 | A_Loss: -0.002 | Alpha: 0.0042
Train Ep: 020/270 | Reward:  -30.0 | MSE: 0.2774 | C_Loss: 0.019 | A_Loss: -0.001 | Alpha: 0.0040
Train Ep: 021/270 | Reward:  -35.0 | MSE: 0.3310 | C_Loss: 0.017 | A_Loss: -0.002 | Alpha: 0.0038
Train Ep: 022/270 | Reward:  -12.0 | MSE: 0.2189 | C_Loss: 0.019 | A_Loss: -0.002 | Alpha: 0.0036
Train Ep: 023/270 | Reward:   -5.0 | MSE: 0.3092 | C_Loss: 0.019 | A_Loss: -0.001 | Alpha: 0.0035
Train Ep: 024/270 | Reward:   23.0 | MSE: 0.1953 | C_Loss: 0.016 | A_Loss: -0.002 | Alpha: 0.0033
  [!] Reward crossed 0! Unlocking Validation phase for the rest of training.
Train Ep: 025/270 | Reward:   14.0 | MSE: 0.3275 | C_Loss: 0.014 | A_Loss: -0.001 | Alpha: 0.0032
  [!] Running Isolated Validation (Pure CMA vs GNN)...
  -> Val Results: Pure Baseline Errors: 5195 | GNN Errors: 5192
  -> Relative Improvement: 0.058%
  *** New Best Model! Net Score improved from -inf to 0.0005774783445620789 ***
[*] Models successfully saved to models/sac_gnn_42_best.pth
Train Ep: 026/270 | Reward:  -35.0 | MSE: 0.4266 | C_Loss: 0.015 | A_Loss: -0.002 | Alpha: 0.0030
Train Ep: 027/270 | Reward:  -70.0 | MSE: 0.2330 | C_Loss: 0.017 | A_Loss: -0.002 | Alpha: 0.0029
Train Ep: 028/270 | Reward:   -5.0 | MSE: 0.4574 | C_Loss: 0.018 | A_Loss: -0.000 | Alpha: 0.0028
Train Ep: 029/270 | Reward:   12.0 | MSE: 0.3285 | C_Loss: 0.014 | A_Loss: -0.001 | Alpha: 0.0026
Train Ep: 030/270 | Reward:   -8.0 | MSE: 0.3425 | C_Loss: 0.016 | A_Loss: -0.002 | Alpha: 0.0025
  [!] Running Isolated Validation (Pure CMA vs GNN)...
  -> Val Results: Pure Baseline Errors: 5195 | GNN Errors: 5176
  -> Relative Improvement: 0.366%
  *** New Best Model! Net Score improved from 0.0005774783445620789 to 0.0036573628488931666 ***
[*] Models successfully saved to models/sac_gnn_42_best.pth
Train Ep: 031/270 | Reward:    0.0 | MSE: 0.2462 | C_Loss: 0.018 | A_Loss: -0.001 | Alpha: 0.0024
Train Ep: 032/270 | Reward:  -45.0 | MSE: 0.3569 | C_Loss: 0.015 | A_Loss: -0.001 | Alpha: 0.0023
Train Ep: 033/270 | Reward:  -76.0 | MSE: 0.3048 | C_Loss: 0.015 | A_Loss: -0.000 | Alpha: 0.0022
Train Ep: 034/270 | Reward:   68.0 | MSE: 0.3744 | C_Loss: 0.019 | A_Loss: 0.001 | Alpha: 0.0021
Train Ep: 035/270 | Reward:   84.0 | MSE: 0.3791 | C_Loss: 0.019 | A_Loss: -0.002 | Alpha: 0.0020
  [!] Running Isolated Validation (Pure CMA vs GNN)...
  -> Val Results: Pure Baseline Errors: 5195 | GNN Errors: 5178
  -> Relative Improvement: 0.327%
Train Ep: 036/270 | Reward:   19.0 | MSE: 0.4484 | C_Loss: 0.017 | A_Loss: -0.003 | Alpha: 0.0019
Train Ep: 037/270 | Reward:   -3.0 | MSE: 0.2859 | C_Loss: 0.017 | A_Loss: -0.002 | Alpha: 0.0018
Train Ep: 038/270 | Reward:   20.0 | MSE: 0.2372 | C_Loss: 0.013 | A_Loss: -0.001 | Alpha: 0.0018
Train Ep: 039/270 | Reward:  -22.0 | MSE: 0.3106 | C_Loss: 0.014 | A_Loss: -0.001 | Alpha: 0.0017
Train Ep: 040/270 | Reward:   18.0 | MSE: 0.3808 | C_Loss: 0.016 | A_Loss: -0.001 | Alpha: 0.0016
  [!] Running Isolated Validation (Pure CMA vs GNN)...
  -> Val Results: Pure Baseline Errors: 5195 | GNN Errors: 5180
  -> Relative Improvement: 0.289%
Train Ep: 041/270 | Reward:   49.0 | MSE: 0.3378 | C_Loss: 0.017 | A_Loss: -0.001 | Alpha: 0.0015
Train Ep: 042/270 | Reward:  -43.0 | MSE: 0.2289 | C_Loss: 0.015 | A_Loss: -0.002 | Alpha: 0.0015
Train Ep: 043/270 | Reward:    5.0 | MSE: 0.3051 | C_Loss: 0.012 | A_Loss: -0.001 | Alpha: 0.0014
Train Ep: 044/270 | Reward:  -17.0 | MSE: 0.3686 | C_Loss: 0.013 | A_Loss: -0.001 | Alpha: 0.0013
Train Ep: 045/270 | Reward:    9.0 | MSE: 0.3826 | C_Loss: 0.017 | A_Loss: -0.001 | Alpha: 0.0013
  [!] Running Isolated Validation (Pure CMA vs GNN)...
  -> Val Results: Pure Baseline Errors: 5195 | GNN Errors: 5189
  -> Relative Improvement: 0.115%
Train Ep: 046/270 | Reward:    3.0 | MSE: 0.2307 | C_Loss: 0.020 | A_Loss: -0.000 | Alpha: 0.0012
Train Ep: 047/270 | Reward:   50.0 | MSE: 0.3782 | C_Loss: 0.020 | A_Loss: -0.000 | Alpha: 0.0012
Train Ep: 048/270 | Reward:  -23.0 | MSE: 0.4866 | C_Loss: 0.019 | A_Loss: -0.000 | Alpha: 0.0011
Train Ep: 049/270 | Reward:   25.0 | MSE: 0.2645 | C_Loss: 0.019 | A_Loss: -0.000 | Alpha: 0.0011
Train Ep: 050/270 | Reward:  -45.0 | MSE: 0.2787 | C_Loss: 0.019 | A_Loss: -0.001 | Alpha: 0.0010
  [!] Running Isolated Validation (Pure CMA vs GNN)...
  -> Val Results: Pure Baseline Errors: 5195 | GNN Errors: 5191
  -> Relative Improvement: 0.077%
Train Ep: 051/270 | Reward:   15.0 | MSE: 0.3571 | C_Loss: 0.020 | A_Loss: 0.000 | Alpha: 0.0010
Train Ep: 052/270 | Reward:    6.0 | MSE: 0.2999 | C_Loss: 0.019 | A_Loss: -0.001 | Alpha: 0.0009
Train Ep: 053/270 | Reward:    9.0 | MSE: 0.3577 | C_Loss: 0.012 | A_Loss: -0.000 | Alpha: 0.0009
Train Ep: 054/270 | Reward:   -7.0 | MSE: 0.2551 | C_Loss: 0.010 | A_Loss: -0.001 | Alpha: 0.0009
Train Ep: 055/270 | Reward:   27.0 | MSE: 0.2048 | C_Loss: 0.010 | A_Loss: -0.001 | Alpha: 0.0008
  [!] Running Isolated Validation (Pure CMA vs GNN)...
  -> Val Results: Pure Baseline Errors: 5195 | GNN Errors: 5209
  -> Relative Improvement: -0.269%
Train Ep: 056/270 | Reward:   25.0 | MSE: 0.2936 | C_Loss: 0.011 | A_Loss: -0.001 | Alpha: 0.0008
Train Ep: 057/270 | Reward:   32.0 | MSE: 0.3361 | C_Loss: 0.011 | A_Loss: -0.001 | Alpha: 0.0007
Train Ep: 058/270 | Reward:   14.0 | MSE: 0.3867 | C_Loss: 0.011 | A_Loss: -0.001 | Alpha: 0.0007
Train Ep: 059/270 | Reward:  -10.0 | MSE: 0.3251 | C_Loss: 0.016 | A_Loss: -0.001 | Alpha: 0.0007
Train Ep: 060/270 | Reward:   21.0 | MSE: 0.3853 | C_Loss: 0.013 | A_Loss: -0.000 | Alpha: 0.0007
  [!] Running Isolated Validation (Pure CMA vs GNN)...
  -> Val Results: Pure Baseline Errors: 5195 | GNN Errors: 5196
  -> Relative Improvement: -0.019%
Train Ep: 061/270 | Reward:   12.0 | MSE: 0.3752 | C_Loss: 0.013 | A_Loss: -0.001 | Alpha: 0.0006
Train Ep: 062/270 | Reward:  -32.0 | MSE: 0.3203 | C_Loss: 0.016 | A_Loss: -0.001 | Alpha: 0.0006
Train Ep: 063/270 | Reward:    2.0 | MSE: 0.3032 | C_Loss: 0.013 | A_Loss: -0.000 | Alpha: 0.0006
Train Ep: 064/270 | Reward:    3.0 | MSE: 0.1905 | C_Loss: 0.013 | A_Loss: -0.001 | Alpha: 0.0005
Train Ep: 065/270 | Reward:   23.0 | MSE: 0.5036 | C_Loss: 0.017 | A_Loss: -0.000 | Alpha: 0.0005
  [!] Running Isolated Validation (Pure CMA vs GNN)...
  -> Val Results: Pure Baseline Errors: 5195 | GNN Errors: 5201
  -> Relative Improvement: -0.115%
Train Ep: 066/270 | Reward:   40.0 | MSE: 0.3394 | C_Loss: 0.015 | A_Loss: -0.000 | Alpha: 0.0005
Train Ep: 067/270 | Reward:   25.0 | MSE: 0.4660 | C_Loss: 0.014 | A_Loss: -0.001 | Alpha: 0.0005
Train Ep: 068/270 | Reward:    9.0 | MSE: 0.2048 | C_Loss: 0.017 | A_Loss: -0.000 | Alpha: 0.0005
Train Ep: 069/270 | Reward:   33.0 | MSE: 0.2975 | C_Loss: 0.012 | A_Loss: -0.001 | Alpha: 0.0004
Train Ep: 070/270 | Reward:   17.0 | MSE: 0.3107 | C_Loss: 0.011 | A_Loss: -0.001 | Alpha: 0.0004
  [!] Running Isolated Validation (Pure CMA vs GNN)...
  -> Val Results: Pure Baseline Errors: 5195 | GNN Errors: 5102
  -> Relative Improvement: 1.790%
  *** New Best Model! Net Score improved from 0.0036573628488931666 to 0.017901828681424446 ***
[*] Models successfully saved to models/sac_gnn_42_best.pth
Train Ep: 071/270 | Reward:  -16.0 | MSE: 0.3291 | C_Loss: 0.018 | A_Loss: 0.000 | Alpha: 0.0004
Train Ep: 072/270 | Reward:   55.0 | MSE: 0.2369 | C_Loss: 0.016 | A_Loss: -0.000 | Alpha: 0.0004
Train Ep: 073/270 | Reward:   22.0 | MSE: 0.2512 | C_Loss: 0.011 | A_Loss: -0.001 | Alpha: 0.0004
Train Ep: 074/270 | Reward:  -19.0 | MSE: 0.3840 | C_Loss: 0.012 | A_Loss: -0.001 | Alpha: 0.0003
Train Ep: 075/270 | Reward:   34.0 | MSE: 0.3678 | C_Loss: 0.012 | A_Loss: -0.001 | Alpha: 0.0003
  [!] Running Isolated Validation (Pure CMA vs GNN)...
  -> Val Results: Pure Baseline Errors: 5195 | GNN Errors: 5189
  -> Relative Improvement: 0.115%
Train Ep: 076/270 | Reward:   29.0 | MSE: 0.3580 | C_Loss: 0.010 | A_Loss: 0.000 | Alpha: 0.0003
Train Ep: 077/270 | Reward:   20.0 | MSE: 0.2966 | C_Loss: 0.009 | A_Loss: -0.001 | Alpha: 0.0003
Train Ep: 078/270 | Reward:   12.0 | MSE: 0.4102 | C_Loss: 0.009 | A_Loss: -0.001 | Alpha: 0.0003
Train Ep: 079/270 | Reward:   12.0 | MSE: 0.4312 | C_Loss: 0.011 | A_Loss: -0.001 | Alpha: 0.0003
Train Ep: 080/270 | Reward:   57.0 | MSE: 0.4052 | C_Loss: 0.012 | A_Loss: -0.001 | Alpha: 0.0003
  [!] Running Isolated Validation (Pure CMA vs GNN)...
  -> Val Results: Pure Baseline Errors: 5195 | GNN Errors: 5191
  -> Relative Improvement: 0.077%
Train Ep: 081/270 | Reward:   53.0 | MSE: 0.2411 | C_Loss: 0.010 | A_Loss: -0.000 | Alpha: 0.0003
Train Ep: 082/270 | Reward:   36.0 | MSE: 0.2445 | C_Loss: 0.009 | A_Loss: -0.001 | Alpha: 0.0002
Train Ep: 083/270 | Reward: -101.0 | MSE: 0.4417 | C_Loss: 0.016 | A_Loss: 0.000 | Alpha: 0.0002
Train Ep: 084/270 | Reward:   26.0 | MSE: 0.3023 | C_Loss: 0.019 | A_Loss: -0.000 | Alpha: 0.0002
Train Ep: 085/270 | Reward:   53.0 | MSE: 0.4052 | C_Loss: 0.015 | A_Loss: -0.000 | Alpha: 0.0002
  [!] Running Isolated Validation (Pure CMA vs GNN)...
  -> Val Results: Pure Baseline Errors: 5195 | GNN Errors: 5105
  -> Relative Improvement: 1.732%
Train Ep: 086/270 | Reward:   41.0 | MSE: 0.2808 | C_Loss: 0.015 | A_Loss: -0.001 | Alpha: 0.0002
Train Ep: 087/270 | Reward:   29.0 | MSE: 0.1656 | C_Loss: 0.017 | A_Loss: -0.001 | Alpha: 0.0002
Train Ep: 088/270 | Reward:   21.0 | MSE: 0.3969 | C_Loss: 0.013 | A_Loss: -0.001 | Alpha: 0.0002
Train Ep: 089/270 | Reward:   29.0 | MSE: 0.3405 | C_Loss: 0.012 | A_Loss: -0.000 | Alpha: 0.0002
Train Ep: 090/270 | Reward:   14.0 | MSE: 0.3260 | C_Loss: 0.012 | A_Loss: 0.000 | Alpha: 0.0002
  [!] Running Isolated Validation (Pure CMA vs GNN)...
  -> Val Results: Pure Baseline Errors: 5195 | GNN Errors: 5105
  -> Relative Improvement: 1.732%
Train Ep: 091/270 | Reward:   28.0 | MSE: 0.2769 | C_Loss: 0.014 | A_Loss: -0.001 | Alpha: 0.0002
Train Ep: 092/270 | Reward:  -36.0 | MSE: 0.2746 | C_Loss: 0.014 | A_Loss: -0.000 | Alpha: 0.0002
Train Ep: 093/270 | Reward:    2.0 | MSE: 0.3321 | C_Loss: 0.014 | A_Loss: 0.000 | Alpha: 0.0001
Train Ep: 094/270 | Reward:   28.0 | MSE: 0.3182 | C_Loss: 0.013 | A_Loss: -0.001 | Alpha: 0.0001
Train Ep: 095/270 | Reward:    5.0 | MSE: 0.3947 | C_Loss: 0.010 | A_Loss: 0.000 | Alpha: 0.0001
  [!] Running Isolated Validation (Pure CMA vs GNN)...
  -> Val Results: Pure Baseline Errors: 5195 | GNN Errors: 5132
  -> Relative Improvement: 1.213%
Train Ep: 096/270 | Reward:   41.0 | MSE: 0.3436 | C_Loss: 0.007 | A_Loss: -0.000 | Alpha: 0.0001
Train Ep: 097/270 | Reward:   42.0 | MSE: 0.3059 | C_Loss: 0.010 | A_Loss: -0.000 | Alpha: 0.0001
Train Ep: 098/270 | Reward:   20.0 | MSE: 0.3725 | C_Loss: 0.012 | A_Loss: -0.001 | Alpha: 0.0001
Train Ep: 099/270 | Reward:   33.0 | MSE: 0.2682 | C_Loss: 0.011 | A_Loss: -0.001 | Alpha: 0.0001
Train Ep: 100/270 | Reward:  -11.0 | MSE: 0.2546 | C_Loss: 0.012 | A_Loss: -0.001 | Alpha: 0.0001
  [!] Running Isolated Validation (Pure CMA vs GNN)...
  -> Val Results: Pure Baseline Errors: 5195 | GNN Errors: 5136
  -> Relative Improvement: 1.136%
Train Ep: 101/270 | Reward:   63.0 | MSE: 0.3008 | C_Loss: 0.015 | A_Loss: -0.001 | Alpha: 0.0001
Train Ep: 102/270 | Reward:   33.0 | MSE: 0.4324 | C_Loss: 0.016 | A_Loss: -0.001 | Alpha: 0.0001
Train Ep: 103/270 | Reward:   -3.0 | MSE: 0.2265 | C_Loss: 0.013 | A_Loss: -0.001 | Alpha: 0.0001
Train Ep: 104/270 | Reward:   -8.0 | MSE: 0.3479 | C_Loss: 0.012 | A_Loss: -0.000 | Alpha: 0.0001
Train Ep: 105/270 | Reward:   24.0 | MSE: 0.4236 | C_Loss: 0.015 | A_Loss: 0.000 | Alpha: 0.0001
  [!] Running Isolated Validation (Pure CMA vs GNN)...
  -> Val Results: Pure Baseline Errors: 5195 | GNN Errors: 5195
  -> Relative Improvement: 0.000%
Train Ep: 106/270 | Reward:   49.0 | MSE: 0.2132 | C_Loss: 0.016 | A_Loss: -0.000 | Alpha: 0.0001
Train Ep: 107/270 | Reward:   -1.0 | MSE: 0.2427 | C_Loss: 0.015 | A_Loss: -0.001 | Alpha: 0.0001
Train Ep: 108/270 | Reward:   40.0 | MSE: 0.3918 | C_Loss: 0.013 | A_Loss: 0.000 | Alpha: 0.0001
Train Ep: 109/270 | Reward:   27.0 | MSE: 0.2323 | C_Loss: 0.011 | A_Loss: -0.000 | Alpha: 0.0001
Train Ep: 110/270 | Reward:   19.0 | MSE: 0.3827 | C_Loss: 0.010 | A_Loss: -0.000 | Alpha: 0.0001
  [!] Running Isolated Validation (Pure CMA vs GNN)...
  -> Val Results: Pure Baseline Errors: 5195 | GNN Errors: 5205
  -> Relative Improvement: -0.192%
Train Ep: 111/270 | Reward:   67.0 | MSE: 0.4707 | C_Loss: 0.013 | A_Loss: -0.000 | Alpha: 0.0001
Train Ep: 112/270 | Reward:    5.0 | MSE: 0.3275 | C_Loss: 0.010 | A_Loss: -0.001 | Alpha: 0.0001
Train Ep: 113/270 | Reward:   30.0 | MSE: 0.2768 | C_Loss: 0.006 | A_Loss: -0.001 | Alpha: 0.0001
Train Ep: 114/270 | Reward:    7.0 | MSE: 0.3900 | C_Loss: 0.005 | A_Loss: -0.001 | Alpha: 0.0001
Train Ep: 115/270 | Reward:   23.0 | MSE: 0.2936 | C_Loss: 0.006 | A_Loss: -0.000 | Alpha: 0.0001
  [!] Running Isolated Validation (Pure CMA vs GNN)...
  -> Val Results: Pure Baseline Errors: 5195 | GNN Errors: 5201
  -> Relative Improvement: -0.115%
Train Ep: 116/270 | Reward:   42.0 | MSE: 0.3172 | C_Loss: 0.011 | A_Loss: -0.001 | Alpha: 0.0001
Train Ep: 117/270 | Reward:   19.0 | MSE: 0.4320 | C_Loss: 0.011 | A_Loss: -0.000 | Alpha: 0.0001
Train Ep: 118/270 | Reward:   47.0 | MSE: 0.3195 | C_Loss: 0.008 | A_Loss: -0.000 | Alpha: 0.0000
Train Ep: 119/270 | Reward:   35.0 | MSE: 0.4697 | C_Loss: 0.005 | A_Loss: -0.000 | Alpha: 0.0000
Train Ep: 120/270 | Reward:   37.0 | MSE: 0.3452 | C_Loss: 0.005 | A_Loss: -0.001 | Alpha: 0.0000
  [!] Running Isolated Validation (Pure CMA vs GNN)...
  -> Val Results: Pure Baseline Errors: 5195 | GNN Errors: 5194
  -> Relative Improvement: 0.019%
Train Ep: 121/270 | Reward:   41.0 | MSE: 0.2376 | C_Loss: 0.004 | A_Loss: -0.001 | Alpha: 0.0000
Train Ep: 122/270 | Reward:   14.0 | MSE: 0.3006 | C_Loss: 0.003 | A_Loss: -0.000 | Alpha: 0.0000
Train Ep: 123/270 | Reward:   20.0 | MSE: 0.2887 | C_Loss: 0.003 | A_Loss: -0.000 | Alpha: 0.0000
Train Ep: 124/270 | Reward:   38.0 | MSE: 0.2830 | C_Loss: 0.004 | A_Loss: -0.000 | Alpha: 0.0000
Train Ep: 125/270 | Reward:   37.0 | MSE: 0.2648 | C_Loss: 0.006 | A_Loss: -0.001 | Alpha: 0.0000
  [!] Running Isolated Validation (Pure CMA vs GNN)...
  -> Val Results: Pure Baseline Errors: 5195 | GNN Errors: 5145
  -> Relative Improvement: 0.962%
Train Ep: 126/270 | Reward:   41.0 | MSE: 0.2974 | C_Loss: 0.007 | A_Loss: -0.001 | Alpha: 0.0000
Train Ep: 127/270 | Reward:   28.0 | MSE: 0.4341 | C_Loss: 0.007 | A_Loss: -0.001 | Alpha: 0.0000
Train Ep: 128/270 | Reward:   32.0 | MSE: 0.2674 | C_Loss: 0.013 | A_Loss: -0.000 | Alpha: 0.0000
Train Ep: 129/270 | Reward:  -23.0 | MSE: 0.1608 | C_Loss: 0.027 | A_Loss: -0.001 | Alpha: 0.0000
Train Ep: 130/270 | Reward:  108.0 | MSE: 0.3068 | C_Loss: 0.036 | A_Loss: -0.000 | Alpha: 0.0000
  [!] Running Isolated Validation (Pure CMA vs GNN)...
  -> Val Results: Pure Baseline Errors: 5195 | GNN Errors: 5025
  -> Relative Improvement: 3.272%
  *** New Best Model! Net Score improved from 0.017901828681424446 to 0.032723772858517804 ***
[*] Models successfully saved to models/sac_gnn_42_best.pth
Train Ep: 131/270 | Reward:   42.0 | MSE: 0.2214 | C_Loss: 0.027 | A_Loss: -0.000 | Alpha: 0.0000
Train Ep: 132/270 | Reward:   76.0 | MSE: 0.2847 | C_Loss: 0.018 | A_Loss: -0.002 | Alpha: 0.0000
Train Ep: 133/270 | Reward:  123.0 | MSE: 0.2655 | C_Loss: 0.017 | A_Loss: -0.001 | Alpha: 0.0000
Train Ep: 134/270 | Reward:   57.0 | MSE: 0.2835 | C_Loss: 0.020 | A_Loss: -0.003 | Alpha: 0.0000
Train Ep: 135/270 | Reward:   21.0 | MSE: 0.3578 | C_Loss: 0.024 | A_Loss: -0.001 | Alpha: 0.0000
  [!] Running Isolated Validation (Pure CMA vs GNN)...
  -> Val Results: Pure Baseline Errors: 5195 | GNN Errors: 4967
  -> Relative Improvement: 4.389%
  *** New Best Model! Net Score improved from 0.032723772858517804 to 0.043888354186718 ***
[*] Models successfully saved to models/sac_gnn_42_best.pth
Train Ep: 136/270 | Reward:  115.0 | MSE: 0.3074 | C_Loss: 0.024 | A_Loss: -0.002 | Alpha: 0.0000
Train Ep: 137/270 | Reward:  105.0 | MSE: 0.3125 | C_Loss: 0.032 | A_Loss: -0.002 | Alpha: 0.0000
Train Ep: 138/270 | Reward:   33.0 | MSE: 0.2737 | C_Loss: 0.026 | A_Loss: -0.003 | Alpha: 0.0000
Train Ep: 139/270 | Reward:   78.0 | MSE: 0.3834 | C_Loss: 0.014 | A_Loss: -0.001 | Alpha: 0.0000
Train Ep: 140/270 | Reward:   70.0 | MSE: 0.2594 | C_Loss: 0.008 | A_Loss: -0.001 | Alpha: 0.0000
  [!] Running Isolated Validation (Pure CMA vs GNN)...
  -> Val Results: Pure Baseline Errors: 5195 | GNN Errors: 5033
  -> Relative Improvement: 3.118%
Train Ep: 141/270 | Reward:   58.0 | MSE: 0.3385 | C_Loss: 0.011 | A_Loss: -0.001 | Alpha: 0.0000
Train Ep: 142/270 | Reward:   90.0 | MSE: 0.2967 | C_Loss: 0.010 | A_Loss: -0.002 | Alpha: 0.0000
Train Ep: 143/270 | Reward:  117.0 | MSE: 0.3121 | C_Loss: 0.009 | A_Loss: -0.002 | Alpha: 0.0000
Train Ep: 144/270 | Reward:   70.0 | MSE: 0.3764 | C_Loss: 0.011 | A_Loss: -0.002 | Alpha: 0.0000
Train Ep: 145/270 | Reward:   48.0 | MSE: 0.1629 | C_Loss: 0.011 | A_Loss: -0.002 | Alpha: 0.0000
  [!] Running Isolated Validation (Pure CMA vs GNN)...
  -> Val Results: Pure Baseline Errors: 5195 | GNN Errors: 4986
  -> Relative Improvement: 4.023%
Train Ep: 146/270 | Reward:   54.0 | MSE: 0.2489 | C_Loss: 0.009 | A_Loss: -0.001 | Alpha: 0.0000
Train Ep: 147/270 | Reward:  101.0 | MSE: 0.4250 | C_Loss: 0.009 | A_Loss: -0.001 | Alpha: 0.0000
Train Ep: 148/270 | Reward:   30.0 | MSE: 0.2649 | C_Loss: 0.018 | A_Loss: -0.002 | Alpha: 0.0000
Train Ep: 149/270 | Reward:   57.0 | MSE: 0.4175 | C_Loss: 0.026 | A_Loss: -0.001 | Alpha: 0.0000
Train Ep: 150/270 | Reward:  -15.0 | MSE: 0.4297 | C_Loss: 0.030 | A_Loss: 0.000 | Alpha: 0.0000
  [!] Running Isolated Validation (Pure CMA vs GNN)...
  -> Val Results: Pure Baseline Errors: 5195 | GNN Errors: 5132
  -> Relative Improvement: 1.213%
Train Ep: 151/270 | Reward:   -7.0 | MSE: 0.3112 | C_Loss: 0.030 | A_Loss: 0.001 | Alpha: 0.0000
Train Ep: 152/270 | Reward:  -76.0 | MSE: 0.2850 | C_Loss: 0.034 | A_Loss: 0.001 | Alpha: 0.0000
Train Ep: 153/270 | Reward:   92.0 | MSE: 0.2370 | C_Loss: 0.037 | A_Loss: 0.001 | Alpha: 0.0000
Train Ep: 154/270 | Reward:   60.0 | MSE: 0.3675 | C_Loss: 0.030 | A_Loss: -0.001 | Alpha: 0.0000
Train Ep: 155/270 | Reward:   93.0 | MSE: 0.4027 | C_Loss: 0.022 | A_Loss: -0.003 | Alpha: 0.0000
  [!] Running Isolated Validation (Pure CMA vs GNN)...
  -> Val Results: Pure Baseline Errors: 5195 | GNN Errors: 4941
  -> Relative Improvement: 4.889%
  *** New Best Model! Net Score improved from 0.043888354186718 to 0.04889316650625602 ***
[*] Models successfully saved to models/sac_gnn_42_best.pth
Train Ep: 156/270 | Reward:  106.0 | MSE: 0.3296 | C_Loss: 0.025 | A_Loss: -0.003 | Alpha: 0.0000
Train Ep: 157/270 | Reward:   89.0 | MSE: 0.2755 | C_Loss: 0.026 | A_Loss: -0.003 | Alpha: 0.0000
Train Ep: 158/270 | Reward:   69.0 | MSE: 0.2565 | C_Loss: 0.021 | A_Loss: -0.002 | Alpha: 0.0000
Train Ep: 159/270 | Reward:   56.0 | MSE: 0.2584 | C_Loss: 0.020 | A_Loss: -0.001 | Alpha: 0.0000
Train Ep: 160/270 | Reward:  146.0 | MSE: 0.2671 | C_Loss: 0.018 | A_Loss: -0.002 | Alpha: 0.0000
  [!] Running Isolated Validation (Pure CMA vs GNN)...
  -> Val Results: Pure Baseline Errors: 5195 | GNN Errors: 4968
  -> Relative Improvement: 4.370%
Train Ep: 161/270 | Reward:   83.0 | MSE: 0.2941 | C_Loss: 0.019 | A_Loss: -0.001 | Alpha: 0.0000
Train Ep: 162/270 | Reward:   88.0 | MSE: 0.2731 | C_Loss: 0.026 | A_Loss: -0.002 | Alpha: 0.0000
Train Ep: 163/270 | Reward:   74.0 | MSE: 0.3132 | C_Loss: 0.037 | A_Loss: -0.002 | Alpha: 0.0000
Train Ep: 164/270 | Reward:   24.0 | MSE: 0.2021 | C_Loss: 0.034 | A_Loss: -0.002 | Alpha: 0.0000
Train Ep: 165/270 | Reward:   44.0 | MSE: 0.2693 | C_Loss: 0.022 | A_Loss: -0.000 | Alpha: 0.0000
  [!] Running Isolated Validation (Pure CMA vs GNN)...
  -> Val Results: Pure Baseline Errors: 5195 | GNN Errors: 4966
  -> Relative Improvement: 4.408%
Train Ep: 166/270 | Reward:   39.0 | MSE: 0.4211 | C_Loss: 0.018 | A_Loss: -0.000 | Alpha: 0.0000
Train Ep: 167/270 | Reward:   77.0 | MSE: 0.3040 | C_Loss: 0.012 | A_Loss: -0.001 | Alpha: 0.0000
Train Ep: 168/270 | Reward:  105.0 | MSE: 0.3890 | C_Loss: 0.015 | A_Loss: -0.001 | Alpha: 0.0000
Train Ep: 169/270 | Reward:   66.0 | MSE: 0.5132 | C_Loss: 0.018 | A_Loss: -0.002 | Alpha: 0.0000
Train Ep: 170/270 | Reward:   70.0 | MSE: 0.3942 | C_Loss: 0.015 | A_Loss: -0.001 | Alpha: 0.0000
  [!] Running Isolated Validation (Pure CMA vs GNN)...
  -> Val Results: Pure Baseline Errors: 5195 | GNN Errors: 5054
  -> Relative Improvement: 2.714%
Train Ep: 171/270 | Reward:   90.0 | MSE: 0.2523 | C_Loss: 0.008 | A_Loss: -0.001 | Alpha: 0.0000
Train Ep: 172/270 | Reward:   49.0 | MSE: 0.2776 | C_Loss: 0.008 | A_Loss: -0.002 | Alpha: 0.0000
Train Ep: 173/270 | Reward:   58.0 | MSE: 0.2315 | C_Loss: 0.007 | A_Loss: -0.001 | Alpha: 0.0000
Train Ep: 174/270 | Reward:   58.0 | MSE: 0.3735 | C_Loss: 0.010 | A_Loss: -0.000 | Alpha: 0.0000
Train Ep: 175/270 | Reward:   71.0 | MSE: 0.3479 | C_Loss: 0.011 | A_Loss: -0.001 | Alpha: 0.0000
  [!] Running Isolated Validation (Pure CMA vs GNN)...
  -> Val Results: Pure Baseline Errors: 5195 | GNN Errors: 5045
  -> Relative Improvement: 2.887%
Train Ep: 176/270 | Reward:   50.0 | MSE: 0.3150 | C_Loss: 0.010 | A_Loss: -0.002 | Alpha: 0.0000
Train Ep: 177/270 | Reward:  130.0 | MSE: 0.3511 | C_Loss: 0.016 | A_Loss: -0.002 | Alpha: 0.0000
Train Ep: 178/270 | Reward:  115.0 | MSE: 0.2964 | C_Loss: 0.023 | A_Loss: -0.003 | Alpha: 0.0000
Train Ep: 179/270 | Reward:   84.0 | MSE: 0.3343 | C_Loss: 0.024 | A_Loss: -0.002 | Alpha: 0.0000
Train Ep: 180/270 | Reward:   48.0 | MSE: 0.1574 | C_Loss: 0.018 | A_Loss: -0.002 | Alpha: 0.0000
  [!] Running Isolated Validation (Pure CMA vs GNN)...
  -> Val Results: Pure Baseline Errors: 5195 | GNN Errors: 5050
  -> Relative Improvement: 2.791%
Train Ep: 181/270 | Reward:   78.0 | MSE: 0.2317 | C_Loss: 0.017 | A_Loss: -0.002 | Alpha: 0.0000
Train Ep: 182/270 | Reward:   92.0 | MSE: 0.2495 | C_Loss: 0.014 | A_Loss: -0.001 | Alpha: 0.0000
Train Ep: 183/270 | Reward:   23.0 | MSE: 0.2809 | C_Loss: 0.015 | A_Loss: -0.002 | Alpha: 0.0000
Train Ep: 184/270 | Reward:  105.0 | MSE: 0.4394 | C_Loss: 0.015 | A_Loss: -0.001 | Alpha: 0.0000
Train Ep: 185/270 | Reward:   84.0 | MSE: 0.3205 | C_Loss: 0.017 | A_Loss: -0.001 | Alpha: 0.0000
  [!] Running Isolated Validation (Pure CMA vs GNN)...
  -> Val Results: Pure Baseline Errors: 5195 | GNN Errors: 4943
  -> Relative Improvement: 4.851%
Train Ep: 186/270 | Reward:   87.0 | MSE: 0.3407 | C_Loss: 0.016 | A_Loss: -0.002 | Alpha: 0.0000
Train Ep: 187/270 | Reward:   65.0 | MSE: 0.3875 | C_Loss: 0.016 | A_Loss: -0.001 | Alpha: 0.0000
Train Ep: 188/270 | Reward:   53.0 | MSE: 0.3763 | C_Loss: 0.013 | A_Loss: -0.001 | Alpha: 0.0000
Train Ep: 189/270 | Reward:   81.0 | MSE: 0.2318 | C_Loss: 0.019 | A_Loss: -0.002 | Alpha: 0.0000
Train Ep: 190/270 | Reward:   47.0 | MSE: 0.2551 | C_Loss: 0.027 | A_Loss: -0.001 | Alpha: 0.0000
  [!] Running Isolated Validation (Pure CMA vs GNN)...
  -> Val Results: Pure Baseline Errors: 5195 | GNN Errors: 5053
  -> Relative Improvement: 2.733%
Train Ep: 191/270 | Reward:   37.0 | MSE: 0.3781 | C_Loss: 0.024 | A_Loss: -0.002 | Alpha: 0.0000
Train Ep: 192/270 | Reward:    6.0 | MSE: 0.2973 | C_Loss: 0.022 | A_Loss: -0.001 | Alpha: 0.0000
Train Ep: 193/270 | Reward:   77.0 | MSE: 0.2187 | C_Loss: 0.033 | A_Loss: -0.000 | Alpha: 0.0000
Train Ep: 194/270 | Reward:   82.0 | MSE: 0.1965 | C_Loss: 0.028 | A_Loss: -0.001 | Alpha: 0.0000
Train Ep: 195/270 | Reward:   44.0 | MSE: 0.3664 | C_Loss: 0.020 | A_Loss: -0.001 | Alpha: 0.0000
  [!] Running Isolated Validation (Pure CMA vs GNN)...
  -> Val Results: Pure Baseline Errors: 5195 | GNN Errors: 4950
  -> Relative Improvement: 4.716%
Train Ep: 196/270 | Reward:  102.0 | MSE: 0.3272 | C_Loss: 0.017 | A_Loss: -0.001 | Alpha: 0.0000
Train Ep: 197/270 | Reward:   62.0 | MSE: 0.2925 | C_Loss: 0.014 | A_Loss: -0.001 | Alpha: 0.0000
Train Ep: 198/270 | Reward:   16.0 | MSE: 0.3722 | C_Loss: 0.015 | A_Loss: -0.001 | Alpha: 0.0000
Train Ep: 199/270 | Reward:   17.0 | MSE: 0.3612 | C_Loss: 0.020 | A_Loss: -0.001 | Alpha: 0.0000
Train Ep: 200/270 | Reward:   53.0 | MSE: 0.2543 | C_Loss: 0.024 | A_Loss: -0.001 | Alpha: 0.0000
  [!] Running Isolated Validation (Pure CMA vs GNN)...
  -> Val Results: Pure Baseline Errors: 5195 | GNN Errors: 4949
  -> Relative Improvement: 4.735%
Train Ep: 201/270 | Reward:   92.0 | MSE: 0.3191 | C_Loss: 0.024 | A_Loss: -0.002 | Alpha: 0.0000
Train Ep: 202/270 | Reward:   81.0 | MSE: 0.2753 | C_Loss: 0.021 | A_Loss: -0.002 | Alpha: 0.0000
Train Ep: 203/270 | Reward:  119.0 | MSE: 0.3680 | C_Loss: 0.021 | A_Loss: -0.002 | Alpha: 0.0000
Train Ep: 204/270 | Reward:   39.0 | MSE: 0.4401 | C_Loss: 0.021 | A_Loss: -0.002 | Alpha: 0.0000
Train Ep: 205/270 | Reward:   56.0 | MSE: 0.2571 | C_Loss: 0.018 | A_Loss: -0.002 | Alpha: 0.0000
  [!] Running Isolated Validation (Pure CMA vs GNN)...
  -> Val Results: Pure Baseline Errors: 5195 | GNN Errors: 4901
  -> Relative Improvement: 5.659%
  *** New Best Model! Net Score improved from 0.04889316650625602 to 0.05659287776708374 ***
[*] Models successfully saved to models/sac_gnn_42_best.pth
Train Ep: 206/270 | Reward:   50.0 | MSE: 0.3391 | C_Loss: 0.020 | A_Loss: 0.000 | Alpha: 0.0000
Train Ep: 207/270 | Reward:  105.0 | MSE: 0.2990 | C_Loss: 0.026 | A_Loss: -0.001 | Alpha: 0.0000
Train Ep: 208/270 | Reward:  -18.0 | MSE: 0.3342 | C_Loss: 0.031 | A_Loss: -0.001 | Alpha: 0.0000
Train Ep: 209/270 | Reward:  137.0 | MSE: 0.3032 | C_Loss: 0.031 | A_Loss: -0.001 | Alpha: 0.0000
Train Ep: 210/270 | Reward:   74.0 | MSE: 0.4503 | C_Loss: 0.020 | A_Loss: -0.001 | Alpha: 0.0000
  [!] Running Isolated Validation (Pure CMA vs GNN)...
  -> Val Results: Pure Baseline Errors: 5195 | GNN Errors: 4936
  -> Relative Improvement: 4.986%
Train Ep: 211/270 | Reward:   92.0 | MSE: 0.2149 | C_Loss: 0.018 | A_Loss: -0.002 | Alpha: 0.0000
Train Ep: 212/270 | Reward:  121.0 | MSE: 0.2129 | C_Loss: 0.021 | A_Loss: -0.001 | Alpha: 0.0000
Train Ep: 213/270 | Reward:   89.0 | MSE: 0.4221 | C_Loss: 0.018 | A_Loss: -0.001 | Alpha: 0.0000
Train Ep: 214/270 | Reward:  113.0 | MSE: 0.3003 | C_Loss: 0.015 | A_Loss: -0.002 | Alpha: 0.0000
Train Ep: 215/270 | Reward:  111.0 | MSE: 0.2599 | C_Loss: 0.017 | A_Loss: -0.002 | Alpha: 0.0000
  [!] Running Isolated Validation (Pure CMA vs GNN)...
  -> Val Results: Pure Baseline Errors: 5195 | GNN Errors: 5033
  -> Relative Improvement: 3.118%
Train Ep: 216/270 | Reward:   93.0 | MSE: 0.2331 | C_Loss: 0.025 | A_Loss: -0.002 | Alpha: 0.0000
Train Ep: 217/270 | Reward:   89.0 | MSE: 0.2662 | C_Loss: 0.019 | A_Loss: -0.002 | Alpha: 0.0000
Train Ep: 218/270 | Reward:   68.0 | MSE: 0.4075 | C_Loss: 0.017 | A_Loss: -0.001 | Alpha: 0.0000
Train Ep: 219/270 | Reward:  103.0 | MSE: 0.2538 | C_Loss: 0.017 | A_Loss: -0.002 | Alpha: 0.0000
Train Ep: 220/270 | Reward:   88.0 | MSE: 0.2860 | C_Loss: 0.017 | A_Loss: -0.003 | Alpha: 0.0000
  [!] Running Isolated Validation (Pure CMA vs GNN)...
  -> Val Results: Pure Baseline Errors: 5195 | GNN Errors: 4984
  -> Relative Improvement: 4.062%
Train Ep: 221/270 | Reward:   75.0 | MSE: 0.3557 | C_Loss: 0.018 | A_Loss: -0.002 | Alpha: 0.0000
Train Ep: 222/270 | Reward:   81.0 | MSE: 0.3734 | C_Loss: 0.015 | A_Loss: -0.002 | Alpha: 0.0000
Train Ep: 223/270 | Reward:   89.0 | MSE: 0.2932 | C_Loss: 0.016 | A_Loss: -0.002 | Alpha: 0.0000
Train Ep: 224/270 | Reward:  100.0 | MSE: 0.4617 | C_Loss: 0.017 | A_Loss: -0.002 | Alpha: 0.0000
Train Ep: 225/270 | Reward:   65.0 | MSE: 0.1783 | C_Loss: 0.020 | A_Loss: -0.001 | Alpha: 0.0000
  [!] Running Isolated Validation (Pure CMA vs GNN)...
  -> Val Results: Pure Baseline Errors: 5195 | GNN Errors: 5099
  -> Relative Improvement: 1.848%
Train Ep: 226/270 | Reward:   -6.0 | MSE: 0.2699 | C_Loss: 0.026 | A_Loss: -0.001 | Alpha: 0.0000
Train Ep: 227/270 | Reward:   77.0 | MSE: 0.4062 | C_Loss: 0.024 | A_Loss: -0.001 | Alpha: 0.0000
Train Ep: 228/270 | Reward:   83.0 | MSE: 0.2588 | C_Loss: 0.017 | A_Loss: -0.001 | Alpha: 0.0000
Train Ep: 229/270 | Reward:   62.0 | MSE: 0.3579 | C_Loss: 0.016 | A_Loss: -0.002 | Alpha: 0.0000
Train Ep: 230/270 | Reward:  104.0 | MSE: 0.2954 | C_Loss: 0.014 | A_Loss: -0.001 | Alpha: 0.0000
  [!] Running Isolated Validation (Pure CMA vs GNN)...
  -> Val Results: Pure Baseline Errors: 5195 | GNN Errors: 4998
  -> Relative Improvement: 3.792%
Train Ep: 231/270 | Reward:   72.0 | MSE: 0.3513 | C_Loss: 0.018 | A_Loss: -0.002 | Alpha: 0.0000
Train Ep: 232/270 | Reward:   64.0 | MSE: 0.2684 | C_Loss: 0.022 | A_Loss: -0.001 | Alpha: 0.0000
Train Ep: 233/270 | Reward:   83.0 | MSE: 0.3065 | C_Loss: 0.022 | A_Loss: -0.001 | Alpha: 0.0000
Train Ep: 234/270 | Reward:   47.0 | MSE: 0.2740 | C_Loss: 0.014 | A_Loss: -0.001 | Alpha: 0.0000
Train Ep: 235/270 | Reward:   87.0 | MSE: 0.2408 | C_Loss: 0.014 | A_Loss: -0.001 | Alpha: 0.0000
  [!] Running Isolated Validation (Pure CMA vs GNN)...
  -> Val Results: Pure Baseline Errors: 5195 | GNN Errors: 4969
  -> Relative Improvement: 4.350%
Train Ep: 236/270 | Reward:   60.0 | MSE: 0.3469 | C_Loss: 0.013 | A_Loss: -0.001 | Alpha: 0.0000
Train Ep: 237/270 | Reward:   56.0 | MSE: 0.2641 | C_Loss: 0.010 | A_Loss: -0.001 | Alpha: 0.0000
Train Ep: 238/270 | Reward:  102.0 | MSE: 0.3008 | C_Loss: 0.020 | A_Loss: -0.002 | Alpha: 0.0000
Train Ep: 239/270 | Reward:   45.0 | MSE: 0.2359 | C_Loss: 0.029 | A_Loss: -0.001 | Alpha: 0.0000
Train Ep: 240/270 | Reward:  -91.0 | MSE: 0.3285 | C_Loss: 0.032 | A_Loss: -0.000 | Alpha: 0.0000
  [!] Running Isolated Validation (Pure CMA vs GNN)...
  -> Val Results: Pure Baseline Errors: 5195 | GNN Errors: 5364
  -> Relative Improvement: -3.253%
Train Ep: 241/270 | Reward:  -45.0 | MSE: 0.2571 | C_Loss: 0.034 | A_Loss: 0.000 | Alpha: 0.0000
Train Ep: 242/270 | Reward:   -1.0 | MSE: 0.2476 | C_Loss: 0.040 | A_Loss: 0.002 | Alpha: 0.0000
Train Ep: 243/270 | Reward:   51.0 | MSE: 0.2972 | C_Loss: 0.036 | A_Loss: -0.001 | Alpha: 0.0000
Train Ep: 244/270 | Reward:  -13.0 | MSE: 0.2320 | C_Loss: 0.032 | A_Loss: -0.002 | Alpha: 0.0000
Train Ep: 245/270 | Reward:  -60.0 | MSE: 0.3566 | C_Loss: 0.037 | A_Loss: -0.001 | Alpha: 0.0000
  [!] Running Isolated Validation (Pure CMA vs GNN)...
  -> Val Results: Pure Baseline Errors: 5195 | GNN Errors: 5019
  -> Relative Improvement: 3.388%
Train Ep: 246/270 | Reward:   53.0 | MSE: 0.2560 | C_Loss: 0.034 | A_Loss: 0.002 | Alpha: 0.0000
Train Ep: 247/270 | Reward:   -5.0 | MSE: 0.4222 | C_Loss: 0.032 | A_Loss: -0.001 | Alpha: 0.0000
Train Ep: 248/270 | Reward:   55.0 | MSE: 0.2979 | C_Loss: 0.031 | A_Loss: -0.000 | Alpha: 0.0000
Train Ep: 249/270 | Reward:   78.0 | MSE: 0.2042 | C_Loss: 0.022 | A_Loss: -0.002 | Alpha: 0.0000
Train Ep: 250/270 | Reward:   35.0 | MSE: 0.2925 | C_Loss: 0.018 | A_Loss: -0.002 | Alpha: 0.0000
  [!] Running Isolated Validation (Pure CMA vs GNN)...
  -> Val Results: Pure Baseline Errors: 5195 | GNN Errors: 4951
  -> Relative Improvement: 4.697%
Train Ep: 251/270 | Reward:  114.0 | MSE: 0.4201 | C_Loss: 0.021 | A_Loss: -0.000 | Alpha: 0.0000
Train Ep: 252/270 | Reward:   94.0 | MSE: 0.2768 | C_Loss: 0.015 | A_Loss: -0.001 | Alpha: 0.0000
Train Ep: 253/270 | Reward:   87.0 | MSE: 0.2147 | C_Loss: 0.015 | A_Loss: -0.001 | Alpha: 0.0000
Train Ep: 254/270 | Reward:   49.0 | MSE: 0.2468 | C_Loss: 0.012 | A_Loss: -0.001 | Alpha: 0.0000
Train Ep: 255/270 | Reward:   78.0 | MSE: 0.3850 | C_Loss: 0.015 | A_Loss: -0.002 | Alpha: 0.0000
  [!] Running Isolated Validation (Pure CMA vs GNN)...
  -> Val Results: Pure Baseline Errors: 5195 | GNN Errors: 4966
  -> Relative Improvement: 4.408%
Train Ep: 256/270 | Reward:  127.0 | MSE: 0.3447 | C_Loss: 0.017 | A_Loss: -0.002 | Alpha: 0.0000
Train Ep: 257/270 | Reward:   57.0 | MSE: 0.3738 | C_Loss: 0.022 | A_Loss: -0.001 | Alpha: 0.0000
Train Ep: 258/270 | Reward:   99.0 | MSE: 0.2918 | C_Loss: 0.022 | A_Loss: -0.002 | Alpha: 0.0000
Train Ep: 259/270 | Reward:  150.0 | MSE: 0.3829 | C_Loss: 0.022 | A_Loss: -0.003 | Alpha: 0.0000
Train Ep: 260/270 | Reward:   80.0 | MSE: 0.2479 | C_Loss: 0.022 | A_Loss: -0.003 | Alpha: 0.0000
  [!] Running Isolated Validation (Pure CMA vs GNN)...
  -> Val Results: Pure Baseline Errors: 5195 | GNN Errors: 4937
  -> Relative Improvement: 4.966%
Train Ep: 261/270 | Reward:   90.0 | MSE: 0.3088 | C_Loss: 0.019 | A_Loss: -0.003 | Alpha: 0.0000
Train Ep: 262/270 | Reward:  105.0 | MSE: 0.2690 | C_Loss: 0.019 | A_Loss: -0.002 | Alpha: 0.0000
Train Ep: 263/270 | Reward:   79.0 | MSE: 0.2407 | C_Loss: 0.019 | A_Loss: -0.003 | Alpha: 0.0000
Train Ep: 264/270 | Reward:   61.0 | MSE: 0.2956 | C_Loss: 0.017 | A_Loss: -0.002 | Alpha: 0.0000
Train Ep: 265/270 | Reward:  116.0 | MSE: 0.2447 | C_Loss: 0.022 | A_Loss: -0.002 | Alpha: 0.0000
  [!] Running Isolated Validation (Pure CMA vs GNN)...
  -> Val Results: Pure Baseline Errors: 5195 | GNN Errors: 4927
  -> Relative Improvement: 5.159%
Train Ep: 266/270 | Reward:   61.0 | MSE: 0.3111 | C_Loss: 0.020 | A_Loss: -0.001 | Alpha: 0.0000
Train Ep: 267/270 | Reward:   89.0 | MSE: 0.2913 | C_Loss: 0.019 | A_Loss: -0.002 | Alpha: 0.0000
Train Ep: 268/270 | Reward:  100.0 | MSE: 0.1962 | C_Loss: 0.021 | A_Loss: -0.001 | Alpha: 0.0000
Train Ep: 269/270 | Reward:   68.0 | MSE: 0.2157 | C_Loss: 0.023 | A_Loss: -0.002 | Alpha: 0.0000
Train Ep: 270/270 | Reward:   86.0 | MSE: 0.3202 | C_Loss: 0.023 | A_Loss: -0.002 | Alpha: 0.0000
  [!] Running Isolated Validation (Pure CMA vs GNN)...
  -> Val Results: Pure Baseline Errors: 5195 | GNN Errors: 4975
  -> Relative Improvement: 4.235%

Training complete in 49083.61 seconds.
[*] Models successfully saved to models/sac_gnn_42.pth
Training plots saved to 'plots/training_metrics_42.png'
[*] The best performing model during validation was saved to: models/sac_gnn_42_best.pth
Training run time = 49085.85 s
Job finished at: Tue Apr 21 08:55:26 CEST 2026
