Job started at: Mon Apr 27 11:06:09 CEST 2026
Starting Run 48: No burn-in | Gamma=0.0 | Layers=1 | Mismatch=30.0 | action_scale=5 | Using P.C.
SLURM Mode Received: 0
Execution Pipeline: ['train']
Loaded Configuration: {'mode': 0, 'model_path': 'models/sac_gnn_48.pth', 'training_metrics_filename': 'training_metrics_48.png', 'distance': 5, 'n_rounds': 5, 'p': 0.004, 'p_gate_zz': 0.0, 'mismatch': 30.0, 'n_shots': 50000, 'n_test_shots': 10000, 'burn_in_steps': 0, 'bypass_threshold': 2, 'action_scale': 5.0, 'update_period': 100, 'prior_shots': 1000, 'local_action_only': True, 'local_action_hops': 1, 'n_layers': 1, 'use_pearson_correlation': True, 'use_log_joint_prob': False, 'hidden_dim': 256, 'lr': 0.0001, 'gamma': 0.0, 'tau': 0.005, 'alpha': 0.01, 'batch_size': 64, 'buffer_capacity': 100000, 'update_frequency': 100, 'train_episodes': 350, 'test_episodes': 20}

Initializing environment...

############################################################
### RUNNING MODE: TRAIN
############################################################

========================================
STARTING TRAINING (Episodes: 350)
========================================
Train Ep: 001/350 | Reward: -1087.0 | MSE: 0.1847 | C_Loss: 0.074 | A_Loss: 0.022 | Alpha: 0.0095
Train Ep: 002/350 | Reward: -751.0 | MSE: 0.4564 | C_Loss: 0.073 | A_Loss: 0.015 | Alpha: 0.0091
Train Ep: 003/350 | Reward: -449.0 | MSE: 0.3917 | C_Loss: 0.067 | A_Loss: 0.009 | Alpha: 0.0087
Train Ep: 004/350 | Reward: -360.0 | MSE: 0.6150 | C_Loss: 0.057 | A_Loss: 0.005 | Alpha: 0.0083
Train Ep: 005/350 | Reward: -210.0 | MSE: 0.3683 | C_Loss: 0.042 | A_Loss: 0.002 | Alpha: 0.0079
Train Ep: 006/350 | Reward: -209.0 | MSE: 0.3293 | C_Loss: 0.035 | A_Loss: 0.001 | Alpha: 0.0075
Train Ep: 007/350 | Reward: -179.0 | MSE: 0.2424 | C_Loss: 0.029 | A_Loss: -0.000 | Alpha: 0.0072
Train Ep: 008/350 | Reward:  -82.0 | MSE: 0.2672 | C_Loss: 0.025 | A_Loss: -0.001 | Alpha: 0.0069
Train Ep: 009/350 | Reward:  -46.0 | MSE: 0.4153 | C_Loss: 0.025 | A_Loss: -0.003 | Alpha: 0.0066
Train Ep: 010/350 | Reward: -175.0 | MSE: 0.4285 | C_Loss: 0.026 | A_Loss: -0.002 | Alpha: 0.0063
Train Ep: 011/350 | Reward: -195.0 | MSE: 0.3972 | C_Loss: 0.031 | A_Loss: -0.001 | Alpha: 0.0060
Train Ep: 012/350 | Reward:  -63.0 | MSE: 0.3191 | C_Loss: 0.035 | A_Loss: 0.001 | Alpha: 0.0057
Train Ep: 013/350 | Reward: -141.0 | MSE: 0.4554 | C_Loss: 0.032 | A_Loss: 0.000 | Alpha: 0.0055
Train Ep: 014/350 | Reward: -291.0 | MSE: 0.3786 | C_Loss: 0.033 | A_Loss: 0.001 | Alpha: 0.0052
Train Ep: 015/350 | Reward: -121.0 | MSE: 0.3241 | C_Loss: 0.033 | A_Loss: 0.002 | Alpha: 0.0050
Train Ep: 016/350 | Reward: -122.0 | MSE: 0.3004 | C_Loss: 0.027 | A_Loss: -0.000 | Alpha: 0.0048
Train Ep: 017/350 | Reward: -114.0 | MSE: 0.2702 | C_Loss: 0.025 | A_Loss: 0.001 | Alpha: 0.0046
Train Ep: 018/350 | Reward: -155.0 | MSE: 0.3405 | C_Loss: 0.026 | A_Loss: 0.000 | Alpha: 0.0044
Train Ep: 019/350 | Reward:  -98.0 | MSE: 0.3350 | C_Loss: 0.027 | A_Loss: -0.000 | Alpha: 0.0042
Train Ep: 020/350 | Reward: -212.0 | MSE: 0.3940 | C_Loss: 0.031 | A_Loss: 0.001 | Alpha: 0.0040
Train Ep: 021/350 | Reward: -156.0 | MSE: 0.3285 | C_Loss: 0.030 | A_Loss: 0.001 | Alpha: 0.0038
Train Ep: 022/350 | Reward: -140.0 | MSE: 0.3761 | C_Loss: 0.033 | A_Loss: 0.001 | Alpha: 0.0036
Train Ep: 023/350 | Reward: -155.0 | MSE: 0.3974 | C_Loss: 0.031 | A_Loss: 0.001 | Alpha: 0.0035
Train Ep: 024/350 | Reward: -165.0 | MSE: 0.4758 | C_Loss: 0.025 | A_Loss: 0.001 | Alpha: 0.0033
Train Ep: 025/350 | Reward: -123.0 | MSE: 0.3652 | C_Loss: 0.023 | A_Loss: 0.002 | Alpha: 0.0032
Train Ep: 026/350 | Reward: -203.0 | MSE: 0.3464 | C_Loss: 0.025 | A_Loss: 0.001 | Alpha: 0.0030
Train Ep: 027/350 | Reward:  -91.0 | MSE: 0.3504 | C_Loss: 0.026 | A_Loss: 0.002 | Alpha: 0.0029
Train Ep: 028/350 | Reward:  -81.0 | MSE: 0.3205 | C_Loss: 0.022 | A_Loss: 0.002 | Alpha: 0.0028
Train Ep: 029/350 | Reward:  -24.0 | MSE: 0.3160 | C_Loss: 0.016 | A_Loss: -0.000 | Alpha: 0.0027
Train Ep: 030/350 | Reward:  -18.0 | MSE: 0.3141 | C_Loss: 0.008 | A_Loss: -0.001 | Alpha: 0.0026
Train Ep: 031/350 | Reward:  -10.0 | MSE: 0.3437 | C_Loss: 0.005 | A_Loss: -0.000 | Alpha: 0.0025
Train Ep: 032/350 | Reward:   -5.0 | MSE: 0.3738 | C_Loss: 0.005 | A_Loss: -0.001 | Alpha: 0.0023
Train Ep: 033/350 | Reward:   25.0 | MSE: 0.4168 | C_Loss: 0.006 | A_Loss: -0.001 | Alpha: 0.0022
Train Ep: 034/350 | Reward:   -9.0 | MSE: 0.2638 | C_Loss: 0.009 | A_Loss: -0.001 | Alpha: 0.0021
Train Ep: 035/350 | Reward:  -64.0 | MSE: 0.3122 | C_Loss: 0.012 | A_Loss: -0.001 | Alpha: 0.0020
Train Ep: 036/350 | Reward: -128.0 | MSE: 0.2992 | C_Loss: 0.017 | A_Loss: 0.001 | Alpha: 0.0019
Train Ep: 037/350 | Reward:  -27.0 | MSE: 0.3267 | C_Loss: 0.018 | A_Loss: -0.000 | Alpha: 0.0019
Train Ep: 038/350 | Reward:  -23.0 | MSE: 0.3551 | C_Loss: 0.012 | A_Loss: 0.000 | Alpha: 0.0018
Train Ep: 039/350 | Reward:  -21.0 | MSE: 0.3062 | C_Loss: 0.009 | A_Loss: -0.000 | Alpha: 0.0017
Train Ep: 040/350 | Reward:   -1.0 | MSE: 0.3685 | C_Loss: 0.008 | A_Loss: -0.001 | Alpha: 0.0016
Train Ep: 041/350 | Reward:  -22.0 | MSE: 0.3734 | C_Loss: 0.009 | A_Loss: 0.000 | Alpha: 0.0016
Train Ep: 042/350 | Reward:  -40.0 | MSE: 0.3542 | C_Loss: 0.010 | A_Loss: -0.001 | Alpha: 0.0015
Train Ep: 043/350 | Reward:  -20.0 | MSE: 0.3983 | C_Loss: 0.014 | A_Loss: -0.001 | Alpha: 0.0014
Train Ep: 044/350 | Reward: -130.0 | MSE: 0.2596 | C_Loss: 0.020 | A_Loss: 0.001 | Alpha: 0.0014
Train Ep: 045/350 | Reward: -165.0 | MSE: 0.2567 | C_Loss: 0.026 | A_Loss: 0.002 | Alpha: 0.0013
Train Ep: 046/350 | Reward: -130.0 | MSE: 0.4134 | C_Loss: 0.024 | A_Loss: 0.003 | Alpha: 0.0012
Train Ep: 047/350 | Reward:  -36.0 | MSE: 0.3978 | C_Loss: 0.024 | A_Loss: 0.002 | Alpha: 0.0012
Train Ep: 048/350 | Reward:  -38.0 | MSE: 0.3548 | C_Loss: 0.021 | A_Loss: 0.000 | Alpha: 0.0011
Train Ep: 049/350 | Reward:   -5.0 | MSE: 0.3013 | C_Loss: 0.015 | A_Loss: 0.001 | Alpha: 0.0011
Train Ep: 050/350 | Reward:    9.0 | MSE: 0.4276 | C_Loss: 0.014 | A_Loss: -0.000 | Alpha: 0.0010
Train Ep: 051/350 | Reward:    0.0 | MSE: 0.3206 | C_Loss: 0.010 | A_Loss: -0.000 | Alpha: 0.0010
Train Ep: 052/350 | Reward:    9.0 | MSE: 0.3844 | C_Loss: 0.007 | A_Loss: 0.000 | Alpha: 0.0009
Train Ep: 053/350 | Reward:   20.0 | MSE: 0.3427 | C_Loss: 0.007 | A_Loss: -0.001 | Alpha: 0.0009
Train Ep: 054/350 | Reward:  -31.0 | MSE: 0.3895 | C_Loss: 0.009 | A_Loss: -0.000 | Alpha: 0.0009
Train Ep: 055/350 | Reward:  -24.0 | MSE: 0.3746 | C_Loss: 0.013 | A_Loss: -0.001 | Alpha: 0.0008
Train Ep: 056/350 | Reward:  -61.0 | MSE: 0.3150 | C_Loss: 0.015 | A_Loss: 0.000 | Alpha: 0.0008
Train Ep: 057/350 | Reward:  -63.0 | MSE: 0.3651 | C_Loss: 0.016 | A_Loss: 0.001 | Alpha: 0.0008
Train Ep: 058/350 | Reward:    6.0 | MSE: 0.3356 | C_Loss: 0.018 | A_Loss: 0.002 | Alpha: 0.0007
Train Ep: 059/350 | Reward:  -35.0 | MSE: 0.3797 | C_Loss: 0.015 | A_Loss: -0.000 | Alpha: 0.0007
Train Ep: 060/350 | Reward:   14.0 | MSE: 0.3091 | C_Loss: 0.012 | A_Loss: -0.000 | Alpha: 0.0007
Train Ep: 061/350 | Reward:   -7.0 | MSE: 0.2210 | C_Loss: 0.010 | A_Loss: -0.000 | Alpha: 0.0006
Train Ep: 062/350 | Reward:   -4.0 | MSE: 0.4428 | C_Loss: 0.010 | A_Loss: -0.000 | Alpha: 0.0006
Train Ep: 063/350 | Reward:   -5.0 | MSE: 0.3065 | C_Loss: 0.012 | A_Loss: -0.000 | Alpha: 0.0006
Train Ep: 064/350 | Reward:   -6.0 | MSE: 0.3690 | C_Loss: 0.010 | A_Loss: 0.000 | Alpha: 0.0005
Train Ep: 065/350 | Reward:    2.0 | MSE: 0.2604 | C_Loss: 0.009 | A_Loss: 0.000 | Alpha: 0.0005
Train Ep: 066/350 | Reward:    4.0 | MSE: 0.3257 | C_Loss: 0.006 | A_Loss: -0.000 | Alpha: 0.0005
Train Ep: 067/350 | Reward:   16.0 | MSE: 0.2726 | C_Loss: 0.006 | A_Loss: -0.000 | Alpha: 0.0005
Train Ep: 068/350 | Reward:  -29.0 | MSE: 0.3013 | C_Loss: 0.008 | A_Loss: -0.000 | Alpha: 0.0005
Train Ep: 069/350 | Reward:  -18.0 | MSE: 0.3130 | C_Loss: 0.008 | A_Loss: -0.000 | Alpha: 0.0004
Train Ep: 070/350 | Reward: -133.0 | MSE: 0.4322 | C_Loss: 0.016 | A_Loss: 0.001 | Alpha: 0.0004
Train Ep: 071/350 | Reward:  -92.0 | MSE: 0.3196 | C_Loss: 0.019 | A_Loss: 0.002 | Alpha: 0.0004
Train Ep: 072/350 | Reward:   -6.0 | MSE: 0.5090 | C_Loss: 0.018 | A_Loss: 0.001 | Alpha: 0.0004
Train Ep: 073/350 | Reward:    2.0 | MSE: 0.3473 | C_Loss: 0.011 | A_Loss: 0.000 | Alpha: 0.0004
Train Ep: 074/350 | Reward:   18.0 | MSE: 0.2869 | C_Loss: 0.002 | A_Loss: -0.000 | Alpha: 0.0004
Train Ep: 075/350 | Reward:   14.0 | MSE: 0.3504 | C_Loss: 0.003 | A_Loss: -0.000 | Alpha: 0.0003
Train Ep: 076/350 | Reward:   28.0 | MSE: 0.3888 | C_Loss: 0.005 | A_Loss: -0.001 | Alpha: 0.0003
Train Ep: 077/350 | Reward:   28.0 | MSE: 0.3524 | C_Loss: 0.004 | A_Loss: -0.000 | Alpha: 0.0003
Train Ep: 078/350 | Reward:    6.0 | MSE: 0.3508 | C_Loss: 0.003 | A_Loss: -0.000 | Alpha: 0.0003
Train Ep: 079/350 | Reward:    6.0 | MSE: 0.3649 | C_Loss: 0.001 | A_Loss: -0.000 | Alpha: 0.0003
Train Ep: 080/350 | Reward:   29.0 | MSE: 0.4366 | C_Loss: 0.002 | A_Loss: -0.000 | Alpha: 0.0003
Train Ep: 081/350 | Reward:   17.0 | MSE: 0.3304 | C_Loss: 0.003 | A_Loss: -0.001 | Alpha: 0.0003
Train Ep: 082/350 | Reward:    7.0 | MSE: 0.3257 | C_Loss: 0.003 | A_Loss: -0.000 | Alpha: 0.0002
Train Ep: 083/350 | Reward:  -11.0 | MSE: 0.2214 | C_Loss: 0.002 | A_Loss: -0.000 | Alpha: 0.0002
Train Ep: 084/350 | Reward:    7.0 | MSE: 0.2907 | C_Loss: 0.004 | A_Loss: 0.000 | Alpha: 0.0002
Train Ep: 085/350 | Reward:   21.0 | MSE: 0.1763 | C_Loss: 0.003 | A_Loss: -0.000 | Alpha: 0.0002
Train Ep: 086/350 | Reward:  -25.0 | MSE: 0.2695 | C_Loss: 0.004 | A_Loss: -0.000 | Alpha: 0.0002
Train Ep: 087/350 | Reward:  -13.0 | MSE: 0.2549 | C_Loss: 0.006 | A_Loss: 0.001 | Alpha: 0.0002
Train Ep: 088/350 | Reward:   11.0 | MSE: 0.4383 | C_Loss: 0.006 | A_Loss: 0.001 | Alpha: 0.0002
Train Ep: 089/350 | Reward:   -1.0 | MSE: 0.2743 | C_Loss: 0.003 | A_Loss: -0.000 | Alpha: 0.0002
Train Ep: 090/350 | Reward:   13.0 | MSE: 0.1947 | C_Loss: 0.001 | A_Loss: 0.000 | Alpha: 0.0002
Train Ep: 091/350 | Reward:   18.0 | MSE: 0.3177 | C_Loss: 0.003 | A_Loss: -0.001 | Alpha: 0.0002
Train Ep: 092/350 | Reward:   40.0 | MSE: 0.3797 | C_Loss: 0.004 | A_Loss: -0.001 | Alpha: 0.0002
Train Ep: 093/350 | Reward:    3.0 | MSE: 0.3904 | C_Loss: 0.005 | A_Loss: -0.001 | Alpha: 0.0002
Train Ep: 094/350 | Reward:    4.0 | MSE: 0.3665 | C_Loss: 0.004 | A_Loss: -0.001 | Alpha: 0.0001
Train Ep: 095/350 | Reward:    3.0 | MSE: 0.2882 | C_Loss: 0.004 | A_Loss: 0.000 | Alpha: 0.0001
Train Ep: 096/350 | Reward:   38.0 | MSE: 0.2837 | C_Loss: 0.005 | A_Loss: -0.000 | Alpha: 0.0001
Train Ep: 097/350 | Reward:    9.0 | MSE: 0.2854 | C_Loss: 0.006 | A_Loss: -0.001 | Alpha: 0.0001
Train Ep: 098/350 | Reward:   11.0 | MSE: 0.3557 | C_Loss: 0.007 | A_Loss: -0.000 | Alpha: 0.0001
Train Ep: 099/350 | Reward:  -43.0 | MSE: 0.3040 | C_Loss: 0.006 | A_Loss: 0.000 | Alpha: 0.0001
Train Ep: 100/350 | Reward:  -18.0 | MSE: 0.2954 | C_Loss: 0.011 | A_Loss: 0.000 | Alpha: 0.0001
Train Ep: 101/350 | Reward:    4.0 | MSE: 0.3340 | C_Loss: 0.009 | A_Loss: 0.001 | Alpha: 0.0001
Train Ep: 102/350 | Reward:    8.0 | MSE: 0.2438 | C_Loss: 0.006 | A_Loss: 0.000 | Alpha: 0.0001
Train Ep: 103/350 | Reward:   14.0 | MSE: 0.2619 | C_Loss: 0.004 | A_Loss: -0.000 | Alpha: 0.0001
Train Ep: 104/350 | Reward:   10.0 | MSE: 0.2446 | C_Loss: 0.004 | A_Loss: -0.000 | Alpha: 0.0001
Train Ep: 105/350 | Reward:  -29.0 | MSE: 0.4313 | C_Loss: 0.008 | A_Loss: -0.000 | Alpha: 0.0001
Train Ep: 106/350 | Reward:    4.0 | MSE: 0.3353 | C_Loss: 0.010 | A_Loss: 0.000 | Alpha: 0.0001
Train Ep: 107/350 | Reward:  -13.0 | MSE: 0.1204 | C_Loss: 0.008 | A_Loss: 0.001 | Alpha: 0.0001
Train Ep: 108/350 | Reward:   -1.0 | MSE: 0.2784 | C_Loss: 0.005 | A_Loss: 0.000 | Alpha: 0.0001
Train Ep: 109/350 | Reward:   -2.0 | MSE: 0.3467 | C_Loss: 0.002 | A_Loss: -0.000 | Alpha: 0.0001
Train Ep: 110/350 | Reward:    5.0 | MSE: 0.3223 | C_Loss: 0.000 | A_Loss: 0.000 | Alpha: 0.0001
Train Ep: 111/350 | Reward:    4.0 | MSE: 0.3901 | C_Loss: 0.001 | A_Loss: -0.000 | Alpha: 0.0001
Train Ep: 112/350 | Reward:    1.0 | MSE: 0.2877 | C_Loss: 0.001 | A_Loss: -0.000 | Alpha: 0.0001
Train Ep: 113/350 | Reward:    4.0 | MSE: 0.2426 | C_Loss: 0.001 | A_Loss: -0.000 | Alpha: 0.0001
Train Ep: 114/350 | Reward:    5.0 | MSE: 0.3410 | C_Loss: 0.001 | A_Loss: 0.000 | Alpha: 0.0001
Train Ep: 115/350 | Reward:    9.0 | MSE: 0.2704 | C_Loss: 0.000 | A_Loss: -0.000 | Alpha: 0.0001
Train Ep: 116/350 | Reward:    3.0 | MSE: 0.2396 | C_Loss: 0.001 | A_Loss: -0.000 | Alpha: 0.0001
Train Ep: 117/350 | Reward:   -1.0 | MSE: 0.2300 | C_Loss: 0.000 | A_Loss: -0.000 | Alpha: 0.0001
Train Ep: 118/350 | Reward:    0.0 | MSE: 0.2966 | C_Loss: 0.000 | A_Loss: 0.000 | Alpha: 0.0001
Train Ep: 119/350 | Reward:    0.0 | MSE: 0.2891 | C_Loss: 0.000 | A_Loss: 0.000 | Alpha: 0.0000
Train Ep: 120/350 | Reward:    3.0 | MSE: 0.3734 | C_Loss: 0.000 | A_Loss: 0.000 | Alpha: 0.0000
Train Ep: 121/350 | Reward:    0.0 | MSE: 0.3893 | C_Loss: 0.000 | A_Loss: 0.000 | Alpha: 0.0000
Train Ep: 122/350 | Reward:    2.0 | MSE: 0.2839 | C_Loss: 0.000 | A_Loss: -0.000 | Alpha: 0.0000
Train Ep: 123/350 | Reward:    0.0 | MSE: 0.2629 | C_Loss: 0.000 | A_Loss: 0.000 | Alpha: 0.0000
Train Ep: 124/350 | Reward:    0.0 | MSE: 0.3616 | C_Loss: 0.001 | A_Loss: 0.000 | Alpha: 0.0000
Train Ep: 125/350 | Reward:   -2.0 | MSE: 0.3174 | C_Loss: 0.003 | A_Loss: 0.000 | Alpha: 0.0000
Train Ep: 126/350 | Reward:  -30.0 | MSE: 0.2751 | C_Loss: 0.008 | A_Loss: 0.000 | Alpha: 0.0000
Train Ep: 127/350 | Reward:   11.0 | MSE: 0.3789 | C_Loss: 0.010 | A_Loss: -0.000 | Alpha: 0.0000
Train Ep: 128/350 | Reward:   10.0 | MSE: 0.3566 | C_Loss: 0.005 | A_Loss: -0.000 | Alpha: 0.0000
Train Ep: 129/350 | Reward:    4.0 | MSE: 0.2236 | C_Loss: 0.002 | A_Loss: -0.000 | Alpha: 0.0000
Train Ep: 130/350 | Reward:    5.0 | MSE: 0.2494 | C_Loss: 0.001 | A_Loss: -0.000 | Alpha: 0.0000
Train Ep: 131/350 | Reward:    1.0 | MSE: 0.3556 | C_Loss: 0.001 | A_Loss: -0.000 | Alpha: 0.0000
Train Ep: 132/350 | Reward:    4.0 | MSE: 0.3627 | C_Loss: 0.001 | A_Loss: -0.000 | Alpha: 0.0000
Train Ep: 133/350 | Reward:   12.0 | MSE: 0.2277 | C_Loss: 0.001 | A_Loss: -0.000 | Alpha: 0.0000
Train Ep: 134/350 | Reward:   21.0 | MSE: 0.2688 | C_Loss: 0.002 | A_Loss: -0.000 | Alpha: 0.0000
Train Ep: 135/350 | Reward:   -1.0 | MSE: 0.4055 | C_Loss: 0.003 | A_Loss: -0.000 | Alpha: 0.0000
Train Ep: 136/350 | Reward:   18.0 | MSE: 0.2421 | C_Loss: 0.004 | A_Loss: -0.000 | Alpha: 0.0000
Train Ep: 137/350 | Reward:   49.0 | MSE: 0.4050 | C_Loss: 0.008 | A_Loss: -0.001 | Alpha: 0.0000
Train Ep: 138/350 | Reward:   28.0 | MSE: 0.4755 | C_Loss: 0.020 | A_Loss: -0.000 | Alpha: 0.0000
Train Ep: 139/350 | Reward:   19.0 | MSE: 0.2729 | C_Loss: 0.019 | A_Loss: -0.001 | Alpha: 0.0000
Train Ep: 140/350 | Reward:  -22.0 | MSE: 0.3735 | C_Loss: 0.010 | A_Loss: -0.000 | Alpha: 0.0000
Train Ep: 141/350 | Reward:   23.0 | MSE: 0.1979 | C_Loss: 0.008 | A_Loss: -0.000 | Alpha: 0.0000
Train Ep: 142/350 | Reward: -130.0 | MSE: 0.4753 | C_Loss: 0.010 | A_Loss: -0.000 | Alpha: 0.0000
Train Ep: 143/350 | Reward:   37.0 | MSE: 0.2524 | C_Loss: 0.015 | A_Loss: -0.001 | Alpha: 0.0000
Train Ep: 144/350 | Reward:  100.0 | MSE: 0.4080 | C_Loss: 0.010 | A_Loss: -0.001 | Alpha: 0.0000
Train Ep: 145/350 | Reward:   98.0 | MSE: 0.3047 | C_Loss: 0.008 | A_Loss: -0.002 | Alpha: 0.0000
Train Ep: 146/350 | Reward:   97.0 | MSE: 0.3680 | C_Loss: 0.012 | A_Loss: -0.002 | Alpha: 0.0000
Train Ep: 147/350 | Reward:   76.0 | MSE: 0.1951 | C_Loss: 0.011 | A_Loss: -0.001 | Alpha: 0.0000
Train Ep: 148/350 | Reward:  104.0 | MSE: 0.3462 | C_Loss: 0.011 | A_Loss: -0.002 | Alpha: 0.0000
  [!] Reward crossed 100! Unlocking Validation phase for the rest of training.
Train Ep: 149/350 | Reward:   65.0 | MSE: 0.4618 | C_Loss: 0.010 | A_Loss: -0.002 | Alpha: 0.0000
Train Ep: 150/350 | Reward:   35.0 | MSE: 0.2606 | C_Loss: 0.006 | A_Loss: -0.001 | Alpha: 0.0000
  [!] Running Isolated Validation (Pure CMA vs GNN)...
  -> Val Results: Pure Baseline Errors: 5259 | GNN Errors: 5171
  -> Relative Improvement: 1.673%
  *** New Best Model! Net Score improved from -inf to 0.01673321924320213 ***
[*] Models successfully saved to models/sac_gnn_48_best.pth
Train Ep: 151/350 | Reward:   20.0 | MSE: 0.2681 | C_Loss: 0.004 | A_Loss: -0.001 | Alpha: 0.0000
Train Ep: 152/350 | Reward:   10.0 | MSE: 0.2583 | C_Loss: 0.003 | A_Loss: -0.000 | Alpha: 0.0000
Train Ep: 153/350 | Reward:   24.0 | MSE: 0.2621 | C_Loss: 0.002 | A_Loss: -0.000 | Alpha: 0.0000
Train Ep: 154/350 | Reward:   17.0 | MSE: 0.2874 | C_Loss: 0.002 | A_Loss: -0.000 | Alpha: 0.0000
Train Ep: 155/350 | Reward:    8.0 | MSE: 0.2123 | C_Loss: 0.002 | A_Loss: -0.000 | Alpha: 0.0000
  [!] Running Isolated Validation (Pure CMA vs GNN)...
  -> Val Results: Pure Baseline Errors: 5259 | GNN Errors: 5241
  -> Relative Improvement: 0.342%
Train Ep: 156/350 | Reward:    9.0 | MSE: 0.2792 | C_Loss: 0.001 | A_Loss: -0.000 | Alpha: 0.0000
Train Ep: 157/350 | Reward:   25.0 | MSE: 0.2698 | C_Loss: 0.001 | A_Loss: -0.000 | Alpha: 0.0000
Train Ep: 158/350 | Reward:   11.0 | MSE: 0.2841 | C_Loss: 0.001 | A_Loss: -0.000 | Alpha: 0.0000
Train Ep: 159/350 | Reward:   14.0 | MSE: 0.3262 | C_Loss: 0.002 | A_Loss: -0.000 | Alpha: 0.0000
Train Ep: 160/350 | Reward:    7.0 | MSE: 0.3783 | C_Loss: 0.001 | A_Loss: -0.000 | Alpha: 0.0000
  [!] Running Isolated Validation (Pure CMA vs GNN)...
  -> Val Results: Pure Baseline Errors: 5259 | GNN Errors: 5259
  -> Relative Improvement: 0.000%
Train Ep: 161/350 | Reward:    7.0 | MSE: 0.2649 | C_Loss: 0.001 | A_Loss: -0.000 | Alpha: 0.0000
Train Ep: 162/350 | Reward:   36.0 | MSE: 0.3224 | C_Loss: 0.002 | A_Loss: -0.001 | Alpha: 0.0000
Train Ep: 163/350 | Reward:   20.0 | MSE: 0.2099 | C_Loss: 0.009 | A_Loss: -0.000 | Alpha: 0.0000
Train Ep: 164/350 | Reward:    8.0 | MSE: 0.3009 | C_Loss: 0.017 | A_Loss: -0.000 | Alpha: 0.0000
Train Ep: 165/350 | Reward:   16.0 | MSE: 0.3799 | C_Loss: 0.014 | A_Loss: -0.000 | Alpha: 0.0000
  [!] Running Isolated Validation (Pure CMA vs GNN)...
  -> Val Results: Pure Baseline Errors: 5259 | GNN Errors: 5259
  -> Relative Improvement: 0.000%
Train Ep: 166/350 | Reward:   26.0 | MSE: 0.2433 | C_Loss: 0.011 | A_Loss: -0.000 | Alpha: 0.0000
Train Ep: 167/350 | Reward:   79.0 | MSE: 0.2591 | C_Loss: 0.009 | A_Loss: -0.001 | Alpha: 0.0000
Train Ep: 168/350 | Reward:   66.0 | MSE: 0.2357 | C_Loss: 0.014 | A_Loss: -0.002 | Alpha: 0.0000
Train Ep: 169/350 | Reward:   89.0 | MSE: 0.3564 | C_Loss: 0.023 | A_Loss: -0.001 | Alpha: 0.0000
Train Ep: 170/350 | Reward:   82.0 | MSE: 0.3671 | C_Loss: 0.023 | A_Loss: -0.002 | Alpha: 0.0000
  [!] Running Isolated Validation (Pure CMA vs GNN)...
  -> Val Results: Pure Baseline Errors: 5259 | GNN Errors: 5025
  -> Relative Improvement: 4.450%
  *** New Best Model! Net Score improved from 0.01673321924320213 to 0.04449515116942385 ***
[*] Models successfully saved to models/sac_gnn_48_best.pth
Train Ep: 171/350 | Reward:   82.0 | MSE: 0.3615 | C_Loss: 0.017 | A_Loss: -0.002 | Alpha: 0.0000
Train Ep: 172/350 | Reward:   95.0 | MSE: 0.5041 | C_Loss: 0.015 | A_Loss: -0.002 | Alpha: 0.0000
Train Ep: 173/350 | Reward:   76.0 | MSE: 0.4671 | C_Loss: 0.021 | A_Loss: -0.002 | Alpha: 0.0000
Train Ep: 174/350 | Reward:  104.0 | MSE: 0.4198 | C_Loss: 0.019 | A_Loss: -0.002 | Alpha: 0.0000
Train Ep: 175/350 | Reward:   92.0 | MSE: 0.5694 | C_Loss: 0.019 | A_Loss: -0.001 | Alpha: 0.0000
  [!] Running Isolated Validation (Pure CMA vs GNN)...
  -> Val Results: Pure Baseline Errors: 5259 | GNN Errors: 5098
  -> Relative Improvement: 3.061%
Train Ep: 176/350 | Reward:   97.0 | MSE: 0.4950 | C_Loss: 0.022 | A_Loss: -0.003 | Alpha: 0.0000
Train Ep: 177/350 | Reward:   34.0 | MSE: 0.4897 | C_Loss: 0.023 | A_Loss: -0.001 | Alpha: 0.0000
Train Ep: 178/350 | Reward:   30.0 | MSE: 0.5170 | C_Loss: 0.021 | A_Loss: -0.001 | Alpha: 0.0000
Train Ep: 179/350 | Reward:   57.0 | MSE: 0.2748 | C_Loss: 0.019 | A_Loss: -0.001 | Alpha: 0.0000
Train Ep: 180/350 | Reward:   66.0 | MSE: 0.6953 | C_Loss: 0.018 | A_Loss: -0.002 | Alpha: 0.0000
  [!] Running Isolated Validation (Pure CMA vs GNN)...
  -> Val Results: Pure Baseline Errors: 5259 | GNN Errors: 5066
  -> Relative Improvement: 3.670%
Train Ep: 181/350 | Reward:   50.0 | MSE: 0.4961 | C_Loss: 0.019 | A_Loss: -0.002 | Alpha: 0.0000
Train Ep: 182/350 | Reward:   49.0 | MSE: 0.4226 | C_Loss: 0.019 | A_Loss: -0.001 | Alpha: 0.0000
Train Ep: 183/350 | Reward:   59.0 | MSE: 0.5173 | C_Loss: 0.019 | A_Loss: -0.001 | Alpha: 0.0000
Train Ep: 184/350 | Reward:    4.0 | MSE: 0.6141 | C_Loss: 0.023 | A_Loss: -0.001 | Alpha: 0.0000
Train Ep: 185/350 | Reward:   22.0 | MSE: 0.3622 | C_Loss: 0.020 | A_Loss: 0.000 | Alpha: 0.0000
  [!] Running Isolated Validation (Pure CMA vs GNN)...
  -> Val Results: Pure Baseline Errors: 5259 | GNN Errors: 5061
  -> Relative Improvement: 3.765%
Train Ep: 186/350 | Reward:   60.0 | MSE: 0.5508 | C_Loss: 0.017 | A_Loss: 0.000 | Alpha: 0.0000
Train Ep: 187/350 | Reward:   95.0 | MSE: 0.4577 | C_Loss: 0.018 | A_Loss: -0.002 | Alpha: 0.0000
Train Ep: 188/350 | Reward:   52.0 | MSE: 0.3105 | C_Loss: 0.018 | A_Loss: -0.001 | Alpha: 0.0000
Train Ep: 189/350 | Reward:   24.0 | MSE: 0.3698 | C_Loss: 0.013 | A_Loss: -0.001 | Alpha: 0.0000
Train Ep: 190/350 | Reward:   72.0 | MSE: 0.3119 | C_Loss: 0.007 | A_Loss: -0.001 | Alpha: 0.0000
  [!] Running Isolated Validation (Pure CMA vs GNN)...
  -> Val Results: Pure Baseline Errors: 5259 | GNN Errors: 5053
  -> Relative Improvement: 3.917%
Train Ep: 191/350 | Reward:  117.0 | MSE: 0.4980 | C_Loss: 0.010 | A_Loss: -0.001 | Alpha: 0.0000
Train Ep: 192/350 | Reward:   72.0 | MSE: 0.4508 | C_Loss: 0.017 | A_Loss: -0.002 | Alpha: 0.0000
Train Ep: 193/350 | Reward:   43.0 | MSE: 0.5223 | C_Loss: 0.019 | A_Loss: -0.002 | Alpha: 0.0000
Train Ep: 194/350 | Reward:   39.0 | MSE: 0.5535 | C_Loss: 0.019 | A_Loss: -0.001 | Alpha: 0.0000
Train Ep: 195/350 | Reward:   66.0 | MSE: 0.4359 | C_Loss: 0.021 | A_Loss: -0.002 | Alpha: 0.0000
  [!] Running Isolated Validation (Pure CMA vs GNN)...
  -> Val Results: Pure Baseline Errors: 5259 | GNN Errors: 5050
  -> Relative Improvement: 3.974%
Train Ep: 196/350 | Reward:   15.0 | MSE: 0.3850 | C_Loss: 0.019 | A_Loss: -0.001 | Alpha: 0.0000
Train Ep: 197/350 | Reward:   49.0 | MSE: 0.5688 | C_Loss: 0.014 | A_Loss: -0.001 | Alpha: 0.0000
Train Ep: 198/350 | Reward:   64.0 | MSE: 0.5399 | C_Loss: 0.016 | A_Loss: -0.001 | Alpha: 0.0000
Train Ep: 199/350 | Reward:   79.0 | MSE: 0.3826 | C_Loss: 0.016 | A_Loss: -0.002 | Alpha: 0.0000
Train Ep: 200/350 | Reward:  -11.0 | MSE: 0.5067 | C_Loss: 0.018 | A_Loss: -0.002 | Alpha: 0.0000
  [!] Running Isolated Validation (Pure CMA vs GNN)...
  -> Val Results: Pure Baseline Errors: 5259 | GNN Errors: 5047
  -> Relative Improvement: 4.031%
Train Ep: 201/350 | Reward:   62.0 | MSE: 0.4789 | C_Loss: 0.021 | A_Loss: -0.000 | Alpha: 0.0000
Train Ep: 202/350 | Reward: -388.0 | MSE: 0.5541 | C_Loss: 0.024 | A_Loss: -0.001 | Alpha: 0.0000
Train Ep: 203/350 | Reward:   34.0 | MSE: 0.3296 | C_Loss: 0.034 | A_Loss: -0.001 | Alpha: 0.0000
Train Ep: 204/350 | Reward:   61.0 | MSE: 0.5238 | C_Loss: 0.020 | A_Loss: -0.002 | Alpha: 0.0000
Train Ep: 205/350 | Reward:   81.0 | MSE: 0.5125 | C_Loss: 0.010 | A_Loss: -0.002 | Alpha: 0.0000
  [!] Running Isolated Validation (Pure CMA vs GNN)...
  -> Val Results: Pure Baseline Errors: 5259 | GNN Errors: 5042
  -> Relative Improvement: 4.126%
Train Ep: 206/350 | Reward:   60.0 | MSE: 0.4234 | C_Loss: 0.016 | A_Loss: -0.002 | Alpha: 0.0000
Train Ep: 207/350 | Reward:   63.0 | MSE: 0.4982 | C_Loss: 0.013 | A_Loss: -0.001 | Alpha: 0.0000
Train Ep: 208/350 | Reward:   58.0 | MSE: 0.4125 | C_Loss: 0.008 | A_Loss: -0.001 | Alpha: 0.0000
Train Ep: 209/350 | Reward:   40.0 | MSE: 0.3181 | C_Loss: 0.005 | A_Loss: -0.001 | Alpha: 0.0000
Train Ep: 210/350 | Reward:   30.0 | MSE: 0.3914 | C_Loss: 0.003 | A_Loss: -0.001 | Alpha: 0.0000
  [!] Running Isolated Validation (Pure CMA vs GNN)...
  -> Val Results: Pure Baseline Errors: 5259 | GNN Errors: 5084
  -> Relative Improvement: 3.328%
Train Ep: 211/350 | Reward:   19.0 | MSE: 0.4107 | C_Loss: 0.002 | A_Loss: -0.001 | Alpha: 0.0000
Train Ep: 212/350 | Reward:   55.0 | MSE: 0.4119 | C_Loss: 0.004 | A_Loss: -0.001 | Alpha: 0.0000
Train Ep: 213/350 | Reward:   95.0 | MSE: 0.4889 | C_Loss: 0.008 | A_Loss: -0.002 | Alpha: 0.0000
Train Ep: 214/350 | Reward:   33.0 | MSE: 0.3629 | C_Loss: 0.015 | A_Loss: -0.001 | Alpha: 0.0000
Train Ep: 215/350 | Reward:   91.0 | MSE: 0.5028 | C_Loss: 0.016 | A_Loss: -0.001 | Alpha: 0.0000
  [!] Running Isolated Validation (Pure CMA vs GNN)...
  -> Val Results: Pure Baseline Errors: 5259 | GNN Errors: 5055
  -> Relative Improvement: 3.879%
Train Ep: 216/350 | Reward:   99.0 | MSE: 0.4551 | C_Loss: 0.013 | A_Loss: -0.002 | Alpha: 0.0000
Train Ep: 217/350 | Reward:   60.0 | MSE: 0.4851 | C_Loss: 0.014 | A_Loss: -0.002 | Alpha: 0.0000
Train Ep: 218/350 | Reward:   67.0 | MSE: 0.6722 | C_Loss: 0.022 | A_Loss: -0.001 | Alpha: 0.0000
Train Ep: 219/350 | Reward:   37.0 | MSE: 0.5173 | C_Loss: 0.029 | A_Loss: -0.001 | Alpha: 0.0000
Train Ep: 220/350 | Reward:   49.0 | MSE: 0.7133 | C_Loss: 0.035 | A_Loss: -0.000 | Alpha: 0.0000
  [!] Running Isolated Validation (Pure CMA vs GNN)...
  -> Val Results: Pure Baseline Errors: 5259 | GNN Errors: 5126
  -> Relative Improvement: 2.529%
Train Ep: 221/350 | Reward:  -38.0 | MSE: 0.8050 | C_Loss: 0.029 | A_Loss: -0.000 | Alpha: 0.0000
Train Ep: 222/350 | Reward:  -16.0 | MSE: 0.9607 | C_Loss: 0.032 | A_Loss: 0.000 | Alpha: 0.0000
Train Ep: 223/350 | Reward:   24.0 | MSE: 0.7606 | C_Loss: 0.034 | A_Loss: 0.001 | Alpha: 0.0000
Train Ep: 224/350 | Reward:  -32.0 | MSE: 0.5724 | C_Loss: 0.032 | A_Loss: -0.001 | Alpha: 0.0000
Train Ep: 225/350 | Reward:   30.0 | MSE: 0.5993 | C_Loss: 0.028 | A_Loss: -0.000 | Alpha: 0.0000
  [!] Running Isolated Validation (Pure CMA vs GNN)...
  -> Val Results: Pure Baseline Errors: 5259 | GNN Errors: 5043
  -> Relative Improvement: 4.107%
Train Ep: 226/350 | Reward:   -3.0 | MSE: 0.7305 | C_Loss: 0.023 | A_Loss: 0.000 | Alpha: 0.0000
Train Ep: 227/350 | Reward:   43.0 | MSE: 0.5871 | C_Loss: 0.021 | A_Loss: -0.000 | Alpha: 0.0000
Train Ep: 228/350 | Reward:  -29.0 | MSE: 0.2689 | C_Loss: 0.021 | A_Loss: -0.001 | Alpha: 0.0000
Train Ep: 229/350 | Reward:   81.0 | MSE: 0.5023 | C_Loss: 0.019 | A_Loss: -0.000 | Alpha: 0.0000
Train Ep: 230/350 | Reward:   25.0 | MSE: 0.7509 | C_Loss: 0.024 | A_Loss: -0.001 | Alpha: 0.0000
  [!] Running Isolated Validation (Pure CMA vs GNN)...
  -> Val Results: Pure Baseline Errors: 5259 | GNN Errors: 5101
  -> Relative Improvement: 3.004%
Train Ep: 231/350 | Reward:   21.0 | MSE: 0.4294 | C_Loss: 0.024 | A_Loss: -0.001 | Alpha: 0.0000
Train Ep: 232/350 | Reward:   28.0 | MSE: 0.4747 | C_Loss: 0.021 | A_Loss: 0.001 | Alpha: 0.0000
Train Ep: 233/350 | Reward:   68.0 | MSE: 0.2688 | C_Loss: 0.012 | A_Loss: -0.002 | Alpha: 0.0000
Train Ep: 234/350 | Reward:   64.0 | MSE: 0.4594 | C_Loss: 0.016 | A_Loss: -0.002 | Alpha: 0.0000
Train Ep: 235/350 | Reward:   76.0 | MSE: 0.4980 | C_Loss: 0.024 | A_Loss: -0.003 | Alpha: 0.0000
  [!] Running Isolated Validation (Pure CMA vs GNN)...
  -> Val Results: Pure Baseline Errors: 5259 | GNN Errors: 5062
  -> Relative Improvement: 3.746%
Train Ep: 236/350 | Reward:   60.0 | MSE: 0.4027 | C_Loss: 0.024 | A_Loss: -0.001 | Alpha: 0.0000
Train Ep: 237/350 | Reward:  132.0 | MSE: 0.3470 | C_Loss: 0.023 | A_Loss: 0.000 | Alpha: 0.0000
Train Ep: 238/350 | Reward:   94.0 | MSE: 0.4036 | C_Loss: 0.021 | A_Loss: -0.001 | Alpha: 0.0000
Train Ep: 239/350 | Reward:  109.0 | MSE: 0.3721 | C_Loss: 0.018 | A_Loss: -0.002 | Alpha: 0.0000
Train Ep: 240/350 | Reward:   50.0 | MSE: 0.5867 | C_Loss: 0.016 | A_Loss: -0.002 | Alpha: 0.0000
  [!] Running Isolated Validation (Pure CMA vs GNN)...
  -> Val Results: Pure Baseline Errors: 5259 | GNN Errors: 5039
  -> Relative Improvement: 4.183%
Train Ep: 241/350 | Reward:   75.0 | MSE: 0.5413 | C_Loss: 0.017 | A_Loss: -0.002 | Alpha: 0.0000
Train Ep: 242/350 | Reward:   28.0 | MSE: 0.6172 | C_Loss: 0.022 | A_Loss: -0.001 | Alpha: 0.0000
Train Ep: 243/350 | Reward:   52.0 | MSE: 0.5053 | C_Loss: 0.024 | A_Loss: -0.001 | Alpha: 0.0000
Train Ep: 244/350 | Reward:  -29.0 | MSE: 0.6604 | C_Loss: 0.026 | A_Loss: -0.000 | Alpha: 0.0000
Train Ep: 245/350 | Reward:  -19.0 | MSE: 0.6827 | C_Loss: 0.029 | A_Loss: 0.001 | Alpha: 0.0000
  [!] Running Isolated Validation (Pure CMA vs GNN)...
  -> Val Results: Pure Baseline Errors: 5259 | GNN Errors: 5912
  -> Relative Improvement: -12.417%
Train Ep: 246/350 | Reward:   12.0 | MSE: 0.6505 | C_Loss: 0.030 | A_Loss: 0.002 | Alpha: 0.0000
Train Ep: 247/350 | Reward:   55.0 | MSE: 0.3154 | C_Loss: 0.021 | A_Loss: -0.000 | Alpha: 0.0000
Train Ep: 248/350 | Reward:    5.0 | MSE: 0.3207 | C_Loss: 0.009 | A_Loss: -0.001 | Alpha: 0.0000
Train Ep: 249/350 | Reward:   17.0 | MSE: 0.2617 | C_Loss: 0.003 | A_Loss: -0.000 | Alpha: 0.0000
Train Ep: 250/350 | Reward:   25.0 | MSE: 0.4968 | C_Loss: 0.003 | A_Loss: -0.000 | Alpha: 0.0000
  [!] Running Isolated Validation (Pure CMA vs GNN)...
  -> Val Results: Pure Baseline Errors: 5259 | GNN Errors: 5233
  -> Relative Improvement: 0.494%
Train Ep: 251/350 | Reward:    7.0 | MSE: 0.3498 | C_Loss: 0.003 | A_Loss: -0.001 | Alpha: 0.0000
Train Ep: 252/350 | Reward:   14.0 | MSE: 0.3433 | C_Loss: 0.003 | A_Loss: -0.000 | Alpha: 0.0000
Train Ep: 253/350 | Reward:   24.0 | MSE: 0.3577 | C_Loss: 0.002 | A_Loss: -0.000 | Alpha: 0.0000
Train Ep: 254/350 | Reward:   21.0 | MSE: 0.3436 | C_Loss: 0.002 | A_Loss: -0.000 | Alpha: 0.0000
Train Ep: 255/350 | Reward:   10.0 | MSE: 0.4864 | C_Loss: 0.002 | A_Loss: -0.001 | Alpha: 0.0000
  [!] Running Isolated Validation (Pure CMA vs GNN)...
  -> Val Results: Pure Baseline Errors: 5259 | GNN Errors: 5247
  -> Relative Improvement: 0.228%
Train Ep: 256/350 | Reward:   18.0 | MSE: 0.2495 | C_Loss: 0.002 | A_Loss: -0.000 | Alpha: 0.0000
Train Ep: 257/350 | Reward:   10.0 | MSE: 0.1917 | C_Loss: 0.002 | A_Loss: -0.000 | Alpha: 0.0000
Train Ep: 258/350 | Reward:   15.0 | MSE: 0.3551 | C_Loss: 0.001 | A_Loss: -0.000 | Alpha: 0.0000
Train Ep: 259/350 | Reward:    3.0 | MSE: 0.4133 | C_Loss: 0.001 | A_Loss: -0.000 | Alpha: 0.0000
Train Ep: 260/350 | Reward:    3.0 | MSE: 0.2544 | C_Loss: 0.001 | A_Loss: -0.000 | Alpha: 0.0000
  [!] Running Isolated Validation (Pure CMA vs GNN)...
  -> Val Results: Pure Baseline Errors: 5259 | GNN Errors: 5259
  -> Relative Improvement: 0.000%
Train Ep: 261/350 | Reward:    2.0 | MSE: 0.2892 | C_Loss: 0.000 | A_Loss: 0.000 | Alpha: 0.0000
Train Ep: 262/350 | Reward:    4.0 | MSE: 0.4623 | C_Loss: 0.000 | A_Loss: 0.000 | Alpha: 0.0000
Train Ep: 263/350 | Reward:    5.0 | MSE: 0.4793 | C_Loss: 0.000 | A_Loss: -0.000 | Alpha: 0.0000
Train Ep: 264/350 | Reward:   -2.0 | MSE: 0.1983 | C_Loss: 0.000 | A_Loss: -0.000 | Alpha: 0.0000
Train Ep: 265/350 | Reward:    4.0 | MSE: 0.3298 | C_Loss: 0.000 | A_Loss: -0.000 | Alpha: 0.0000
  [!] Running Isolated Validation (Pure CMA vs GNN)...
  -> Val Results: Pure Baseline Errors: 5259 | GNN Errors: 5259
  -> Relative Improvement: 0.000%
Train Ep: 266/350 | Reward:   10.0 | MSE: 0.3524 | C_Loss: 0.001 | A_Loss: -0.000 | Alpha: 0.0000
Train Ep: 267/350 | Reward:    5.0 | MSE: 0.3834 | C_Loss: 0.002 | A_Loss: 0.000 | Alpha: 0.0000
Train Ep: 268/350 | Reward:    3.0 | MSE: 0.2463 | C_Loss: 0.001 | A_Loss: 0.000 | Alpha: 0.0000
Train Ep: 269/350 | Reward:    2.0 | MSE: 0.3412 | C_Loss: 0.001 | A_Loss: -0.000 | Alpha: 0.0000
Train Ep: 270/350 | Reward:   19.0 | MSE: 0.4136 | C_Loss: 0.002 | A_Loss: -0.000 | Alpha: 0.0000
  [!] Running Isolated Validation (Pure CMA vs GNN)...
  -> Val Results: Pure Baseline Errors: 5259 | GNN Errors: 5259
  -> Relative Improvement: 0.000%
Train Ep: 271/350 | Reward:   11.0 | MSE: 0.2443 | C_Loss: 0.002 | A_Loss: 0.000 | Alpha: 0.0000
Train Ep: 272/350 | Reward:   18.0 | MSE: 0.3899 | C_Loss: 0.002 | A_Loss: -0.000 | Alpha: 0.0000
Train Ep: 273/350 | Reward:   21.0 | MSE: 0.3141 | C_Loss: 0.002 | A_Loss: -0.000 | Alpha: 0.0000
Train Ep: 274/350 | Reward:   19.0 | MSE: 0.2338 | C_Loss: 0.002 | A_Loss: -0.000 | Alpha: 0.0000
Train Ep: 275/350 | Reward:   18.0 | MSE: 0.2782 | C_Loss: 0.001 | A_Loss: -0.000 | Alpha: 0.0000
  [!] Running Isolated Validation (Pure CMA vs GNN)...
  -> Val Results: Pure Baseline Errors: 5259 | GNN Errors: 5248
  -> Relative Improvement: 0.209%
Train Ep: 276/350 | Reward:    9.0 | MSE: 0.3825 | C_Loss: 0.002 | A_Loss: -0.000 | Alpha: 0.0000
Train Ep: 277/350 | Reward:   10.0 | MSE: 0.2710 | C_Loss: 0.002 | A_Loss: -0.000 | Alpha: 0.0000
Train Ep: 278/350 | Reward:   26.0 | MSE: 0.3584 | C_Loss: 0.003 | A_Loss: -0.000 | Alpha: 0.0000
Train Ep: 279/350 | Reward:   19.0 | MSE: 0.2927 | C_Loss: 0.005 | A_Loss: -0.000 | Alpha: 0.0000
Train Ep: 280/350 | Reward:   -9.0 | MSE: 0.3038 | C_Loss: 0.005 | A_Loss: -0.000 | Alpha: 0.0000
  [!] Running Isolated Validation (Pure CMA vs GNN)...
  -> Val Results: Pure Baseline Errors: 5259 | GNN Errors: 5132
  -> Relative Improvement: 2.415%
Train Ep: 281/350 | Reward:   35.0 | MSE: 0.4580 | C_Loss: 0.014 | A_Loss: -0.001 | Alpha: 0.0000
Train Ep: 282/350 | Reward:  126.0 | MSE: 0.4348 | C_Loss: 0.029 | A_Loss: -0.002 | Alpha: 0.0000
Train Ep: 283/350 | Reward:  138.0 | MSE: 0.6743 | C_Loss: 0.028 | A_Loss: -0.002 | Alpha: 0.0000
Train Ep: 284/350 | Reward:   46.0 | MSE: 0.6279 | C_Loss: 0.021 | A_Loss: -0.003 | Alpha: 0.0000
Train Ep: 285/350 | Reward:   46.0 | MSE: 0.6593 | C_Loss: 0.020 | A_Loss: -0.002 | Alpha: 0.0000
  [!] Running Isolated Validation (Pure CMA vs GNN)...
  -> Val Results: Pure Baseline Errors: 5259 | GNN Errors: 5163
  -> Relative Improvement: 1.825%
Train Ep: 286/350 | Reward:   96.0 | MSE: 0.7197 | C_Loss: 0.023 | A_Loss: -0.001 | Alpha: 0.0000
Train Ep: 287/350 | Reward:  131.0 | MSE: 0.4978 | C_Loss: 0.025 | A_Loss: -0.001 | Alpha: 0.0000
Train Ep: 288/350 | Reward:   53.0 | MSE: 0.4908 | C_Loss: 0.027 | A_Loss: -0.001 | Alpha: 0.0000
Train Ep: 289/350 | Reward:   46.0 | MSE: 0.5176 | C_Loss: 0.026 | A_Loss: -0.001 | Alpha: 0.0000
Train Ep: 290/350 | Reward:   45.0 | MSE: 0.3505 | C_Loss: 0.025 | A_Loss: -0.001 | Alpha: 0.0000
  [!] Running Isolated Validation (Pure CMA vs GNN)...
  -> Val Results: Pure Baseline Errors: 5259 | GNN Errors: 5104
  -> Relative Improvement: 2.947%
Train Ep: 291/350 | Reward:   34.0 | MSE: 0.6038 | C_Loss: 0.027 | A_Loss: -0.001 | Alpha: 0.0000
Train Ep: 292/350 | Reward:   90.0 | MSE: 0.4068 | C_Loss: 0.020 | A_Loss: -0.002 | Alpha: 0.0000
Train Ep: 293/350 | Reward:   98.0 | MSE: 0.4172 | C_Loss: 0.017 | A_Loss: -0.001 | Alpha: 0.0000
Train Ep: 294/350 | Reward:   89.0 | MSE: 0.6100 | C_Loss: 0.016 | A_Loss: -0.002 | Alpha: 0.0000
Train Ep: 295/350 | Reward:   78.0 | MSE: 0.7214 | C_Loss: 0.018 | A_Loss: -0.001 | Alpha: 0.0000
  [!] Running Isolated Validation (Pure CMA vs GNN)...
  -> Val Results: Pure Baseline Errors: 5259 | GNN Errors: 5067
  -> Relative Improvement: 3.651%
Train Ep: 296/350 | Reward:   94.0 | MSE: 0.5028 | C_Loss: 0.017 | A_Loss: -0.001 | Alpha: 0.0000
Train Ep: 297/350 | Reward:   93.0 | MSE: 0.5905 | C_Loss: 0.018 | A_Loss: -0.001 | Alpha: 0.0000
Train Ep: 298/350 | Reward:  116.0 | MSE: 0.4870 | C_Loss: 0.022 | A_Loss: -0.002 | Alpha: 0.0000
Train Ep: 299/350 | Reward:   17.0 | MSE: 0.6760 | C_Loss: 0.030 | A_Loss: -0.003 | Alpha: 0.0000
Train Ep: 300/350 | Reward:  -53.0 | MSE: 0.4537 | C_Loss: 0.034 | A_Loss: -0.000 | Alpha: 0.0000
  [!] Running Isolated Validation (Pure CMA vs GNN)...
  -> Val Results: Pure Baseline Errors: 5259 | GNN Errors: 5042
  -> Relative Improvement: 4.126%
Train Ep: 301/350 | Reward:  116.0 | MSE: 0.4976 | C_Loss: 0.029 | A_Loss: -0.001 | Alpha: 0.0000
Train Ep: 302/350 | Reward:  111.0 | MSE: 0.5259 | C_Loss: 0.019 | A_Loss: -0.002 | Alpha: 0.0000
Train Ep: 303/350 | Reward:   69.0 | MSE: 0.6307 | C_Loss: 0.019 | A_Loss: -0.002 | Alpha: 0.0000
Train Ep: 304/350 | Reward:   94.0 | MSE: 0.4574 | C_Loss: 0.017 | A_Loss: -0.001 | Alpha: 0.0000
Train Ep: 305/350 | Reward:   50.0 | MSE: 0.4072 | C_Loss: 0.015 | A_Loss: -0.001 | Alpha: 0.0000
  [!] Running Isolated Validation (Pure CMA vs GNN)...
  -> Val Results: Pure Baseline Errors: 5259 | GNN Errors: 5116
  -> Relative Improvement: 2.719%
Train Ep: 306/350 | Reward:   62.0 | MSE: 0.5043 | C_Loss: 0.014 | A_Loss: -0.001 | Alpha: 0.0000
Train Ep: 307/350 | Reward:   36.0 | MSE: 0.5623 | C_Loss: 0.015 | A_Loss: -0.001 | Alpha: 0.0000
Train Ep: 308/350 | Reward:   18.0 | MSE: 0.5264 | C_Loss: 0.020 | A_Loss: -0.001 | Alpha: 0.0000
Train Ep: 309/350 | Reward:   36.0 | MSE: 0.5978 | C_Loss: 0.016 | A_Loss: -0.001 | Alpha: 0.0000
Train Ep: 310/350 | Reward:   61.0 | MSE: 0.6818 | C_Loss: 0.012 | A_Loss: -0.001 | Alpha: 0.0000
  [!] Running Isolated Validation (Pure CMA vs GNN)...
  -> Val Results: Pure Baseline Errors: 5259 | GNN Errors: 5186
  -> Relative Improvement: 1.388%
Train Ep: 311/350 | Reward:   22.0 | MSE: 0.3585 | C_Loss: 0.012 | A_Loss: -0.002 | Alpha: 0.0000
Train Ep: 312/350 | Reward:   -4.0 | MSE: 0.4077 | C_Loss: 0.010 | A_Loss: -0.001 | Alpha: 0.0000
Train Ep: 313/350 | Reward:   14.0 | MSE: 0.4491 | C_Loss: 0.008 | A_Loss: 0.000 | Alpha: 0.0000
Train Ep: 314/350 | Reward:   16.0 | MSE: 0.3654 | C_Loss: 0.010 | A_Loss: 0.000 | Alpha: 0.0000
Train Ep: 315/350 | Reward:   46.0 | MSE: 0.3907 | C_Loss: 0.007 | A_Loss: -0.000 | Alpha: 0.0000
  [!] Running Isolated Validation (Pure CMA vs GNN)...
  -> Val Results: Pure Baseline Errors: 5259 | GNN Errors: 5215
  -> Relative Improvement: 0.837%
Train Ep: 316/350 | Reward:   24.0 | MSE: 0.3420 | C_Loss: 0.005 | A_Loss: -0.001 | Alpha: 0.0000
Train Ep: 317/350 | Reward:  -11.0 | MSE: 0.3052 | C_Loss: 0.007 | A_Loss: -0.001 | Alpha: 0.0000
Train Ep: 318/350 | Reward:   -1.0 | MSE: 0.4879 | C_Loss: 0.013 | A_Loss: 0.000 | Alpha: 0.0000
Train Ep: 319/350 | Reward:   19.0 | MSE: 0.2447 | C_Loss: 0.008 | A_Loss: 0.000 | Alpha: 0.0000
Train Ep: 320/350 | Reward:    1.0 | MSE: 0.3073 | C_Loss: 0.002 | A_Loss: -0.000 | Alpha: 0.0000
  [!] Running Isolated Validation (Pure CMA vs GNN)...
  -> Val Results: Pure Baseline Errors: 5259 | GNN Errors: 5257
  -> Relative Improvement: 0.038%
Train Ep: 321/350 | Reward:    0.0 | MSE: 0.3279 | C_Loss: 0.001 | A_Loss: 0.000 | Alpha: 0.0000
Train Ep: 322/350 | Reward:   -2.0 | MSE: 0.4265 | C_Loss: 0.000 | A_Loss: -0.000 | Alpha: 0.0000
Train Ep: 323/350 | Reward:    0.0 | MSE: 0.4055 | C_Loss: 0.000 | A_Loss: 0.000 | Alpha: 0.0000
Train Ep: 324/350 | Reward:    3.0 | MSE: 0.2899 | C_Loss: 0.000 | A_Loss: 0.000 | Alpha: 0.0000
Train Ep: 325/350 | Reward:    0.0 | MSE: 0.2487 | C_Loss: 0.000 | A_Loss: 0.000 | Alpha: 0.0000
  [!] Running Isolated Validation (Pure CMA vs GNN)...
  -> Val Results: Pure Baseline Errors: 5259 | GNN Errors: 5257
  -> Relative Improvement: 0.038%
Train Ep: 326/350 | Reward:    9.0 | MSE: 0.1992 | C_Loss: 0.000 | A_Loss: 0.000 | Alpha: 0.0000
Train Ep: 327/350 | Reward:    0.0 | MSE: 0.2823 | C_Loss: 0.001 | A_Loss: -0.000 | Alpha: 0.0000
Train Ep: 328/350 | Reward:    1.0 | MSE: 0.3678 | C_Loss: 0.001 | A_Loss: -0.000 | Alpha: 0.0000
Train Ep: 329/350 | Reward:    1.0 | MSE: 0.3732 | C_Loss: 0.000 | A_Loss: -0.000 | Alpha: 0.0000
Train Ep: 330/350 | Reward:    5.0 | MSE: 0.3772 | C_Loss: 0.000 | A_Loss: 0.000 | Alpha: 0.0000
  [!] Running Isolated Validation (Pure CMA vs GNN)...
  -> Val Results: Pure Baseline Errors: 5259 | GNN Errors: 5259
  -> Relative Improvement: 0.000%
Train Ep: 331/350 | Reward:    1.0 | MSE: 0.2810 | C_Loss: 0.000 | A_Loss: 0.000 | Alpha: 0.0000
Train Ep: 332/350 | Reward:    0.0 | MSE: 0.3269 | C_Loss: 0.000 | A_Loss: -0.000 | Alpha: 0.0000
Train Ep: 333/350 | Reward:    6.0 | MSE: 0.3025 | C_Loss: 0.000 | A_Loss: -0.000 | Alpha: 0.0000
Train Ep: 334/350 | Reward:    6.0 | MSE: 0.4123 | C_Loss: 0.001 | A_Loss: -0.000 | Alpha: 0.0000
Train Ep: 335/350 | Reward:   55.0 | MSE: 0.2794 | C_Loss: 0.003 | A_Loss: -0.000 | Alpha: 0.0000
  [!] Running Isolated Validation (Pure CMA vs GNN)...
  -> Val Results: Pure Baseline Errors: 5259 | GNN Errors: 5098
  -> Relative Improvement: 3.061%
Train Ep: 336/350 | Reward:   89.0 | MSE: 0.4533 | C_Loss: 0.017 | A_Loss: -0.001 | Alpha: 0.0000
Train Ep: 337/350 | Reward:  -20.0 | MSE: 0.3777 | C_Loss: 0.028 | A_Loss: -0.000 | Alpha: 0.0000
Train Ep: 338/350 | Reward:   31.0 | MSE: 0.2985 | C_Loss: 0.017 | A_Loss: -0.000 | Alpha: 0.0000
Train Ep: 339/350 | Reward:  116.0 | MSE: 0.4850 | C_Loss: 0.009 | A_Loss: -0.000 | Alpha: 0.0000
Train Ep: 340/350 | Reward:    6.0 | MSE: 0.7403 | C_Loss: 0.021 | A_Loss: -0.002 | Alpha: 0.0000
  [!] Running Isolated Validation (Pure CMA vs GNN)...
  -> Val Results: Pure Baseline Errors: 5259 | GNN Errors: 5164
  -> Relative Improvement: 1.806%
Train Ep: 341/350 | Reward:  -16.0 | MSE: 0.6815 | C_Loss: 0.028 | A_Loss: -0.001 | Alpha: 0.0000
Train Ep: 342/350 | Reward:   78.0 | MSE: 0.5883 | C_Loss: 0.025 | A_Loss: 0.000 | Alpha: 0.0000
Train Ep: 343/350 | Reward:   12.0 | MSE: 0.5880 | C_Loss: 0.025 | A_Loss: -0.000 | Alpha: 0.0000
Train Ep: 344/350 | Reward:   18.0 | MSE: 0.6213 | C_Loss: 0.029 | A_Loss: 0.001 | Alpha: 0.0000
Train Ep: 345/350 | Reward:   55.0 | MSE: 0.4702 | C_Loss: 0.031 | A_Loss: 0.000 | Alpha: 0.0000
  [!] Running Isolated Validation (Pure CMA vs GNN)...
  -> Val Results: Pure Baseline Errors: 5259 | GNN Errors: 5219
  -> Relative Improvement: 0.761%
Train Ep: 346/350 | Reward:   86.0 | MSE: 0.6411 | C_Loss: 0.028 | A_Loss: -0.001 | Alpha: 0.0000
Train Ep: 347/350 | Reward:  100.0 | MSE: 0.5199 | C_Loss: 0.020 | A_Loss: -0.001 | Alpha: 0.0000
Train Ep: 348/350 | Reward:   57.0 | MSE: 0.5201 | C_Loss: 0.017 | A_Loss: -0.002 | Alpha: 0.0000
Train Ep: 349/350 | Reward:   78.0 | MSE: 0.5026 | C_Loss: 0.016 | A_Loss: -0.001 | Alpha: 0.0000
Train Ep: 350/350 | Reward:   29.0 | MSE: 0.4800 | C_Loss: 0.014 | A_Loss: -0.002 | Alpha: 0.0000
  [!] Running Isolated Validation (Pure CMA vs GNN)...
  -> Val Results: Pure Baseline Errors: 5259 | GNN Errors: 5066
  -> Relative Improvement: 3.670%

Training complete in 42075.73 seconds.
[*] Models successfully saved to models/sac_gnn_48.pth
Training plots saved to 'plots/training_metrics_48.png'
[*] The best performing model during validation was saved to: models/sac_gnn_48_best.pth
Training run time = 42076.71 s
Job finished at: Mon Apr 27 22:51:01 CEST 2026
