Job started at: Fri Apr 24 00:23:50 CEST 2026
Starting Run 46: Gamma=0.0 | Layers=1 | Mismatch=30.0 | action_scale=6 | Not using P.C.
SLURM Mode Received: 0
Execution Pipeline: ['train']
Loaded Configuration: {'mode': 0, 'model_path': 'models/sac_gnn_46.pth', 'training_metrics_filename': 'training_metrics_46.png', 'distance': 5, 'n_rounds': 5, 'p': 0.004, 'p_gate_zz': 0.0, 'mismatch': 30.0, 'n_shots': 65000, 'n_test_shots': 10000, 'burn_in_steps': 15000, 'bypass_threshold': 2, 'action_scale': 6.0, 'update_period': 100, 'prior_shots': 1000, 'local_action_only': True, 'local_action_hops': 1, 'n_layers': 1, 'use_pearson_correlation': False, 'hidden_dim': 256, 'lr': 0.0001, 'gamma': 0.0, 'tau': 0.005, 'alpha': 0.01, 'batch_size': 64, 'buffer_capacity': 100000, 'update_frequency': 100, 'train_episodes': 350, 'test_episodes': 20}

Initializing environment...

############################################################
### RUNNING MODE: TRAIN
############################################################

========================================
STARTING TRAINING (Episodes: 350)
========================================
Train Ep: 001/350 | Reward: -1982.0 | MSE: 0.2228 | C_Loss: 0.157 | A_Loss: 0.038 | Alpha: 0.0095
Train Ep: 002/350 | Reward: -400.0 | MSE: 0.2074 | C_Loss: 0.124 | A_Loss: 0.024 | Alpha: 0.0091
Train Ep: 003/350 | Reward:  -10.0 | MSE: 0.3220 | C_Loss: 0.062 | A_Loss: 0.004 | Alpha: 0.0088
Train Ep: 004/350 | Reward:  -58.0 | MSE: 0.3436 | C_Loss: 0.012 | A_Loss: -0.002 | Alpha: 0.0084
Train Ep: 005/350 | Reward:  -47.0 | MSE: 0.3687 | C_Loss: 0.008 | A_Loss: -0.002 | Alpha: 0.0080
Train Ep: 006/350 | Reward: -148.0 | MSE: 0.2650 | C_Loss: 0.014 | A_Loss: -0.002 | Alpha: 0.0076
Train Ep: 007/350 | Reward:  -33.0 | MSE: 0.2749 | C_Loss: 0.020 | A_Loss: -0.000 | Alpha: 0.0072
Train Ep: 008/350 | Reward:  -37.0 | MSE: 0.2944 | C_Loss: 0.017 | A_Loss: -0.001 | Alpha: 0.0069
Train Ep: 009/350 | Reward:  -24.0 | MSE: 0.3576 | C_Loss: 0.011 | A_Loss: -0.001 | Alpha: 0.0066
Train Ep: 010/350 | Reward:  -39.0 | MSE: 0.3851 | C_Loss: 0.012 | A_Loss: -0.002 | Alpha: 0.0063
Train Ep: 011/350 | Reward:  -66.0 | MSE: 0.3258 | C_Loss: 0.013 | A_Loss: -0.002 | Alpha: 0.0060
Train Ep: 012/350 | Reward: -106.0 | MSE: 0.4125 | C_Loss: 0.017 | A_Loss: -0.001 | Alpha: 0.0057
Train Ep: 013/350 | Reward: -273.0 | MSE: 0.2958 | C_Loss: 0.027 | A_Loss: -0.001 | Alpha: 0.0055
Train Ep: 014/350 | Reward: -171.0 | MSE: 0.4262 | C_Loss: 0.035 | A_Loss: 0.001 | Alpha: 0.0052
Train Ep: 015/350 | Reward: -277.0 | MSE: 0.3022 | C_Loss: 0.034 | A_Loss: 0.002 | Alpha: 0.0050
Train Ep: 016/350 | Reward: -153.0 | MSE: 0.3684 | C_Loss: 0.031 | A_Loss: 0.002 | Alpha: 0.0048
Train Ep: 017/350 | Reward: -222.0 | MSE: 0.3425 | C_Loss: 0.029 | A_Loss: 0.001 | Alpha: 0.0046
Train Ep: 018/350 | Reward: -260.0 | MSE: 0.3437 | C_Loss: 0.031 | A_Loss: 0.002 | Alpha: 0.0044
Train Ep: 019/350 | Reward: -202.0 | MSE: 0.3763 | C_Loss: 0.034 | A_Loss: 0.004 | Alpha: 0.0042
Train Ep: 020/350 | Reward: -169.0 | MSE: 0.3077 | C_Loss: 0.031 | A_Loss: 0.002 | Alpha: 0.0040
Train Ep: 021/350 | Reward: -153.0 | MSE: 0.2483 | C_Loss: 0.029 | A_Loss: 0.002 | Alpha: 0.0038
Train Ep: 022/350 | Reward: -144.0 | MSE: 0.3143 | C_Loss: 0.033 | A_Loss: 0.000 | Alpha: 0.0036
Train Ep: 023/350 | Reward: -140.0 | MSE: 0.4622 | C_Loss: 0.031 | A_Loss: 0.001 | Alpha: 0.0035
Train Ep: 024/350 | Reward: -246.0 | MSE: 0.3979 | C_Loss: 0.034 | A_Loss: 0.001 | Alpha: 0.0033
Train Ep: 025/350 | Reward: -213.0 | MSE: 0.2123 | C_Loss: 0.033 | A_Loss: 0.001 | Alpha: 0.0032
Train Ep: 026/350 | Reward:  -93.0 | MSE: 0.3083 | C_Loss: 0.029 | A_Loss: 0.003 | Alpha: 0.0030
Train Ep: 027/350 | Reward: -131.0 | MSE: 0.4279 | C_Loss: 0.026 | A_Loss: 0.001 | Alpha: 0.0029
Train Ep: 028/350 | Reward:  -96.0 | MSE: 0.2826 | C_Loss: 0.025 | A_Loss: 0.001 | Alpha: 0.0028
Train Ep: 029/350 | Reward:  -99.0 | MSE: 0.4146 | C_Loss: 0.021 | A_Loss: 0.001 | Alpha: 0.0027
Train Ep: 030/350 | Reward:  -35.0 | MSE: 0.3822 | C_Loss: 0.019 | A_Loss: 0.000 | Alpha: 0.0025
Train Ep: 031/350 | Reward:  -44.0 | MSE: 0.3012 | C_Loss: 0.014 | A_Loss: 0.001 | Alpha: 0.0024
Train Ep: 032/350 | Reward:  -28.0 | MSE: 0.3182 | C_Loss: 0.013 | A_Loss: -0.000 | Alpha: 0.0023
Train Ep: 033/350 | Reward:  -25.0 | MSE: 0.3301 | C_Loss: 0.013 | A_Loss: -0.000 | Alpha: 0.0022
Train Ep: 034/350 | Reward:  -57.0 | MSE: 0.3622 | C_Loss: 0.014 | A_Loss: -0.000 | Alpha: 0.0021
Train Ep: 035/350 | Reward:  -40.0 | MSE: 0.3512 | C_Loss: 0.016 | A_Loss: -0.000 | Alpha: 0.0020
Train Ep: 036/350 | Reward:  -64.0 | MSE: 0.1834 | C_Loss: 0.017 | A_Loss: -0.000 | Alpha: 0.0019
Train Ep: 037/350 | Reward:  -83.0 | MSE: 0.3297 | C_Loss: 0.015 | A_Loss: -0.001 | Alpha: 0.0018
Train Ep: 038/350 | Reward:  -33.0 | MSE: 0.2424 | C_Loss: 0.017 | A_Loss: 0.001 | Alpha: 0.0018
Train Ep: 039/350 | Reward: -248.0 | MSE: 0.2498 | C_Loss: 0.023 | A_Loss: 0.000 | Alpha: 0.0017
Train Ep: 040/350 | Reward: -266.0 | MSE: 0.4016 | C_Loss: 0.034 | A_Loss: 0.003 | Alpha: 0.0016
Train Ep: 041/350 | Reward: -145.0 | MSE: 0.2674 | C_Loss: 0.039 | A_Loss: 0.005 | Alpha: 0.0015
Train Ep: 042/350 | Reward: -128.0 | MSE: 0.4134 | C_Loss: 0.031 | A_Loss: 0.002 | Alpha: 0.0015
Train Ep: 043/350 | Reward: -220.0 | MSE: 0.2942 | C_Loss: 0.030 | A_Loss: 0.002 | Alpha: 0.0014
Train Ep: 044/350 | Reward: -146.0 | MSE: 0.3854 | C_Loss: 0.029 | A_Loss: 0.003 | Alpha: 0.0013
Train Ep: 045/350 | Reward: -193.0 | MSE: 0.3443 | C_Loss: 0.032 | A_Loss: 0.002 | Alpha: 0.0013
Train Ep: 046/350 | Reward: -221.0 | MSE: 0.2969 | C_Loss: 0.031 | A_Loss: 0.004 | Alpha: 0.0012
Train Ep: 047/350 | Reward:  -47.0 | MSE: 0.4356 | C_Loss: 0.025 | A_Loss: 0.003 | Alpha: 0.0012
Train Ep: 048/350 | Reward:  -99.0 | MSE: 0.3113 | C_Loss: 0.018 | A_Loss: 0.002 | Alpha: 0.0011
Train Ep: 049/350 | Reward:    4.0 | MSE: 0.3607 | C_Loss: 0.010 | A_Loss: 0.000 | Alpha: 0.0011
  [!] Reward crossed 0! Unlocking Validation phase for the rest of training.
Train Ep: 050/350 | Reward:   -3.0 | MSE: 0.3859 | C_Loss: 0.003 | A_Loss: -0.000 | Alpha: 0.0011
  [!] Running Isolated Validation (Pure CMA vs GNN)...
  -> Val Results: Pure Baseline Errors: 5195 | GNN Errors: 5195
  -> Relative Improvement: 0.000%
  *** New Best Model! Net Score improved from -inf to 0.0 ***
[*] Models successfully saved to models/sac_gnn_46_best.pth
Train Ep: 051/350 | Reward:   -2.0 | MSE: 0.3365 | C_Loss: 0.000 | A_Loss: 0.000 | Alpha: 0.0010
Train Ep: 052/350 | Reward:   -1.0 | MSE: 0.2833 | C_Loss: 0.001 | A_Loss: 0.000 | Alpha: 0.0010
Train Ep: 053/350 | Reward:   -2.0 | MSE: 0.2387 | C_Loss: 0.000 | A_Loss: 0.000 | Alpha: 0.0009
Train Ep: 054/350 | Reward:   -1.0 | MSE: 0.2816 | C_Loss: 0.000 | A_Loss: 0.000 | Alpha: 0.0009
Train Ep: 055/350 | Reward:    5.0 | MSE: 0.3928 | C_Loss: 0.000 | A_Loss: 0.000 | Alpha: 0.0009
  [!] Running Isolated Validation (Pure CMA vs GNN)...
  -> Val Results: Pure Baseline Errors: 5195 | GNN Errors: 5195
  -> Relative Improvement: 0.000%
Train Ep: 056/350 | Reward:    2.0 | MSE: 0.3665 | C_Loss: 0.001 | A_Loss: 0.000 | Alpha: 0.0008
Train Ep: 057/350 | Reward:    4.0 | MSE: 0.3964 | C_Loss: 0.000 | A_Loss: 0.000 | Alpha: 0.0008
Train Ep: 058/350 | Reward:   12.0 | MSE: 0.2671 | C_Loss: 0.001 | A_Loss: -0.000 | Alpha: 0.0008
Train Ep: 059/350 | Reward:   14.0 | MSE: 0.3632 | C_Loss: 0.001 | A_Loss: -0.000 | Alpha: 0.0007
Train Ep: 060/350 | Reward:   -1.0 | MSE: 0.3032 | C_Loss: 0.003 | A_Loss: -0.000 | Alpha: 0.0007
  [!] Running Isolated Validation (Pure CMA vs GNN)...
  -> Val Results: Pure Baseline Errors: 5195 | GNN Errors: 5195
  -> Relative Improvement: 0.000%
Train Ep: 061/350 | Reward:    6.0 | MSE: 0.2495 | C_Loss: 0.004 | A_Loss: -0.000 | Alpha: 0.0006
Train Ep: 062/350 | Reward:   11.0 | MSE: 0.4869 | C_Loss: 0.004 | A_Loss: -0.000 | Alpha: 0.0006
Train Ep: 063/350 | Reward:   -3.0 | MSE: 0.3817 | C_Loss: 0.003 | A_Loss: 0.000 | Alpha: 0.0006
Train Ep: 064/350 | Reward:   -2.0 | MSE: 0.3490 | C_Loss: 0.004 | A_Loss: 0.000 | Alpha: 0.0006
Train Ep: 065/350 | Reward:   10.0 | MSE: 0.4738 | C_Loss: 0.003 | A_Loss: 0.000 | Alpha: 0.0005
  [!] Running Isolated Validation (Pure CMA vs GNN)...
  -> Val Results: Pure Baseline Errors: 5195 | GNN Errors: 5195
  -> Relative Improvement: 0.000%
Train Ep: 066/350 | Reward:   -1.0 | MSE: 0.2842 | C_Loss: 0.003 | A_Loss: -0.000 | Alpha: 0.0005
Train Ep: 067/350 | Reward:  -17.0 | MSE: 0.2975 | C_Loss: 0.003 | A_Loss: -0.000 | Alpha: 0.0005
Train Ep: 068/350 | Reward:  -26.0 | MSE: 0.2710 | C_Loss: 0.007 | A_Loss: 0.000 | Alpha: 0.0005
Train Ep: 069/350 | Reward:    0.0 | MSE: 0.3482 | C_Loss: 0.010 | A_Loss: 0.000 | Alpha: 0.0004
Train Ep: 070/350 | Reward:   -9.0 | MSE: 0.2914 | C_Loss: 0.009 | A_Loss: 0.000 | Alpha: 0.0004
  [!] Running Isolated Validation (Pure CMA vs GNN)...
  -> Val Results: Pure Baseline Errors: 5195 | GNN Errors: 5195
  -> Relative Improvement: 0.000%
Train Ep: 071/350 | Reward:   17.0 | MSE: 0.3647 | C_Loss: 0.005 | A_Loss: 0.000 | Alpha: 0.0004
Train Ep: 072/350 | Reward:   -5.0 | MSE: 0.3990 | C_Loss: 0.002 | A_Loss: -0.000 | Alpha: 0.0004
Train Ep: 073/350 | Reward:    2.0 | MSE: 0.3710 | C_Loss: 0.002 | A_Loss: -0.000 | Alpha: 0.0004
Train Ep: 074/350 | Reward:   -6.0 | MSE: 0.3336 | C_Loss: 0.002 | A_Loss: -0.000 | Alpha: 0.0004
Train Ep: 075/350 | Reward:   -2.0 | MSE: 0.3875 | C_Loss: 0.003 | A_Loss: 0.000 | Alpha: 0.0003
  [!] Running Isolated Validation (Pure CMA vs GNN)...
  -> Val Results: Pure Baseline Errors: 5195 | GNN Errors: 5195
  -> Relative Improvement: 0.000%
Train Ep: 076/350 | Reward:   10.0 | MSE: 0.3445 | C_Loss: 0.002 | A_Loss: -0.000 | Alpha: 0.0003
Train Ep: 077/350 | Reward:   11.0 | MSE: 0.2718 | C_Loss: 0.002 | A_Loss: -0.000 | Alpha: 0.0003
Train Ep: 078/350 | Reward:    9.0 | MSE: 0.2997 | C_Loss: 0.002 | A_Loss: -0.000 | Alpha: 0.0003
Train Ep: 079/350 | Reward:   17.0 | MSE: 0.3041 | C_Loss: 0.002 | A_Loss: -0.000 | Alpha: 0.0003
Train Ep: 080/350 | Reward:    1.0 | MSE: 0.4033 | C_Loss: 0.003 | A_Loss: -0.000 | Alpha: 0.0003
  [!] Running Isolated Validation (Pure CMA vs GNN)...
  -> Val Results: Pure Baseline Errors: 5195 | GNN Errors: 5195
  -> Relative Improvement: 0.000%
Train Ep: 081/350 | Reward:    2.0 | MSE: 0.5045 | C_Loss: 0.002 | A_Loss: -0.000 | Alpha: 0.0003
Train Ep: 082/350 | Reward:    1.0 | MSE: 0.3365 | C_Loss: 0.003 | A_Loss: 0.000 | Alpha: 0.0002
Train Ep: 083/350 | Reward:    9.0 | MSE: 0.4681 | C_Loss: 0.006 | A_Loss: 0.000 | Alpha: 0.0002
Train Ep: 084/350 | Reward:   13.0 | MSE: 0.3586 | C_Loss: 0.004 | A_Loss: 0.000 | Alpha: 0.0002
Train Ep: 085/350 | Reward:  -28.0 | MSE: 0.2787 | C_Loss: 0.005 | A_Loss: 0.000 | Alpha: 0.0002
  [!] Running Isolated Validation (Pure CMA vs GNN)...
  -> Val Results: Pure Baseline Errors: 5195 | GNN Errors: 5195
  -> Relative Improvement: 0.000%
Train Ep: 086/350 | Reward:    3.0 | MSE: 0.2328 | C_Loss: 0.006 | A_Loss: 0.000 | Alpha: 0.0002
Train Ep: 087/350 | Reward:   19.0 | MSE: 0.2680 | C_Loss: 0.007 | A_Loss: 0.001 | Alpha: 0.0002
Train Ep: 088/350 | Reward:   -6.0 | MSE: 0.3448 | C_Loss: 0.004 | A_Loss: -0.000 | Alpha: 0.0002
Train Ep: 089/350 | Reward:   10.0 | MSE: 0.2850 | C_Loss: 0.003 | A_Loss: -0.000 | Alpha: 0.0002
Train Ep: 090/350 | Reward:    9.0 | MSE: 0.3000 | C_Loss: 0.005 | A_Loss: -0.000 | Alpha: 0.0002
  [!] Running Isolated Validation (Pure CMA vs GNN)...
  -> Val Results: Pure Baseline Errors: 5195 | GNN Errors: 5193
  -> Relative Improvement: 0.038%
  *** New Best Model! Net Score improved from 0.0 to 0.00038498556304138594 ***
[*] Models successfully saved to models/sac_gnn_46_best.pth
Train Ep: 091/350 | Reward:  -15.0 | MSE: 0.2545 | C_Loss: 0.010 | A_Loss: -0.001 | Alpha: 0.0002
Train Ep: 092/350 | Reward:  -19.0 | MSE: 0.3392 | C_Loss: 0.012 | A_Loss: 0.000 | Alpha: 0.0002
Train Ep: 093/350 | Reward:  -41.0 | MSE: 0.3006 | C_Loss: 0.011 | A_Loss: 0.001 | Alpha: 0.0002
Train Ep: 094/350 | Reward:  -14.0 | MSE: 0.3512 | C_Loss: 0.014 | A_Loss: 0.000 | Alpha: 0.0001
Train Ep: 095/350 | Reward:   13.0 | MSE: 0.3537 | C_Loss: 0.011 | A_Loss: 0.001 | Alpha: 0.0001
  [!] Running Isolated Validation (Pure CMA vs GNN)...
  -> Val Results: Pure Baseline Errors: 5195 | GNN Errors: 5193
  -> Relative Improvement: 0.038%
Train Ep: 096/350 | Reward:   -2.0 | MSE: 0.2859 | C_Loss: 0.009 | A_Loss: 0.000 | Alpha: 0.0001
Train Ep: 097/350 | Reward:  -12.0 | MSE: 0.3523 | C_Loss: 0.008 | A_Loss: 0.000 | Alpha: 0.0001
Train Ep: 098/350 | Reward:  -26.0 | MSE: 0.3282 | C_Loss: 0.008 | A_Loss: 0.000 | Alpha: 0.0001
Train Ep: 099/350 | Reward:   -8.0 | MSE: 0.3738 | C_Loss: 0.010 | A_Loss: 0.001 | Alpha: 0.0001
Train Ep: 100/350 | Reward:   -7.0 | MSE: 0.3995 | C_Loss: 0.010 | A_Loss: 0.001 | Alpha: 0.0001
  [!] Running Isolated Validation (Pure CMA vs GNN)...
  -> Val Results: Pure Baseline Errors: 5195 | GNN Errors: 5024
  -> Relative Improvement: 3.292%
  *** New Best Model! Net Score improved from 0.00038498556304138594 to 0.0329162656400385 ***
[*] Models successfully saved to models/sac_gnn_46_best.pth
Train Ep: 101/350 | Reward:  -54.0 | MSE: 0.3464 | C_Loss: 0.015 | A_Loss: -0.000 | Alpha: 0.0001
Train Ep: 102/350 | Reward:    0.0 | MSE: 0.4116 | C_Loss: 0.010 | A_Loss: -0.000 | Alpha: 0.0001
Train Ep: 103/350 | Reward:    0.0 | MSE: 0.3407 | C_Loss: 0.002 | A_Loss: 0.000 | Alpha: 0.0001
Train Ep: 104/350 | Reward:    7.0 | MSE: 0.3879 | C_Loss: 0.001 | A_Loss: -0.000 | Alpha: 0.0001
Train Ep: 105/350 | Reward:    1.0 | MSE: 0.4459 | C_Loss: 0.001 | A_Loss: -0.000 | Alpha: 0.0001
  [!] Running Isolated Validation (Pure CMA vs GNN)...
  -> Val Results: Pure Baseline Errors: 5195 | GNN Errors: 5195
  -> Relative Improvement: 0.000%
Train Ep: 106/350 | Reward:   17.0 | MSE: 0.3147 | C_Loss: 0.002 | A_Loss: -0.000 | Alpha: 0.0001
Train Ep: 107/350 | Reward:    9.0 | MSE: 0.2287 | C_Loss: 0.004 | A_Loss: -0.000 | Alpha: 0.0001
Train Ep: 108/350 | Reward:   22.0 | MSE: 0.2762 | C_Loss: 0.004 | A_Loss: -0.001 | Alpha: 0.0001
Train Ep: 109/350 | Reward:   24.0 | MSE: 0.3292 | C_Loss: 0.005 | A_Loss: -0.000 | Alpha: 0.0001
Train Ep: 110/350 | Reward:   29.0 | MSE: 0.2051 | C_Loss: 0.006 | A_Loss: -0.000 | Alpha: 0.0001
  [!] Running Isolated Validation (Pure CMA vs GNN)...
  -> Val Results: Pure Baseline Errors: 5195 | GNN Errors: 5195
  -> Relative Improvement: 0.000%
Train Ep: 111/350 | Reward:   18.0 | MSE: 0.2802 | C_Loss: 0.005 | A_Loss: -0.000 | Alpha: 0.0001
Train Ep: 112/350 | Reward:    3.0 | MSE: 0.3347 | C_Loss: 0.003 | A_Loss: -0.000 | Alpha: 0.0001
Train Ep: 113/350 | Reward:    4.0 | MSE: 0.3136 | C_Loss: 0.003 | A_Loss: -0.000 | Alpha: 0.0001
Train Ep: 114/350 | Reward:   18.0 | MSE: 0.3228 | C_Loss: 0.003 | A_Loss: -0.000 | Alpha: 0.0001
Train Ep: 115/350 | Reward:   21.0 | MSE: 0.3477 | C_Loss: 0.004 | A_Loss: -0.000 | Alpha: 0.0001
  [!] Running Isolated Validation (Pure CMA vs GNN)...
  -> Val Results: Pure Baseline Errors: 5195 | GNN Errors: 5195
  -> Relative Improvement: 0.000%
Train Ep: 116/350 | Reward:   18.0 | MSE: 0.3662 | C_Loss: 0.007 | A_Loss: -0.001 | Alpha: 0.0001
Train Ep: 117/350 | Reward:   20.0 | MSE: 0.3983 | C_Loss: 0.009 | A_Loss: 0.000 | Alpha: 0.0001
Train Ep: 118/350 | Reward:   -7.0 | MSE: 0.2356 | C_Loss: 0.006 | A_Loss: 0.000 | Alpha: 0.0000
Train Ep: 119/350 | Reward:   24.0 | MSE: 0.3243 | C_Loss: 0.006 | A_Loss: -0.000 | Alpha: 0.0000
Train Ep: 120/350 | Reward:   29.0 | MSE: 0.2478 | C_Loss: 0.007 | A_Loss: -0.000 | Alpha: 0.0000
  [!] Running Isolated Validation (Pure CMA vs GNN)...
  -> Val Results: Pure Baseline Errors: 5195 | GNN Errors: 5194
  -> Relative Improvement: 0.019%
Train Ep: 121/350 | Reward:  -10.0 | MSE: 0.3751 | C_Loss: 0.010 | A_Loss: -0.000 | Alpha: 0.0000
Train Ep: 122/350 | Reward:  -55.0 | MSE: 0.3562 | C_Loss: 0.014 | A_Loss: -0.000 | Alpha: 0.0000
Train Ep: 123/350 | Reward: -129.0 | MSE: 0.2832 | C_Loss: 0.016 | A_Loss: 0.001 | Alpha: 0.0000
Train Ep: 124/350 | Reward:  -40.0 | MSE: 0.3305 | C_Loss: 0.021 | A_Loss: 0.002 | Alpha: 0.0000
Train Ep: 125/350 | Reward:    5.0 | MSE: 0.3200 | C_Loss: 0.018 | A_Loss: 0.002 | Alpha: 0.0000
  [!] Running Isolated Validation (Pure CMA vs GNN)...
  -> Val Results: Pure Baseline Errors: 5195 | GNN Errors: 5195
  -> Relative Improvement: 0.000%
Train Ep: 126/350 | Reward:    0.0 | MSE: 0.4141 | C_Loss: 0.003 | A_Loss: -0.000 | Alpha: 0.0000
Train Ep: 127/350 | Reward:    0.0 | MSE: 0.2923 | C_Loss: 0.000 | A_Loss: 0.000 | Alpha: 0.0000
Train Ep: 128/350 | Reward:    0.0 | MSE: 0.3724 | C_Loss: 0.000 | A_Loss: 0.000 | Alpha: 0.0000
Train Ep: 129/350 | Reward:    0.0 | MSE: 0.3870 | C_Loss: 0.000 | A_Loss: 0.000 | Alpha: 0.0000
Train Ep: 130/350 | Reward:    0.0 | MSE: 0.2573 | C_Loss: 0.000 | A_Loss: 0.000 | Alpha: 0.0000
  [!] Running Isolated Validation (Pure CMA vs GNN)...
  -> Val Results: Pure Baseline Errors: 5195 | GNN Errors: 5195
  -> Relative Improvement: 0.000%
Train Ep: 131/350 | Reward:   -1.0 | MSE: 0.3807 | C_Loss: 0.000 | A_Loss: 0.000 | Alpha: 0.0000
Train Ep: 132/350 | Reward:    1.0 | MSE: 0.3046 | C_Loss: 0.000 | A_Loss: 0.000 | Alpha: 0.0000
Train Ep: 133/350 | Reward:    0.0 | MSE: 0.2938 | C_Loss: 0.000 | A_Loss: 0.000 | Alpha: 0.0000
Train Ep: 134/350 | Reward:    1.0 | MSE: 0.4160 | C_Loss: 0.000 | A_Loss: 0.000 | Alpha: 0.0000
Train Ep: 135/350 | Reward:    0.0 | MSE: 0.2929 | C_Loss: 0.000 | A_Loss: 0.000 | Alpha: 0.0000
  [!] Running Isolated Validation (Pure CMA vs GNN)...
  -> Val Results: Pure Baseline Errors: 5195 | GNN Errors: 5195
  -> Relative Improvement: 0.000%
Train Ep: 136/350 | Reward:    2.0 | MSE: 0.2307 | C_Loss: 0.000 | A_Loss: 0.000 | Alpha: 0.0000
Train Ep: 137/350 | Reward:   -2.0 | MSE: 0.3715 | C_Loss: 0.000 | A_Loss: 0.000 | Alpha: 0.0000
Train Ep: 138/350 | Reward:    0.0 | MSE: 0.5037 | C_Loss: 0.000 | A_Loss: 0.000 | Alpha: 0.0000
Train Ep: 139/350 | Reward:    1.0 | MSE: 0.3049 | C_Loss: 0.000 | A_Loss: 0.000 | Alpha: 0.0000
Train Ep: 140/350 | Reward:    0.0 | MSE: 0.3151 | C_Loss: 0.000 | A_Loss: 0.000 | Alpha: 0.0000
  [!] Running Isolated Validation (Pure CMA vs GNN)...
  -> Val Results: Pure Baseline Errors: 5195 | GNN Errors: 5195
  -> Relative Improvement: 0.000%
Train Ep: 141/350 | Reward:    0.0 | MSE: 0.4626 | C_Loss: 0.000 | A_Loss: 0.000 | Alpha: 0.0000
Train Ep: 142/350 | Reward:    0.0 | MSE: 0.4493 | C_Loss: 0.000 | A_Loss: 0.000 | Alpha: 0.0000
Train Ep: 143/350 | Reward:    0.0 | MSE: 0.2423 | C_Loss: 0.000 | A_Loss: 0.000 | Alpha: 0.0000
Train Ep: 144/350 | Reward:    0.0 | MSE: 0.4014 | C_Loss: 0.000 | A_Loss: 0.000 | Alpha: 0.0000
Train Ep: 145/350 | Reward:    0.0 | MSE: 0.2571 | C_Loss: 0.000 | A_Loss: 0.000 | Alpha: 0.0000
  [!] Running Isolated Validation (Pure CMA vs GNN)...
  -> Val Results: Pure Baseline Errors: 5195 | GNN Errors: 5195
  -> Relative Improvement: 0.000%
Train Ep: 146/350 | Reward:    0.0 | MSE: 0.3870 | C_Loss: 0.000 | A_Loss: 0.000 | Alpha: 0.0000
Train Ep: 147/350 | Reward:    0.0 | MSE: 0.3270 | C_Loss: 0.000 | A_Loss: 0.000 | Alpha: 0.0000
Train Ep: 148/350 | Reward:    3.0 | MSE: 0.3308 | C_Loss: 0.000 | A_Loss: 0.000 | Alpha: 0.0000
Train Ep: 149/350 | Reward:    1.0 | MSE: 0.2779 | C_Loss: 0.000 | A_Loss: 0.000 | Alpha: 0.0000
Train Ep: 150/350 | Reward:    1.0 | MSE: 0.4584 | C_Loss: 0.000 | A_Loss: 0.000 | Alpha: 0.0000
  [!] Running Isolated Validation (Pure CMA vs GNN)...
  -> Val Results: Pure Baseline Errors: 5195 | GNN Errors: 5195
  -> Relative Improvement: 0.000%
Train Ep: 151/350 | Reward:    0.0 | MSE: 0.4512 | C_Loss: 0.000 | A_Loss: 0.000 | Alpha: 0.0000
Train Ep: 152/350 | Reward:    2.0 | MSE: 0.2828 | C_Loss: 0.000 | A_Loss: -0.000 | Alpha: 0.0000
Train Ep: 153/350 | Reward:    6.0 | MSE: 0.3775 | C_Loss: 0.000 | A_Loss: -0.000 | Alpha: 0.0000
Train Ep: 154/350 | Reward:    6.0 | MSE: 0.4558 | C_Loss: 0.001 | A_Loss: -0.000 | Alpha: 0.0000
Train Ep: 155/350 | Reward:   -2.0 | MSE: 0.3624 | C_Loss: 0.001 | A_Loss: 0.000 | Alpha: 0.0000
  [!] Running Isolated Validation (Pure CMA vs GNN)...
  -> Val Results: Pure Baseline Errors: 5195 | GNN Errors: 5195
  -> Relative Improvement: 0.000%
Train Ep: 156/350 | Reward:  -20.0 | MSE: 0.2860 | C_Loss: 0.003 | A_Loss: -0.000 | Alpha: 0.0000
Train Ep: 157/350 | Reward:   -1.0 | MSE: 0.3411 | C_Loss: 0.004 | A_Loss: -0.000 | Alpha: 0.0000
Train Ep: 158/350 | Reward:   -2.0 | MSE: 0.3408 | C_Loss: 0.001 | A_Loss: 0.000 | Alpha: 0.0000
Train Ep: 159/350 | Reward:  -10.0 | MSE: 0.4209 | C_Loss: 0.000 | A_Loss: -0.000 | Alpha: 0.0000
Train Ep: 160/350 | Reward:   -6.0 | MSE: 0.4207 | C_Loss: 0.001 | A_Loss: 0.000 | Alpha: 0.0000
  [!] Running Isolated Validation (Pure CMA vs GNN)...
  -> Val Results: Pure Baseline Errors: 5195 | GNN Errors: 5195
  -> Relative Improvement: 0.000%
Train Ep: 161/350 | Reward:    0.0 | MSE: 0.3380 | C_Loss: 0.001 | A_Loss: 0.000 | Alpha: 0.0000
Train Ep: 162/350 | Reward:    0.0 | MSE: 0.2820 | C_Loss: 0.000 | A_Loss: 0.000 | Alpha: 0.0000
Train Ep: 163/350 | Reward:    0.0 | MSE: 0.3824 | C_Loss: 0.000 | A_Loss: 0.000 | Alpha: 0.0000
Train Ep: 164/350 | Reward:    1.0 | MSE: 0.3065 | C_Loss: 0.000 | A_Loss: 0.000 | Alpha: 0.0000
Train Ep: 165/350 | Reward:    0.0 | MSE: 0.3435 | C_Loss: 0.000 | A_Loss: -0.000 | Alpha: 0.0000
  [!] Running Isolated Validation (Pure CMA vs GNN)...
  -> Val Results: Pure Baseline Errors: 5195 | GNN Errors: 5195
  -> Relative Improvement: 0.000%
Train Ep: 166/350 | Reward:    0.0 | MSE: 0.3021 | C_Loss: 0.000 | A_Loss: -0.000 | Alpha: 0.0000
Train Ep: 167/350 | Reward:    0.0 | MSE: 0.2953 | C_Loss: 0.000 | A_Loss: 0.000 | Alpha: 0.0000
Train Ep: 168/350 | Reward:    1.0 | MSE: 0.5602 | C_Loss: 0.000 | A_Loss: 0.000 | Alpha: 0.0000
Train Ep: 169/350 | Reward:    0.0 | MSE: 0.3188 | C_Loss: 0.000 | A_Loss: 0.000 | Alpha: 0.0000
Train Ep: 170/350 | Reward:    0.0 | MSE: 0.3453 | C_Loss: 0.000 | A_Loss: 0.000 | Alpha: 0.0000
  [!] Running Isolated Validation (Pure CMA vs GNN)...
  -> Val Results: Pure Baseline Errors: 5195 | GNN Errors: 5195
  -> Relative Improvement: 0.000%
Train Ep: 171/350 | Reward:    0.0 | MSE: 0.3163 | C_Loss: 0.000 | A_Loss: 0.000 | Alpha: 0.0000
Train Ep: 172/350 | Reward:   -1.0 | MSE: 0.3527 | C_Loss: 0.000 | A_Loss: 0.000 | Alpha: 0.0000
Train Ep: 173/350 | Reward:    1.0 | MSE: 0.3730 | C_Loss: 0.000 | A_Loss: 0.000 | Alpha: 0.0000
Train Ep: 174/350 | Reward:    0.0 | MSE: 0.2858 | C_Loss: 0.000 | A_Loss: -0.000 | Alpha: 0.0000
Train Ep: 175/350 | Reward:    1.0 | MSE: 0.3570 | C_Loss: 0.000 | A_Loss: 0.000 | Alpha: 0.0000
  [!] Running Isolated Validation (Pure CMA vs GNN)...
  -> Val Results: Pure Baseline Errors: 5195 | GNN Errors: 5195
  -> Relative Improvement: 0.000%
Train Ep: 176/350 | Reward:    0.0 | MSE: 0.3265 | C_Loss: 0.000 | A_Loss: 0.000 | Alpha: 0.0000
Train Ep: 177/350 | Reward:    0.0 | MSE: 0.3504 | C_Loss: 0.000 | A_Loss: 0.000 | Alpha: 0.0000
Train Ep: 178/350 | Reward:    3.0 | MSE: 0.2440 | C_Loss: 0.000 | A_Loss: -0.000 | Alpha: 0.0000
Train Ep: 179/350 | Reward:    2.0 | MSE: 0.5013 | C_Loss: 0.000 | A_Loss: -0.000 | Alpha: 0.0000
Train Ep: 180/350 | Reward:    0.0 | MSE: 0.3516 | C_Loss: 0.000 | A_Loss: -0.000 | Alpha: 0.0000
  [!] Running Isolated Validation (Pure CMA vs GNN)...
  -> Val Results: Pure Baseline Errors: 5195 | GNN Errors: 5195
  -> Relative Improvement: 0.000%
Train Ep: 181/350 | Reward:    1.0 | MSE: 0.2753 | C_Loss: 0.000 | A_Loss: -0.000 | Alpha: 0.0000
Train Ep: 182/350 | Reward:   -2.0 | MSE: 0.3300 | C_Loss: 0.000 | A_Loss: 0.000 | Alpha: 0.0000
Train Ep: 183/350 | Reward:   -1.0 | MSE: 0.3349 | C_Loss: 0.000 | A_Loss: 0.000 | Alpha: 0.0000
Train Ep: 184/350 | Reward:    2.0 | MSE: 0.3291 | C_Loss: 0.000 | A_Loss: 0.000 | Alpha: 0.0000
Train Ep: 185/350 | Reward:    0.0 | MSE: 0.3563 | C_Loss: 0.000 | A_Loss: 0.000 | Alpha: 0.0000
  [!] Running Isolated Validation (Pure CMA vs GNN)...
  -> Val Results: Pure Baseline Errors: 5195 | GNN Errors: 5195
  -> Relative Improvement: 0.000%
Train Ep: 186/350 | Reward:    0.0 | MSE: 0.4751 | C_Loss: 0.000 | A_Loss: -0.000 | Alpha: 0.0000
Train Ep: 187/350 | Reward:    0.0 | MSE: 0.4326 | C_Loss: 0.000 | A_Loss: 0.000 | Alpha: 0.0000
Train Ep: 188/350 | Reward:    1.0 | MSE: 0.2498 | C_Loss: 0.000 | A_Loss: 0.000 | Alpha: 0.0000
Train Ep: 189/350 | Reward:    2.0 | MSE: 0.3201 | C_Loss: 0.000 | A_Loss: -0.000 | Alpha: 0.0000
Train Ep: 190/350 | Reward:    0.0 | MSE: 0.3621 | C_Loss: 0.000 | A_Loss: -0.000 | Alpha: 0.0000
  [!] Running Isolated Validation (Pure CMA vs GNN)...
  -> Val Results: Pure Baseline Errors: 5195 | GNN Errors: 5195
  -> Relative Improvement: 0.000%
Train Ep: 191/350 | Reward:    0.0 | MSE: 0.4667 | C_Loss: 0.000 | A_Loss: 0.000 | Alpha: 0.0000
Train Ep: 192/350 | Reward:    1.0 | MSE: 0.3630 | C_Loss: 0.000 | A_Loss: 0.000 | Alpha: 0.0000
Train Ep: 193/350 | Reward:    1.0 | MSE: 0.3082 | C_Loss: 0.000 | A_Loss: 0.000 | Alpha: 0.0000
Train Ep: 194/350 | Reward:    1.0 | MSE: 0.3545 | C_Loss: 0.000 | A_Loss: 0.000 | Alpha: 0.0000
Train Ep: 195/350 | Reward:   -1.0 | MSE: 0.3414 | C_Loss: 0.000 | A_Loss: 0.000 | Alpha: 0.0000
  [!] Running Isolated Validation (Pure CMA vs GNN)...
  -> Val Results: Pure Baseline Errors: 5195 | GNN Errors: 5195
  -> Relative Improvement: 0.000%
Train Ep: 196/350 | Reward:    5.0 | MSE: 0.2168 | C_Loss: 0.001 | A_Loss: 0.000 | Alpha: 0.0000
Train Ep: 197/350 | Reward:   -5.0 | MSE: 0.3632 | C_Loss: 0.005 | A_Loss: -0.000 | Alpha: 0.0000
Train Ep: 198/350 | Reward:   -1.0 | MSE: 0.3250 | C_Loss: 0.008 | A_Loss: 0.001 | Alpha: 0.0000
Train Ep: 199/350 | Reward:    9.0 | MSE: 0.3495 | C_Loss: 0.005 | A_Loss: -0.000 | Alpha: 0.0000
Train Ep: 200/350 | Reward:    2.0 | MSE: 0.2935 | C_Loss: 0.002 | A_Loss: -0.000 | Alpha: 0.0000
  [!] Running Isolated Validation (Pure CMA vs GNN)...
  -> Val Results: Pure Baseline Errors: 5195 | GNN Errors: 5190
  -> Relative Improvement: 0.096%
Train Ep: 201/350 | Reward:    6.0 | MSE: 0.2415 | C_Loss: 0.001 | A_Loss: 0.000 | Alpha: 0.0000
Train Ep: 202/350 | Reward:    2.0 | MSE: 0.2637 | C_Loss: 0.000 | A_Loss: -0.000 | Alpha: 0.0000
Train Ep: 203/350 | Reward:    0.0 | MSE: 0.2789 | C_Loss: 0.000 | A_Loss: -0.000 | Alpha: 0.0000
Train Ep: 204/350 | Reward:    2.0 | MSE: 0.4504 | C_Loss: 0.000 | A_Loss: 0.000 | Alpha: 0.0000
Train Ep: 205/350 | Reward:   -2.0 | MSE: 0.2818 | C_Loss: 0.000 | A_Loss: 0.000 | Alpha: 0.0000
  [!] Running Isolated Validation (Pure CMA vs GNN)...
  -> Val Results: Pure Baseline Errors: 5195 | GNN Errors: 5195
  -> Relative Improvement: 0.000%
Train Ep: 206/350 | Reward:    1.0 | MSE: 0.3422 | C_Loss: 0.000 | A_Loss: 0.000 | Alpha: 0.0000
Train Ep: 207/350 | Reward:   -1.0 | MSE: 0.3041 | C_Loss: 0.000 | A_Loss: 0.000 | Alpha: 0.0000
Train Ep: 208/350 | Reward:    0.0 | MSE: 0.3033 | C_Loss: 0.000 | A_Loss: 0.000 | Alpha: 0.0000
Train Ep: 209/350 | Reward:   -1.0 | MSE: 0.3840 | C_Loss: 0.000 | A_Loss: 0.000 | Alpha: 0.0000
Train Ep: 210/350 | Reward:    0.0 | MSE: 0.3476 | C_Loss: 0.000 | A_Loss: 0.000 | Alpha: 0.0000
  [!] Running Isolated Validation (Pure CMA vs GNN)...
  -> Val Results: Pure Baseline Errors: 5195 | GNN Errors: 5195
  -> Relative Improvement: 0.000%
Train Ep: 211/350 | Reward:    1.0 | MSE: 0.2690 | C_Loss: 0.000 | A_Loss: 0.000 | Alpha: 0.0000
Train Ep: 212/350 | Reward:    1.0 | MSE: 0.3392 | C_Loss: 0.000 | A_Loss: -0.000 | Alpha: 0.0000
Train Ep: 213/350 | Reward:    1.0 | MSE: 0.4281 | C_Loss: 0.000 | A_Loss: 0.000 | Alpha: 0.0000
Train Ep: 214/350 | Reward:    0.0 | MSE: 0.3655 | C_Loss: 0.000 | A_Loss: 0.000 | Alpha: 0.0000
Train Ep: 215/350 | Reward:    1.0 | MSE: 0.4583 | C_Loss: 0.000 | A_Loss: 0.000 | Alpha: 0.0000
  [!] Running Isolated Validation (Pure CMA vs GNN)...
  -> Val Results: Pure Baseline Errors: 5195 | GNN Errors: 5195
  -> Relative Improvement: 0.000%
Train Ep: 216/350 | Reward:    0.0 | MSE: 0.3598 | C_Loss: 0.000 | A_Loss: 0.000 | Alpha: 0.0000
Train Ep: 217/350 | Reward:    0.0 | MSE: 0.3465 | C_Loss: 0.000 | A_Loss: 0.000 | Alpha: 0.0000
Train Ep: 218/350 | Reward:    0.0 | MSE: 0.2693 | C_Loss: 0.000 | A_Loss: 0.000 | Alpha: 0.0000
Train Ep: 219/350 | Reward:    1.0 | MSE: 0.4971 | C_Loss: 0.000 | A_Loss: 0.000 | Alpha: 0.0000
Train Ep: 220/350 | Reward:    0.0 | MSE: 0.3722 | C_Loss: 0.000 | A_Loss: 0.000 | Alpha: 0.0000
  [!] Running Isolated Validation (Pure CMA vs GNN)...
  -> Val Results: Pure Baseline Errors: 5195 | GNN Errors: 5195
  -> Relative Improvement: 0.000%
Train Ep: 221/350 | Reward:    0.0 | MSE: 0.3056 | C_Loss: 0.000 | A_Loss: 0.000 | Alpha: 0.0000
Train Ep: 222/350 | Reward:    0.0 | MSE: 0.3215 | C_Loss: 0.000 | A_Loss: 0.000 | Alpha: 0.0000
Train Ep: 223/350 | Reward:    0.0 | MSE: 0.2278 | C_Loss: 0.000 | A_Loss: 0.000 | Alpha: 0.0000
Train Ep: 224/350 | Reward:    0.0 | MSE: 0.3901 | C_Loss: 0.000 | A_Loss: 0.000 | Alpha: 0.0000
Train Ep: 225/350 | Reward:    0.0 | MSE: 0.3763 | C_Loss: 0.000 | A_Loss: 0.000 | Alpha: 0.0000
  [!] Running Isolated Validation (Pure CMA vs GNN)...
  -> Val Results: Pure Baseline Errors: 5195 | GNN Errors: 5195
  -> Relative Improvement: 0.000%
Train Ep: 226/350 | Reward:    0.0 | MSE: 0.3568 | C_Loss: 0.000 | A_Loss: 0.000 | Alpha: 0.0000
Train Ep: 227/350 | Reward:    1.0 | MSE: 0.3536 | C_Loss: 0.000 | A_Loss: 0.000 | Alpha: 0.0000
Train Ep: 228/350 | Reward:    0.0 | MSE: 0.3542 | C_Loss: 0.000 | A_Loss: 0.000 | Alpha: 0.0000
Train Ep: 229/350 | Reward:    0.0 | MSE: 0.3510 | C_Loss: 0.000 | A_Loss: 0.000 | Alpha: 0.0000
Train Ep: 230/350 | Reward:   -1.0 | MSE: 0.4534 | C_Loss: 0.000 | A_Loss: 0.000 | Alpha: 0.0000
  [!] Running Isolated Validation (Pure CMA vs GNN)...
  -> Val Results: Pure Baseline Errors: 5195 | GNN Errors: 5195
  -> Relative Improvement: 0.000%
Train Ep: 231/350 | Reward:    0.0 | MSE: 0.3282 | C_Loss: 0.000 | A_Loss: 0.000 | Alpha: 0.0000
Train Ep: 232/350 | Reward:    0.0 | MSE: 0.1847 | C_Loss: 0.000 | A_Loss: 0.000 | Alpha: 0.0000
Train Ep: 233/350 | Reward:    0.0 | MSE: 0.3574 | C_Loss: 0.000 | A_Loss: 0.000 | Alpha: 0.0000
Train Ep: 234/350 | Reward:    0.0 | MSE: 0.3314 | C_Loss: 0.000 | A_Loss: 0.000 | Alpha: 0.0000
Train Ep: 235/350 | Reward:    1.0 | MSE: 0.3106 | C_Loss: 0.000 | A_Loss: 0.000 | Alpha: 0.0000
  [!] Running Isolated Validation (Pure CMA vs GNN)...
  -> Val Results: Pure Baseline Errors: 5195 | GNN Errors: 5195
  -> Relative Improvement: 0.000%
Train Ep: 236/350 | Reward:    0.0 | MSE: 0.3877 | C_Loss: 0.000 | A_Loss: 0.000 | Alpha: 0.0000
Train Ep: 237/350 | Reward:    1.0 | MSE: 0.2537 | C_Loss: 0.000 | A_Loss: 0.000 | Alpha: 0.0000
Train Ep: 238/350 | Reward:   -1.0 | MSE: 0.3840 | C_Loss: 0.000 | A_Loss: 0.000 | Alpha: 0.0000
Train Ep: 239/350 | Reward:    0.0 | MSE: 0.3094 | C_Loss: 0.000 | A_Loss: 0.000 | Alpha: 0.0000
Train Ep: 240/350 | Reward:    0.0 | MSE: 0.4530 | C_Loss: 0.000 | A_Loss: 0.000 | Alpha: 0.0000
  [!] Running Isolated Validation (Pure CMA vs GNN)...
  -> Val Results: Pure Baseline Errors: 5195 | GNN Errors: 5195
  -> Relative Improvement: 0.000%
Train Ep: 241/350 | Reward:    0.0 | MSE: 0.2686 | C_Loss: 0.000 | A_Loss: 0.000 | Alpha: 0.0000
Train Ep: 242/350 | Reward:    0.0 | MSE: 0.3501 | C_Loss: 0.000 | A_Loss: 0.000 | Alpha: 0.0000
Train Ep: 243/350 | Reward:    0.0 | MSE: 0.3873 | C_Loss: 0.000 | A_Loss: 0.000 | Alpha: 0.0000
Train Ep: 244/350 | Reward:    0.0 | MSE: 0.3227 | C_Loss: 0.000 | A_Loss: 0.000 | Alpha: 0.0000
Train Ep: 245/350 | Reward:    0.0 | MSE: 0.3779 | C_Loss: 0.000 | A_Loss: 0.000 | Alpha: 0.0000
  [!] Running Isolated Validation (Pure CMA vs GNN)...
  -> Val Results: Pure Baseline Errors: 5195 | GNN Errors: 5195
  -> Relative Improvement: 0.000%
Train Ep: 246/350 | Reward:    0.0 | MSE: 0.3635 | C_Loss: 0.000 | A_Loss: 0.000 | Alpha: 0.0000
Train Ep: 247/350 | Reward:    0.0 | MSE: 0.2901 | C_Loss: 0.000 | A_Loss: 0.000 | Alpha: 0.0000
Train Ep: 248/350 | Reward:    0.0 | MSE: 0.3467 | C_Loss: 0.000 | A_Loss: 0.000 | Alpha: 0.0000
Train Ep: 249/350 | Reward:    0.0 | MSE: 0.3179 | C_Loss: 0.000 | A_Loss: 0.000 | Alpha: 0.0000
Train Ep: 250/350 | Reward:    0.0 | MSE: 0.3513 | C_Loss: 0.000 | A_Loss: 0.000 | Alpha: 0.0000
  [!] Running Isolated Validation (Pure CMA vs GNN)...
  -> Val Results: Pure Baseline Errors: 5195 | GNN Errors: 5195
  -> Relative Improvement: 0.000%
Train Ep: 251/350 | Reward:    0.0 | MSE: 0.4362 | C_Loss: 0.000 | A_Loss: 0.000 | Alpha: 0.0000
Train Ep: 252/350 | Reward:    0.0 | MSE: 0.3195 | C_Loss: 0.000 | A_Loss: 0.000 | Alpha: 0.0000
Train Ep: 253/350 | Reward:    0.0 | MSE: 0.3033 | C_Loss: 0.000 | A_Loss: 0.000 | Alpha: 0.0000
Train Ep: 254/350 | Reward:    0.0 | MSE: 0.4299 | C_Loss: 0.000 | A_Loss: 0.000 | Alpha: 0.0000
Train Ep: 255/350 | Reward:    0.0 | MSE: 0.2574 | C_Loss: 0.000 | A_Loss: 0.000 | Alpha: 0.0000
  [!] Running Isolated Validation (Pure CMA vs GNN)...
  -> Val Results: Pure Baseline Errors: 5195 | GNN Errors: 5195
  -> Relative Improvement: 0.000%
Train Ep: 256/350 | Reward:    0.0 | MSE: 0.3799 | C_Loss: 0.000 | A_Loss: 0.000 | Alpha: 0.0000
Train Ep: 257/350 | Reward:    0.0 | MSE: 0.3264 | C_Loss: 0.000 | A_Loss: 0.000 | Alpha: 0.0000
Train Ep: 258/350 | Reward:    0.0 | MSE: 0.3440 | C_Loss: 0.000 | A_Loss: 0.000 | Alpha: 0.0000
Train Ep: 259/350 | Reward:    0.0 | MSE: 0.3935 | C_Loss: 0.000 | A_Loss: 0.000 | Alpha: 0.0000
Train Ep: 260/350 | Reward:    0.0 | MSE: 0.3727 | C_Loss: 0.000 | A_Loss: 0.000 | Alpha: 0.0000
  [!] Running Isolated Validation (Pure CMA vs GNN)...
  -> Val Results: Pure Baseline Errors: 5195 | GNN Errors: 5195
  -> Relative Improvement: 0.000%
Train Ep: 261/350 | Reward:    0.0 | MSE: 0.3385 | C_Loss: 0.000 | A_Loss: 0.000 | Alpha: 0.0000
Train Ep: 262/350 | Reward:    0.0 | MSE: 0.3425 | C_Loss: 0.000 | A_Loss: 0.000 | Alpha: 0.0000
Train Ep: 263/350 | Reward:    0.0 | MSE: 0.2735 | C_Loss: 0.000 | A_Loss: 0.000 | Alpha: 0.0000
Train Ep: 264/350 | Reward:    0.0 | MSE: 0.2210 | C_Loss: 0.000 | A_Loss: 0.000 | Alpha: 0.0000
Train Ep: 265/350 | Reward:    0.0 | MSE: 0.3895 | C_Loss: 0.000 | A_Loss: 0.000 | Alpha: 0.0000
  [!] Running Isolated Validation (Pure CMA vs GNN)...
  -> Val Results: Pure Baseline Errors: 5195 | GNN Errors: 5195
  -> Relative Improvement: 0.000%
Train Ep: 266/350 | Reward:    0.0 | MSE: 0.4049 | C_Loss: 0.000 | A_Loss: 0.000 | Alpha: 0.0000
Train Ep: 267/350 | Reward:    0.0 | MSE: 0.3383 | C_Loss: 0.000 | A_Loss: 0.000 | Alpha: 0.0000
Train Ep: 268/350 | Reward:    0.0 | MSE: 0.4174 | C_Loss: 0.000 | A_Loss: 0.000 | Alpha: 0.0000
Train Ep: 269/350 | Reward:    0.0 | MSE: 0.3592 | C_Loss: 0.000 | A_Loss: 0.000 | Alpha: 0.0000
Train Ep: 270/350 | Reward:    0.0 | MSE: 0.3913 | C_Loss: 0.000 | A_Loss: 0.000 | Alpha: 0.0000
  [!] Running Isolated Validation (Pure CMA vs GNN)...
  -> Val Results: Pure Baseline Errors: 5195 | GNN Errors: 5195
  -> Relative Improvement: 0.000%
Train Ep: 271/350 | Reward:    0.0 | MSE: 0.2860 | C_Loss: 0.000 | A_Loss: 0.000 | Alpha: 0.0000
Train Ep: 272/350 | Reward:    0.0 | MSE: 0.4539 | C_Loss: 0.000 | A_Loss: 0.000 | Alpha: 0.0000
Train Ep: 273/350 | Reward:    0.0 | MSE: 0.3501 | C_Loss: 0.000 | A_Loss: 0.000 | Alpha: 0.0000
Train Ep: 274/350 | Reward:    0.0 | MSE: 0.4533 | C_Loss: 0.000 | A_Loss: 0.000 | Alpha: 0.0000
Train Ep: 275/350 | Reward:    0.0 | MSE: 0.1848 | C_Loss: 0.000 | A_Loss: 0.000 | Alpha: 0.0000
  [!] Running Isolated Validation (Pure CMA vs GNN)...
  -> Val Results: Pure Baseline Errors: 5195 | GNN Errors: 5195
  -> Relative Improvement: 0.000%
Train Ep: 276/350 | Reward:    0.0 | MSE: 0.1956 | C_Loss: 0.000 | A_Loss: 0.000 | Alpha: 0.0000
Train Ep: 277/350 | Reward:    0.0 | MSE: 0.3418 | C_Loss: 0.000 | A_Loss: 0.000 | Alpha: 0.0000
Train Ep: 278/350 | Reward:    0.0 | MSE: 0.3471 | C_Loss: 0.000 | A_Loss: 0.000 | Alpha: 0.0000
Train Ep: 279/350 | Reward:    0.0 | MSE: 0.2771 | C_Loss: 0.000 | A_Loss: 0.000 | Alpha: 0.0000
Train Ep: 280/350 | Reward:    0.0 | MSE: 0.3155 | C_Loss: 0.000 | A_Loss: 0.000 | Alpha: 0.0000
  [!] Running Isolated Validation (Pure CMA vs GNN)...
  -> Val Results: Pure Baseline Errors: 5195 | GNN Errors: 5195
  -> Relative Improvement: 0.000%
Train Ep: 281/350 | Reward:    0.0 | MSE: 0.3192 | C_Loss: 0.000 | A_Loss: 0.000 | Alpha: 0.0000
Train Ep: 282/350 | Reward:    0.0 | MSE: 0.2871 | C_Loss: 0.000 | A_Loss: 0.000 | Alpha: 0.0000
Train Ep: 283/350 | Reward:    0.0 | MSE: 0.3570 | C_Loss: 0.000 | A_Loss: 0.000 | Alpha: 0.0000
Train Ep: 284/350 | Reward:    0.0 | MSE: 0.3375 | C_Loss: 0.000 | A_Loss: 0.000 | Alpha: 0.0000
Train Ep: 285/350 | Reward:    0.0 | MSE: 0.3713 | C_Loss: 0.000 | A_Loss: 0.000 | Alpha: 0.0000
  [!] Running Isolated Validation (Pure CMA vs GNN)...
  -> Val Results: Pure Baseline Errors: 5195 | GNN Errors: 5195
  -> Relative Improvement: 0.000%
Train Ep: 286/350 | Reward:    0.0 | MSE: 0.3649 | C_Loss: 0.000 | A_Loss: 0.000 | Alpha: 0.0000
Train Ep: 287/350 | Reward:    0.0 | MSE: 0.4300 | C_Loss: 0.000 | A_Loss: 0.000 | Alpha: 0.0000
Train Ep: 288/350 | Reward:    0.0 | MSE: 0.3954 | C_Loss: 0.000 | A_Loss: 0.000 | Alpha: 0.0000
Train Ep: 289/350 | Reward:    0.0 | MSE: 0.4786 | C_Loss: 0.000 | A_Loss: 0.000 | Alpha: 0.0000
Train Ep: 290/350 | Reward:    0.0 | MSE: 0.3218 | C_Loss: 0.000 | A_Loss: 0.000 | Alpha: 0.0000
  [!] Running Isolated Validation (Pure CMA vs GNN)...
  -> Val Results: Pure Baseline Errors: 5195 | GNN Errors: 5195
  -> Relative Improvement: 0.000%
Train Ep: 291/350 | Reward:    0.0 | MSE: 0.4047 | C_Loss: 0.000 | A_Loss: 0.000 | Alpha: 0.0000
Train Ep: 292/350 | Reward:    2.0 | MSE: 0.2914 | C_Loss: 0.000 | A_Loss: -0.000 | Alpha: 0.0000
Train Ep: 293/350 | Reward:   24.0 | MSE: 0.2788 | C_Loss: 0.000 | A_Loss: 0.000 | Alpha: 0.0000
Train Ep: 294/350 | Reward:   34.0 | MSE: 0.2269 | C_Loss: 0.003 | A_Loss: -0.000 | Alpha: 0.0000
Train Ep: 295/350 | Reward:  -12.0 | MSE: 0.4205 | C_Loss: 0.010 | A_Loss: -0.001 | Alpha: 0.0000
  [!] Running Isolated Validation (Pure CMA vs GNN)...
  -> Val Results: Pure Baseline Errors: 5195 | GNN Errors: 4939
  -> Relative Improvement: 4.928%
  *** New Best Model! Net Score improved from 0.0329162656400385 to 0.0492781520692974 ***
[*] Models successfully saved to models/sac_gnn_46_best.pth
Train Ep: 296/350 | Reward:   78.0 | MSE: 0.1908 | C_Loss: 0.021 | A_Loss: 0.001 | Alpha: 0.0000
Train Ep: 297/350 | Reward:    3.0 | MSE: 0.3772 | C_Loss: 0.016 | A_Loss: 0.000 | Alpha: 0.0000
Train Ep: 298/350 | Reward:    0.0 | MSE: 0.3512 | C_Loss: 0.002 | A_Loss: -0.000 | Alpha: 0.0000
Train Ep: 299/350 | Reward:    5.0 | MSE: 0.3532 | C_Loss: 0.000 | A_Loss: 0.000 | Alpha: 0.0000
Train Ep: 300/350 | Reward:   -1.0 | MSE: 0.2649 | C_Loss: 0.001 | A_Loss: -0.000 | Alpha: 0.0000
  [!] Running Isolated Validation (Pure CMA vs GNN)...
  -> Val Results: Pure Baseline Errors: 5195 | GNN Errors: 5221
  -> Relative Improvement: -0.500%
Train Ep: 301/350 | Reward:    0.0 | MSE: 0.2692 | C_Loss: 0.001 | A_Loss: -0.000 | Alpha: 0.0000
Train Ep: 302/350 | Reward:   -3.0 | MSE: 0.3497 | C_Loss: 0.000 | A_Loss: 0.000 | Alpha: 0.0000
Train Ep: 303/350 | Reward:   -6.0 | MSE: 0.4357 | C_Loss: 0.000 | A_Loss: -0.000 | Alpha: 0.0000
Train Ep: 304/350 | Reward:    4.0 | MSE: 0.2009 | C_Loss: 0.000 | A_Loss: 0.000 | Alpha: 0.0000
Train Ep: 305/350 | Reward:   40.0 | MSE: 0.3304 | C_Loss: 0.004 | A_Loss: -0.000 | Alpha: 0.0000
  [!] Running Isolated Validation (Pure CMA vs GNN)...
  -> Val Results: Pure Baseline Errors: 5195 | GNN Errors: 5195
  -> Relative Improvement: 0.000%
Train Ep: 306/350 | Reward:  -89.0 | MSE: 0.2884 | C_Loss: 0.007 | A_Loss: -0.000 | Alpha: 0.0000
Train Ep: 307/350 | Reward:  -31.0 | MSE: 0.2391 | C_Loss: 0.010 | A_Loss: 0.001 | Alpha: 0.0000
Train Ep: 308/350 | Reward:    0.0 | MSE: 0.3865 | C_Loss: 0.006 | A_Loss: 0.000 | Alpha: 0.0000
Train Ep: 309/350 | Reward:    0.0 | MSE: 0.2983 | C_Loss: 0.001 | A_Loss: 0.000 | Alpha: 0.0000
Train Ep: 310/350 | Reward:    3.0 | MSE: 0.4930 | C_Loss: 0.000 | A_Loss: 0.000 | Alpha: 0.0000
  [!] Running Isolated Validation (Pure CMA vs GNN)...
  -> Val Results: Pure Baseline Errors: 5195 | GNN Errors: 5148
  -> Relative Improvement: 0.905%
Train Ep: 311/350 | Reward:   56.0 | MSE: 0.4189 | C_Loss: 0.001 | A_Loss: 0.000 | Alpha: 0.0000
Train Ep: 312/350 | Reward:   40.0 | MSE: 0.3551 | C_Loss: 0.005 | A_Loss: -0.000 | Alpha: 0.0000
Train Ep: 313/350 | Reward:   32.0 | MSE: 0.3178 | C_Loss: 0.008 | A_Loss: -0.001 | Alpha: 0.0000
Train Ep: 314/350 | Reward:    4.0 | MSE: 0.3429 | C_Loss: 0.004 | A_Loss: -0.000 | Alpha: 0.0000
Train Ep: 315/350 | Reward:   37.0 | MSE: 0.3156 | C_Loss: 0.002 | A_Loss: -0.000 | Alpha: 0.0000
  [!] Running Isolated Validation (Pure CMA vs GNN)...
  -> Val Results: Pure Baseline Errors: 5195 | GNN Errors: 4994
  -> Relative Improvement: 3.869%
Train Ep: 316/350 | Reward:   63.0 | MSE: 0.3514 | C_Loss: 0.004 | A_Loss: -0.001 | Alpha: 0.0000
Train Ep: 317/350 | Reward:   99.0 | MSE: 0.2619 | C_Loss: 0.014 | A_Loss: -0.001 | Alpha: 0.0000
Train Ep: 318/350 | Reward:   58.0 | MSE: 0.2613 | C_Loss: 0.020 | A_Loss: -0.001 | Alpha: 0.0000
Train Ep: 319/350 | Reward:   32.0 | MSE: 0.2880 | C_Loss: 0.026 | A_Loss: -0.001 | Alpha: 0.0000
Train Ep: 320/350 | Reward:   27.0 | MSE: 0.2946 | C_Loss: 0.029 | A_Loss: -0.001 | Alpha: 0.0000
  [!] Running Isolated Validation (Pure CMA vs GNN)...
  -> Val Results: Pure Baseline Errors: 5195 | GNN Errors: 4936
  -> Relative Improvement: 4.986%
  *** New Best Model! Net Score improved from 0.0492781520692974 to 0.04985563041385948 ***
[*] Models successfully saved to models/sac_gnn_46_best.pth
Train Ep: 321/350 | Reward:   86.0 | MSE: 0.3627 | C_Loss: 0.031 | A_Loss: 0.000 | Alpha: 0.0000
Train Ep: 322/350 | Reward:   36.0 | MSE: 0.2672 | C_Loss: 0.022 | A_Loss: -0.001 | Alpha: 0.0000
Train Ep: 323/350 | Reward:   43.0 | MSE: 0.2013 | C_Loss: 0.016 | A_Loss: -0.001 | Alpha: 0.0000
Train Ep: 324/350 | Reward:  132.0 | MSE: 0.3073 | C_Loss: 0.018 | A_Loss: -0.001 | Alpha: 0.0000
Train Ep: 325/350 | Reward:  101.0 | MSE: 0.3465 | C_Loss: 0.019 | A_Loss: -0.001 | Alpha: 0.0000
  [!] Running Isolated Validation (Pure CMA vs GNN)...
  -> Val Results: Pure Baseline Errors: 5195 | GNN Errors: 4997
  -> Relative Improvement: 3.811%
Train Ep: 326/350 | Reward:  111.0 | MSE: 0.2852 | C_Loss: 0.017 | A_Loss: -0.002 | Alpha: 0.0000
Train Ep: 327/350 | Reward:   77.0 | MSE: 0.3247 | C_Loss: 0.016 | A_Loss: -0.001 | Alpha: 0.0000
Train Ep: 328/350 | Reward:  109.0 | MSE: 0.2411 | C_Loss: 0.023 | A_Loss: -0.002 | Alpha: 0.0000
Train Ep: 329/350 | Reward:   62.0 | MSE: 0.3237 | C_Loss: 0.031 | A_Loss: -0.002 | Alpha: 0.0000
Train Ep: 330/350 | Reward:   60.0 | MSE: 0.2979 | C_Loss: 0.023 | A_Loss: -0.002 | Alpha: 0.0000
  [!] Running Isolated Validation (Pure CMA vs GNN)...
  -> Val Results: Pure Baseline Errors: 5195 | GNN Errors: 4949
  -> Relative Improvement: 4.735%
Train Ep: 331/350 | Reward:  117.0 | MSE: 0.2479 | C_Loss: 0.023 | A_Loss: -0.001 | Alpha: 0.0000
Train Ep: 332/350 | Reward:   65.0 | MSE: 0.4632 | C_Loss: 0.019 | A_Loss: -0.001 | Alpha: 0.0000
Train Ep: 333/350 | Reward:   78.0 | MSE: 0.3066 | C_Loss: 0.017 | A_Loss: -0.002 | Alpha: 0.0000
Train Ep: 334/350 | Reward:   53.0 | MSE: 0.3506 | C_Loss: 0.011 | A_Loss: -0.001 | Alpha: 0.0000
Train Ep: 335/350 | Reward:   40.0 | MSE: 0.3111 | C_Loss: 0.012 | A_Loss: -0.001 | Alpha: 0.0000
  [!] Running Isolated Validation (Pure CMA vs GNN)...
  -> Val Results: Pure Baseline Errors: 5195 | GNN Errors: 4953
  -> Relative Improvement: 4.658%
Train Ep: 336/350 | Reward:   37.0 | MSE: 0.1847 | C_Loss: 0.013 | A_Loss: -0.001 | Alpha: 0.0000
Train Ep: 337/350 | Reward:   43.0 | MSE: 0.3312 | C_Loss: 0.019 | A_Loss: -0.000 | Alpha: 0.0000
Train Ep: 338/350 | Reward:   65.0 | MSE: 0.2576 | C_Loss: 0.020 | A_Loss: -0.001 | Alpha: 0.0000
Train Ep: 339/350 | Reward:   90.0 | MSE: 0.3044 | C_Loss: 0.014 | A_Loss: -0.001 | Alpha: 0.0000
Train Ep: 340/350 | Reward:  -36.0 | MSE: 0.2642 | C_Loss: 0.015 | A_Loss: -0.001 | Alpha: 0.0000
  [!] Running Isolated Validation (Pure CMA vs GNN)...
  -> Val Results: Pure Baseline Errors: 5195 | GNN Errors: 5195
  -> Relative Improvement: 0.000%
Train Ep: 341/350 | Reward:  -13.0 | MSE: 0.2884 | C_Loss: 0.015 | A_Loss: -0.000 | Alpha: 0.0000
Train Ep: 342/350 | Reward:   18.0 | MSE: 0.4644 | C_Loss: 0.008 | A_Loss: 0.000 | Alpha: 0.0000
Train Ep: 343/350 | Reward:    0.0 | MSE: 0.3689 | C_Loss: 0.002 | A_Loss: -0.000 | Alpha: 0.0000
Train Ep: 344/350 | Reward:   19.0 | MSE: 0.3833 | C_Loss: 0.001 | A_Loss: -0.000 | Alpha: 0.0000
Train Ep: 345/350 | Reward:    9.0 | MSE: 0.3121 | C_Loss: 0.002 | A_Loss: -0.001 | Alpha: 0.0000
  [!] Running Isolated Validation (Pure CMA vs GNN)...
  -> Val Results: Pure Baseline Errors: 5195 | GNN Errors: 5195
  -> Relative Improvement: 0.000%
Train Ep: 346/350 | Reward:   61.0 | MSE: 0.3115 | C_Loss: 0.003 | A_Loss: -0.001 | Alpha: 0.0000
Train Ep: 347/350 | Reward:   66.0 | MSE: 0.1609 | C_Loss: 0.015 | A_Loss: -0.001 | Alpha: 0.0000
Train Ep: 348/350 | Reward:  -88.0 | MSE: 0.3787 | C_Loss: 0.036 | A_Loss: -0.002 | Alpha: 0.0000
Train Ep: 349/350 | Reward: -156.0 | MSE: 0.2436 | C_Loss: 0.047 | A_Loss: 0.001 | Alpha: 0.0000
Train Ep: 350/350 | Reward:   13.0 | MSE: 0.4395 | C_Loss: 0.031 | A_Loss: 0.000 | Alpha: 0.0000
  [!] Running Isolated Validation (Pure CMA vs GNN)...
  -> Val Results: Pure Baseline Errors: 5195 | GNN Errors: 5195
  -> Relative Improvement: 0.000%

Training complete in 67589.86 seconds.
[*] Models successfully saved to models/sac_gnn_46.pth
Training plots saved to 'plots/training_metrics_46.png'
[*] The best performing model during validation was saved to: models/sac_gnn_46_best.pth
Training run time = 67591.90 s
Job finished at: Fri Apr 24 19:13:08 CEST 2026
