Job started at: Thu Apr 23 18:41:32 CEST 2026
Starting Run 44: Gamma=0.0 | Layers=1 | Mismatch=30.0 | No Pearson Correlations
SLURM Mode Received: 0
Execution Pipeline: ['train']
Loaded Configuration: {'mode': 0, 'model_path': 'models/sac_gnn_44.pth', 'training_metrics_filename': 'training_metrics_44.png', 'distance': 5, 'n_rounds': 5, 'p': 0.004, 'p_gate_zz': 0.0, 'mismatch': 30.0, 'n_shots': 65000, 'n_test_shots': 10000, 'burn_in_steps': 15000, 'bypass_threshold': 2, 'action_scale': 3.0, 'update_period': 100, 'prior_shots': 1000, 'local_action_only': True, 'local_action_hops': 1, 'n_layers': 1, 'hidden_dim': 256, 'lr': 0.0001, 'gamma': 0.0, 'tau': 0.005, 'alpha': 0.01, 'batch_size': 64, 'buffer_capacity': 100000, 'update_frequency': 100, 'train_episodes': 350, 'test_episodes': 20}

Initializing environment...

############################################################
### RUNNING MODE: TRAIN
############################################################

========================================
STARTING TRAINING (Episodes: 350)
========================================
Train Ep: 001/350 | Reward: -341.0 | MSE: 0.2309 | C_Loss: 0.068 | A_Loss: 0.007 | Alpha: 0.0095
Train Ep: 002/350 | Reward: -171.0 | MSE: 0.3159 | C_Loss: 0.054 | A_Loss: 0.002 | Alpha: 0.0091
Train Ep: 003/350 | Reward:  -49.0 | MSE: 0.2173 | C_Loss: 0.032 | A_Loss: -0.001 | Alpha: 0.0087
Train Ep: 004/350 | Reward:  -30.0 | MSE: 0.3192 | C_Loss: 0.019 | A_Loss: -0.002 | Alpha: 0.0083
Train Ep: 005/350 | Reward:  -18.0 | MSE: 0.3121 | C_Loss: 0.017 | A_Loss: -0.002 | Alpha: 0.0079
Train Ep: 006/350 | Reward:   18.0 | MSE: 0.2796 | C_Loss: 0.019 | A_Loss: -0.004 | Alpha: 0.0075
  [!] Reward crossed 0! Unlocking Validation phase for the rest of training.
Train Ep: 007/350 | Reward:  -14.0 | MSE: 0.3261 | C_Loss: 0.015 | A_Loss: -0.004 | Alpha: 0.0072
Train Ep: 008/350 | Reward:   -2.0 | MSE: 0.2949 | C_Loss: 0.014 | A_Loss: -0.003 | Alpha: 0.0069
Train Ep: 009/350 | Reward:   12.0 | MSE: 0.3201 | C_Loss: 0.016 | A_Loss: -0.003 | Alpha: 0.0066
Train Ep: 010/350 | Reward:  -29.0 | MSE: 0.1853 | C_Loss: 0.017 | A_Loss: -0.003 | Alpha: 0.0063
  [!] Running Isolated Validation (Pure CMA vs GNN)...
  -> Val Results: Pure Baseline Errors: 5195 | GNN Errors: 5154
  -> Relative Improvement: 0.789%
  *** New Best Model! Net Score improved from -inf to 0.007892204042348411 ***
[*] Models successfully saved to models/sac_gnn_44_best.pth
Train Ep: 011/350 | Reward:  -59.0 | MSE: 0.3959 | C_Loss: 0.019 | A_Loss: -0.002 | Alpha: 0.0060
Train Ep: 012/350 | Reward:    6.0 | MSE: 0.2456 | C_Loss: 0.022 | A_Loss: -0.003 | Alpha: 0.0057
Train Ep: 013/350 | Reward:  -40.0 | MSE: 0.3155 | C_Loss: 0.022 | A_Loss: -0.002 | Alpha: 0.0055
Train Ep: 014/350 | Reward:   -7.0 | MSE: 0.3607 | C_Loss: 0.020 | A_Loss: -0.002 | Alpha: 0.0052
Train Ep: 015/350 | Reward:   22.0 | MSE: 0.2753 | C_Loss: 0.016 | A_Loss: -0.002 | Alpha: 0.0050
  [!] Running Isolated Validation (Pure CMA vs GNN)...
  -> Val Results: Pure Baseline Errors: 5195 | GNN Errors: 5193
  -> Relative Improvement: 0.038%
Train Ep: 016/350 | Reward:  -11.0 | MSE: 0.3797 | C_Loss: 0.018 | A_Loss: -0.004 | Alpha: 0.0048
Train Ep: 017/350 | Reward:  -24.0 | MSE: 0.2177 | C_Loss: 0.017 | A_Loss: -0.002 | Alpha: 0.0046
Train Ep: 018/350 | Reward:   -5.0 | MSE: 0.2629 | C_Loss: 0.015 | A_Loss: -0.003 | Alpha: 0.0044
Train Ep: 019/350 | Reward:   27.0 | MSE: 0.2074 | C_Loss: 0.014 | A_Loss: -0.002 | Alpha: 0.0042
Train Ep: 020/350 | Reward:  -58.0 | MSE: 0.2125 | C_Loss: 0.019 | A_Loss: -0.002 | Alpha: 0.0040
  [!] Running Isolated Validation (Pure CMA vs GNN)...
  -> Val Results: Pure Baseline Errors: 5195 | GNN Errors: 5187
  -> Relative Improvement: 0.154%
Train Ep: 021/350 | Reward:   -4.0 | MSE: 0.2938 | C_Loss: 0.021 | A_Loss: -0.002 | Alpha: 0.0038
Train Ep: 022/350 | Reward:  -28.0 | MSE: 0.4264 | C_Loss: 0.020 | A_Loss: -0.002 | Alpha: 0.0036
Train Ep: 023/350 | Reward:   31.0 | MSE: 0.2019 | C_Loss: 0.018 | A_Loss: -0.002 | Alpha: 0.0035
Train Ep: 024/350 | Reward:   -2.0 | MSE: 0.3013 | C_Loss: 0.012 | A_Loss: -0.002 | Alpha: 0.0033
Train Ep: 025/350 | Reward:   -8.0 | MSE: 0.3020 | C_Loss: 0.011 | A_Loss: -0.002 | Alpha: 0.0032
  [!] Running Isolated Validation (Pure CMA vs GNN)...
  -> Val Results: Pure Baseline Errors: 5195 | GNN Errors: 5195
  -> Relative Improvement: 0.000%
Train Ep: 026/350 | Reward:   17.0 | MSE: 0.2526 | C_Loss: 0.013 | A_Loss: -0.002 | Alpha: 0.0030
Train Ep: 027/350 | Reward:   14.0 | MSE: 0.2563 | C_Loss: 0.015 | A_Loss: -0.002 | Alpha: 0.0029
Train Ep: 028/350 | Reward:  -13.0 | MSE: 0.2378 | C_Loss: 0.016 | A_Loss: -0.001 | Alpha: 0.0028
Train Ep: 029/350 | Reward:   42.0 | MSE: 0.2276 | C_Loss: 0.018 | A_Loss: -0.001 | Alpha: 0.0026
Train Ep: 030/350 | Reward:  -19.0 | MSE: 0.2978 | C_Loss: 0.016 | A_Loss: -0.002 | Alpha: 0.0025
  [!] Running Isolated Validation (Pure CMA vs GNN)...
  -> Val Results: Pure Baseline Errors: 5195 | GNN Errors: 5195
  -> Relative Improvement: 0.000%
Train Ep: 031/350 | Reward:  -97.0 | MSE: 0.3387 | C_Loss: 0.017 | A_Loss: -0.001 | Alpha: 0.0024
Train Ep: 032/350 | Reward:   32.0 | MSE: 0.3488 | C_Loss: 0.021 | A_Loss: -0.001 | Alpha: 0.0023
Train Ep: 033/350 | Reward:   -6.0 | MSE: 0.3405 | C_Loss: 0.023 | A_Loss: -0.001 | Alpha: 0.0022
Train Ep: 034/350 | Reward:   30.0 | MSE: 0.2720 | C_Loss: 0.018 | A_Loss: -0.002 | Alpha: 0.0021
Train Ep: 035/350 | Reward:   10.0 | MSE: 0.3870 | C_Loss: 0.016 | A_Loss: -0.002 | Alpha: 0.0020
  [!] Running Isolated Validation (Pure CMA vs GNN)...
  -> Val Results: Pure Baseline Errors: 5195 | GNN Errors: 5195
  -> Relative Improvement: 0.000%
Train Ep: 036/350 | Reward:   25.0 | MSE: 0.3467 | C_Loss: 0.016 | A_Loss: -0.001 | Alpha: 0.0019
Train Ep: 037/350 | Reward:    6.0 | MSE: 0.3370 | C_Loss: 0.013 | A_Loss: -0.001 | Alpha: 0.0018
Train Ep: 038/350 | Reward:   12.0 | MSE: 0.3803 | C_Loss: 0.015 | A_Loss: -0.001 | Alpha: 0.0018
Train Ep: 039/350 | Reward:   20.0 | MSE: 0.4094 | C_Loss: 0.013 | A_Loss: -0.001 | Alpha: 0.0017
Train Ep: 040/350 | Reward:   18.0 | MSE: 0.3499 | C_Loss: 0.010 | A_Loss: -0.002 | Alpha: 0.0016
  [!] Running Isolated Validation (Pure CMA vs GNN)...
  -> Val Results: Pure Baseline Errors: 5195 | GNN Errors: 5195
  -> Relative Improvement: 0.000%
Train Ep: 041/350 | Reward:  -27.0 | MSE: 0.3393 | C_Loss: 0.012 | A_Loss: -0.000 | Alpha: 0.0015
Train Ep: 042/350 | Reward:   -9.0 | MSE: 0.5198 | C_Loss: 0.016 | A_Loss: -0.001 | Alpha: 0.0015
Train Ep: 043/350 | Reward:   -2.0 | MSE: 0.3334 | C_Loss: 0.018 | A_Loss: -0.000 | Alpha: 0.0014
Train Ep: 044/350 | Reward:  -18.0 | MSE: 0.3761 | C_Loss: 0.020 | A_Loss: -0.000 | Alpha: 0.0013
Train Ep: 045/350 | Reward:   -3.0 | MSE: 0.4828 | C_Loss: 0.019 | A_Loss: -0.001 | Alpha: 0.0013
  [!] Running Isolated Validation (Pure CMA vs GNN)...
  -> Val Results: Pure Baseline Errors: 5195 | GNN Errors: 5195
  -> Relative Improvement: 0.000%
Train Ep: 046/350 | Reward:   22.0 | MSE: 0.3944 | C_Loss: 0.019 | A_Loss: -0.001 | Alpha: 0.0012
Train Ep: 047/350 | Reward:    6.0 | MSE: 0.5064 | C_Loss: 0.017 | A_Loss: -0.002 | Alpha: 0.0012
Train Ep: 048/350 | Reward:   -1.0 | MSE: 0.4518 | C_Loss: 0.019 | A_Loss: -0.001 | Alpha: 0.0011
Train Ep: 049/350 | Reward:   20.0 | MSE: 0.2527 | C_Loss: 0.017 | A_Loss: 0.000 | Alpha: 0.0011
Train Ep: 050/350 | Reward:   20.0 | MSE: 0.4018 | C_Loss: 0.017 | A_Loss: -0.002 | Alpha: 0.0010
  [!] Running Isolated Validation (Pure CMA vs GNN)...
  -> Val Results: Pure Baseline Errors: 5195 | GNN Errors: 5195
  -> Relative Improvement: 0.000%
Train Ep: 051/350 | Reward:   19.0 | MSE: 0.3153 | C_Loss: 0.014 | A_Loss: -0.001 | Alpha: 0.0010
Train Ep: 052/350 | Reward:  -30.0 | MSE: 0.2876 | C_Loss: 0.011 | A_Loss: -0.000 | Alpha: 0.0009
Train Ep: 053/350 | Reward:    7.0 | MSE: 0.2011 | C_Loss: 0.012 | A_Loss: -0.000 | Alpha: 0.0009
Train Ep: 054/350 | Reward:   -7.0 | MSE: 0.4536 | C_Loss: 0.012 | A_Loss: -0.000 | Alpha: 0.0009
Train Ep: 055/350 | Reward:    2.0 | MSE: 0.3591 | C_Loss: 0.013 | A_Loss: -0.001 | Alpha: 0.0008
  [!] Running Isolated Validation (Pure CMA vs GNN)...
  -> Val Results: Pure Baseline Errors: 5195 | GNN Errors: 5192
  -> Relative Improvement: 0.058%
Train Ep: 056/350 | Reward:  -13.0 | MSE: 0.2615 | C_Loss: 0.015 | A_Loss: 0.000 | Alpha: 0.0008
Train Ep: 057/350 | Reward:   18.0 | MSE: 0.4641 | C_Loss: 0.016 | A_Loss: -0.001 | Alpha: 0.0007
Train Ep: 058/350 | Reward:   22.0 | MSE: 0.2560 | C_Loss: 0.016 | A_Loss: -0.000 | Alpha: 0.0007
Train Ep: 059/350 | Reward:   40.0 | MSE: 0.3800 | C_Loss: 0.012 | A_Loss: -0.001 | Alpha: 0.0007
Train Ep: 060/350 | Reward:  -11.0 | MSE: 0.2849 | C_Loss: 0.013 | A_Loss: -0.001 | Alpha: 0.0007
  [!] Running Isolated Validation (Pure CMA vs GNN)...
  -> Val Results: Pure Baseline Errors: 5195 | GNN Errors: 5182
  -> Relative Improvement: 0.250%
Train Ep: 061/350 | Reward:  -21.0 | MSE: 0.2710 | C_Loss: 0.017 | A_Loss: -0.000 | Alpha: 0.0006
Train Ep: 062/350 | Reward:   20.0 | MSE: 0.4043 | C_Loss: 0.017 | A_Loss: -0.000 | Alpha: 0.0006
Train Ep: 063/350 | Reward:  -32.0 | MSE: 0.3164 | C_Loss: 0.015 | A_Loss: -0.001 | Alpha: 0.0006
Train Ep: 064/350 | Reward:  -18.0 | MSE: 0.3453 | C_Loss: 0.018 | A_Loss: -0.001 | Alpha: 0.0005
Train Ep: 065/350 | Reward:   39.0 | MSE: 0.2436 | C_Loss: 0.017 | A_Loss: 0.000 | Alpha: 0.0005
  [!] Running Isolated Validation (Pure CMA vs GNN)...
  -> Val Results: Pure Baseline Errors: 5195 | GNN Errors: 5195
  -> Relative Improvement: 0.000%
Train Ep: 066/350 | Reward:   26.0 | MSE: 0.2078 | C_Loss: 0.012 | A_Loss: -0.001 | Alpha: 0.0005
Train Ep: 067/350 | Reward:   17.0 | MSE: 0.3383 | C_Loss: 0.011 | A_Loss: -0.000 | Alpha: 0.0005
Train Ep: 068/350 | Reward:   13.0 | MSE: 0.2593 | C_Loss: 0.014 | A_Loss: -0.001 | Alpha: 0.0005
Train Ep: 069/350 | Reward:   37.0 | MSE: 0.3604 | C_Loss: 0.015 | A_Loss: -0.000 | Alpha: 0.0004
Train Ep: 070/350 | Reward:   -2.0 | MSE: 0.2256 | C_Loss: 0.011 | A_Loss: -0.001 | Alpha: 0.0004
  [!] Running Isolated Validation (Pure CMA vs GNN)...
  -> Val Results: Pure Baseline Errors: 5195 | GNN Errors: 5195
  -> Relative Improvement: 0.000%
Train Ep: 071/350 | Reward:   46.0 | MSE: 0.3629 | C_Loss: 0.011 | A_Loss: -0.001 | Alpha: 0.0004
Train Ep: 072/350 | Reward:    4.0 | MSE: 0.2492 | C_Loss: 0.013 | A_Loss: -0.001 | Alpha: 0.0004
Train Ep: 073/350 | Reward:  -13.0 | MSE: 0.3720 | C_Loss: 0.013 | A_Loss: 0.000 | Alpha: 0.0004
Train Ep: 074/350 | Reward:   -7.0 | MSE: 0.2862 | C_Loss: 0.012 | A_Loss: 0.001 | Alpha: 0.0003
Train Ep: 075/350 | Reward:  -11.0 | MSE: 0.3811 | C_Loss: 0.014 | A_Loss: -0.001 | Alpha: 0.0003
  [!] Running Isolated Validation (Pure CMA vs GNN)...
  -> Val Results: Pure Baseline Errors: 5195 | GNN Errors: 5195
  -> Relative Improvement: 0.000%
Train Ep: 076/350 | Reward:  -12.0 | MSE: 0.2537 | C_Loss: 0.014 | A_Loss: -0.000 | Alpha: 0.0003
Train Ep: 077/350 | Reward:   10.0 | MSE: 0.2655 | C_Loss: 0.012 | A_Loss: -0.001 | Alpha: 0.0003
Train Ep: 078/350 | Reward:   14.0 | MSE: 0.3850 | C_Loss: 0.011 | A_Loss: -0.001 | Alpha: 0.0003
Train Ep: 079/350 | Reward:   29.0 | MSE: 0.2222 | C_Loss: 0.012 | A_Loss: -0.001 | Alpha: 0.0003
Train Ep: 080/350 | Reward:    1.0 | MSE: 0.3000 | C_Loss: 0.011 | A_Loss: -0.001 | Alpha: 0.0003
  [!] Running Isolated Validation (Pure CMA vs GNN)...
  -> Val Results: Pure Baseline Errors: 5195 | GNN Errors: 5195
  -> Relative Improvement: 0.000%
Train Ep: 081/350 | Reward:   17.0 | MSE: 0.3637 | C_Loss: 0.013 | A_Loss: -0.001 | Alpha: 0.0003
Train Ep: 082/350 | Reward:    8.0 | MSE: 0.4357 | C_Loss: 0.016 | A_Loss: -0.001 | Alpha: 0.0002
Train Ep: 083/350 | Reward:   37.0 | MSE: 0.2349 | C_Loss: 0.017 | A_Loss: -0.001 | Alpha: 0.0002
Train Ep: 084/350 | Reward:   33.0 | MSE: 0.3405 | C_Loss: 0.015 | A_Loss: -0.001 | Alpha: 0.0002
Train Ep: 085/350 | Reward:   24.0 | MSE: 0.3970 | C_Loss: 0.011 | A_Loss: -0.001 | Alpha: 0.0002
  [!] Running Isolated Validation (Pure CMA vs GNN)...
  -> Val Results: Pure Baseline Errors: 5195 | GNN Errors: 5110
  -> Relative Improvement: 1.636%
  *** New Best Model! Net Score improved from 0.007892204042348411 to 0.016361886429258902 ***
[*] Models successfully saved to models/sac_gnn_44_best.pth
Train Ep: 086/350 | Reward:   60.0 | MSE: 0.3281 | C_Loss: 0.011 | A_Loss: -0.000 | Alpha: 0.0002
Train Ep: 087/350 | Reward:   18.0 | MSE: 0.3241 | C_Loss: 0.013 | A_Loss: -0.001 | Alpha: 0.0002
Train Ep: 088/350 | Reward:   41.0 | MSE: 0.3139 | C_Loss: 0.015 | A_Loss: -0.001 | Alpha: 0.0002
Train Ep: 089/350 | Reward:   39.0 | MSE: 0.2776 | C_Loss: 0.012 | A_Loss: -0.001 | Alpha: 0.0002
Train Ep: 090/350 | Reward:   32.0 | MSE: 0.3271 | C_Loss: 0.011 | A_Loss: -0.000 | Alpha: 0.0002
  [!] Running Isolated Validation (Pure CMA vs GNN)...
  -> Val Results: Pure Baseline Errors: 5195 | GNN Errors: 5195
  -> Relative Improvement: 0.000%
Train Ep: 091/350 | Reward:    0.0 | MSE: 0.3976 | C_Loss: 0.012 | A_Loss: -0.000 | Alpha: 0.0002
Train Ep: 092/350 | Reward:   29.0 | MSE: 0.4440 | C_Loss: 0.012 | A_Loss: -0.001 | Alpha: 0.0002
Train Ep: 093/350 | Reward:   38.0 | MSE: 0.1941 | C_Loss: 0.015 | A_Loss: -0.001 | Alpha: 0.0001
Train Ep: 094/350 | Reward:   16.0 | MSE: 0.3496 | C_Loss: 0.013 | A_Loss: -0.001 | Alpha: 0.0001
Train Ep: 095/350 | Reward:   29.0 | MSE: 0.3941 | C_Loss: 0.012 | A_Loss: -0.000 | Alpha: 0.0001
  [!] Running Isolated Validation (Pure CMA vs GNN)...
  -> Val Results: Pure Baseline Errors: 5195 | GNN Errors: 5176
  -> Relative Improvement: 0.366%
Train Ep: 096/350 | Reward:   26.0 | MSE: 0.3014 | C_Loss: 0.014 | A_Loss: -0.000 | Alpha: 0.0001
Train Ep: 097/350 | Reward:   31.0 | MSE: 0.2933 | C_Loss: 0.013 | A_Loss: -0.001 | Alpha: 0.0001
Train Ep: 098/350 | Reward:   24.0 | MSE: 0.3356 | C_Loss: 0.012 | A_Loss: -0.000 | Alpha: 0.0001
Train Ep: 099/350 | Reward:    7.0 | MSE: 0.4527 | C_Loss: 0.013 | A_Loss: -0.001 | Alpha: 0.0001
Train Ep: 100/350 | Reward:   12.0 | MSE: 0.3124 | C_Loss: 0.011 | A_Loss: 0.000 | Alpha: 0.0001
  [!] Running Isolated Validation (Pure CMA vs GNN)...
  -> Val Results: Pure Baseline Errors: 5195 | GNN Errors: 5195
  -> Relative Improvement: 0.000%
Train Ep: 101/350 | Reward:    5.0 | MSE: 0.2261 | C_Loss: 0.008 | A_Loss: -0.001 | Alpha: 0.0001
Train Ep: 102/350 | Reward:    7.0 | MSE: 0.3217 | C_Loss: 0.008 | A_Loss: -0.000 | Alpha: 0.0001
Train Ep: 103/350 | Reward:   41.0 | MSE: 0.3617 | C_Loss: 0.012 | A_Loss: -0.000 | Alpha: 0.0001
Train Ep: 104/350 | Reward:   19.0 | MSE: 0.4655 | C_Loss: 0.010 | A_Loss: -0.000 | Alpha: 0.0001
Train Ep: 105/350 | Reward:   13.0 | MSE: 0.3524 | C_Loss: 0.008 | A_Loss: -0.000 | Alpha: 0.0001
  [!] Running Isolated Validation (Pure CMA vs GNN)...
  -> Val Results: Pure Baseline Errors: 5195 | GNN Errors: 5206
  -> Relative Improvement: -0.212%
Train Ep: 106/350 | Reward:   37.0 | MSE: 0.2425 | C_Loss: 0.006 | A_Loss: -0.001 | Alpha: 0.0001
Train Ep: 107/350 | Reward:    0.0 | MSE: 0.2559 | C_Loss: 0.004 | A_Loss: -0.000 | Alpha: 0.0001
Train Ep: 108/350 | Reward:   14.0 | MSE: 0.3385 | C_Loss: 0.004 | A_Loss: -0.000 | Alpha: 0.0001
Train Ep: 109/350 | Reward:   10.0 | MSE: 0.2510 | C_Loss: 0.005 | A_Loss: -0.001 | Alpha: 0.0001
Train Ep: 110/350 | Reward:   16.0 | MSE: 0.4896 | C_Loss: 0.008 | A_Loss: 0.000 | Alpha: 0.0001
  [!] Running Isolated Validation (Pure CMA vs GNN)...
  -> Val Results: Pure Baseline Errors: 5195 | GNN Errors: 5195
  -> Relative Improvement: 0.000%
Train Ep: 111/350 | Reward:   56.0 | MSE: 0.3926 | C_Loss: 0.008 | A_Loss: -0.001 | Alpha: 0.0001
Train Ep: 112/350 | Reward:   10.0 | MSE: 0.3454 | C_Loss: 0.009 | A_Loss: -0.001 | Alpha: 0.0001
Train Ep: 113/350 | Reward:   19.0 | MSE: 0.3200 | C_Loss: 0.009 | A_Loss: -0.001 | Alpha: 0.0001
Train Ep: 114/350 | Reward:   32.0 | MSE: 0.2907 | C_Loss: 0.011 | A_Loss: -0.001 | Alpha: 0.0001
Train Ep: 115/350 | Reward:   33.0 | MSE: 0.2810 | C_Loss: 0.014 | A_Loss: -0.000 | Alpha: 0.0001
  [!] Running Isolated Validation (Pure CMA vs GNN)...
  -> Val Results: Pure Baseline Errors: 5195 | GNN Errors: 5205
  -> Relative Improvement: -0.192%
Train Ep: 116/350 | Reward:    9.0 | MSE: 0.2575 | C_Loss: 0.011 | A_Loss: 0.000 | Alpha: 0.0001
Train Ep: 117/350 | Reward:   26.0 | MSE: 0.3139 | C_Loss: 0.011 | A_Loss: -0.000 | Alpha: 0.0000
Train Ep: 118/350 | Reward:  -13.0 | MSE: 0.4266 | C_Loss: 0.013 | A_Loss: 0.000 | Alpha: 0.0000
Train Ep: 119/350 | Reward:   24.0 | MSE: 0.2580 | C_Loss: 0.015 | A_Loss: -0.001 | Alpha: 0.0000
Train Ep: 120/350 | Reward:   23.0 | MSE: 0.3603 | C_Loss: 0.014 | A_Loss: -0.000 | Alpha: 0.0000
  [!] Running Isolated Validation (Pure CMA vs GNN)...
  -> Val Results: Pure Baseline Errors: 5195 | GNN Errors: 5214
  -> Relative Improvement: -0.366%
Train Ep: 121/350 | Reward:   21.0 | MSE: 0.4351 | C_Loss: 0.008 | A_Loss: -0.001 | Alpha: 0.0000
Train Ep: 122/350 | Reward:    6.0 | MSE: 0.2921 | C_Loss: 0.006 | A_Loss: -0.000 | Alpha: 0.0000
Train Ep: 123/350 | Reward:   16.0 | MSE: 0.3614 | C_Loss: 0.009 | A_Loss: -0.000 | Alpha: 0.0000
Train Ep: 124/350 | Reward:   64.0 | MSE: 0.3900 | C_Loss: 0.009 | A_Loss: -0.001 | Alpha: 0.0000
Train Ep: 125/350 | Reward:    7.0 | MSE: 0.3479 | C_Loss: 0.011 | A_Loss: -0.000 | Alpha: 0.0000
  [!] Running Isolated Validation (Pure CMA vs GNN)...
  -> Val Results: Pure Baseline Errors: 5195 | GNN Errors: 5064
  -> Relative Improvement: 2.522%
  *** New Best Model! Net Score improved from 0.016361886429258902 to 0.02521655437921078 ***
[*] Models successfully saved to models/sac_gnn_44_best.pth
Train Ep: 126/350 | Reward:   72.0 | MSE: 0.3754 | C_Loss: 0.013 | A_Loss: -0.001 | Alpha: 0.0000
Train Ep: 127/350 | Reward:   37.0 | MSE: 0.2919 | C_Loss: 0.015 | A_Loss: -0.001 | Alpha: 0.0000
Train Ep: 128/350 | Reward:  -14.0 | MSE: 0.3046 | C_Loss: 0.022 | A_Loss: -0.001 | Alpha: 0.0000
Train Ep: 129/350 | Reward:   29.0 | MSE: 0.3121 | C_Loss: 0.022 | A_Loss: 0.000 | Alpha: 0.0000
Train Ep: 130/350 | Reward:   31.0 | MSE: 0.3416 | C_Loss: 0.012 | A_Loss: -0.001 | Alpha: 0.0000
  [!] Running Isolated Validation (Pure CMA vs GNN)...
  -> Val Results: Pure Baseline Errors: 5195 | GNN Errors: 5195
  -> Relative Improvement: 0.000%
Train Ep: 131/350 | Reward:   17.0 | MSE: 0.5226 | C_Loss: 0.006 | A_Loss: -0.000 | Alpha: 0.0000
Train Ep: 132/350 | Reward:   21.0 | MSE: 0.4204 | C_Loss: 0.008 | A_Loss: -0.001 | Alpha: 0.0000
Train Ep: 133/350 | Reward:   49.0 | MSE: 0.3257 | C_Loss: 0.008 | A_Loss: -0.001 | Alpha: 0.0000
Train Ep: 134/350 | Reward:   38.0 | MSE: 0.3587 | C_Loss: 0.006 | A_Loss: -0.001 | Alpha: 0.0000
Train Ep: 135/350 | Reward:   41.0 | MSE: 0.3038 | C_Loss: 0.007 | A_Loss: -0.001 | Alpha: 0.0000
  [!] Running Isolated Validation (Pure CMA vs GNN)...
  -> Val Results: Pure Baseline Errors: 5195 | GNN Errors: 5195
  -> Relative Improvement: 0.000%
Train Ep: 136/350 | Reward:   25.0 | MSE: 0.5775 | C_Loss: 0.006 | A_Loss: -0.002 | Alpha: 0.0000
Train Ep: 137/350 | Reward:   22.0 | MSE: 0.3296 | C_Loss: 0.006 | A_Loss: -0.000 | Alpha: 0.0000
Train Ep: 138/350 | Reward:   27.0 | MSE: 0.4213 | C_Loss: 0.006 | A_Loss: -0.000 | Alpha: 0.0000
Train Ep: 139/350 | Reward:   35.0 | MSE: 0.1916 | C_Loss: 0.006 | A_Loss: -0.001 | Alpha: 0.0000
Train Ep: 140/350 | Reward:   13.0 | MSE: 0.4278 | C_Loss: 0.010 | A_Loss: -0.001 | Alpha: 0.0000
  [!] Running Isolated Validation (Pure CMA vs GNN)...
  -> Val Results: Pure Baseline Errors: 5195 | GNN Errors: 5149
  -> Relative Improvement: 0.885%
Train Ep: 141/350 | Reward:   -2.0 | MSE: 0.3271 | C_Loss: 0.015 | A_Loss: 0.000 | Alpha: 0.0000
Train Ep: 142/350 | Reward:   35.0 | MSE: 0.2896 | C_Loss: 0.011 | A_Loss: 0.000 | Alpha: 0.0000
Train Ep: 143/350 | Reward:    7.0 | MSE: 0.2999 | C_Loss: 0.006 | A_Loss: -0.001 | Alpha: 0.0000
Train Ep: 144/350 | Reward:   21.0 | MSE: 0.2478 | C_Loss: 0.003 | A_Loss: -0.000 | Alpha: 0.0000
Train Ep: 145/350 | Reward:   23.0 | MSE: 0.3007 | C_Loss: 0.004 | A_Loss: -0.000 | Alpha: 0.0000
  [!] Running Isolated Validation (Pure CMA vs GNN)...
  -> Val Results: Pure Baseline Errors: 5195 | GNN Errors: 5195
  -> Relative Improvement: 0.000%
Train Ep: 146/350 | Reward:   12.0 | MSE: 0.2876 | C_Loss: 0.006 | A_Loss: -0.000 | Alpha: 0.0000
Train Ep: 147/350 | Reward:   27.0 | MSE: 0.1962 | C_Loss: 0.006 | A_Loss: -0.000 | Alpha: 0.0000
Train Ep: 148/350 | Reward:   63.0 | MSE: 0.4295 | C_Loss: 0.007 | A_Loss: -0.000 | Alpha: 0.0000
Train Ep: 149/350 | Reward:   73.0 | MSE: 0.3156 | C_Loss: 0.008 | A_Loss: -0.001 | Alpha: 0.0000
Train Ep: 150/350 | Reward:   55.0 | MSE: 0.4705 | C_Loss: 0.007 | A_Loss: -0.001 | Alpha: 0.0000
  [!] Running Isolated Validation (Pure CMA vs GNN)...
  -> Val Results: Pure Baseline Errors: 5195 | GNN Errors: 5151
  -> Relative Improvement: 0.847%
Train Ep: 151/350 | Reward:   41.0 | MSE: 0.4736 | C_Loss: 0.011 | A_Loss: -0.001 | Alpha: 0.0000
Train Ep: 152/350 | Reward:   24.0 | MSE: 0.3556 | C_Loss: 0.010 | A_Loss: -0.001 | Alpha: 0.0000
Train Ep: 153/350 | Reward:  -32.0 | MSE: 0.2094 | C_Loss: 0.013 | A_Loss: 0.000 | Alpha: 0.0000
Train Ep: 154/350 | Reward: -220.0 | MSE: 0.3164 | C_Loss: 0.026 | A_Loss: 0.001 | Alpha: 0.0000
Train Ep: 155/350 | Reward:    1.0 | MSE: 0.4549 | C_Loss: 0.024 | A_Loss: 0.000 | Alpha: 0.0000
  [!] Running Isolated Validation (Pure CMA vs GNN)...
  -> Val Results: Pure Baseline Errors: 5195 | GNN Errors: 5195
  -> Relative Improvement: 0.000%
Train Ep: 156/350 | Reward:    0.0 | MSE: 0.3360 | C_Loss: 0.010 | A_Loss: 0.000 | Alpha: 0.0000
Train Ep: 157/350 | Reward:    0.0 | MSE: 0.3160 | C_Loss: 0.000 | A_Loss: 0.000 | Alpha: 0.0000
Train Ep: 158/350 | Reward:    0.0 | MSE: 0.3146 | C_Loss: 0.000 | A_Loss: 0.000 | Alpha: 0.0000
Train Ep: 159/350 | Reward:    0.0 | MSE: 0.3162 | C_Loss: 0.000 | A_Loss: 0.000 | Alpha: 0.0000
Train Ep: 160/350 | Reward:    0.0 | MSE: 0.4191 | C_Loss: 0.000 | A_Loss: 0.000 | Alpha: 0.0000
  [!] Running Isolated Validation (Pure CMA vs GNN)...
  -> Val Results: Pure Baseline Errors: 5195 | GNN Errors: 5195
  -> Relative Improvement: 0.000%
Train Ep: 161/350 | Reward:    0.0 | MSE: 0.3085 | C_Loss: 0.000 | A_Loss: 0.000 | Alpha: 0.0000
Train Ep: 162/350 | Reward:    0.0 | MSE: 0.3503 | C_Loss: 0.000 | A_Loss: 0.000 | Alpha: 0.0000
Train Ep: 163/350 | Reward:    0.0 | MSE: 0.3441 | C_Loss: 0.000 | A_Loss: 0.000 | Alpha: 0.0000
Train Ep: 164/350 | Reward:    0.0 | MSE: 0.3302 | C_Loss: 0.000 | A_Loss: 0.000 | Alpha: 0.0000
Train Ep: 165/350 | Reward:    0.0 | MSE: 0.3728 | C_Loss: 0.000 | A_Loss: 0.000 | Alpha: 0.0000
  [!] Running Isolated Validation (Pure CMA vs GNN)...
  -> Val Results: Pure Baseline Errors: 5195 | GNN Errors: 5195
  -> Relative Improvement: 0.000%
Train Ep: 166/350 | Reward:    0.0 | MSE: 0.3880 | C_Loss: 0.000 | A_Loss: 0.000 | Alpha: 0.0000
Train Ep: 167/350 | Reward:    0.0 | MSE: 0.4022 | C_Loss: 0.000 | A_Loss: 0.000 | Alpha: 0.0000
Train Ep: 168/350 | Reward:    0.0 | MSE: 0.2869 | C_Loss: 0.000 | A_Loss: 0.000 | Alpha: 0.0000
Train Ep: 169/350 | Reward:    0.0 | MSE: 0.3240 | C_Loss: 0.000 | A_Loss: 0.000 | Alpha: 0.0000
Train Ep: 170/350 | Reward:    0.0 | MSE: 0.2820 | C_Loss: 0.000 | A_Loss: 0.000 | Alpha: 0.0000
  [!] Running Isolated Validation (Pure CMA vs GNN)...
  -> Val Results: Pure Baseline Errors: 5195 | GNN Errors: 5195
  -> Relative Improvement: 0.000%
Train Ep: 171/350 | Reward:    0.0 | MSE: 0.4279 | C_Loss: 0.000 | A_Loss: 0.000 | Alpha: 0.0000
Train Ep: 172/350 | Reward:    0.0 | MSE: 0.3815 | C_Loss: 0.000 | A_Loss: 0.000 | Alpha: 0.0000
Train Ep: 173/350 | Reward:    0.0 | MSE: 0.3301 | C_Loss: 0.000 | A_Loss: 0.000 | Alpha: 0.0000
Train Ep: 174/350 | Reward:    0.0 | MSE: 0.3166 | C_Loss: 0.000 | A_Loss: 0.000 | Alpha: 0.0000
Train Ep: 175/350 | Reward:    0.0 | MSE: 0.3487 | C_Loss: 0.000 | A_Loss: 0.000 | Alpha: 0.0000
  [!] Running Isolated Validation (Pure CMA vs GNN)...
  -> Val Results: Pure Baseline Errors: 5195 | GNN Errors: 5195
  -> Relative Improvement: 0.000%
Train Ep: 176/350 | Reward:    0.0 | MSE: 0.4164 | C_Loss: 0.000 | A_Loss: 0.000 | Alpha: 0.0000
Train Ep: 177/350 | Reward:    0.0 | MSE: 0.3037 | C_Loss: 0.000 | A_Loss: 0.000 | Alpha: 0.0000
Train Ep: 178/350 | Reward:    0.0 | MSE: 0.3969 | C_Loss: 0.000 | A_Loss: 0.000 | Alpha: 0.0000
Train Ep: 179/350 | Reward:    0.0 | MSE: 0.6178 | C_Loss: 0.000 | A_Loss: 0.000 | Alpha: 0.0000
Train Ep: 180/350 | Reward:    1.0 | MSE: 0.2115 | C_Loss: 0.000 | A_Loss: 0.000 | Alpha: 0.0000
  [!] Running Isolated Validation (Pure CMA vs GNN)...
  -> Val Results: Pure Baseline Errors: 5195 | GNN Errors: 5195
  -> Relative Improvement: 0.000%
Train Ep: 181/350 | Reward:   -1.0 | MSE: 0.3720 | C_Loss: 0.000 | A_Loss: 0.000 | Alpha: 0.0000
Train Ep: 182/350 | Reward:    0.0 | MSE: 0.3135 | C_Loss: 0.000 | A_Loss: 0.000 | Alpha: 0.0000
Train Ep: 183/350 | Reward:    0.0 | MSE: 0.3868 | C_Loss: 0.000 | A_Loss: 0.000 | Alpha: 0.0000
Train Ep: 184/350 | Reward:   -1.0 | MSE: 0.4658 | C_Loss: 0.000 | A_Loss: 0.000 | Alpha: 0.0000
Train Ep: 185/350 | Reward:    0.0 | MSE: 0.3987 | C_Loss: 0.000 | A_Loss: 0.000 | Alpha: 0.0000
  [!] Running Isolated Validation (Pure CMA vs GNN)...
  -> Val Results: Pure Baseline Errors: 5195 | GNN Errors: 5195
  -> Relative Improvement: 0.000%
Train Ep: 186/350 | Reward:    0.0 | MSE: 0.3829 | C_Loss: 0.000 | A_Loss: 0.000 | Alpha: 0.0000
Train Ep: 187/350 | Reward:   -1.0 | MSE: 0.2987 | C_Loss: 0.000 | A_Loss: 0.000 | Alpha: 0.0000
Train Ep: 188/350 | Reward:    1.0 | MSE: 0.3873 | C_Loss: 0.000 | A_Loss: 0.000 | Alpha: 0.0000
Train Ep: 189/350 | Reward:    0.0 | MSE: 0.3044 | C_Loss: 0.000 | A_Loss: 0.000 | Alpha: 0.0000
Train Ep: 190/350 | Reward:    0.0 | MSE: 0.2693 | C_Loss: 0.000 | A_Loss: 0.000 | Alpha: 0.0000
  [!] Running Isolated Validation (Pure CMA vs GNN)...
  -> Val Results: Pure Baseline Errors: 5195 | GNN Errors: 5195
  -> Relative Improvement: 0.000%
Train Ep: 191/350 | Reward:   -1.0 | MSE: 0.3962 | C_Loss: 0.000 | A_Loss: 0.000 | Alpha: 0.0000
Train Ep: 192/350 | Reward:    1.0 | MSE: 0.3047 | C_Loss: 0.000 | A_Loss: 0.000 | Alpha: 0.0000
Train Ep: 193/350 | Reward:   -2.0 | MSE: 0.4524 | C_Loss: 0.000 | A_Loss: -0.000 | Alpha: 0.0000
Train Ep: 194/350 | Reward:    1.0 | MSE: 0.3439 | C_Loss: 0.000 | A_Loss: 0.000 | Alpha: 0.0000
Train Ep: 195/350 | Reward:    0.0 | MSE: 0.4700 | C_Loss: 0.000 | A_Loss: 0.000 | Alpha: 0.0000
  [!] Running Isolated Validation (Pure CMA vs GNN)...
  -> Val Results: Pure Baseline Errors: 5195 | GNN Errors: 5195
  -> Relative Improvement: 0.000%
Train Ep: 196/350 | Reward:    3.0 | MSE: 0.3713 | C_Loss: 0.000 | A_Loss: 0.000 | Alpha: 0.0000
Train Ep: 197/350 | Reward:   10.0 | MSE: 0.2833 | C_Loss: 0.000 | A_Loss: -0.000 | Alpha: 0.0000
Train Ep: 198/350 | Reward:   19.0 | MSE: 0.3026 | C_Loss: 0.002 | A_Loss: -0.000 | Alpha: 0.0000
Train Ep: 199/350 | Reward:    7.0 | MSE: 0.3528 | C_Loss: 0.007 | A_Loss: -0.001 | Alpha: 0.0000
Train Ep: 200/350 | Reward:   19.0 | MSE: 0.4137 | C_Loss: 0.009 | A_Loss: 0.000 | Alpha: 0.0000
  [!] Running Isolated Validation (Pure CMA vs GNN)...
  -> Val Results: Pure Baseline Errors: 5195 | GNN Errors: 5195
  -> Relative Improvement: 0.000%
Train Ep: 201/350 | Reward:   49.0 | MSE: 0.2610 | C_Loss: 0.007 | A_Loss: 0.000 | Alpha: 0.0000
Train Ep: 202/350 | Reward:   74.0 | MSE: 0.3891 | C_Loss: 0.009 | A_Loss: -0.001 | Alpha: 0.0000
Train Ep: 203/350 | Reward:   18.0 | MSE: 0.3662 | C_Loss: 0.020 | A_Loss: -0.002 | Alpha: 0.0000
Train Ep: 204/350 | Reward:  133.0 | MSE: 0.4091 | C_Loss: 0.027 | A_Loss: -0.001 | Alpha: 0.0000
Train Ep: 205/350 | Reward:   55.0 | MSE: 0.2083 | C_Loss: 0.028 | A_Loss: -0.001 | Alpha: 0.0000
  [!] Running Isolated Validation (Pure CMA vs GNN)...
  -> Val Results: Pure Baseline Errors: 5195 | GNN Errors: 4980
  -> Relative Improvement: 4.139%
  *** New Best Model! Net Score improved from 0.02521655437921078 to 0.04138594802694899 ***
[*] Models successfully saved to models/sac_gnn_44_best.pth
Train Ep: 206/350 | Reward:   72.0 | MSE: 0.2267 | C_Loss: 0.027 | A_Loss: -0.002 | Alpha: 0.0000
Train Ep: 207/350 | Reward:   29.0 | MSE: 0.3093 | C_Loss: 0.023 | A_Loss: -0.001 | Alpha: 0.0000
Train Ep: 208/350 | Reward:   -5.0 | MSE: 0.3164 | C_Loss: 0.031 | A_Loss: -0.001 | Alpha: 0.0000
Train Ep: 209/350 | Reward:  103.0 | MSE: 0.2393 | C_Loss: 0.036 | A_Loss: -0.001 | Alpha: 0.0000
Train Ep: 210/350 | Reward:   86.0 | MSE: 0.2804 | C_Loss: 0.027 | A_Loss: -0.001 | Alpha: 0.0000
  [!] Running Isolated Validation (Pure CMA vs GNN)...
  -> Val Results: Pure Baseline Errors: 5195 | GNN Errors: 4944
  -> Relative Improvement: 4.832%
  *** New Best Model! Net Score improved from 0.04138594802694899 to 0.04831568816169394 ***
[*] Models successfully saved to models/sac_gnn_44_best.pth
Train Ep: 211/350 | Reward:   39.0 | MSE: 0.2492 | C_Loss: 0.020 | A_Loss: -0.002 | Alpha: 0.0000
Train Ep: 212/350 | Reward:   55.0 | MSE: 0.2560 | C_Loss: 0.018 | A_Loss: -0.001 | Alpha: 0.0000
Train Ep: 213/350 | Reward:   46.0 | MSE: 0.2672 | C_Loss: 0.024 | A_Loss: -0.001 | Alpha: 0.0000
Train Ep: 214/350 | Reward:   61.0 | MSE: 0.3342 | C_Loss: 0.029 | A_Loss: -0.000 | Alpha: 0.0000
Train Ep: 215/350 | Reward:   36.0 | MSE: 0.3882 | C_Loss: 0.029 | A_Loss: -0.001 | Alpha: 0.0000
  [!] Running Isolated Validation (Pure CMA vs GNN)...
  -> Val Results: Pure Baseline Errors: 5195 | GNN Errors: 5003
  -> Relative Improvement: 3.696%
Train Ep: 216/350 | Reward:   65.0 | MSE: 0.2316 | C_Loss: 0.023 | A_Loss: -0.001 | Alpha: 0.0000
Train Ep: 217/350 | Reward:  128.0 | MSE: 0.2488 | C_Loss: 0.020 | A_Loss: -0.001 | Alpha: 0.0000
Train Ep: 218/350 | Reward:  122.0 | MSE: 0.3609 | C_Loss: 0.023 | A_Loss: -0.002 | Alpha: 0.0000
Train Ep: 219/350 | Reward:   90.0 | MSE: 0.2936 | C_Loss: 0.020 | A_Loss: -0.002 | Alpha: 0.0000
Train Ep: 220/350 | Reward:  102.0 | MSE: 0.2285 | C_Loss: 0.020 | A_Loss: -0.001 | Alpha: 0.0000
  [!] Running Isolated Validation (Pure CMA vs GNN)...
  -> Val Results: Pure Baseline Errors: 5195 | GNN Errors: 4950
  -> Relative Improvement: 4.716%
Train Ep: 221/350 | Reward:   62.0 | MSE: 0.3025 | C_Loss: 0.016 | A_Loss: -0.002 | Alpha: 0.0000
Train Ep: 222/350 | Reward:   72.0 | MSE: 0.3375 | C_Loss: 0.015 | A_Loss: -0.002 | Alpha: 0.0000
Train Ep: 223/350 | Reward:   38.0 | MSE: 0.2357 | C_Loss: 0.020 | A_Loss: -0.001 | Alpha: 0.0000
Train Ep: 224/350 | Reward:   60.0 | MSE: 0.2689 | C_Loss: 0.015 | A_Loss: -0.000 | Alpha: 0.0000
Train Ep: 225/350 | Reward:   24.0 | MSE: 0.4403 | C_Loss: 0.010 | A_Loss: -0.001 | Alpha: 0.0000
  [!] Running Isolated Validation (Pure CMA vs GNN)...
  -> Val Results: Pure Baseline Errors: 5195 | GNN Errors: 5053
  -> Relative Improvement: 2.733%
Train Ep: 226/350 | Reward:   37.0 | MSE: 0.3697 | C_Loss: 0.009 | A_Loss: -0.000 | Alpha: 0.0000
Train Ep: 227/350 | Reward:   23.0 | MSE: 0.3792 | C_Loss: 0.006 | A_Loss: -0.000 | Alpha: 0.0000
Train Ep: 228/350 | Reward:   27.0 | MSE: 0.3108 | C_Loss: 0.004 | A_Loss: -0.001 | Alpha: 0.0000
Train Ep: 229/350 | Reward:   28.0 | MSE: 0.3034 | C_Loss: 0.004 | A_Loss: -0.000 | Alpha: 0.0000
Train Ep: 230/350 | Reward:   21.0 | MSE: 0.2793 | C_Loss: 0.003 | A_Loss: -0.001 | Alpha: 0.0000
  [!] Running Isolated Validation (Pure CMA vs GNN)...
  -> Val Results: Pure Baseline Errors: 5195 | GNN Errors: 5199
  -> Relative Improvement: -0.077%
Train Ep: 231/350 | Reward:   39.0 | MSE: 0.2840 | C_Loss: 0.004 | A_Loss: -0.000 | Alpha: 0.0000
Train Ep: 232/350 | Reward:   89.0 | MSE: 0.3010 | C_Loss: 0.009 | A_Loss: -0.001 | Alpha: 0.0000
Train Ep: 233/350 | Reward:   14.0 | MSE: 0.2293 | C_Loss: 0.013 | A_Loss: -0.001 | Alpha: 0.0000
Train Ep: 234/350 | Reward:   56.0 | MSE: 0.4494 | C_Loss: 0.020 | A_Loss: -0.001 | Alpha: 0.0000
Train Ep: 235/350 | Reward:   68.0 | MSE: 0.3303 | C_Loss: 0.020 | A_Loss: -0.000 | Alpha: 0.0000
  [!] Running Isolated Validation (Pure CMA vs GNN)...
  -> Val Results: Pure Baseline Errors: 5195 | GNN Errors: 4976
  -> Relative Improvement: 4.216%
Train Ep: 236/350 | Reward:   40.0 | MSE: 0.2883 | C_Loss: 0.026 | A_Loss: -0.000 | Alpha: 0.0000
Train Ep: 237/350 | Reward:   67.0 | MSE: 0.2715 | C_Loss: 0.024 | A_Loss: -0.000 | Alpha: 0.0000
Train Ep: 238/350 | Reward:   45.0 | MSE: 0.3058 | C_Loss: 0.022 | A_Loss: -0.001 | Alpha: 0.0000
Train Ep: 239/350 | Reward:   91.0 | MSE: 0.2629 | C_Loss: 0.018 | A_Loss: -0.001 | Alpha: 0.0000
Train Ep: 240/350 | Reward:  137.0 | MSE: 0.3380 | C_Loss: 0.017 | A_Loss: -0.002 | Alpha: 0.0000
  [!] Running Isolated Validation (Pure CMA vs GNN)...
  -> Val Results: Pure Baseline Errors: 5195 | GNN Errors: 5015
  -> Relative Improvement: 3.465%
Train Ep: 241/350 | Reward:   83.0 | MSE: 0.2892 | C_Loss: 0.017 | A_Loss: -0.002 | Alpha: 0.0000
Train Ep: 242/350 | Reward:  111.0 | MSE: 0.2288 | C_Loss: 0.021 | A_Loss: -0.003 | Alpha: 0.0000
Train Ep: 243/350 | Reward:  -79.0 | MSE: 0.1966 | C_Loss: 0.029 | A_Loss: 0.000 | Alpha: 0.0000
Train Ep: 244/350 | Reward:   78.0 | MSE: 0.2357 | C_Loss: 0.030 | A_Loss: -0.001 | Alpha: 0.0000
Train Ep: 245/350 | Reward:   93.0 | MSE: 0.2960 | C_Loss: 0.020 | A_Loss: -0.001 | Alpha: 0.0000
  [!] Running Isolated Validation (Pure CMA vs GNN)...
  -> Val Results: Pure Baseline Errors: 5195 | GNN Errors: 4930
  -> Relative Improvement: 5.101%
  *** New Best Model! Net Score improved from 0.04831568816169394 to 0.05101058710298364 ***
[*] Models successfully saved to models/sac_gnn_44_best.pth
Train Ep: 246/350 | Reward:   51.0 | MSE: 0.3634 | C_Loss: 0.014 | A_Loss: -0.001 | Alpha: 0.0000
Train Ep: 247/350 | Reward:   30.0 | MSE: 0.2522 | C_Loss: 0.024 | A_Loss: -0.001 | Alpha: 0.0000
Train Ep: 248/350 | Reward:   93.0 | MSE: 0.2894 | C_Loss: 0.023 | A_Loss: -0.001 | Alpha: 0.0000
Train Ep: 249/350 | Reward:  127.0 | MSE: 0.2082 | C_Loss: 0.020 | A_Loss: -0.002 | Alpha: 0.0000
Train Ep: 250/350 | Reward:  101.0 | MSE: 0.3987 | C_Loss: 0.018 | A_Loss: -0.002 | Alpha: 0.0000
  [!] Running Isolated Validation (Pure CMA vs GNN)...
  -> Val Results: Pure Baseline Errors: 5195 | GNN Errors: 4939
  -> Relative Improvement: 4.928%
Train Ep: 251/350 | Reward:   27.0 | MSE: 0.3696 | C_Loss: 0.020 | A_Loss: -0.001 | Alpha: 0.0000
Train Ep: 252/350 | Reward:   83.0 | MSE: 0.3589 | C_Loss: 0.024 | A_Loss: -0.002 | Alpha: 0.0000
Train Ep: 253/350 | Reward:   75.0 | MSE: 0.3095 | C_Loss: 0.018 | A_Loss: -0.001 | Alpha: 0.0000
Train Ep: 254/350 | Reward:  125.0 | MSE: 0.4003 | C_Loss: 0.021 | A_Loss: -0.001 | Alpha: 0.0000
Train Ep: 255/350 | Reward:   94.0 | MSE: 0.4176 | C_Loss: 0.023 | A_Loss: -0.001 | Alpha: 0.0000
  [!] Running Isolated Validation (Pure CMA vs GNN)...
  -> Val Results: Pure Baseline Errors: 5195 | GNN Errors: 5031
  -> Relative Improvement: 3.157%
Train Ep: 256/350 | Reward:   56.0 | MSE: 0.1790 | C_Loss: 0.025 | A_Loss: -0.002 | Alpha: 0.0000
Train Ep: 257/350 | Reward:  103.0 | MSE: 0.2685 | C_Loss: 0.019 | A_Loss: -0.002 | Alpha: 0.0000
Train Ep: 258/350 | Reward:   86.0 | MSE: 0.3084 | C_Loss: 0.014 | A_Loss: -0.001 | Alpha: 0.0000
Train Ep: 259/350 | Reward:   72.0 | MSE: 0.2425 | C_Loss: 0.012 | A_Loss: -0.001 | Alpha: 0.0000
Train Ep: 260/350 | Reward:   85.0 | MSE: 0.2663 | C_Loss: 0.012 | A_Loss: -0.002 | Alpha: 0.0000
  [!] Running Isolated Validation (Pure CMA vs GNN)...
  -> Val Results: Pure Baseline Errors: 5195 | GNN Errors: 4928
  -> Relative Improvement: 5.140%
  *** New Best Model! Net Score improved from 0.05101058710298364 to 0.05139557266602503 ***
[*] Models successfully saved to models/sac_gnn_44_best.pth
Train Ep: 261/350 | Reward:   62.0 | MSE: 0.4054 | C_Loss: 0.014 | A_Loss: -0.002 | Alpha: 0.0000
Train Ep: 262/350 | Reward:  110.0 | MSE: 0.2658 | C_Loss: 0.014 | A_Loss: -0.001 | Alpha: 0.0000
Train Ep: 263/350 | Reward:   38.0 | MSE: 0.2771 | C_Loss: 0.014 | A_Loss: -0.002 | Alpha: 0.0000
Train Ep: 264/350 | Reward: -102.0 | MSE: 0.2581 | C_Loss: 0.017 | A_Loss: -0.001 | Alpha: 0.0000
Train Ep: 265/350 | Reward:   64.0 | MSE: 0.4107 | C_Loss: 0.025 | A_Loss: 0.001 | Alpha: 0.0000
  [!] Running Isolated Validation (Pure CMA vs GNN)...
  -> Val Results: Pure Baseline Errors: 5195 | GNN Errors: 5000
  -> Relative Improvement: 3.754%
Train Ep: 266/350 | Reward:   97.0 | MSE: 0.2480 | C_Loss: 0.020 | A_Loss: 0.000 | Alpha: 0.0000
Train Ep: 267/350 | Reward:  102.0 | MSE: 0.3131 | C_Loss: 0.010 | A_Loss: -0.002 | Alpha: 0.0000
Train Ep: 268/350 | Reward:   61.0 | MSE: 0.3161 | C_Loss: 0.016 | A_Loss: -0.001 | Alpha: 0.0000
Train Ep: 269/350 | Reward:  130.0 | MSE: 0.3976 | C_Loss: 0.020 | A_Loss: -0.002 | Alpha: 0.0000
Train Ep: 270/350 | Reward:   95.0 | MSE: 0.2288 | C_Loss: 0.021 | A_Loss: -0.002 | Alpha: 0.0000
  [!] Running Isolated Validation (Pure CMA vs GNN)...
  -> Val Results: Pure Baseline Errors: 5195 | GNN Errors: 4931
  -> Relative Improvement: 5.082%
Train Ep: 271/350 | Reward:   96.0 | MSE: 0.2519 | C_Loss: 0.019 | A_Loss: -0.002 | Alpha: 0.0000
Train Ep: 272/350 | Reward:   87.0 | MSE: 0.2783 | C_Loss: 0.022 | A_Loss: -0.001 | Alpha: 0.0000
Train Ep: 273/350 | Reward:   81.0 | MSE: 0.1863 | C_Loss: 0.021 | A_Loss: -0.002 | Alpha: 0.0000
Train Ep: 274/350 | Reward:  109.0 | MSE: 0.2649 | C_Loss: 0.025 | A_Loss: -0.002 | Alpha: 0.0000
Train Ep: 275/350 | Reward:   64.0 | MSE: 0.2654 | C_Loss: 0.024 | A_Loss: -0.001 | Alpha: 0.0000
  [!] Running Isolated Validation (Pure CMA vs GNN)...
  -> Val Results: Pure Baseline Errors: 5195 | GNN Errors: 4913
  -> Relative Improvement: 5.428%
  *** New Best Model! Net Score improved from 0.05139557266602503 to 0.05428296438883542 ***
[*] Models successfully saved to models/sac_gnn_44_best.pth
Train Ep: 276/350 | Reward:  110.0 | MSE: 0.3177 | C_Loss: 0.022 | A_Loss: -0.001 | Alpha: 0.0000
Train Ep: 277/350 | Reward:   42.0 | MSE: 0.2869 | C_Loss: 0.019 | A_Loss: -0.001 | Alpha: 0.0000
Train Ep: 278/350 | Reward:   80.0 | MSE: 0.2779 | C_Loss: 0.019 | A_Loss: -0.001 | Alpha: 0.0000
Train Ep: 279/350 | Reward:   97.0 | MSE: 0.2845 | C_Loss: 0.020 | A_Loss: -0.002 | Alpha: 0.0000
Train Ep: 280/350 | Reward:   70.0 | MSE: 0.3297 | C_Loss: 0.020 | A_Loss: -0.003 | Alpha: 0.0000
  [!] Running Isolated Validation (Pure CMA vs GNN)...
  -> Val Results: Pure Baseline Errors: 5195 | GNN Errors: 4923
  -> Relative Improvement: 5.236%
Train Ep: 281/350 | Reward:   50.0 | MSE: 0.3855 | C_Loss: 0.022 | A_Loss: -0.002 | Alpha: 0.0000
Train Ep: 282/350 | Reward:   46.0 | MSE: 0.3604 | C_Loss: 0.022 | A_Loss: -0.001 | Alpha: 0.0000
Train Ep: 283/350 | Reward:   47.0 | MSE: 0.4326 | C_Loss: 0.016 | A_Loss: -0.001 | Alpha: 0.0000
Train Ep: 284/350 | Reward:   33.0 | MSE: 0.2892 | C_Loss: 0.015 | A_Loss: -0.000 | Alpha: 0.0000
Train Ep: 285/350 | Reward:   63.0 | MSE: 0.2374 | C_Loss: 0.013 | A_Loss: -0.001 | Alpha: 0.0000
  [!] Running Isolated Validation (Pure CMA vs GNN)...
  -> Val Results: Pure Baseline Errors: 5195 | GNN Errors: 5099
  -> Relative Improvement: 1.848%
Train Ep: 286/350 | Reward:   82.0 | MSE: 0.3508 | C_Loss: 0.016 | A_Loss: -0.002 | Alpha: 0.0000
Train Ep: 287/350 | Reward:   13.0 | MSE: 0.3477 | C_Loss: 0.018 | A_Loss: -0.000 | Alpha: 0.0000
Train Ep: 288/350 | Reward:   69.0 | MSE: 0.4680 | C_Loss: 0.018 | A_Loss: -0.000 | Alpha: 0.0000
Train Ep: 289/350 | Reward:   33.0 | MSE: 0.2891 | C_Loss: 0.017 | A_Loss: -0.002 | Alpha: 0.0000
Train Ep: 290/350 | Reward:   29.0 | MSE: 0.3555 | C_Loss: 0.015 | A_Loss: -0.001 | Alpha: 0.0000
  [!] Running Isolated Validation (Pure CMA vs GNN)...
  -> Val Results: Pure Baseline Errors: 5195 | GNN Errors: 4939
  -> Relative Improvement: 4.928%
Train Ep: 291/350 | Reward:   49.0 | MSE: 0.3242 | C_Loss: 0.019 | A_Loss: -0.001 | Alpha: 0.0000
Train Ep: 292/350 | Reward:  136.0 | MSE: 0.3287 | C_Loss: 0.021 | A_Loss: -0.001 | Alpha: 0.0000
Train Ep: 293/350 | Reward:  122.0 | MSE: 0.2492 | C_Loss: 0.022 | A_Loss: -0.002 | Alpha: 0.0000
Train Ep: 294/350 | Reward:   34.0 | MSE: 0.2496 | C_Loss: 0.015 | A_Loss: -0.002 | Alpha: 0.0000
Train Ep: 295/350 | Reward:   33.0 | MSE: 0.3462 | C_Loss: 0.012 | A_Loss: -0.001 | Alpha: 0.0000
  [!] Running Isolated Validation (Pure CMA vs GNN)...
  -> Val Results: Pure Baseline Errors: 5195 | GNN Errors: 5062
  -> Relative Improvement: 2.560%
Train Ep: 296/350 | Reward:  123.0 | MSE: 0.1792 | C_Loss: 0.013 | A_Loss: -0.001 | Alpha: 0.0000
Train Ep: 297/350 | Reward:   36.0 | MSE: 0.3559 | C_Loss: 0.010 | A_Loss: -0.001 | Alpha: 0.0000
Train Ep: 298/350 | Reward:   61.0 | MSE: 0.3009 | C_Loss: 0.005 | A_Loss: -0.001 | Alpha: 0.0000
Train Ep: 299/350 | Reward:  107.0 | MSE: 0.2974 | C_Loss: 0.005 | A_Loss: -0.001 | Alpha: 0.0000
Train Ep: 300/350 | Reward:   75.0 | MSE: 0.2754 | C_Loss: 0.012 | A_Loss: -0.002 | Alpha: 0.0000
  [!] Running Isolated Validation (Pure CMA vs GNN)...
  -> Val Results: Pure Baseline Errors: 5195 | GNN Errors: 5027
  -> Relative Improvement: 3.234%
Train Ep: 301/350 | Reward:  153.0 | MSE: 0.3145 | C_Loss: 0.015 | A_Loss: -0.002 | Alpha: 0.0000
Train Ep: 302/350 | Reward:   90.0 | MSE: 0.2962 | C_Loss: 0.021 | A_Loss: -0.002 | Alpha: 0.0000
Train Ep: 303/350 | Reward:   96.0 | MSE: 0.3197 | C_Loss: 0.021 | A_Loss: -0.002 | Alpha: 0.0000
Train Ep: 304/350 | Reward:   59.0 | MSE: 0.2708 | C_Loss: 0.022 | A_Loss: -0.001 | Alpha: 0.0000
Train Ep: 305/350 | Reward:  102.0 | MSE: 0.2443 | C_Loss: 0.026 | A_Loss: -0.002 | Alpha: 0.0000
  [!] Running Isolated Validation (Pure CMA vs GNN)...
  -> Val Results: Pure Baseline Errors: 5195 | GNN Errors: 4937
  -> Relative Improvement: 4.966%
Train Ep: 306/350 | Reward:  127.0 | MSE: 0.3676 | C_Loss: 0.024 | A_Loss: -0.002 | Alpha: 0.0000
Train Ep: 307/350 | Reward:   92.0 | MSE: 0.3934 | C_Loss: 0.024 | A_Loss: -0.002 | Alpha: 0.0000
Train Ep: 308/350 | Reward:   88.0 | MSE: 0.2897 | C_Loss: 0.020 | A_Loss: -0.003 | Alpha: 0.0000
Train Ep: 309/350 | Reward:   76.0 | MSE: 0.3013 | C_Loss: 0.020 | A_Loss: -0.002 | Alpha: 0.0000
Train Ep: 310/350 | Reward:   84.0 | MSE: 0.3546 | C_Loss: 0.020 | A_Loss: -0.002 | Alpha: 0.0000
  [!] Running Isolated Validation (Pure CMA vs GNN)...
  -> Val Results: Pure Baseline Errors: 5195 | GNN Errors: 5015
  -> Relative Improvement: 3.465%
Train Ep: 311/350 | Reward:  137.0 | MSE: 0.4577 | C_Loss: 0.019 | A_Loss: -0.001 | Alpha: 0.0000
Train Ep: 312/350 | Reward:  138.0 | MSE: 0.2302 | C_Loss: 0.020 | A_Loss: -0.003 | Alpha: 0.0000
Train Ep: 313/350 | Reward:   68.0 | MSE: 0.2764 | C_Loss: 0.022 | A_Loss: -0.002 | Alpha: 0.0000
Train Ep: 314/350 | Reward:  122.0 | MSE: 0.3736 | C_Loss: 0.019 | A_Loss: -0.002 | Alpha: 0.0000
Train Ep: 315/350 | Reward:  117.0 | MSE: 0.3528 | C_Loss: 0.025 | A_Loss: -0.002 | Alpha: 0.0000
  [!] Running Isolated Validation (Pure CMA vs GNN)...
  -> Val Results: Pure Baseline Errors: 5195 | GNN Errors: 5217
  -> Relative Improvement: -0.423%
Train Ep: 316/350 | Reward:   92.0 | MSE: 0.2223 | C_Loss: 0.023 | A_Loss: -0.002 | Alpha: 0.0000
Train Ep: 317/350 | Reward:   49.0 | MSE: 0.3343 | C_Loss: 0.025 | A_Loss: -0.001 | Alpha: 0.0000
Train Ep: 318/350 | Reward:   99.0 | MSE: 0.3750 | C_Loss: 0.025 | A_Loss: -0.002 | Alpha: 0.0000
Train Ep: 319/350 | Reward:   80.0 | MSE: 0.2528 | C_Loss: 0.020 | A_Loss: -0.001 | Alpha: 0.0000
Train Ep: 320/350 | Reward:  105.0 | MSE: 0.2617 | C_Loss: 0.019 | A_Loss: -0.001 | Alpha: 0.0000
  [!] Running Isolated Validation (Pure CMA vs GNN)...
  -> Val Results: Pure Baseline Errors: 5195 | GNN Errors: 4900
  -> Relative Improvement: 5.679%
  *** New Best Model! Net Score improved from 0.05428296438883542 to 0.05678537054860443 ***
[*] Models successfully saved to models/sac_gnn_44_best.pth
Train Ep: 321/350 | Reward:  101.0 | MSE: 0.3403 | C_Loss: 0.019 | A_Loss: -0.001 | Alpha: 0.0000
Train Ep: 322/350 | Reward:   77.0 | MSE: 0.3935 | C_Loss: 0.020 | A_Loss: -0.002 | Alpha: 0.0000
Train Ep: 323/350 | Reward:   79.0 | MSE: 0.4370 | C_Loss: 0.020 | A_Loss: -0.002 | Alpha: 0.0000
Train Ep: 324/350 | Reward:   71.0 | MSE: 0.2986 | C_Loss: 0.018 | A_Loss: -0.001 | Alpha: 0.0000
Train Ep: 325/350 | Reward:  122.0 | MSE: 0.3651 | C_Loss: 0.021 | A_Loss: -0.002 | Alpha: 0.0000
  [!] Running Isolated Validation (Pure CMA vs GNN)...
  -> Val Results: Pure Baseline Errors: 5195 | GNN Errors: 4941
  -> Relative Improvement: 4.889%
Train Ep: 326/350 | Reward:  116.0 | MSE: 0.3791 | C_Loss: 0.025 | A_Loss: -0.002 | Alpha: 0.0000
Train Ep: 327/350 | Reward:  101.0 | MSE: 0.2333 | C_Loss: 0.021 | A_Loss: -0.003 | Alpha: 0.0000
Train Ep: 328/350 | Reward:   84.0 | MSE: 0.2929 | C_Loss: 0.016 | A_Loss: -0.002 | Alpha: 0.0000
Train Ep: 329/350 | Reward:   87.0 | MSE: 0.2773 | C_Loss: 0.017 | A_Loss: -0.002 | Alpha: 0.0000
Train Ep: 330/350 | Reward:   70.0 | MSE: 0.3094 | C_Loss: 0.022 | A_Loss: -0.001 | Alpha: 0.0000
  [!] Running Isolated Validation (Pure CMA vs GNN)...
  -> Val Results: Pure Baseline Errors: 5195 | GNN Errors: 4919
  -> Relative Improvement: 5.313%
Train Ep: 331/350 | Reward:   98.0 | MSE: 0.2295 | C_Loss: 0.016 | A_Loss: -0.001 | Alpha: 0.0000
Train Ep: 332/350 | Reward:   78.0 | MSE: 0.3027 | C_Loss: 0.015 | A_Loss: -0.001 | Alpha: 0.0000
Train Ep: 333/350 | Reward:   56.0 | MSE: 0.4141 | C_Loss: 0.011 | A_Loss: -0.001 | Alpha: 0.0000
Train Ep: 334/350 | Reward:   72.0 | MSE: 0.2116 | C_Loss: 0.011 | A_Loss: -0.001 | Alpha: 0.0000
Train Ep: 335/350 | Reward:   79.0 | MSE: 0.2710 | C_Loss: 0.018 | A_Loss: -0.001 | Alpha: 0.0000
  [!] Running Isolated Validation (Pure CMA vs GNN)...
  -> Val Results: Pure Baseline Errors: 5195 | GNN Errors: 4941
  -> Relative Improvement: 4.889%
Train Ep: 336/350 | Reward:   96.0 | MSE: 0.2714 | C_Loss: 0.019 | A_Loss: -0.000 | Alpha: 0.0000
Train Ep: 337/350 | Reward:   57.0 | MSE: 0.2392 | C_Loss: 0.017 | A_Loss: -0.002 | Alpha: 0.0000
Train Ep: 338/350 | Reward:  122.0 | MSE: 0.3124 | C_Loss: 0.021 | A_Loss: -0.002 | Alpha: 0.0000
Train Ep: 339/350 | Reward:  101.0 | MSE: 0.3941 | C_Loss: 0.022 | A_Loss: -0.001 | Alpha: 0.0000
Train Ep: 340/350 | Reward:   42.0 | MSE: 0.2160 | C_Loss: 0.020 | A_Loss: -0.001 | Alpha: 0.0000
  [!] Running Isolated Validation (Pure CMA vs GNN)...
  -> Val Results: Pure Baseline Errors: 5195 | GNN Errors: 4891
  -> Relative Improvement: 5.852%
  *** New Best Model! Net Score improved from 0.05678537054860443 to 0.058517805582290666 ***
[*] Models successfully saved to models/sac_gnn_44_best.pth
Train Ep: 341/350 | Reward:   98.0 | MSE: 0.2905 | C_Loss: 0.019 | A_Loss: -0.001 | Alpha: 0.0000
Train Ep: 342/350 | Reward:   80.0 | MSE: 0.3022 | C_Loss: 0.018 | A_Loss: -0.002 | Alpha: 0.0000
Train Ep: 343/350 | Reward:   26.0 | MSE: 0.3290 | C_Loss: 0.023 | A_Loss: -0.001 | Alpha: 0.0000
Train Ep: 344/350 | Reward:  126.0 | MSE: 0.4674 | C_Loss: 0.023 | A_Loss: -0.001 | Alpha: 0.0000
Train Ep: 345/350 | Reward:   80.0 | MSE: 0.2346 | C_Loss: 0.023 | A_Loss: -0.001 | Alpha: 0.0000
  [!] Running Isolated Validation (Pure CMA vs GNN)...
  -> Val Results: Pure Baseline Errors: 5195 | GNN Errors: 4940
  -> Relative Improvement: 4.909%
Train Ep: 346/350 | Reward:   94.0 | MSE: 0.2378 | C_Loss: 0.022 | A_Loss: -0.000 | Alpha: 0.0000
Train Ep: 347/350 | Reward:  128.0 | MSE: 0.2947 | C_Loss: 0.022 | A_Loss: -0.003 | Alpha: 0.0000
Train Ep: 348/350 | Reward:   86.0 | MSE: 0.3076 | C_Loss: 0.019 | A_Loss: -0.002 | Alpha: 0.0000
Train Ep: 349/350 | Reward:   63.0 | MSE: 0.2779 | C_Loss: 0.021 | A_Loss: -0.002 | Alpha: 0.0000
Train Ep: 350/350 | Reward:  162.0 | MSE: 0.2532 | C_Loss: 0.017 | A_Loss: -0.002 | Alpha: 0.0000
  [!] Running Isolated Validation (Pure CMA vs GNN)...
  -> Val Results: Pure Baseline Errors: 5195 | GNN Errors: 4912
  -> Relative Improvement: 5.448%

Training complete in 70724.28 seconds.
[*] Models successfully saved to models/sac_gnn_44.pth
Training plots saved to 'plots/training_metrics_44.png'
[*] The best performing model during validation was saved to: models/sac_gnn_44_best.pth
Training run time = 70725.72 s
Job finished at: Fri Apr 24 14:22:07 CEST 2026
