Job started at: Fri May  1 14:37:38 CEST 2026
Starting Run 57: Burn-in | Gamma=0.0 | Layers=1 | Mismatch=30.0 | action_scale=5 | Using P.C. | lr=1e-4 | bs=128
SLURM Mode Received: 0
Execution Pipeline: ['train']
Loaded Configuration: {'mode': 0, 'model_path': 'models/sac_gnn_56.pth', 'training_metrics_filename': 'training_metrics_56.png', 'distance': 5, 'n_rounds': 5, 'p': 0.004, 'p_gate_zz': 0.0, 'mismatch': 30.0, 'n_shots': 65000, 'n_test_shots': 10000, 'burn_in_steps': 15000, 'bypass_threshold': 2, 'action_scale': 5.0, 'update_period': 1000, 'prior_shots': 1000, 'local_action_only': True, 'local_action_hops': 1, 'n_layers': 1, 'use_pearson_correlation': True, 'use_log_joint_prob': False, 'hidden_dim': 256, 'lr': 0.0001, 'gamma': 0.0, 'tau': 0.005, 'alpha': 0.01, 'batch_size': 128, 'buffer_capacity': 100000, 'update_frequency': 100, 'train_episodes': 300, 'test_episodes': 20}

Initializing environment...

############################################################
### RUNNING MODE: TRAIN
############################################################

========================================
STARTING TRAINING (Episodes: 300)
========================================
Train Ep: 001/300 | Reward: -1297.0 | MSE: 0.1563 | C_Loss: 0.130 | A_Loss: 0.025 | Alpha: 0.0095
Train Ep: 002/300 | Reward: -476.0 | MSE: 0.1054 | C_Loss: 0.105 | A_Loss: 0.012 | Alpha: 0.0091
Train Ep: 003/300 | Reward:  -14.0 | MSE: 0.2472 | C_Loss: 0.070 | A_Loss: 0.005 | Alpha: 0.0087
Train Ep: 004/300 | Reward:   25.0 | MSE: 0.1316 | C_Loss: 0.031 | A_Loss: -0.002 | Alpha: 0.0083
Train Ep: 005/300 | Reward:  -34.0 | MSE: 0.2176 | C_Loss: 0.016 | A_Loss: -0.002 | Alpha: 0.0080
Train Ep: 006/300 | Reward:   11.0 | MSE: 0.1940 | C_Loss: 0.016 | A_Loss: -0.002 | Alpha: 0.0076
Train Ep: 007/300 | Reward:  -17.0 | MSE: 0.2389 | C_Loss: 0.022 | A_Loss: -0.002 | Alpha: 0.0072
Train Ep: 008/300 | Reward:  -49.0 | MSE: 0.1816 | C_Loss: 0.020 | A_Loss: -0.002 | Alpha: 0.0069
Train Ep: 009/300 | Reward:  -45.0 | MSE: 0.1308 | C_Loss: 0.019 | A_Loss: -0.002 | Alpha: 0.0066
Train Ep: 010/300 | Reward:  -18.0 | MSE: 0.1440 | C_Loss: 0.017 | A_Loss: -0.002 | Alpha: 0.0063
Train Ep: 011/300 | Reward:  -23.0 | MSE: 0.2188 | C_Loss: 0.016 | A_Loss: -0.003 | Alpha: 0.0060
Train Ep: 012/300 | Reward:  -61.0 | MSE: 0.1734 | C_Loss: 0.019 | A_Loss: -0.002 | Alpha: 0.0057
Train Ep: 013/300 | Reward:  -73.0 | MSE: 0.3036 | C_Loss: 0.022 | A_Loss: -0.002 | Alpha: 0.0055
Train Ep: 014/300 | Reward: -131.0 | MSE: 0.1865 | C_Loss: 0.020 | A_Loss: -0.001 | Alpha: 0.0052
Train Ep: 015/300 | Reward: -103.0 | MSE: 0.1190 | C_Loss: 0.023 | A_Loss: -0.001 | Alpha: 0.0050
Train Ep: 016/300 | Reward: -155.0 | MSE: 0.1486 | C_Loss: 0.028 | A_Loss: -0.000 | Alpha: 0.0048
Train Ep: 017/300 | Reward:  -56.0 | MSE: 0.2336 | C_Loss: 0.026 | A_Loss: 0.000 | Alpha: 0.0045
Train Ep: 018/300 | Reward: -136.0 | MSE: 0.2065 | C_Loss: 0.025 | A_Loss: -0.000 | Alpha: 0.0043
Train Ep: 019/300 | Reward:  -39.0 | MSE: 0.0862 | C_Loss: 0.021 | A_Loss: -0.001 | Alpha: 0.0041
Train Ep: 020/300 | Reward:  -31.0 | MSE: 0.2689 | C_Loss: 0.021 | A_Loss: -0.002 | Alpha: 0.0040
Train Ep: 021/300 | Reward: -102.0 | MSE: 0.1928 | C_Loss: 0.021 | A_Loss: -0.001 | Alpha: 0.0038
Train Ep: 022/300 | Reward:  -73.0 | MSE: 0.2477 | C_Loss: 0.023 | A_Loss: -0.000 | Alpha: 0.0036
Train Ep: 023/300 | Reward: -124.0 | MSE: 0.2117 | C_Loss: 0.022 | A_Loss: -0.001 | Alpha: 0.0035
Train Ep: 024/300 | Reward:  -78.0 | MSE: 0.2288 | C_Loss: 0.026 | A_Loss: -0.001 | Alpha: 0.0033
Train Ep: 025/300 | Reward:  -91.0 | MSE: 0.1340 | C_Loss: 0.026 | A_Loss: 0.001 | Alpha: 0.0032
Train Ep: 026/300 | Reward:  -43.0 | MSE: 0.2650 | C_Loss: 0.024 | A_Loss: 0.000 | Alpha: 0.0030
Train Ep: 027/300 | Reward:  -99.0 | MSE: 0.1658 | C_Loss: 0.021 | A_Loss: -0.000 | Alpha: 0.0029
Train Ep: 028/300 | Reward:  -61.0 | MSE: 0.2491 | C_Loss: 0.017 | A_Loss: 0.000 | Alpha: 0.0028
Train Ep: 029/300 | Reward:  -12.0 | MSE: 0.2504 | C_Loss: 0.016 | A_Loss: 0.000 | Alpha: 0.0026
Train Ep: 030/300 | Reward:  -29.0 | MSE: 0.1968 | C_Loss: 0.010 | A_Loss: -0.001 | Alpha: 0.0025
Train Ep: 031/300 | Reward:  -31.0 | MSE: 0.2323 | C_Loss: 0.007 | A_Loss: -0.001 | Alpha: 0.0024
Train Ep: 032/300 | Reward:  -16.0 | MSE: 0.1558 | C_Loss: 0.010 | A_Loss: -0.000 | Alpha: 0.0023
Train Ep: 033/300 | Reward:  -48.0 | MSE: 0.2230 | C_Loss: 0.013 | A_Loss: -0.001 | Alpha: 0.0022
Train Ep: 034/300 | Reward: -114.0 | MSE: 0.1699 | C_Loss: 0.020 | A_Loss: -0.000 | Alpha: 0.0021
Train Ep: 035/300 | Reward:  -41.0 | MSE: 0.2239 | C_Loss: 0.019 | A_Loss: 0.001 | Alpha: 0.0020
Train Ep: 036/300 | Reward:  -16.0 | MSE: 0.3254 | C_Loss: 0.013 | A_Loss: 0.000 | Alpha: 0.0019
Train Ep: 037/300 | Reward:    3.0 | MSE: 0.1370 | C_Loss: 0.011 | A_Loss: 0.000 | Alpha: 0.0018
Train Ep: 038/300 | Reward:   -7.0 | MSE: 0.2309 | C_Loss: 0.012 | A_Loss: -0.001 | Alpha: 0.0018
Train Ep: 039/300 | Reward:  -32.0 | MSE: 0.1967 | C_Loss: 0.010 | A_Loss: -0.000 | Alpha: 0.0017
Train Ep: 040/300 | Reward:  -12.0 | MSE: 0.2430 | C_Loss: 0.013 | A_Loss: -0.001 | Alpha: 0.0016
Train Ep: 041/300 | Reward:   -6.0 | MSE: 0.4211 | C_Loss: 0.013 | A_Loss: 0.000 | Alpha: 0.0015
Train Ep: 042/300 | Reward:  -59.0 | MSE: 0.1801 | C_Loss: 0.014 | A_Loss: -0.000 | Alpha: 0.0015
Train Ep: 043/300 | Reward:  -30.0 | MSE: 0.1781 | C_Loss: 0.016 | A_Loss: 0.000 | Alpha: 0.0014
Train Ep: 044/300 | Reward:    3.0 | MSE: 0.1469 | C_Loss: 0.016 | A_Loss: 0.000 | Alpha: 0.0013
Train Ep: 045/300 | Reward:  -19.0 | MSE: 0.2233 | C_Loss: 0.011 | A_Loss: -0.000 | Alpha: 0.0013
Train Ep: 046/300 | Reward:   -1.0 | MSE: 0.1461 | C_Loss: 0.007 | A_Loss: -0.000 | Alpha: 0.0012
Train Ep: 047/300 | Reward:   13.0 | MSE: 0.1862 | C_Loss: 0.009 | A_Loss: 0.000 | Alpha: 0.0012
Train Ep: 048/300 | Reward:   -2.0 | MSE: 0.2584 | C_Loss: 0.010 | A_Loss: -0.000 | Alpha: 0.0011
Train Ep: 049/300 | Reward:   -3.0 | MSE: 0.1392 | C_Loss: 0.009 | A_Loss: -0.001 | Alpha: 0.0011
Train Ep: 050/300 | Reward:   22.0 | MSE: 0.2274 | C_Loss: 0.008 | A_Loss: -0.000 | Alpha: 0.0010
Train Ep: 051/300 | Reward:    6.0 | MSE: 0.2236 | C_Loss: 0.009 | A_Loss: -0.000 | Alpha: 0.0010
Train Ep: 052/300 | Reward:  -13.0 | MSE: 0.1560 | C_Loss: 0.015 | A_Loss: -0.001 | Alpha: 0.0009
Train Ep: 053/300 | Reward:  -62.0 | MSE: 0.1864 | C_Loss: 0.015 | A_Loss: -0.001 | Alpha: 0.0009
Train Ep: 054/300 | Reward:   -9.0 | MSE: 0.2305 | C_Loss: 0.018 | A_Loss: 0.000 | Alpha: 0.0009
Train Ep: 055/300 | Reward:   18.0 | MSE: 0.2180 | C_Loss: 0.013 | A_Loss: -0.001 | Alpha: 0.0008
Train Ep: 056/300 | Reward:    2.0 | MSE: 0.1585 | C_Loss: 0.008 | A_Loss: -0.001 | Alpha: 0.0008
Train Ep: 057/300 | Reward:  -32.0 | MSE: 0.1790 | C_Loss: 0.010 | A_Loss: 0.000 | Alpha: 0.0007
Train Ep: 058/300 | Reward:   -4.0 | MSE: 0.3200 | C_Loss: 0.011 | A_Loss: -0.000 | Alpha: 0.0007
Train Ep: 059/300 | Reward:    6.0 | MSE: 0.1784 | C_Loss: 0.007 | A_Loss: -0.000 | Alpha: 0.0007
Train Ep: 060/300 | Reward:    3.0 | MSE: 0.2819 | C_Loss: 0.005 | A_Loss: -0.000 | Alpha: 0.0007
Train Ep: 061/300 | Reward:   14.0 | MSE: 0.1544 | C_Loss: 0.006 | A_Loss: 0.000 | Alpha: 0.0006
Train Ep: 062/300 | Reward:    2.0 | MSE: 0.2402 | C_Loss: 0.006 | A_Loss: -0.001 | Alpha: 0.0006
Train Ep: 063/300 | Reward:   10.0 | MSE: 0.2260 | C_Loss: 0.006 | A_Loss: 0.000 | Alpha: 0.0006
Train Ep: 064/300 | Reward:  -26.0 | MSE: 0.1911 | C_Loss: 0.006 | A_Loss: -0.000 | Alpha: 0.0005
Train Ep: 065/300 | Reward:    6.0 | MSE: 0.1723 | C_Loss: 0.010 | A_Loss: 0.001 | Alpha: 0.0005
Train Ep: 066/300 | Reward:   16.0 | MSE: 0.2308 | C_Loss: 0.010 | A_Loss: 0.000 | Alpha: 0.0005
Train Ep: 067/300 | Reward:   21.0 | MSE: 0.2443 | C_Loss: 0.008 | A_Loss: -0.001 | Alpha: 0.0005
Train Ep: 068/300 | Reward:   34.0 | MSE: 0.2096 | C_Loss: 0.009 | A_Loss: -0.000 | Alpha: 0.0005
Train Ep: 069/300 | Reward:   -4.0 | MSE: 0.1965 | C_Loss: 0.009 | A_Loss: -0.000 | Alpha: 0.0004
Train Ep: 070/300 | Reward:  -11.0 | MSE: 0.2673 | C_Loss: 0.010 | A_Loss: -0.000 | Alpha: 0.0004
Train Ep: 071/300 | Reward:   13.0 | MSE: 0.2000 | C_Loss: 0.008 | A_Loss: 0.000 | Alpha: 0.0004
Train Ep: 072/300 | Reward:   10.0 | MSE: 0.2184 | C_Loss: 0.004 | A_Loss: -0.000 | Alpha: 0.0004
Train Ep: 073/300 | Reward:   14.0 | MSE: 0.1763 | C_Loss: 0.002 | A_Loss: -0.000 | Alpha: 0.0004
Train Ep: 074/300 | Reward:    4.0 | MSE: 0.1612 | C_Loss: 0.002 | A_Loss: -0.000 | Alpha: 0.0004
Train Ep: 075/300 | Reward:    8.0 | MSE: 0.2060 | C_Loss: 0.003 | A_Loss: -0.000 | Alpha: 0.0003
Train Ep: 076/300 | Reward:  -17.0 | MSE: 0.2177 | C_Loss: 0.005 | A_Loss: 0.000 | Alpha: 0.0003
Train Ep: 077/300 | Reward:   15.0 | MSE: 0.1943 | C_Loss: 0.005 | A_Loss: -0.000 | Alpha: 0.0003
Train Ep: 078/300 | Reward:    9.0 | MSE: 0.2321 | C_Loss: 0.004 | A_Loss: -0.000 | Alpha: 0.0003
Train Ep: 079/300 | Reward:   17.0 | MSE: 0.2529 | C_Loss: 0.004 | A_Loss: -0.000 | Alpha: 0.0003
Train Ep: 080/300 | Reward:   24.0 | MSE: 0.1901 | C_Loss: 0.004 | A_Loss: -0.000 | Alpha: 0.0003
Train Ep: 081/300 | Reward:   -1.0 | MSE: 0.1316 | C_Loss: 0.006 | A_Loss: -0.000 | Alpha: 0.0003
Train Ep: 082/300 | Reward:   18.0 | MSE: 0.1864 | C_Loss: 0.008 | A_Loss: -0.000 | Alpha: 0.0002
Train Ep: 083/300 | Reward:  -56.0 | MSE: 0.2110 | C_Loss: 0.014 | A_Loss: 0.000 | Alpha: 0.0002
Train Ep: 084/300 | Reward:  -57.0 | MSE: 0.1532 | C_Loss: 0.014 | A_Loss: 0.001 | Alpha: 0.0002
Train Ep: 085/300 | Reward:   -6.0 | MSE: 0.1961 | C_Loss: 0.010 | A_Loss: 0.001 | Alpha: 0.0002
Train Ep: 086/300 | Reward:   -6.0 | MSE: 0.1850 | C_Loss: 0.008 | A_Loss: 0.000 | Alpha: 0.0002
Train Ep: 087/300 | Reward:   12.0 | MSE: 0.2192 | C_Loss: 0.005 | A_Loss: -0.000 | Alpha: 0.0002
Train Ep: 088/300 | Reward:    1.0 | MSE: 0.2543 | C_Loss: 0.005 | A_Loss: 0.000 | Alpha: 0.0002
Train Ep: 089/300 | Reward:  -10.0 | MSE: 0.2185 | C_Loss: 0.007 | A_Loss: -0.000 | Alpha: 0.0002
Train Ep: 090/300 | Reward:   -6.0 | MSE: 0.2812 | C_Loss: 0.007 | A_Loss: 0.000 | Alpha: 0.0002
Train Ep: 091/300 | Reward:   32.0 | MSE: 0.3483 | C_Loss: 0.009 | A_Loss: 0.000 | Alpha: 0.0002
Train Ep: 092/300 | Reward:  -12.0 | MSE: 0.1957 | C_Loss: 0.009 | A_Loss: -0.000 | Alpha: 0.0002
Train Ep: 093/300 | Reward:    8.0 | MSE: 0.1119 | C_Loss: 0.012 | A_Loss: -0.000 | Alpha: 0.0001
Train Ep: 094/300 | Reward:  -51.0 | MSE: 0.1464 | C_Loss: 0.015 | A_Loss: 0.000 | Alpha: 0.0001
Train Ep: 095/300 | Reward:   -3.0 | MSE: 0.2530 | C_Loss: 0.015 | A_Loss: 0.001 | Alpha: 0.0001
Train Ep: 096/300 | Reward:   19.0 | MSE: 0.1489 | C_Loss: 0.013 | A_Loss: 0.000 | Alpha: 0.0001
Train Ep: 097/300 | Reward:   14.0 | MSE: 0.1742 | C_Loss: 0.006 | A_Loss: -0.000 | Alpha: 0.0001
Train Ep: 098/300 | Reward:   19.0 | MSE: 0.2416 | C_Loss: 0.003 | A_Loss: 0.000 | Alpha: 0.0001
Train Ep: 099/300 | Reward:   -2.0 | MSE: 0.2150 | C_Loss: 0.003 | A_Loss: -0.000 | Alpha: 0.0001
Train Ep: 100/300 | Reward:   12.0 | MSE: 0.1061 | C_Loss: 0.003 | A_Loss: 0.000 | Alpha: 0.0001
Train Ep: 101/300 | Reward:    7.0 | MSE: 0.3411 | C_Loss: 0.002 | A_Loss: -0.000 | Alpha: 0.0001
Train Ep: 102/300 | Reward:    2.0 | MSE: 0.3092 | C_Loss: 0.001 | A_Loss: -0.000 | Alpha: 0.0001
Train Ep: 103/300 | Reward:   10.0 | MSE: 0.2075 | C_Loss: 0.000 | A_Loss: 0.000 | Alpha: 0.0001
Train Ep: 104/300 | Reward:    4.0 | MSE: 0.2302 | C_Loss: 0.000 | A_Loss: -0.000 | Alpha: 0.0001
Train Ep: 105/300 | Reward:    3.0 | MSE: 0.1421 | C_Loss: 0.000 | A_Loss: 0.000 | Alpha: 0.0001
Train Ep: 106/300 | Reward:    6.0 | MSE: 0.2169 | C_Loss: 0.000 | A_Loss: -0.000 | Alpha: 0.0001
Train Ep: 107/300 | Reward:   13.0 | MSE: 0.3056 | C_Loss: 0.001 | A_Loss: 0.000 | Alpha: 0.0001
Train Ep: 108/300 | Reward:    2.0 | MSE: 0.2344 | C_Loss: 0.001 | A_Loss: -0.000 | Alpha: 0.0001
Train Ep: 109/300 | Reward:   19.0 | MSE: 0.2955 | C_Loss: 0.002 | A_Loss: -0.000 | Alpha: 0.0001
Train Ep: 110/300 | Reward:  -10.0 | MSE: 0.2222 | C_Loss: 0.003 | A_Loss: -0.000 | Alpha: 0.0001
Train Ep: 111/300 | Reward:  -21.0 | MSE: 0.1509 | C_Loss: 0.005 | A_Loss: 0.000 | Alpha: 0.0001
Train Ep: 112/300 | Reward:  -56.0 | MSE: 0.1496 | C_Loss: 0.009 | A_Loss: 0.000 | Alpha: 0.0001
Train Ep: 113/300 | Reward:   28.0 | MSE: 0.2755 | C_Loss: 0.011 | A_Loss: -0.000 | Alpha: 0.0001
Train Ep: 114/300 | Reward:   30.0 | MSE: 0.3276 | C_Loss: 0.008 | A_Loss: -0.001 | Alpha: 0.0001
Train Ep: 115/300 | Reward:   58.0 | MSE: 0.2104 | C_Loss: 0.005 | A_Loss: -0.001 | Alpha: 0.0001
Train Ep: 116/300 | Reward:   14.0 | MSE: 0.1574 | C_Loss: 0.004 | A_Loss: -0.001 | Alpha: 0.0001
Train Ep: 117/300 | Reward:   25.0 | MSE: 0.2511 | C_Loss: 0.003 | A_Loss: -0.000 | Alpha: 0.0001
Train Ep: 118/300 | Reward:   18.0 | MSE: 0.2728 | C_Loss: 0.003 | A_Loss: -0.000 | Alpha: 0.0001
Train Ep: 119/300 | Reward:   17.0 | MSE: 0.2564 | C_Loss: 0.002 | A_Loss: -0.000 | Alpha: 0.0000
Train Ep: 120/300 | Reward:    7.0 | MSE: 0.1760 | C_Loss: 0.002 | A_Loss: -0.000 | Alpha: 0.0000
Train Ep: 121/300 | Reward:    9.0 | MSE: 0.1991 | C_Loss: 0.002 | A_Loss: -0.000 | Alpha: 0.0000
Train Ep: 122/300 | Reward:   10.0 | MSE: 0.2386 | C_Loss: 0.002 | A_Loss: -0.000 | Alpha: 0.0000
Train Ep: 123/300 | Reward:    7.0 | MSE: 0.2533 | C_Loss: 0.002 | A_Loss: -0.000 | Alpha: 0.0000
Train Ep: 124/300 | Reward:    4.0 | MSE: 0.2095 | C_Loss: 0.001 | A_Loss: -0.000 | Alpha: 0.0000
Train Ep: 125/300 | Reward:   10.0 | MSE: 0.2500 | C_Loss: 0.001 | A_Loss: -0.000 | Alpha: 0.0000
Train Ep: 126/300 | Reward:    5.0 | MSE: 0.2478 | C_Loss: 0.001 | A_Loss: 0.000 | Alpha: 0.0000
Train Ep: 127/300 | Reward:   -1.0 | MSE: 0.3184 | C_Loss: 0.001 | A_Loss: 0.000 | Alpha: 0.0000
Train Ep: 128/300 | Reward:    9.0 | MSE: 0.1945 | C_Loss: 0.000 | A_Loss: -0.000 | Alpha: 0.0000
Train Ep: 129/300 | Reward:    7.0 | MSE: 0.1800 | C_Loss: 0.000 | A_Loss: 0.000 | Alpha: 0.0000
Train Ep: 130/300 | Reward:   11.0 | MSE: 0.2163 | C_Loss: 0.001 | A_Loss: 0.000 | Alpha: 0.0000
Train Ep: 131/300 | Reward:   21.0 | MSE: 0.3208 | C_Loss: 0.002 | A_Loss: -0.000 | Alpha: 0.0000
Train Ep: 132/300 | Reward:   31.0 | MSE: 0.2297 | C_Loss: 0.006 | A_Loss: -0.001 | Alpha: 0.0000
Train Ep: 133/300 | Reward: -147.0 | MSE: 0.1222 | C_Loss: 0.016 | A_Loss: -0.000 | Alpha: 0.0000
Train Ep: 134/300 | Reward:    2.0 | MSE: 0.1919 | C_Loss: 0.014 | A_Loss: -0.000 | Alpha: 0.0000
Train Ep: 135/300 | Reward:    0.0 | MSE: 0.2767 | C_Loss: 0.002 | A_Loss: 0.000 | Alpha: 0.0000
Train Ep: 136/300 | Reward:    5.0 | MSE: 0.1391 | C_Loss: 0.000 | A_Loss: -0.000 | Alpha: 0.0000
Train Ep: 137/300 | Reward:    8.0 | MSE: 0.2068 | C_Loss: 0.000 | A_Loss: -0.000 | Alpha: 0.0000
Train Ep: 138/300 | Reward:    2.0 | MSE: 0.2712 | C_Loss: 0.000 | A_Loss: -0.000 | Alpha: 0.0000
Train Ep: 139/300 | Reward:    4.0 | MSE: 0.1654 | C_Loss: 0.000 | A_Loss: -0.000 | Alpha: 0.0000
Train Ep: 140/300 | Reward:   -2.0 | MSE: 0.1422 | C_Loss: 0.000 | A_Loss: -0.000 | Alpha: 0.0000
Train Ep: 141/300 | Reward:   10.0 | MSE: 0.2753 | C_Loss: 0.000 | A_Loss: -0.000 | Alpha: 0.0000
Train Ep: 142/300 | Reward:    1.0 | MSE: 0.2314 | C_Loss: 0.000 | A_Loss: -0.000 | Alpha: 0.0000
Train Ep: 143/300 | Reward:    5.0 | MSE: 0.1602 | C_Loss: 0.000 | A_Loss: -0.000 | Alpha: 0.0000
Train Ep: 144/300 | Reward:    0.0 | MSE: 0.2698 | C_Loss: 0.000 | A_Loss: 0.000 | Alpha: 0.0000
Train Ep: 145/300 | Reward:    3.0 | MSE: 0.2097 | C_Loss: 0.000 | A_Loss: 0.000 | Alpha: 0.0000
Train Ep: 146/300 | Reward:    2.0 | MSE: 0.1529 | C_Loss: 0.000 | A_Loss: 0.000 | Alpha: 0.0000
Train Ep: 147/300 | Reward:    2.0 | MSE: 0.2631 | C_Loss: 0.000 | A_Loss: -0.000 | Alpha: 0.0000
Train Ep: 148/300 | Reward:    3.0 | MSE: 0.2184 | C_Loss: 0.000 | A_Loss: -0.000 | Alpha: 0.0000
Train Ep: 149/300 | Reward:    0.0 | MSE: 0.2802 | C_Loss: 0.000 | A_Loss: 0.000 | Alpha: 0.0000
Train Ep: 150/300 | Reward:    2.0 | MSE: 0.1605 | C_Loss: 0.000 | A_Loss: 0.000 | Alpha: 0.0000
Train Ep: 151/300 | Reward:    0.0 | MSE: 0.2505 | C_Loss: 0.000 | A_Loss: 0.000 | Alpha: 0.0000
Train Ep: 152/300 | Reward:    3.0 | MSE: 0.2100 | C_Loss: 0.000 | A_Loss: 0.000 | Alpha: 0.0000
Train Ep: 153/300 | Reward:   -1.0 | MSE: 0.2075 | C_Loss: 0.000 | A_Loss: 0.000 | Alpha: 0.0000
Train Ep: 154/300 | Reward:   -1.0 | MSE: 0.1467 | C_Loss: 0.000 | A_Loss: 0.000 | Alpha: 0.0000
Train Ep: 155/300 | Reward:    0.0 | MSE: 0.1797 | C_Loss: 0.000 | A_Loss: 0.000 | Alpha: 0.0000
Train Ep: 156/300 | Reward:    0.0 | MSE: 0.3363 | C_Loss: 0.000 | A_Loss: 0.000 | Alpha: 0.0000
Train Ep: 157/300 | Reward:    1.0 | MSE: 0.2043 | C_Loss: 0.000 | A_Loss: 0.000 | Alpha: 0.0000
Train Ep: 158/300 | Reward:    0.0 | MSE: 0.1765 | C_Loss: 0.000 | A_Loss: 0.000 | Alpha: 0.0000
Train Ep: 159/300 | Reward:   -1.0 | MSE: 0.1897 | C_Loss: 0.000 | A_Loss: 0.000 | Alpha: 0.0000
Train Ep: 160/300 | Reward:    1.0 | MSE: 0.1881 | C_Loss: 0.000 | A_Loss: 0.000 | Alpha: 0.0000
Train Ep: 161/300 | Reward:    0.0 | MSE: 0.3076 | C_Loss: 0.000 | A_Loss: 0.000 | Alpha: 0.0000
Train Ep: 162/300 | Reward:    0.0 | MSE: 0.1896 | C_Loss: 0.000 | A_Loss: 0.000 | Alpha: 0.0000
Train Ep: 163/300 | Reward:    2.0 | MSE: 0.1229 | C_Loss: 0.000 | A_Loss: 0.000 | Alpha: 0.0000
Train Ep: 164/300 | Reward:    0.0 | MSE: 0.1981 | C_Loss: 0.000 | A_Loss: 0.000 | Alpha: 0.0000
Train Ep: 165/300 | Reward:    2.0 | MSE: 0.3250 | C_Loss: 0.000 | A_Loss: 0.000 | Alpha: 0.0000
Train Ep: 166/300 | Reward:    1.0 | MSE: 0.1238 | C_Loss: 0.000 | A_Loss: 0.000 | Alpha: 0.0000
Train Ep: 167/300 | Reward:    1.0 | MSE: 0.2026 | C_Loss: 0.000 | A_Loss: 0.000 | Alpha: 0.0000
Train Ep: 168/300 | Reward:    3.0 | MSE: 0.2132 | C_Loss: 0.000 | A_Loss: -0.000 | Alpha: 0.0000
Train Ep: 169/300 | Reward:    0.0 | MSE: 0.2249 | C_Loss: 0.000 | A_Loss: 0.000 | Alpha: 0.0000
Train Ep: 170/300 | Reward:   -1.0 | MSE: 0.1300 | C_Loss: 0.000 | A_Loss: 0.000 | Alpha: 0.0000
Train Ep: 171/300 | Reward:    3.0 | MSE: 0.1543 | C_Loss: 0.000 | A_Loss: 0.000 | Alpha: 0.0000
Train Ep: 172/300 | Reward:    5.0 | MSE: 0.1770 | C_Loss: 0.000 | A_Loss: -0.000 | Alpha: 0.0000
Train Ep: 173/300 | Reward:   -3.0 | MSE: 0.3246 | C_Loss: 0.000 | A_Loss: 0.000 | Alpha: 0.0000
Train Ep: 174/300 | Reward:    2.0 | MSE: 0.1309 | C_Loss: 0.000 | A_Loss: 0.000 | Alpha: 0.0000
Train Ep: 175/300 | Reward:    4.0 | MSE: 0.1485 | C_Loss: 0.000 | A_Loss: 0.000 | Alpha: 0.0000
Train Ep: 176/300 | Reward:   26.0 | MSE: 0.1543 | C_Loss: 0.001 | A_Loss: -0.000 | Alpha: 0.0000
Train Ep: 177/300 | Reward:   66.0 | MSE: 0.2139 | C_Loss: 0.006 | A_Loss: -0.001 | Alpha: 0.0000
Train Ep: 178/300 | Reward:   16.0 | MSE: 0.2509 | C_Loss: 0.012 | A_Loss: -0.001 | Alpha: 0.0000
Train Ep: 179/300 | Reward:   29.0 | MSE: 0.1178 | C_Loss: 0.018 | A_Loss: -0.001 | Alpha: 0.0000
Train Ep: 180/300 | Reward:   99.0 | MSE: 0.1853 | C_Loss: 0.022 | A_Loss: -0.000 | Alpha: 0.0000
Train Ep: 181/300 | Reward:   21.0 | MSE: 0.0980 | C_Loss: 0.020 | A_Loss: -0.001 | Alpha: 0.0000
Train Ep: 182/300 | Reward:   91.0 | MSE: 0.1657 | C_Loss: 0.016 | A_Loss: -0.001 | Alpha: 0.0000
Train Ep: 183/300 | Reward:   34.0 | MSE: 0.1364 | C_Loss: 0.012 | A_Loss: -0.001 | Alpha: 0.0000
Train Ep: 184/300 | Reward:   98.0 | MSE: 0.3178 | C_Loss: 0.011 | A_Loss: -0.001 | Alpha: 0.0000
Train Ep: 185/300 | Reward:   34.0 | MSE: 0.2759 | C_Loss: 0.011 | A_Loss: -0.001 | Alpha: 0.0000
Train Ep: 186/300 | Reward:   72.0 | MSE: 0.3007 | C_Loss: 0.011 | A_Loss: -0.001 | Alpha: 0.0000
Train Ep: 187/300 | Reward:   44.0 | MSE: 0.1674 | C_Loss: 0.013 | A_Loss: -0.001 | Alpha: 0.0000
Train Ep: 188/300 | Reward:   14.0 | MSE: 0.1384 | C_Loss: 0.013 | A_Loss: -0.000 | Alpha: 0.0000
Train Ep: 189/300 | Reward:   37.0 | MSE: 0.1850 | C_Loss: 0.017 | A_Loss: 0.000 | Alpha: 0.0000
Train Ep: 190/300 | Reward:   54.0 | MSE: 0.1338 | C_Loss: 0.022 | A_Loss: -0.001 | Alpha: 0.0000
Train Ep: 191/300 | Reward:   48.0 | MSE: 0.1757 | C_Loss: 0.025 | A_Loss: -0.002 | Alpha: 0.0000
Train Ep: 192/300 | Reward:   25.0 | MSE: 0.2127 | C_Loss: 0.021 | A_Loss: -0.001 | Alpha: 0.0000
Train Ep: 193/300 | Reward:   26.0 | MSE: 0.2830 | C_Loss: 0.023 | A_Loss: -0.000 | Alpha: 0.0000
Train Ep: 194/300 | Reward:  109.0 | MSE: 0.1697 | C_Loss: 0.030 | A_Loss: -0.001 | Alpha: 0.0000
  [!] Reward crossed 100! Unlocking Validation phase for the rest of training.
Train Ep: 195/300 | Reward:   -5.0 | MSE: 0.1112 | C_Loss: 0.027 | A_Loss: -0.001 | Alpha: 0.0000
  [!] Running Isolated Validation (Pure CMA vs GNN)...
  -> Val Results: Pure Baseline Errors: 5222 | GNN Errors: 5100
  -> Relative Improvement: 2.336%
  *** New Best Model! Net Score improved from -inf to 0.023362696284948296 ***
[*] Models successfully saved to models/sac_gnn_56_best.pth
Train Ep: 196/300 | Reward:  -11.0 | MSE: 0.1459 | C_Loss: 0.027 | A_Loss: -0.000 | Alpha: 0.0000
Train Ep: 197/300 | Reward:  126.0 | MSE: 0.1016 | C_Loss: 0.032 | A_Loss: -0.000 | Alpha: 0.0000
Train Ep: 198/300 | Reward:   49.0 | MSE: 0.2755 | C_Loss: 0.038 | A_Loss: -0.001 | Alpha: 0.0000
Train Ep: 199/300 | Reward:   31.0 | MSE: 0.1859 | C_Loss: 0.024 | A_Loss: -0.000 | Alpha: 0.0000
Train Ep: 200/300 | Reward:   61.0 | MSE: 0.1570 | C_Loss: 0.012 | A_Loss: -0.001 | Alpha: 0.0000
  [!] Running Isolated Validation (Pure CMA vs GNN)...
  -> Val Results: Pure Baseline Errors: 5222 | GNN Errors: 5505
  -> Relative Improvement: -5.419%
Train Ep: 201/300 | Reward:  -53.0 | MSE: 0.1634 | C_Loss: 0.026 | A_Loss: -0.000 | Alpha: 0.0000
Train Ep: 202/300 | Reward:  -71.0 | MSE: 0.2048 | C_Loss: 0.034 | A_Loss: 0.001 | Alpha: 0.0000
Train Ep: 203/300 | Reward:    1.0 | MSE: 0.2056 | C_Loss: 0.019 | A_Loss: 0.001 | Alpha: 0.0000
Train Ep: 204/300 | Reward:   12.0 | MSE: 0.3152 | C_Loss: 0.007 | A_Loss: -0.000 | Alpha: 0.0000
Train Ep: 205/300 | Reward:   88.0 | MSE: 0.3308 | C_Loss: 0.002 | A_Loss: -0.001 | Alpha: 0.0000
  [!] Running Isolated Validation (Pure CMA vs GNN)...
  -> Val Results: Pure Baseline Errors: 5222 | GNN Errors: 4937
  -> Relative Improvement: 5.458%
  *** New Best Model! Net Score improved from 0.023362696284948296 to 0.054576790501723475 ***
[*] Models successfully saved to models/sac_gnn_56_best.pth
Train Ep: 206/300 | Reward:   72.0 | MSE: 0.2876 | C_Loss: 0.010 | A_Loss: -0.002 | Alpha: 0.0000
Train Ep: 207/300 | Reward:   97.0 | MSE: 0.1105 | C_Loss: 0.017 | A_Loss: -0.001 | Alpha: 0.0000
Train Ep: 208/300 | Reward:   72.0 | MSE: 0.1275 | C_Loss: 0.015 | A_Loss: -0.002 | Alpha: 0.0000
Train Ep: 209/300 | Reward:   77.0 | MSE: 0.1630 | C_Loss: 0.011 | A_Loss: -0.001 | Alpha: 0.0000
Train Ep: 210/300 | Reward:   85.0 | MSE: 0.2177 | C_Loss: 0.013 | A_Loss: -0.001 | Alpha: 0.0000
  [!] Running Isolated Validation (Pure CMA vs GNN)...
  -> Val Results: Pure Baseline Errors: 5222 | GNN Errors: 5028
  -> Relative Improvement: 3.715%
Train Ep: 211/300 | Reward:   91.0 | MSE: 0.2288 | C_Loss: 0.010 | A_Loss: -0.002 | Alpha: 0.0000
Train Ep: 212/300 | Reward:  142.0 | MSE: 0.1797 | C_Loss: 0.010 | A_Loss: -0.002 | Alpha: 0.0000
Train Ep: 213/300 | Reward:   70.0 | MSE: 0.1049 | C_Loss: 0.011 | A_Loss: -0.002 | Alpha: 0.0000
Train Ep: 214/300 | Reward:   94.0 | MSE: 0.1593 | C_Loss: 0.008 | A_Loss: -0.002 | Alpha: 0.0000
Train Ep: 215/300 | Reward:   59.0 | MSE: 0.2573 | C_Loss: 0.009 | A_Loss: -0.001 | Alpha: 0.0000
  [!] Running Isolated Validation (Pure CMA vs GNN)...
  -> Val Results: Pure Baseline Errors: 5222 | GNN Errors: 5055
  -> Relative Improvement: 3.198%
Train Ep: 216/300 | Reward:   54.0 | MSE: 0.2711 | C_Loss: 0.012 | A_Loss: -0.001 | Alpha: 0.0000
Train Ep: 217/300 | Reward:   52.0 | MSE: 0.2569 | C_Loss: 0.009 | A_Loss: -0.001 | Alpha: 0.0000
Train Ep: 218/300 | Reward:   53.0 | MSE: 0.2381 | C_Loss: 0.008 | A_Loss: -0.001 | Alpha: 0.0000
Train Ep: 219/300 | Reward:  109.0 | MSE: 0.1889 | C_Loss: 0.009 | A_Loss: -0.001 | Alpha: 0.0000
Train Ep: 220/300 | Reward:   43.0 | MSE: 0.2007 | C_Loss: 0.013 | A_Loss: -0.002 | Alpha: 0.0000
  [!] Running Isolated Validation (Pure CMA vs GNN)...
  -> Val Results: Pure Baseline Errors: 5222 | GNN Errors: 5172
  -> Relative Improvement: 0.957%
Train Ep: 221/300 | Reward:   58.0 | MSE: 0.2548 | C_Loss: 0.011 | A_Loss: -0.001 | Alpha: 0.0000
Train Ep: 222/300 | Reward:   67.0 | MSE: 0.1999 | C_Loss: 0.008 | A_Loss: -0.001 | Alpha: 0.0000
Train Ep: 223/300 | Reward:   60.0 | MSE: 0.1727 | C_Loss: 0.009 | A_Loss: -0.001 | Alpha: 0.0000
Train Ep: 224/300 | Reward:   96.0 | MSE: 0.2395 | C_Loss: 0.007 | A_Loss: -0.001 | Alpha: 0.0000
Train Ep: 225/300 | Reward:   68.0 | MSE: 0.2118 | C_Loss: 0.010 | A_Loss: -0.001 | Alpha: 0.0000
  [!] Running Isolated Validation (Pure CMA vs GNN)...
  -> Val Results: Pure Baseline Errors: 5222 | GNN Errors: 5178
  -> Relative Improvement: 0.843%
Train Ep: 226/300 | Reward:   54.0 | MSE: 0.2419 | C_Loss: 0.007 | A_Loss: -0.001 | Alpha: 0.0000
Train Ep: 227/300 | Reward:   30.0 | MSE: 0.1420 | C_Loss: 0.005 | A_Loss: -0.001 | Alpha: 0.0000
Train Ep: 228/300 | Reward:   36.0 | MSE: 0.1452 | C_Loss: 0.003 | A_Loss: -0.001 | Alpha: 0.0000
Train Ep: 229/300 | Reward:   39.0 | MSE: 0.2257 | C_Loss: 0.005 | A_Loss: -0.001 | Alpha: 0.0000
Train Ep: 230/300 | Reward:   68.0 | MSE: 0.1403 | C_Loss: 0.005 | A_Loss: -0.001 | Alpha: 0.0000
  [!] Running Isolated Validation (Pure CMA vs GNN)...
  -> Val Results: Pure Baseline Errors: 5222 | GNN Errors: 5182
  -> Relative Improvement: 0.766%
Train Ep: 231/300 | Reward:   54.0 | MSE: 0.1999 | C_Loss: 0.006 | A_Loss: -0.001 | Alpha: 0.0000
Train Ep: 232/300 | Reward:   38.0 | MSE: 0.1373 | C_Loss: 0.007 | A_Loss: -0.001 | Alpha: 0.0000
Train Ep: 233/300 | Reward:   29.0 | MSE: 0.1470 | C_Loss: 0.006 | A_Loss: -0.000 | Alpha: 0.0000
Train Ep: 234/300 | Reward:   10.0 | MSE: 0.1731 | C_Loss: 0.004 | A_Loss: -0.001 | Alpha: 0.0000
Train Ep: 235/300 | Reward:   16.0 | MSE: 0.2462 | C_Loss: 0.003 | A_Loss: -0.000 | Alpha: 0.0000
  [!] Running Isolated Validation (Pure CMA vs GNN)...
  -> Val Results: Pure Baseline Errors: 5222 | GNN Errors: 5222
  -> Relative Improvement: 0.000%
Train Ep: 236/300 | Reward:    9.0 | MSE: 0.2641 | C_Loss: 0.002 | A_Loss: -0.000 | Alpha: 0.0000
Train Ep: 237/300 | Reward:    5.0 | MSE: 0.1916 | C_Loss: 0.001 | A_Loss: -0.000 | Alpha: 0.0000
Train Ep: 238/300 | Reward:   20.0 | MSE: 0.2037 | C_Loss: 0.001 | A_Loss: -0.000 | Alpha: 0.0000
Train Ep: 239/300 | Reward:    3.0 | MSE: 0.1760 | C_Loss: 0.002 | A_Loss: -0.000 | Alpha: 0.0000
Train Ep: 240/300 | Reward:   25.0 | MSE: 0.2302 | C_Loss: 0.001 | A_Loss: -0.000 | Alpha: 0.0000
  [!] Running Isolated Validation (Pure CMA vs GNN)...
  -> Val Results: Pure Baseline Errors: 5222 | GNN Errors: 5212
  -> Relative Improvement: 0.191%
Train Ep: 241/300 | Reward:   35.0 | MSE: 0.2127 | C_Loss: 0.002 | A_Loss: -0.000 | Alpha: 0.0000
Train Ep: 242/300 | Reward:   99.0 | MSE: 0.1568 | C_Loss: 0.008 | A_Loss: -0.001 | Alpha: 0.0000
Train Ep: 243/300 | Reward:   -3.0 | MSE: 0.3529 | C_Loss: 0.026 | A_Loss: -0.001 | Alpha: 0.0000
Train Ep: 244/300 | Reward:  107.0 | MSE: 0.1422 | C_Loss: 0.041 | A_Loss: -0.001 | Alpha: 0.0000
Train Ep: 245/300 | Reward:   92.0 | MSE: 0.1598 | C_Loss: 0.029 | A_Loss: -0.002 | Alpha: 0.0000
  [!] Running Isolated Validation (Pure CMA vs GNN)...
  -> Val Results: Pure Baseline Errors: 5222 | GNN Errors: 5010
  -> Relative Improvement: 4.060%
Train Ep: 246/300 | Reward:   83.0 | MSE: 0.1906 | C_Loss: 0.020 | A_Loss: -0.002 | Alpha: 0.0000
Train Ep: 247/300 | Reward:   53.0 | MSE: 0.1650 | C_Loss: 0.025 | A_Loss: -0.002 | Alpha: 0.0000
Train Ep: 248/300 | Reward:   82.0 | MSE: 0.3270 | C_Loss: 0.026 | A_Loss: -0.001 | Alpha: 0.0000
Train Ep: 249/300 | Reward:   50.0 | MSE: 0.1109 | C_Loss: 0.023 | A_Loss: -0.001 | Alpha: 0.0000
Train Ep: 250/300 | Reward:   32.0 | MSE: 0.1379 | C_Loss: 0.021 | A_Loss: -0.001 | Alpha: 0.0000
  [!] Running Isolated Validation (Pure CMA vs GNN)...
  -> Val Results: Pure Baseline Errors: 5222 | GNN Errors: 4951
  -> Relative Improvement: 5.190%
Train Ep: 251/300 | Reward:   81.0 | MSE: 0.1151 | C_Loss: 0.020 | A_Loss: -0.002 | Alpha: 0.0000
Train Ep: 252/300 | Reward:   87.0 | MSE: 0.2399 | C_Loss: 0.020 | A_Loss: -0.001 | Alpha: 0.0000
Train Ep: 253/300 | Reward:   85.0 | MSE: 0.1754 | C_Loss: 0.019 | A_Loss: -0.001 | Alpha: 0.0000
Train Ep: 254/300 | Reward:   99.0 | MSE: 0.1429 | C_Loss: 0.017 | A_Loss: -0.002 | Alpha: 0.0000
Train Ep: 255/300 | Reward:  101.0 | MSE: 0.2124 | C_Loss: 0.019 | A_Loss: -0.001 | Alpha: 0.0000
  [!] Running Isolated Validation (Pure CMA vs GNN)...
  -> Val Results: Pure Baseline Errors: 5222 | GNN Errors: 4987
  -> Relative Improvement: 4.500%
Train Ep: 256/300 | Reward:   79.0 | MSE: 0.2471 | C_Loss: 0.018 | A_Loss: -0.002 | Alpha: 0.0000
Train Ep: 257/300 | Reward:  134.0 | MSE: 0.1734 | C_Loss: 0.015 | A_Loss: -0.002 | Alpha: 0.0000
Train Ep: 258/300 | Reward:   55.0 | MSE: 0.1542 | C_Loss: 0.016 | A_Loss: -0.002 | Alpha: 0.0000
Train Ep: 259/300 | Reward:   79.0 | MSE: 0.1298 | C_Loss: 0.016 | A_Loss: -0.001 | Alpha: 0.0000
Train Ep: 260/300 | Reward:   67.0 | MSE: 0.2704 | C_Loss: 0.017 | A_Loss: -0.001 | Alpha: 0.0000
  [!] Running Isolated Validation (Pure CMA vs GNN)...
  -> Val Results: Pure Baseline Errors: 5222 | GNN Errors: 4940
  -> Relative Improvement: 5.400%
Train Ep: 261/300 | Reward:   48.0 | MSE: 0.1286 | C_Loss: 0.019 | A_Loss: -0.001 | Alpha: 0.0000
Train Ep: 262/300 | Reward:  139.0 | MSE: 0.1828 | C_Loss: 0.021 | A_Loss: -0.001 | Alpha: 0.0000
Train Ep: 263/300 | Reward:   77.0 | MSE: 0.1442 | C_Loss: 0.024 | A_Loss: -0.002 | Alpha: 0.0000
Train Ep: 264/300 | Reward:   97.0 | MSE: 0.1780 | C_Loss: 0.024 | A_Loss: -0.001 | Alpha: 0.0000
Train Ep: 265/300 | Reward:   38.0 | MSE: 0.1660 | C_Loss: 0.021 | A_Loss: -0.001 | Alpha: 0.0000
  [!] Running Isolated Validation (Pure CMA vs GNN)...
  -> Val Results: Pure Baseline Errors: 5222 | GNN Errors: 4938
  -> Relative Improvement: 5.439%
Train Ep: 266/300 | Reward:   91.0 | MSE: 0.2095 | C_Loss: 0.022 | A_Loss: -0.002 | Alpha: 0.0000
Train Ep: 267/300 | Reward:    7.0 | MSE: 0.1506 | C_Loss: 0.024 | A_Loss: -0.001 | Alpha: 0.0000
Train Ep: 268/300 | Reward:   29.0 | MSE: 0.1710 | C_Loss: 0.022 | A_Loss: 0.000 | Alpha: 0.0000
Train Ep: 269/300 | Reward:   76.0 | MSE: 0.1280 | C_Loss: 0.020 | A_Loss: -0.001 | Alpha: 0.0000
Train Ep: 270/300 | Reward:   75.0 | MSE: 0.2284 | C_Loss: 0.015 | A_Loss: -0.001 | Alpha: 0.0000
  [!] Running Isolated Validation (Pure CMA vs GNN)...
  -> Val Results: Pure Baseline Errors: 5222 | GNN Errors: 4955
  -> Relative Improvement: 5.113%
Train Ep: 271/300 | Reward:   95.0 | MSE: 0.1820 | C_Loss: 0.013 | A_Loss: -0.002 | Alpha: 0.0000
Train Ep: 272/300 | Reward:   69.0 | MSE: 0.1091 | C_Loss: 0.014 | A_Loss: -0.002 | Alpha: 0.0000
Train Ep: 273/300 | Reward:  110.0 | MSE: 0.1508 | C_Loss: 0.018 | A_Loss: -0.001 | Alpha: 0.0000
Train Ep: 274/300 | Reward:   69.0 | MSE: 0.2703 | C_Loss: 0.019 | A_Loss: -0.002 | Alpha: 0.0000
Train Ep: 275/300 | Reward:   45.0 | MSE: 0.1744 | C_Loss: 0.015 | A_Loss: -0.002 | Alpha: 0.0000
  [!] Running Isolated Validation (Pure CMA vs GNN)...
  -> Val Results: Pure Baseline Errors: 5222 | GNN Errors: 4942
  -> Relative Improvement: 5.362%
Train Ep: 276/300 | Reward:   60.0 | MSE: 0.1451 | C_Loss: 0.017 | A_Loss: -0.001 | Alpha: 0.0000
Train Ep: 277/300 | Reward:   82.0 | MSE: 0.2902 | C_Loss: 0.023 | A_Loss: -0.001 | Alpha: 0.0000
Train Ep: 278/300 | Reward:   69.0 | MSE: 0.0968 | C_Loss: 0.024 | A_Loss: -0.002 | Alpha: 0.0000
Train Ep: 279/300 | Reward:  113.0 | MSE: 0.2099 | C_Loss: 0.022 | A_Loss: -0.002 | Alpha: 0.0000
Train Ep: 280/300 | Reward:  105.0 | MSE: 0.1072 | C_Loss: 0.020 | A_Loss: -0.002 | Alpha: 0.0000
  [!] Running Isolated Validation (Pure CMA vs GNN)...
  -> Val Results: Pure Baseline Errors: 5222 | GNN Errors: 4938
  -> Relative Improvement: 5.439%
Train Ep: 281/300 | Reward:   53.0 | MSE: 0.1823 | C_Loss: 0.021 | A_Loss: -0.001 | Alpha: 0.0000
Train Ep: 282/300 | Reward:  108.0 | MSE: 0.1494 | C_Loss: 0.018 | A_Loss: -0.001 | Alpha: 0.0000
Train Ep: 283/300 | Reward:   78.0 | MSE: 0.1375 | C_Loss: 0.016 | A_Loss: -0.002 | Alpha: 0.0000
Train Ep: 284/300 | Reward:   38.0 | MSE: 0.1813 | C_Loss: 0.016 | A_Loss: -0.002 | Alpha: 0.0000
Train Ep: 285/300 | Reward:   57.0 | MSE: 0.2221 | C_Loss: 0.018 | A_Loss: -0.001 | Alpha: 0.0000
  [!] Running Isolated Validation (Pure CMA vs GNN)...
  -> Val Results: Pure Baseline Errors: 5222 | GNN Errors: 4928
  -> Relative Improvement: 5.630%
  *** New Best Model! Net Score improved from 0.054576790501723475 to 0.05630026809651475 ***
[*] Models successfully saved to models/sac_gnn_56_best.pth
Train Ep: 286/300 | Reward:   55.0 | MSE: 0.2244 | C_Loss: 0.019 | A_Loss: -0.000 | Alpha: 0.0000
Train Ep: 287/300 | Reward:   48.0 | MSE: 0.1591 | C_Loss: 0.018 | A_Loss: -0.001 | Alpha: 0.0000
Train Ep: 288/300 | Reward:   38.0 | MSE: 0.2744 | C_Loss: 0.017 | A_Loss: -0.000 | Alpha: 0.0000
Train Ep: 289/300 | Reward:   76.0 | MSE: 0.1314 | C_Loss: 0.023 | A_Loss: -0.001 | Alpha: 0.0000
Train Ep: 290/300 | Reward:   10.0 | MSE: 0.2101 | C_Loss: 0.030 | A_Loss: -0.001 | Alpha: 0.0000
  [!] Running Isolated Validation (Pure CMA vs GNN)...
  -> Val Results: Pure Baseline Errors: 5222 | GNN Errors: 5006
  -> Relative Improvement: 4.136%
Train Ep: 291/300 | Reward:   53.0 | MSE: 0.2928 | C_Loss: 0.028 | A_Loss: 0.000 | Alpha: 0.0000
Train Ep: 292/300 | Reward:   33.0 | MSE: 0.1937 | C_Loss: 0.023 | A_Loss: -0.001 | Alpha: 0.0000
Train Ep: 293/300 | Reward:   50.0 | MSE: 0.1536 | C_Loss: 0.019 | A_Loss: -0.001 | Alpha: 0.0000
Train Ep: 294/300 | Reward:   80.0 | MSE: 0.0799 | C_Loss: 0.019 | A_Loss: -0.001 | Alpha: 0.0000
Train Ep: 295/300 | Reward:   48.0 | MSE: 0.1942 | C_Loss: 0.021 | A_Loss: -0.001 | Alpha: 0.0000
  [!] Running Isolated Validation (Pure CMA vs GNN)...
  -> Val Results: Pure Baseline Errors: 5222 | GNN Errors: 4956
  -> Relative Improvement: 5.094%
Train Ep: 296/300 | Reward:  102.0 | MSE: 0.1208 | C_Loss: 0.020 | A_Loss: -0.001 | Alpha: 0.0000
Train Ep: 297/300 | Reward:   99.0 | MSE: 0.1812 | C_Loss: 0.021 | A_Loss: -0.001 | Alpha: 0.0000
Train Ep: 298/300 | Reward:   69.0 | MSE: 0.2143 | C_Loss: 0.019 | A_Loss: -0.001 | Alpha: 0.0000
Train Ep: 299/300 | Reward:   67.0 | MSE: 0.1592 | C_Loss: 0.016 | A_Loss: -0.001 | Alpha: 0.0000
Train Ep: 300/300 | Reward:   96.0 | MSE: 0.1361 | C_Loss: 0.013 | A_Loss: -0.002 | Alpha: 0.0000
  [!] Running Isolated Validation (Pure CMA vs GNN)...
  -> Val Results: Pure Baseline Errors: 5222 | GNN Errors: 4948
  -> Relative Improvement: 5.247%

Training complete in 44668.85 seconds.
[*] Models successfully saved to models/sac_gnn_56.pth
Training plots saved to 'plots/training_metrics_56.png'
[*] The best performing model during validation was saved to: models/sac_gnn_56_best.pth
Training run time = 44670.12 s
Job finished at: Sat May  2 03:04:16 CEST 2026
