Job started at: Sat May  2 15:50:40 CEST 2026
Starting Run 58: Burn-in | Gamma=0.0 | Layers=1 | M=30.0 | action_scale=5 | P.C. | lr=1e-4 | bs=256 | te=-2
SLURM Mode Received: 0
Execution Pipeline: ['train']
Loaded Configuration: {'mode': 0, 'model_path': 'models/sac_gnn_58.pth', 'training_metrics_filename': 'training_metrics_58.png', 'distance': 5, 'n_rounds': 5, 'p': 0.004, 'p_gate_zz': 0.0, 'mismatch': 30.0, 'n_shots': 65000, 'n_test_shots': 10000, 'burn_in_steps': 15000, 'bypass_threshold': 2, 'action_scale': 5.0, 'update_period': 1000, 'prior_shots': 1000, 'local_action_only': True, 'local_action_hops': 1, 'n_layers': 1, 'use_pearson_correlation': True, 'use_log_joint_prob': False, 'hidden_dim': 256, 'lr': 0.0001, 'gamma': 0.0, 'tau': 0.005, 'alpha': 0.01, 'target_entropy': -2.0, 'batch_size': 256, 'buffer_capacity': 100000, 'update_frequency': 100, 'train_episodes': 300, 'test_episodes': 20}

Initializing environment...

############################################################
### RUNNING MODE: TRAIN
############################################################

========================================
STARTING TRAINING (Episodes: 300)
========================================
Train Ep: 001/300 | Reward: -742.0 | MSE: 0.1753 | C_Loss: 0.079 | A_Loss: 0.018 | Alpha: 0.0095
Train Ep: 002/300 | Reward:  -30.0 | MSE: 0.1502 | C_Loss: 0.041 | A_Loss: 0.001 | Alpha: 0.0091
Train Ep: 003/300 | Reward:  -19.0 | MSE: 0.1519 | C_Loss: 0.018 | A_Loss: -0.001 | Alpha: 0.0087
Train Ep: 004/300 | Reward: -109.0 | MSE: 0.2060 | C_Loss: 0.015 | A_Loss: -0.001 | Alpha: 0.0083
Train Ep: 005/300 | Reward:  -31.0 | MSE: 0.1992 | C_Loss: 0.020 | A_Loss: -0.002 | Alpha: 0.0079
Train Ep: 006/300 | Reward:  -82.0 | MSE: 0.1896 | C_Loss: 0.019 | A_Loss: -0.002 | Alpha: 0.0075
Train Ep: 007/300 | Reward:   -8.0 | MSE: 0.1546 | C_Loss: 0.020 | A_Loss: -0.002 | Alpha: 0.0072
Train Ep: 008/300 | Reward:  -34.0 | MSE: 0.2231 | C_Loss: 0.022 | A_Loss: -0.002 | Alpha: 0.0069
Train Ep: 009/300 | Reward:  -90.0 | MSE: 0.2019 | C_Loss: 0.021 | A_Loss: -0.002 | Alpha: 0.0066
Train Ep: 010/300 | Reward:  -74.0 | MSE: 0.1083 | C_Loss: 0.020 | A_Loss: -0.002 | Alpha: 0.0063
Train Ep: 011/300 | Reward: -169.0 | MSE: 0.1921 | C_Loss: 0.024 | A_Loss: -0.001 | Alpha: 0.0060
Train Ep: 012/300 | Reward: -125.0 | MSE: 0.1679 | C_Loss: 0.031 | A_Loss: -0.001 | Alpha: 0.0057
Train Ep: 013/300 | Reward: -130.0 | MSE: 0.1588 | C_Loss: 0.030 | A_Loss: -0.001 | Alpha: 0.0055
Train Ep: 014/300 | Reward: -216.0 | MSE: 0.2088 | C_Loss: 0.027 | A_Loss: 0.000 | Alpha: 0.0052
Train Ep: 015/300 | Reward:  -77.0 | MSE: 0.1990 | C_Loss: 0.028 | A_Loss: 0.000 | Alpha: 0.0050
Train Ep: 016/300 | Reward:  -64.0 | MSE: 0.1692 | C_Loss: 0.023 | A_Loss: -0.000 | Alpha: 0.0048
Train Ep: 017/300 | Reward:  -28.0 | MSE: 0.1399 | C_Loss: 0.014 | A_Loss: -0.002 | Alpha: 0.0046
Train Ep: 018/300 | Reward:    5.0 | MSE: 0.2256 | C_Loss: 0.013 | A_Loss: -0.002 | Alpha: 0.0044
Train Ep: 019/300 | Reward:  -60.0 | MSE: 0.2053 | C_Loss: 0.016 | A_Loss: -0.002 | Alpha: 0.0042
Train Ep: 020/300 | Reward:  -62.0 | MSE: 0.2099 | C_Loss: 0.017 | A_Loss: -0.001 | Alpha: 0.0040
Train Ep: 021/300 | Reward: -102.0 | MSE: 0.1327 | C_Loss: 0.019 | A_Loss: -0.001 | Alpha: 0.0038
Train Ep: 022/300 | Reward:  -81.0 | MSE: 0.1266 | C_Loss: 0.020 | A_Loss: -0.000 | Alpha: 0.0036
Train Ep: 023/300 | Reward: -105.0 | MSE: 0.1861 | C_Loss: 0.019 | A_Loss: 0.000 | Alpha: 0.0035
Train Ep: 024/300 | Reward:  -55.0 | MSE: 0.1676 | C_Loss: 0.020 | A_Loss: 0.000 | Alpha: 0.0033
Train Ep: 025/300 | Reward:  -80.0 | MSE: 0.1735 | C_Loss: 0.021 | A_Loss: -0.000 | Alpha: 0.0032
Train Ep: 026/300 | Reward:  -97.0 | MSE: 0.1740 | C_Loss: 0.022 | A_Loss: -0.001 | Alpha: 0.0030
Train Ep: 027/300 | Reward: -120.0 | MSE: 0.1198 | C_Loss: 0.023 | A_Loss: 0.001 | Alpha: 0.0029
Train Ep: 028/300 | Reward: -108.0 | MSE: 0.1889 | C_Loss: 0.027 | A_Loss: 0.001 | Alpha: 0.0028
Train Ep: 029/300 | Reward:    0.0 | MSE: 0.2872 | C_Loss: 0.027 | A_Loss: 0.000 | Alpha: 0.0026
Train Ep: 030/300 | Reward:  -19.0 | MSE: 0.1327 | C_Loss: 0.021 | A_Loss: -0.001 | Alpha: 0.0025
Train Ep: 031/300 | Reward:  -54.0 | MSE: 0.3183 | C_Loss: 0.014 | A_Loss: -0.000 | Alpha: 0.0024
Train Ep: 032/300 | Reward:  -13.0 | MSE: 0.2615 | C_Loss: 0.013 | A_Loss: -0.001 | Alpha: 0.0023
Train Ep: 033/300 | Reward:  -17.0 | MSE: 0.3014 | C_Loss: 0.010 | A_Loss: -0.001 | Alpha: 0.0022
Train Ep: 034/300 | Reward:    3.0 | MSE: 0.2025 | C_Loss: 0.011 | A_Loss: -0.000 | Alpha: 0.0021
Train Ep: 035/300 | Reward:  -24.0 | MSE: 0.2042 | C_Loss: 0.014 | A_Loss: -0.000 | Alpha: 0.0020
Train Ep: 036/300 | Reward:  -14.0 | MSE: 0.2301 | C_Loss: 0.013 | A_Loss: -0.001 | Alpha: 0.0019
Train Ep: 037/300 | Reward:   -6.0 | MSE: 0.1742 | C_Loss: 0.011 | A_Loss: -0.001 | Alpha: 0.0018
Train Ep: 038/300 | Reward:    3.0 | MSE: 0.1856 | C_Loss: 0.011 | A_Loss: -0.000 | Alpha: 0.0018
Train Ep: 039/300 | Reward:   16.0 | MSE: 0.1528 | C_Loss: 0.010 | A_Loss: -0.001 | Alpha: 0.0017
Train Ep: 040/300 | Reward:   13.0 | MSE: 0.2424 | C_Loss: 0.008 | A_Loss: -0.001 | Alpha: 0.0016
Train Ep: 041/300 | Reward:  -62.0 | MSE: 0.1948 | C_Loss: 0.011 | A_Loss: -0.000 | Alpha: 0.0015
Train Ep: 042/300 | Reward:   22.0 | MSE: 0.1848 | C_Loss: 0.011 | A_Loss: -0.000 | Alpha: 0.0015
Train Ep: 043/300 | Reward:  -27.0 | MSE: 0.1803 | C_Loss: 0.011 | A_Loss: -0.000 | Alpha: 0.0014
Train Ep: 044/300 | Reward:  -45.0 | MSE: 0.1516 | C_Loss: 0.013 | A_Loss: -0.000 | Alpha: 0.0013
Train Ep: 045/300 | Reward:   24.0 | MSE: 0.1990 | C_Loss: 0.013 | A_Loss: 0.000 | Alpha: 0.0013
Train Ep: 046/300 | Reward:  -10.0 | MSE: 0.2709 | C_Loss: 0.011 | A_Loss: -0.000 | Alpha: 0.0012
Train Ep: 047/300 | Reward:   18.0 | MSE: 0.2959 | C_Loss: 0.010 | A_Loss: -0.001 | Alpha: 0.0012
Train Ep: 048/300 | Reward:   28.0 | MSE: 0.2648 | C_Loss: 0.009 | A_Loss: -0.001 | Alpha: 0.0011
Train Ep: 049/300 | Reward:  -44.0 | MSE: 0.2892 | C_Loss: 0.010 | A_Loss: -0.000 | Alpha: 0.0011
Train Ep: 050/300 | Reward:   -2.0 | MSE: 0.0910 | C_Loss: 0.011 | A_Loss: -0.000 | Alpha: 0.0010
Train Ep: 051/300 | Reward:  -19.0 | MSE: 0.2708 | C_Loss: 0.009 | A_Loss: 0.000 | Alpha: 0.0010
Train Ep: 052/300 | Reward:   -8.0 | MSE: 0.2383 | C_Loss: 0.007 | A_Loss: 0.000 | Alpha: 0.0009
Train Ep: 053/300 | Reward:    2.0 | MSE: 0.1640 | C_Loss: 0.006 | A_Loss: -0.000 | Alpha: 0.0009
Train Ep: 054/300 | Reward:   10.0 | MSE: 0.2054 | C_Loss: 0.005 | A_Loss: -0.000 | Alpha: 0.0009
Train Ep: 055/300 | Reward:  -13.0 | MSE: 0.2589 | C_Loss: 0.006 | A_Loss: -0.000 | Alpha: 0.0008
Train Ep: 056/300 | Reward:  -13.0 | MSE: 0.2137 | C_Loss: 0.005 | A_Loss: -0.000 | Alpha: 0.0008
Train Ep: 057/300 | Reward:    6.0 | MSE: 0.2171 | C_Loss: 0.007 | A_Loss: -0.000 | Alpha: 0.0007
Train Ep: 058/300 | Reward:   18.0 | MSE: 0.2033 | C_Loss: 0.008 | A_Loss: -0.000 | Alpha: 0.0007
Train Ep: 059/300 | Reward:  -25.0 | MSE: 0.2403 | C_Loss: 0.008 | A_Loss: 0.000 | Alpha: 0.0007
Train Ep: 060/300 | Reward:    5.0 | MSE: 0.2332 | C_Loss: 0.006 | A_Loss: -0.000 | Alpha: 0.0007
Train Ep: 061/300 | Reward:   -2.0 | MSE: 0.2223 | C_Loss: 0.004 | A_Loss: -0.000 | Alpha: 0.0006
Train Ep: 062/300 | Reward:   13.0 | MSE: 0.3544 | C_Loss: 0.002 | A_Loss: -0.000 | Alpha: 0.0006
Train Ep: 063/300 | Reward:    7.0 | MSE: 0.2736 | C_Loss: 0.002 | A_Loss: -0.000 | Alpha: 0.0006
Train Ep: 064/300 | Reward:    3.0 | MSE: 0.1632 | C_Loss: 0.004 | A_Loss: -0.000 | Alpha: 0.0005
Train Ep: 065/300 | Reward:    1.0 | MSE: 0.2198 | C_Loss: 0.007 | A_Loss: -0.000 | Alpha: 0.0005
Train Ep: 066/300 | Reward:  -30.0 | MSE: 0.2465 | C_Loss: 0.009 | A_Loss: 0.000 | Alpha: 0.0005
Train Ep: 067/300 | Reward:   25.0 | MSE: 0.2665 | C_Loss: 0.008 | A_Loss: -0.000 | Alpha: 0.0005
Train Ep: 068/300 | Reward:    7.0 | MSE: 0.1513 | C_Loss: 0.006 | A_Loss: -0.000 | Alpha: 0.0005
Train Ep: 069/300 | Reward:   16.0 | MSE: 0.2007 | C_Loss: 0.004 | A_Loss: -0.001 | Alpha: 0.0004
Train Ep: 070/300 | Reward:   13.0 | MSE: 0.2389 | C_Loss: 0.005 | A_Loss: -0.000 | Alpha: 0.0004
Train Ep: 071/300 | Reward:    1.0 | MSE: 0.1652 | C_Loss: 0.007 | A_Loss: -0.000 | Alpha: 0.0004
Train Ep: 072/300 | Reward:  -25.0 | MSE: 0.2289 | C_Loss: 0.008 | A_Loss: 0.000 | Alpha: 0.0004
Train Ep: 073/300 | Reward:  -18.0 | MSE: 0.0993 | C_Loss: 0.009 | A_Loss: 0.000 | Alpha: 0.0004
Train Ep: 074/300 | Reward:  -21.0 | MSE: 0.1801 | C_Loss: 0.010 | A_Loss: 0.000 | Alpha: 0.0003
Train Ep: 075/300 | Reward:   23.0 | MSE: 0.1295 | C_Loss: 0.013 | A_Loss: -0.000 | Alpha: 0.0003
Train Ep: 076/300 | Reward:   -6.0 | MSE: 0.1491 | C_Loss: 0.012 | A_Loss: 0.000 | Alpha: 0.0003
Train Ep: 077/300 | Reward:   13.0 | MSE: 0.2894 | C_Loss: 0.008 | A_Loss: -0.000 | Alpha: 0.0003
Train Ep: 078/300 | Reward:   15.0 | MSE: 0.2866 | C_Loss: 0.005 | A_Loss: -0.000 | Alpha: 0.0003
Train Ep: 079/300 | Reward:    6.0 | MSE: 0.1816 | C_Loss: 0.004 | A_Loss: -0.000 | Alpha: 0.0003
Train Ep: 080/300 | Reward:   -3.0 | MSE: 0.3174 | C_Loss: 0.003 | A_Loss: -0.000 | Alpha: 0.0003
Train Ep: 081/300 | Reward:   19.0 | MSE: 0.2668 | C_Loss: 0.003 | A_Loss: -0.000 | Alpha: 0.0003
Train Ep: 082/300 | Reward:  -12.0 | MSE: 0.1794 | C_Loss: 0.003 | A_Loss: -0.000 | Alpha: 0.0002
Train Ep: 083/300 | Reward:    6.0 | MSE: 0.2131 | C_Loss: 0.003 | A_Loss: 0.000 | Alpha: 0.0002
Train Ep: 084/300 | Reward:   24.0 | MSE: 0.2156 | C_Loss: 0.003 | A_Loss: 0.000 | Alpha: 0.0002
Train Ep: 085/300 | Reward:    7.0 | MSE: 0.1996 | C_Loss: 0.004 | A_Loss: -0.000 | Alpha: 0.0002
Train Ep: 086/300 | Reward:   20.0 | MSE: 0.1738 | C_Loss: 0.004 | A_Loss: -0.000 | Alpha: 0.0002
Train Ep: 087/300 | Reward:   21.0 | MSE: 0.2454 | C_Loss: 0.004 | A_Loss: -0.000 | Alpha: 0.0002
Train Ep: 088/300 | Reward:   -3.0 | MSE: 0.2112 | C_Loss: 0.003 | A_Loss: -0.000 | Alpha: 0.0002
Train Ep: 089/300 | Reward:   13.0 | MSE: 0.1916 | C_Loss: 0.004 | A_Loss: -0.000 | Alpha: 0.0002
Train Ep: 090/300 | Reward:   49.0 | MSE: 0.2191 | C_Loss: 0.005 | A_Loss: -0.000 | Alpha: 0.0002
Train Ep: 091/300 | Reward:   23.0 | MSE: 0.2187 | C_Loss: 0.006 | A_Loss: -0.001 | Alpha: 0.0002
Train Ep: 092/300 | Reward:   18.0 | MSE: 0.2420 | C_Loss: 0.008 | A_Loss: -0.000 | Alpha: 0.0002
Train Ep: 093/300 | Reward:   11.0 | MSE: 0.1691 | C_Loss: 0.006 | A_Loss: -0.000 | Alpha: 0.0001
Train Ep: 094/300 | Reward:    3.0 | MSE: 0.3222 | C_Loss: 0.003 | A_Loss: -0.000 | Alpha: 0.0001
Train Ep: 095/300 | Reward:   13.0 | MSE: 0.1962 | C_Loss: 0.002 | A_Loss: -0.000 | Alpha: 0.0001
Train Ep: 096/300 | Reward:    5.0 | MSE: 0.2079 | C_Loss: 0.002 | A_Loss: -0.000 | Alpha: 0.0001
Train Ep: 097/300 | Reward:   45.0 | MSE: 0.3010 | C_Loss: 0.003 | A_Loss: -0.000 | Alpha: 0.0001
Train Ep: 098/300 | Reward:   49.0 | MSE: 0.1784 | C_Loss: 0.008 | A_Loss: -0.001 | Alpha: 0.0001
Train Ep: 099/300 | Reward:  -13.0 | MSE: 0.3810 | C_Loss: 0.015 | A_Loss: -0.000 | Alpha: 0.0001
Train Ep: 100/300 | Reward:    6.0 | MSE: 0.2394 | C_Loss: 0.016 | A_Loss: -0.000 | Alpha: 0.0001
Train Ep: 101/300 | Reward:   15.0 | MSE: 0.3464 | C_Loss: 0.015 | A_Loss: -0.000 | Alpha: 0.0001
Train Ep: 102/300 | Reward:   10.0 | MSE: 0.1997 | C_Loss: 0.012 | A_Loss: 0.000 | Alpha: 0.0001
Train Ep: 103/300 | Reward:   17.0 | MSE: 0.2393 | C_Loss: 0.008 | A_Loss: -0.000 | Alpha: 0.0001
Train Ep: 104/300 | Reward:   -1.0 | MSE: 0.3406 | C_Loss: 0.007 | A_Loss: -0.000 | Alpha: 0.0001
Train Ep: 105/300 | Reward:   15.0 | MSE: 0.2102 | C_Loss: 0.008 | A_Loss: 0.000 | Alpha: 0.0001
Train Ep: 106/300 | Reward:    2.0 | MSE: 0.1880 | C_Loss: 0.008 | A_Loss: 0.000 | Alpha: 0.0001
Train Ep: 107/300 | Reward:   19.0 | MSE: 0.3001 | C_Loss: 0.007 | A_Loss: -0.000 | Alpha: 0.0001
Train Ep: 108/300 | Reward:   20.0 | MSE: 0.2645 | C_Loss: 0.006 | A_Loss: -0.000 | Alpha: 0.0001
Train Ep: 109/300 | Reward:    3.0 | MSE: 0.1858 | C_Loss: 0.004 | A_Loss: -0.000 | Alpha: 0.0001
Train Ep: 110/300 | Reward:   13.0 | MSE: 0.2315 | C_Loss: 0.005 | A_Loss: -0.000 | Alpha: 0.0001
Train Ep: 111/300 | Reward:   -4.0 | MSE: 0.1917 | C_Loss: 0.008 | A_Loss: -0.000 | Alpha: 0.0001
Train Ep: 112/300 | Reward:   22.0 | MSE: 0.2750 | C_Loss: 0.007 | A_Loss: -0.000 | Alpha: 0.0001
Train Ep: 113/300 | Reward:    0.0 | MSE: 0.2002 | C_Loss: 0.005 | A_Loss: -0.000 | Alpha: 0.0001
Train Ep: 114/300 | Reward:    6.0 | MSE: 0.2608 | C_Loss: 0.007 | A_Loss: -0.000 | Alpha: 0.0001
Train Ep: 115/300 | Reward:    3.0 | MSE: 0.1940 | C_Loss: 0.009 | A_Loss: 0.000 | Alpha: 0.0001
Train Ep: 116/300 | Reward:   14.0 | MSE: 0.1806 | C_Loss: 0.008 | A_Loss: -0.000 | Alpha: 0.0001
Train Ep: 117/300 | Reward:    2.0 | MSE: 0.2551 | C_Loss: 0.005 | A_Loss: -0.000 | Alpha: 0.0001
Train Ep: 118/300 | Reward:    4.0 | MSE: 0.2291 | C_Loss: 0.003 | A_Loss: 0.000 | Alpha: 0.0000
Train Ep: 119/300 | Reward:    1.0 | MSE: 0.1874 | C_Loss: 0.002 | A_Loss: -0.000 | Alpha: 0.0000
Train Ep: 120/300 | Reward:    2.0 | MSE: 0.2748 | C_Loss: 0.003 | A_Loss: -0.000 | Alpha: 0.0000
Train Ep: 121/300 | Reward:   -5.0 | MSE: 0.2146 | C_Loss: 0.003 | A_Loss: 0.000 | Alpha: 0.0000
Train Ep: 122/300 | Reward:   24.0 | MSE: 0.2975 | C_Loss: 0.005 | A_Loss: -0.000 | Alpha: 0.0000
Train Ep: 123/300 | Reward:   21.0 | MSE: 0.2090 | C_Loss: 0.004 | A_Loss: -0.000 | Alpha: 0.0000
Train Ep: 124/300 | Reward:    0.0 | MSE: 0.2327 | C_Loss: 0.004 | A_Loss: -0.000 | Alpha: 0.0000
Train Ep: 125/300 | Reward:   -1.0 | MSE: 0.2337 | C_Loss: 0.004 | A_Loss: 0.000 | Alpha: 0.0000
Train Ep: 126/300 | Reward:    4.0 | MSE: 0.2013 | C_Loss: 0.003 | A_Loss: -0.000 | Alpha: 0.0000
Train Ep: 127/300 | Reward:    7.0 | MSE: 0.1795 | C_Loss: 0.001 | A_Loss: 0.000 | Alpha: 0.0000
Train Ep: 128/300 | Reward:   -1.0 | MSE: 0.2300 | C_Loss: 0.001 | A_Loss: -0.000 | Alpha: 0.0000
Train Ep: 129/300 | Reward:   -3.0 | MSE: 0.3372 | C_Loss: 0.001 | A_Loss: -0.000 | Alpha: 0.0000
Train Ep: 130/300 | Reward:    0.0 | MSE: 0.2353 | C_Loss: 0.001 | A_Loss: 0.000 | Alpha: 0.0000
Train Ep: 131/300 | Reward:   14.0 | MSE: 0.1720 | C_Loss: 0.001 | A_Loss: -0.000 | Alpha: 0.0000
Train Ep: 132/300 | Reward:    8.0 | MSE: 0.2286 | C_Loss: 0.002 | A_Loss: -0.000 | Alpha: 0.0000
Train Ep: 133/300 | Reward:   19.0 | MSE: 0.2885 | C_Loss: 0.002 | A_Loss: -0.000 | Alpha: 0.0000
Train Ep: 134/300 | Reward:   25.0 | MSE: 0.1644 | C_Loss: 0.003 | A_Loss: -0.000 | Alpha: 0.0000
Train Ep: 135/300 | Reward:   12.0 | MSE: 0.1769 | C_Loss: 0.004 | A_Loss: -0.000 | Alpha: 0.0000
Train Ep: 136/300 | Reward:   17.0 | MSE: 0.1705 | C_Loss: 0.004 | A_Loss: 0.000 | Alpha: 0.0000
Train Ep: 137/300 | Reward:   11.0 | MSE: 0.2594 | C_Loss: 0.003 | A_Loss: -0.000 | Alpha: 0.0000
Train Ep: 138/300 | Reward:    1.0 | MSE: 0.2933 | C_Loss: 0.001 | A_Loss: -0.000 | Alpha: 0.0000
Train Ep: 139/300 | Reward:   10.0 | MSE: 0.2756 | C_Loss: 0.002 | A_Loss: -0.000 | Alpha: 0.0000
Train Ep: 140/300 | Reward:   17.0 | MSE: 0.1616 | C_Loss: 0.002 | A_Loss: -0.000 | Alpha: 0.0000
Train Ep: 141/300 | Reward:    0.0 | MSE: 0.3212 | C_Loss: 0.002 | A_Loss: -0.000 | Alpha: 0.0000
Train Ep: 142/300 | Reward:    5.0 | MSE: 0.3092 | C_Loss: 0.001 | A_Loss: -0.000 | Alpha: 0.0000
Train Ep: 143/300 | Reward:    5.0 | MSE: 0.1615 | C_Loss: 0.001 | A_Loss: 0.000 | Alpha: 0.0000
Train Ep: 144/300 | Reward:    2.0 | MSE: 0.2725 | C_Loss: 0.001 | A_Loss: -0.000 | Alpha: 0.0000
Train Ep: 145/300 | Reward:    4.0 | MSE: 0.2188 | C_Loss: 0.001 | A_Loss: 0.000 | Alpha: 0.0000
Train Ep: 146/300 | Reward:    8.0 | MSE: 0.2582 | C_Loss: 0.001 | A_Loss: -0.000 | Alpha: 0.0000
Train Ep: 147/300 | Reward:    6.0 | MSE: 0.2009 | C_Loss: 0.001 | A_Loss: 0.000 | Alpha: 0.0000
Train Ep: 148/300 | Reward:   -3.0 | MSE: 0.2128 | C_Loss: 0.001 | A_Loss: 0.000 | Alpha: 0.0000
Train Ep: 149/300 | Reward:   -1.0 | MSE: 0.1950 | C_Loss: 0.001 | A_Loss: 0.000 | Alpha: 0.0000
Train Ep: 150/300 | Reward:    2.0 | MSE: 0.2353 | C_Loss: 0.001 | A_Loss: 0.000 | Alpha: 0.0000
Train Ep: 151/300 | Reward:    0.0 | MSE: 0.1929 | C_Loss: 0.000 | A_Loss: 0.000 | Alpha: 0.0000
Train Ep: 152/300 | Reward:    0.0 | MSE: 0.3334 | C_Loss: 0.000 | A_Loss: 0.000 | Alpha: 0.0000
Train Ep: 153/300 | Reward:    0.0 | MSE: 0.1369 | C_Loss: 0.000 | A_Loss: 0.000 | Alpha: 0.0000
Train Ep: 154/300 | Reward:    1.0 | MSE: 0.2208 | C_Loss: 0.000 | A_Loss: 0.000 | Alpha: 0.0000
Train Ep: 155/300 | Reward:   -2.0 | MSE: 0.2937 | C_Loss: 0.000 | A_Loss: 0.000 | Alpha: 0.0000
Train Ep: 156/300 | Reward:    0.0 | MSE: 0.2210 | C_Loss: 0.000 | A_Loss: 0.000 | Alpha: 0.0000
Train Ep: 157/300 | Reward:    0.0 | MSE: 0.2023 | C_Loss: 0.000 | A_Loss: 0.000 | Alpha: 0.0000
Train Ep: 158/300 | Reward:    0.0 | MSE: 0.2581 | C_Loss: 0.000 | A_Loss: 0.000 | Alpha: 0.0000
Train Ep: 159/300 | Reward:    2.0 | MSE: 0.1738 | C_Loss: 0.000 | A_Loss: 0.000 | Alpha: 0.0000
Train Ep: 160/300 | Reward:    1.0 | MSE: 0.1887 | C_Loss: 0.000 | A_Loss: 0.000 | Alpha: 0.0000
Train Ep: 161/300 | Reward:    0.0 | MSE: 0.1646 | C_Loss: 0.000 | A_Loss: -0.000 | Alpha: 0.0000
Train Ep: 162/300 | Reward:    1.0 | MSE: 0.2455 | C_Loss: 0.000 | A_Loss: 0.000 | Alpha: 0.0000
Train Ep: 163/300 | Reward:    0.0 | MSE: 0.1955 | C_Loss: 0.000 | A_Loss: 0.000 | Alpha: 0.0000
Train Ep: 164/300 | Reward:    0.0 | MSE: 0.2671 | C_Loss: 0.000 | A_Loss: 0.000 | Alpha: 0.0000
Train Ep: 165/300 | Reward:    0.0 | MSE: 0.1940 | C_Loss: 0.000 | A_Loss: 0.000 | Alpha: 0.0000
Train Ep: 166/300 | Reward:   -2.0 | MSE: 0.1441 | C_Loss: 0.000 | A_Loss: 0.000 | Alpha: 0.0000
Train Ep: 167/300 | Reward:    0.0 | MSE: 0.2703 | C_Loss: 0.000 | A_Loss: 0.000 | Alpha: 0.0000
Train Ep: 168/300 | Reward:    0.0 | MSE: 0.2536 | C_Loss: 0.000 | A_Loss: 0.000 | Alpha: 0.0000
Train Ep: 169/300 | Reward:    0.0 | MSE: 0.2025 | C_Loss: 0.000 | A_Loss: 0.000 | Alpha: 0.0000
Train Ep: 170/300 | Reward:    0.0 | MSE: 0.1464 | C_Loss: 0.000 | A_Loss: 0.000 | Alpha: 0.0000
Train Ep: 171/300 | Reward:    0.0 | MSE: 0.1380 | C_Loss: 0.000 | A_Loss: 0.000 | Alpha: 0.0000
Train Ep: 172/300 | Reward:    0.0 | MSE: 0.2322 | C_Loss: 0.000 | A_Loss: 0.000 | Alpha: 0.0000
Train Ep: 173/300 | Reward:    0.0 | MSE: 0.3005 | C_Loss: 0.000 | A_Loss: 0.000 | Alpha: 0.0000
Train Ep: 174/300 | Reward:    0.0 | MSE: 0.2373 | C_Loss: 0.000 | A_Loss: 0.000 | Alpha: 0.0000
Train Ep: 175/300 | Reward:    0.0 | MSE: 0.1532 | C_Loss: 0.000 | A_Loss: 0.000 | Alpha: 0.0000
Train Ep: 176/300 | Reward:    0.0 | MSE: 0.1894 | C_Loss: 0.000 | A_Loss: 0.000 | Alpha: 0.0000
Train Ep: 177/300 | Reward:    0.0 | MSE: 0.1769 | C_Loss: 0.000 | A_Loss: 0.000 | Alpha: 0.0000
Train Ep: 178/300 | Reward:    0.0 | MSE: 0.1734 | C_Loss: 0.000 | A_Loss: 0.000 | Alpha: 0.0000
Train Ep: 179/300 | Reward:    0.0 | MSE: 0.2937 | C_Loss: 0.000 | A_Loss: 0.000 | Alpha: 0.0000
Train Ep: 180/300 | Reward:    0.0 | MSE: 0.2608 | C_Loss: 0.000 | A_Loss: 0.000 | Alpha: 0.0000
Train Ep: 181/300 | Reward:    0.0 | MSE: 0.2626 | C_Loss: 0.000 | A_Loss: 0.000 | Alpha: 0.0000
Train Ep: 182/300 | Reward:    0.0 | MSE: 0.2449 | C_Loss: 0.000 | A_Loss: 0.000 | Alpha: 0.0000
Train Ep: 183/300 | Reward:   -1.0 | MSE: 0.3218 | C_Loss: 0.000 | A_Loss: 0.000 | Alpha: 0.0000
Train Ep: 184/300 | Reward:    0.0 | MSE: 0.1402 | C_Loss: 0.000 | A_Loss: 0.000 | Alpha: 0.0000
Train Ep: 185/300 | Reward:    2.0 | MSE: 0.2539 | C_Loss: 0.000 | A_Loss: 0.000 | Alpha: 0.0000
Train Ep: 186/300 | Reward:    8.0 | MSE: 0.2085 | C_Loss: 0.000 | A_Loss: -0.000 | Alpha: 0.0000
Train Ep: 187/300 | Reward:    1.0 | MSE: 0.1633 | C_Loss: 0.000 | A_Loss: -0.000 | Alpha: 0.0000
Train Ep: 188/300 | Reward:    1.0 | MSE: 0.2067 | C_Loss: 0.000 | A_Loss: 0.000 | Alpha: 0.0000
Train Ep: 189/300 | Reward:    2.0 | MSE: 0.2077 | C_Loss: 0.000 | A_Loss: 0.000 | Alpha: 0.0000
Train Ep: 190/300 | Reward:    0.0 | MSE: 0.1844 | C_Loss: 0.000 | A_Loss: 0.000 | Alpha: 0.0000
Train Ep: 191/300 | Reward:    3.0 | MSE: 0.1910 | C_Loss: 0.000 | A_Loss: 0.000 | Alpha: 0.0000
Train Ep: 192/300 | Reward:   -1.0 | MSE: 0.3132 | C_Loss: 0.000 | A_Loss: 0.000 | Alpha: 0.0000
Train Ep: 193/300 | Reward:    1.0 | MSE: 0.2599 | C_Loss: 0.000 | A_Loss: 0.000 | Alpha: 0.0000
Train Ep: 194/300 | Reward:    0.0 | MSE: 0.1249 | C_Loss: 0.000 | A_Loss: 0.000 | Alpha: 0.0000
Train Ep: 195/300 | Reward:    3.0 | MSE: 0.3306 | C_Loss: 0.000 | A_Loss: 0.000 | Alpha: 0.0000
Train Ep: 196/300 | Reward:    4.0 | MSE: 0.2267 | C_Loss: 0.000 | A_Loss: 0.000 | Alpha: 0.0000
Train Ep: 197/300 | Reward:   -1.0 | MSE: 0.1457 | C_Loss: 0.000 | A_Loss: -0.000 | Alpha: 0.0000
Train Ep: 198/300 | Reward:    0.0 | MSE: 0.1858 | C_Loss: 0.000 | A_Loss: 0.000 | Alpha: 0.0000
Train Ep: 199/300 | Reward:    2.0 | MSE: 0.2043 | C_Loss: 0.000 | A_Loss: -0.000 | Alpha: 0.0000
Train Ep: 200/300 | Reward:    0.0 | MSE: 0.1869 | C_Loss: 0.000 | A_Loss: -0.000 | Alpha: 0.0000
Train Ep: 201/300 | Reward:    2.0 | MSE: 0.2035 | C_Loss: 0.000 | A_Loss: 0.000 | Alpha: 0.0000
Train Ep: 202/300 | Reward:    2.0 | MSE: 0.1951 | C_Loss: 0.000 | A_Loss: 0.000 | Alpha: 0.0000
Train Ep: 203/300 | Reward:    4.0 | MSE: 0.2960 | C_Loss: 0.001 | A_Loss: -0.000 | Alpha: 0.0000
Train Ep: 204/300 | Reward:    1.0 | MSE: 0.1907 | C_Loss: 0.000 | A_Loss: 0.000 | Alpha: 0.0000
Train Ep: 205/300 | Reward:   -2.0 | MSE: 0.2241 | C_Loss: 0.000 | A_Loss: 0.000 | Alpha: 0.0000
Train Ep: 206/300 | Reward:    3.0 | MSE: 0.3077 | C_Loss: 0.000 | A_Loss: 0.000 | Alpha: 0.0000
Train Ep: 207/300 | Reward:    1.0 | MSE: 0.1957 | C_Loss: 0.000 | A_Loss: 0.000 | Alpha: 0.0000
Train Ep: 208/300 | Reward:   -2.0 | MSE: 0.2746 | C_Loss: 0.000 | A_Loss: -0.000 | Alpha: 0.0000
Train Ep: 209/300 | Reward:    1.0 | MSE: 0.1654 | C_Loss: 0.000 | A_Loss: 0.000 | Alpha: 0.0000
Train Ep: 210/300 | Reward:   -2.0 | MSE: 0.2614 | C_Loss: 0.000 | A_Loss: 0.000 | Alpha: 0.0000
Train Ep: 211/300 | Reward:    0.0 | MSE: 0.1949 | C_Loss: 0.000 | A_Loss: 0.000 | Alpha: 0.0000
Train Ep: 212/300 | Reward:    8.0 | MSE: 0.1923 | C_Loss: 0.000 | A_Loss: 0.000 | Alpha: 0.0000
Train Ep: 213/300 | Reward:    6.0 | MSE: 0.1863 | C_Loss: 0.000 | A_Loss: -0.000 | Alpha: 0.0000
Train Ep: 214/300 | Reward:   12.0 | MSE: 0.1299 | C_Loss: 0.001 | A_Loss: -0.000 | Alpha: 0.0000
Train Ep: 215/300 | Reward:    0.0 | MSE: 0.2118 | C_Loss: 0.001 | A_Loss: 0.000 | Alpha: 0.0000
Train Ep: 216/300 | Reward:    7.0 | MSE: 0.2266 | C_Loss: 0.000 | A_Loss: -0.000 | Alpha: 0.0000
Train Ep: 217/300 | Reward:   26.0 | MSE: 0.2046 | C_Loss: 0.001 | A_Loss: -0.000 | Alpha: 0.0000
Train Ep: 218/300 | Reward:   -5.0 | MSE: 0.1887 | C_Loss: 0.002 | A_Loss: -0.000 | Alpha: 0.0000
Train Ep: 219/300 | Reward:    4.0 | MSE: 0.1902 | C_Loss: 0.002 | A_Loss: 0.000 | Alpha: 0.0000
Train Ep: 220/300 | Reward:   -2.0 | MSE: 0.1973 | C_Loss: 0.000 | A_Loss: 0.000 | Alpha: 0.0000
Train Ep: 221/300 | Reward:    0.0 | MSE: 0.1837 | C_Loss: 0.000 | A_Loss: 0.000 | Alpha: 0.0000
Train Ep: 222/300 | Reward:    1.0 | MSE: 0.2860 | C_Loss: 0.000 | A_Loss: 0.000 | Alpha: 0.0000
Train Ep: 223/300 | Reward:    0.0 | MSE: 0.1726 | C_Loss: 0.000 | A_Loss: -0.000 | Alpha: 0.0000
Train Ep: 224/300 | Reward:    0.0 | MSE: 0.2019 | C_Loss: 0.000 | A_Loss: 0.000 | Alpha: 0.0000
Train Ep: 225/300 | Reward:    0.0 | MSE: 0.2855 | C_Loss: 0.000 | A_Loss: 0.000 | Alpha: 0.0000
Train Ep: 226/300 | Reward:    0.0 | MSE: 0.2246 | C_Loss: 0.000 | A_Loss: 0.000 | Alpha: 0.0000
Train Ep: 227/300 | Reward:    0.0 | MSE: 0.1545 | C_Loss: 0.000 | A_Loss: 0.000 | Alpha: 0.0000
Train Ep: 228/300 | Reward:    0.0 | MSE: 0.1179 | C_Loss: 0.000 | A_Loss: 0.000 | Alpha: 0.0000
Train Ep: 229/300 | Reward:    1.0 | MSE: 0.1924 | C_Loss: 0.000 | A_Loss: 0.000 | Alpha: 0.0000
Train Ep: 230/300 | Reward:    0.0 | MSE: 0.2791 | C_Loss: 0.000 | A_Loss: 0.000 | Alpha: 0.0000
Train Ep: 231/300 | Reward:    2.0 | MSE: 0.1909 | C_Loss: 0.000 | A_Loss: 0.000 | Alpha: 0.0000
Train Ep: 232/300 | Reward:    6.0 | MSE: 0.2524 | C_Loss: 0.000 | A_Loss: 0.000 | Alpha: 0.0000
Train Ep: 233/300 | Reward:   23.0 | MSE: 0.1975 | C_Loss: 0.001 | A_Loss: -0.000 | Alpha: 0.0000
Train Ep: 234/300 | Reward:    5.0 | MSE: 0.1587 | C_Loss: 0.001 | A_Loss: -0.000 | Alpha: 0.0000
Train Ep: 235/300 | Reward:    5.0 | MSE: 0.1308 | C_Loss: 0.001 | A_Loss: -0.000 | Alpha: 0.0000
Train Ep: 236/300 | Reward:   18.0 | MSE: 0.2104 | C_Loss: 0.001 | A_Loss: -0.000 | Alpha: 0.0000
Train Ep: 237/300 | Reward:   85.0 | MSE: 0.1433 | C_Loss: 0.004 | A_Loss: -0.000 | Alpha: 0.0000
Train Ep: 238/300 | Reward:   13.0 | MSE: 0.1553 | C_Loss: 0.015 | A_Loss: -0.001 | Alpha: 0.0000
Train Ep: 239/300 | Reward:  122.0 | MSE: 0.1439 | C_Loss: 0.025 | A_Loss: -0.001 | Alpha: 0.0000
  [!] Reward crossed 100! Unlocking Validation phase for the rest of training.
Train Ep: 240/300 | Reward:   29.0 | MSE: 0.1356 | C_Loss: 0.027 | A_Loss: -0.001 | Alpha: 0.0000
  [!] Running Isolated Validation (Pure CMA vs GNN)...
  -> Val Results: Pure Baseline Errors: 5222 | GNN Errors: 5005
  -> Relative Improvement: 4.155%
  *** New Best Model! Net Score improved from -inf to 0.04155495978552279 ***
[*] Models successfully saved to models/sac_gnn_58_best.pth
Train Ep: 241/300 | Reward:   95.0 | MSE: 0.0835 | C_Loss: 0.019 | A_Loss: -0.001 | Alpha: 0.0000
Train Ep: 242/300 | Reward:   60.0 | MSE: 0.3236 | C_Loss: 0.014 | A_Loss: -0.001 | Alpha: 0.0000
Train Ep: 243/300 | Reward:   77.0 | MSE: 0.1693 | C_Loss: 0.018 | A_Loss: -0.001 | Alpha: 0.0000
Train Ep: 244/300 | Reward:   67.0 | MSE: 0.1638 | C_Loss: 0.019 | A_Loss: -0.001 | Alpha: 0.0000
Train Ep: 245/300 | Reward:  -14.0 | MSE: 0.1295 | C_Loss: 0.024 | A_Loss: -0.001 | Alpha: 0.0000
  [!] Running Isolated Validation (Pure CMA vs GNN)...
  -> Val Results: Pure Baseline Errors: 5222 | GNN Errors: 5125
  -> Relative Improvement: 1.858%
Train Ep: 246/300 | Reward:   -2.0 | MSE: 0.1694 | C_Loss: 0.030 | A_Loss: -0.001 | Alpha: 0.0000
Train Ep: 247/300 | Reward:   89.0 | MSE: 0.1228 | C_Loss: 0.026 | A_Loss: 0.000 | Alpha: 0.0000
Train Ep: 248/300 | Reward:   60.0 | MSE: 0.2067 | C_Loss: 0.022 | A_Loss: -0.001 | Alpha: 0.0000
Train Ep: 249/300 | Reward:   54.0 | MSE: 0.1731 | C_Loss: 0.019 | A_Loss: -0.001 | Alpha: 0.0000
Train Ep: 250/300 | Reward:   79.0 | MSE: 0.1076 | C_Loss: 0.017 | A_Loss: -0.001 | Alpha: 0.0000
  [!] Running Isolated Validation (Pure CMA vs GNN)...
  -> Val Results: Pure Baseline Errors: 5222 | GNN Errors: 5019
  -> Relative Improvement: 3.887%
Train Ep: 251/300 | Reward:   60.0 | MSE: 0.1192 | C_Loss: 0.017 | A_Loss: -0.001 | Alpha: 0.0000
Train Ep: 252/300 | Reward:   29.0 | MSE: 0.1896 | C_Loss: 0.017 | A_Loss: -0.001 | Alpha: 0.0000
Train Ep: 253/300 | Reward:   65.0 | MSE: 0.2106 | C_Loss: 0.019 | A_Loss: -0.001 | Alpha: 0.0000
Train Ep: 254/300 | Reward:   76.0 | MSE: 0.0846 | C_Loss: 0.023 | A_Loss: -0.001 | Alpha: 0.0000
Train Ep: 255/300 | Reward:  127.0 | MSE: 0.1135 | C_Loss: 0.028 | A_Loss: -0.001 | Alpha: 0.0000
  [!] Running Isolated Validation (Pure CMA vs GNN)...
  -> Val Results: Pure Baseline Errors: 5222 | GNN Errors: 5164
  -> Relative Improvement: 1.111%
Train Ep: 256/300 | Reward:  -99.0 | MSE: 0.1547 | C_Loss: 0.035 | A_Loss: -0.001 | Alpha: 0.0000
Train Ep: 257/300 | Reward:   20.0 | MSE: 0.1915 | C_Loss: 0.037 | A_Loss: -0.000 | Alpha: 0.0000
Train Ep: 258/300 | Reward: -122.0 | MSE: 0.1149 | C_Loss: 0.031 | A_Loss: 0.000 | Alpha: 0.0000
Train Ep: 259/300 | Reward:   74.0 | MSE: 0.1227 | C_Loss: 0.033 | A_Loss: 0.001 | Alpha: 0.0000
Train Ep: 260/300 | Reward:  -28.0 | MSE: 0.1685 | C_Loss: 0.029 | A_Loss: 0.000 | Alpha: 0.0000
  [!] Running Isolated Validation (Pure CMA vs GNN)...
  -> Val Results: Pure Baseline Errors: 5222 | GNN Errors: 5134
  -> Relative Improvement: 1.685%
Train Ep: 261/300 | Reward:    7.0 | MSE: 0.1100 | C_Loss: 0.026 | A_Loss: -0.000 | Alpha: 0.0000
Train Ep: 262/300 | Reward:   45.0 | MSE: 0.1987 | C_Loss: 0.028 | A_Loss: 0.001 | Alpha: 0.0000
Train Ep: 263/300 | Reward: -244.0 | MSE: 0.1442 | C_Loss: 0.031 | A_Loss: 0.002 | Alpha: 0.0000
Train Ep: 264/300 | Reward:    7.0 | MSE: 0.2325 | C_Loss: 0.028 | A_Loss: 0.001 | Alpha: 0.0000
Train Ep: 265/300 | Reward:    1.0 | MSE: 0.2010 | C_Loss: 0.011 | A_Loss: 0.000 | Alpha: 0.0000
  [!] Running Isolated Validation (Pure CMA vs GNN)...
  -> Val Results: Pure Baseline Errors: 5222 | GNN Errors: 5222
  -> Relative Improvement: 0.000%
Train Ep: 266/300 | Reward:    0.0 | MSE: 0.1513 | C_Loss: 0.000 | A_Loss: 0.000 | Alpha: 0.0000
Train Ep: 267/300 | Reward:   -1.0 | MSE: 0.2152 | C_Loss: 0.000 | A_Loss: 0.000 | Alpha: 0.0000
Train Ep: 268/300 | Reward:    9.0 | MSE: 0.2463 | C_Loss: 0.000 | A_Loss: 0.000 | Alpha: 0.0000
Train Ep: 269/300 | Reward:    0.0 | MSE: 0.2988 | C_Loss: 0.000 | A_Loss: 0.000 | Alpha: 0.0000
Train Ep: 270/300 | Reward:    0.0 | MSE: 0.2028 | C_Loss: 0.000 | A_Loss: 0.000 | Alpha: 0.0000
  [!] Running Isolated Validation (Pure CMA vs GNN)...
  -> Val Results: Pure Baseline Errors: 5222 | GNN Errors: 5221
  -> Relative Improvement: 0.019%
Train Ep: 271/300 | Reward:    0.0 | MSE: 0.3214 | C_Loss: 0.000 | A_Loss: -0.000 | Alpha: 0.0000
Train Ep: 272/300 | Reward:    0.0 | MSE: 0.1607 | C_Loss: 0.000 | A_Loss: 0.000 | Alpha: 0.0000
Train Ep: 273/300 | Reward:    0.0 | MSE: 0.1780 | C_Loss: 0.000 | A_Loss: 0.000 | Alpha: 0.0000
Train Ep: 274/300 | Reward:    1.0 | MSE: 0.2840 | C_Loss: 0.000 | A_Loss: 0.000 | Alpha: 0.0000
Train Ep: 275/300 | Reward:    0.0 | MSE: 0.2324 | C_Loss: 0.000 | A_Loss: 0.000 | Alpha: 0.0000
  [!] Running Isolated Validation (Pure CMA vs GNN)...
  -> Val Results: Pure Baseline Errors: 5222 | GNN Errors: 5222
  -> Relative Improvement: 0.000%
Train Ep: 276/300 | Reward:    0.0 | MSE: 0.2774 | C_Loss: 0.000 | A_Loss: 0.000 | Alpha: 0.0000
Train Ep: 277/300 | Reward:    0.0 | MSE: 0.2031 | C_Loss: 0.000 | A_Loss: 0.000 | Alpha: 0.0000
Train Ep: 278/300 | Reward:    0.0 | MSE: 0.2517 | C_Loss: 0.000 | A_Loss: 0.000 | Alpha: 0.0000
Train Ep: 279/300 | Reward:    1.0 | MSE: 0.1212 | C_Loss: 0.000 | A_Loss: -0.000 | Alpha: 0.0000
Train Ep: 280/300 | Reward:    0.0 | MSE: 0.1856 | C_Loss: 0.000 | A_Loss: 0.000 | Alpha: 0.0000
  [!] Running Isolated Validation (Pure CMA vs GNN)...
  -> Val Results: Pure Baseline Errors: 5222 | GNN Errors: 5222
  -> Relative Improvement: 0.000%
Train Ep: 281/300 | Reward:    0.0 | MSE: 0.2055 | C_Loss: 0.000 | A_Loss: 0.000 | Alpha: 0.0000
Train Ep: 282/300 | Reward:   -1.0 | MSE: 0.1759 | C_Loss: 0.000 | A_Loss: -0.000 | Alpha: 0.0000
Train Ep: 283/300 | Reward:    0.0 | MSE: 0.1952 | C_Loss: 0.000 | A_Loss: 0.000 | Alpha: 0.0000
Train Ep: 284/300 | Reward:    0.0 | MSE: 0.0935 | C_Loss: 0.000 | A_Loss: 0.000 | Alpha: 0.0000
Train Ep: 285/300 | Reward:    0.0 | MSE: 0.1924 | C_Loss: 0.000 | A_Loss: 0.000 | Alpha: 0.0000
  [!] Running Isolated Validation (Pure CMA vs GNN)...
  -> Val Results: Pure Baseline Errors: 5222 | GNN Errors: 5222
  -> Relative Improvement: 0.000%
Train Ep: 286/300 | Reward:    0.0 | MSE: 0.2204 | C_Loss: 0.000 | A_Loss: 0.000 | Alpha: 0.0000
Train Ep: 287/300 | Reward:    0.0 | MSE: 0.1872 | C_Loss: 0.000 | A_Loss: 0.000 | Alpha: 0.0000
Train Ep: 288/300 | Reward:    0.0 | MSE: 0.1977 | C_Loss: 0.000 | A_Loss: 0.000 | Alpha: 0.0000
Train Ep: 289/300 | Reward:   -1.0 | MSE: 0.1888 | C_Loss: 0.000 | A_Loss: 0.000 | Alpha: 0.0000
Train Ep: 290/300 | Reward:    0.0 | MSE: 0.1268 | C_Loss: 0.000 | A_Loss: 0.000 | Alpha: 0.0000
  [!] Running Isolated Validation (Pure CMA vs GNN)...
  -> Val Results: Pure Baseline Errors: 5222 | GNN Errors: 5222
  -> Relative Improvement: 0.000%
Train Ep: 291/300 | Reward:    0.0 | MSE: 0.3316 | C_Loss: 0.000 | A_Loss: 0.000 | Alpha: 0.0000
Train Ep: 292/300 | Reward:    0.0 | MSE: 0.2098 | C_Loss: 0.000 | A_Loss: 0.000 | Alpha: 0.0000
Train Ep: 293/300 | Reward:    0.0 | MSE: 0.2011 | C_Loss: 0.000 | A_Loss: 0.000 | Alpha: 0.0000
Train Ep: 294/300 | Reward:    0.0 | MSE: 0.1278 | C_Loss: 0.000 | A_Loss: 0.000 | Alpha: 0.0000
Train Ep: 295/300 | Reward:    0.0 | MSE: 0.2579 | C_Loss: 0.000 | A_Loss: 0.000 | Alpha: 0.0000
  [!] Running Isolated Validation (Pure CMA vs GNN)...
  -> Val Results: Pure Baseline Errors: 5222 | GNN Errors: 5222
  -> Relative Improvement: 0.000%
Train Ep: 296/300 | Reward:    0.0 | MSE: 0.2659 | C_Loss: 0.000 | A_Loss: 0.000 | Alpha: 0.0000
Train Ep: 297/300 | Reward:    0.0 | MSE: 0.3244 | C_Loss: 0.000 | A_Loss: 0.000 | Alpha: 0.0000
Train Ep: 298/300 | Reward:    0.0 | MSE: 0.3142 | C_Loss: 0.000 | A_Loss: 0.000 | Alpha: 0.0000
Train Ep: 299/300 | Reward:    0.0 | MSE: 0.2229 | C_Loss: 0.000 | A_Loss: 0.000 | Alpha: 0.0000
Train Ep: 300/300 | Reward:    0.0 | MSE: 0.2316 | C_Loss: 0.000 | A_Loss: 0.000 | Alpha: 0.0000
  [!] Running Isolated Validation (Pure CMA vs GNN)...
  -> Val Results: Pure Baseline Errors: 5222 | GNN Errors: 5222
  -> Relative Improvement: 0.000%

Training complete in 63489.22 seconds.
[*] Models successfully saved to models/sac_gnn_58.pth
Training plots saved to 'plots/training_metrics_58.png'
[*] The best performing model during validation was saved to: models/sac_gnn_58_best.pth
Training run time = 63490.17 s
Job finished at: Sun May  3 09:29:13 CEST 2026
