Job started at: Mon Apr 27 11:16:09 CEST 2026
Starting Run 51: No burn-in | Gamma=0.99 | Layers=1 | Mismatch=30.0 | action_scale=5 | Using P.C.
SLURM Mode Received: 0
Execution Pipeline: ['train']
Loaded Configuration: {'mode': 0, 'model_path': 'models/sac_gnn_51.pth', 'training_metrics_filename': 'training_metrics_51.png', 'distance': 5, 'n_rounds': 5, 'p': 0.004, 'p_gate_zz': 0.0, 'mismatch': 30.0, 'n_shots': 50000, 'n_test_shots': 10000, 'burn_in_steps': 0, 'bypass_threshold': 2, 'action_scale': 5.0, 'update_period': 100, 'prior_shots': 1000, 'local_action_only': True, 'local_action_hops': 1, 'n_layers': 1, 'use_pearson_correlation': True, 'use_log_joint_prob': False, 'hidden_dim': 256, 'lr': 0.0001, 'gamma': 0.99, 'tau': 0.005, 'alpha': 0.01, 'batch_size': 64, 'buffer_capacity': 100000, 'update_frequency': 100, 'train_episodes': 350, 'test_episodes': 20}

Initializing environment...

############################################################
### RUNNING MODE: TRAIN
############################################################

========================================
STARTING TRAINING (Episodes: 350)
========================================
Train Ep: 001/350 | Reward: -1017.0 | MSE: 0.1397 | C_Loss: 0.091 | A_Loss: 0.020 | Alpha: 0.0095
Train Ep: 002/350 | Reward: -399.0 | MSE: 0.3457 | C_Loss: 0.074 | A_Loss: 0.048 | Alpha: 0.0091
Train Ep: 003/350 | Reward:  -49.0 | MSE: 0.3390 | C_Loss: 0.052 | A_Loss: 0.062 | Alpha: 0.0087
Train Ep: 004/350 | Reward:  -38.0 | MSE: 0.2923 | C_Loss: 0.023 | A_Loss: 0.056 | Alpha: 0.0083
Train Ep: 005/350 | Reward:  -31.0 | MSE: 0.3493 | C_Loss: 0.010 | A_Loss: 0.047 | Alpha: 0.0079
Train Ep: 006/350 | Reward:  -75.0 | MSE: 0.4330 | C_Loss: 0.014 | A_Loss: 0.038 | Alpha: 0.0076
Train Ep: 007/350 | Reward:  -87.0 | MSE: 0.4056 | C_Loss: 0.017 | A_Loss: 0.031 | Alpha: 0.0072
Train Ep: 008/350 | Reward: -161.0 | MSE: 0.2566 | C_Loss: 0.021 | A_Loss: 0.027 | Alpha: 0.0069
Train Ep: 009/350 | Reward: -268.0 | MSE: 0.5037 | C_Loss: 0.025 | A_Loss: 0.026 | Alpha: 0.0066
Train Ep: 010/350 | Reward:  -65.0 | MSE: 0.2669 | C_Loss: 0.027 | A_Loss: 0.028 | Alpha: 0.0063
Train Ep: 011/350 | Reward: -210.0 | MSE: 0.4081 | C_Loss: 0.026 | A_Loss: 0.024 | Alpha: 0.0060
Train Ep: 012/350 | Reward: -121.0 | MSE: 0.4690 | C_Loss: 0.028 | A_Loss: 0.023 | Alpha: 0.0057
Train Ep: 013/350 | Reward: -165.0 | MSE: 0.4547 | C_Loss: 0.026 | A_Loss: 0.023 | Alpha: 0.0055
Train Ep: 014/350 | Reward: -152.0 | MSE: 0.2905 | C_Loss: 0.028 | A_Loss: 0.021 | Alpha: 0.0052
Train Ep: 015/350 | Reward: -222.0 | MSE: 0.2789 | C_Loss: 0.026 | A_Loss: 0.022 | Alpha: 0.0050
Train Ep: 016/350 | Reward: -180.0 | MSE: 0.3211 | C_Loss: 0.031 | A_Loss: 0.023 | Alpha: 0.0048
Train Ep: 017/350 | Reward: -207.0 | MSE: 0.4720 | C_Loss: 0.033 | A_Loss: 0.026 | Alpha: 0.0046
Train Ep: 018/350 | Reward: -106.0 | MSE: 0.3581 | C_Loss: 0.031 | A_Loss: 0.027 | Alpha: 0.0044
Train Ep: 019/350 | Reward:  -79.0 | MSE: 0.2490 | C_Loss: 0.022 | A_Loss: 0.028 | Alpha: 0.0042
Train Ep: 020/350 | Reward:  -61.0 | MSE: 0.3011 | C_Loss: 0.014 | A_Loss: 0.027 | Alpha: 0.0040
Train Ep: 021/350 | Reward:  -72.0 | MSE: 0.3686 | C_Loss: 0.017 | A_Loss: 0.025 | Alpha: 0.0038
Train Ep: 022/350 | Reward: -144.0 | MSE: 0.3512 | C_Loss: 0.020 | A_Loss: 0.024 | Alpha: 0.0036
Train Ep: 023/350 | Reward: -209.0 | MSE: 0.5746 | C_Loss: 0.030 | A_Loss: 0.026 | Alpha: 0.0035
Train Ep: 024/350 | Reward: -153.0 | MSE: 0.3814 | C_Loss: 0.034 | A_Loss: 0.028 | Alpha: 0.0033
Train Ep: 025/350 | Reward: -162.0 | MSE: 0.3030 | C_Loss: 0.026 | A_Loss: 0.028 | Alpha: 0.0032
Train Ep: 026/350 | Reward: -105.0 | MSE: 0.4226 | C_Loss: 0.024 | A_Loss: 0.031 | Alpha: 0.0030
Train Ep: 027/350 | Reward: -101.0 | MSE: 0.3490 | C_Loss: 0.023 | A_Loss: 0.032 | Alpha: 0.0029
Train Ep: 028/350 | Reward:  -29.0 | MSE: 0.4761 | C_Loss: 0.020 | A_Loss: 0.031 | Alpha: 0.0028
Train Ep: 029/350 | Reward: -135.0 | MSE: 0.3683 | C_Loss: 0.022 | A_Loss: 0.030 | Alpha: 0.0027
Train Ep: 030/350 | Reward:  -91.0 | MSE: 0.3548 | C_Loss: 0.023 | A_Loss: 0.030 | Alpha: 0.0025
Train Ep: 031/350 | Reward: -152.0 | MSE: 0.4423 | C_Loss: 0.030 | A_Loss: 0.030 | Alpha: 0.0024
Train Ep: 032/350 | Reward: -239.0 | MSE: 0.3750 | C_Loss: 0.034 | A_Loss: 0.032 | Alpha: 0.0023
Train Ep: 033/350 | Reward:  -75.0 | MSE: 0.3465 | C_Loss: 0.036 | A_Loss: 0.036 | Alpha: 0.0022
Train Ep: 034/350 | Reward: -125.0 | MSE: 0.3545 | C_Loss: 0.028 | A_Loss: 0.038 | Alpha: 0.0021
Train Ep: 035/350 | Reward:  -86.0 | MSE: 0.3521 | C_Loss: 0.022 | A_Loss: 0.038 | Alpha: 0.0020
Train Ep: 036/350 | Reward:  -10.0 | MSE: 0.3687 | C_Loss: 0.018 | A_Loss: 0.040 | Alpha: 0.0019
Train Ep: 037/350 | Reward:  -14.0 | MSE: 0.2922 | C_Loss: 0.017 | A_Loss: 0.039 | Alpha: 0.0018
Train Ep: 038/350 | Reward:  -30.0 | MSE: 0.3804 | C_Loss: 0.015 | A_Loss: 0.038 | Alpha: 0.0018
Train Ep: 039/350 | Reward:  -36.0 | MSE: 0.3014 | C_Loss: 0.016 | A_Loss: 0.038 | Alpha: 0.0017
Train Ep: 040/350 | Reward:  -80.0 | MSE: 0.3628 | C_Loss: 0.018 | A_Loss: 0.038 | Alpha: 0.0016
Train Ep: 041/350 | Reward:  -99.0 | MSE: 0.4333 | C_Loss: 0.020 | A_Loss: 0.035 | Alpha: 0.0015
Train Ep: 042/350 | Reward:  -55.0 | MSE: 0.3236 | C_Loss: 0.019 | A_Loss: 0.038 | Alpha: 0.0015
Train Ep: 043/350 | Reward:  -65.0 | MSE: 0.3700 | C_Loss: 0.018 | A_Loss: 0.039 | Alpha: 0.0014
Train Ep: 044/350 | Reward:  -17.0 | MSE: 0.2679 | C_Loss: 0.014 | A_Loss: 0.036 | Alpha: 0.0014
Train Ep: 045/350 | Reward:   -4.0 | MSE: 0.3404 | C_Loss: 0.014 | A_Loss: 0.035 | Alpha: 0.0013
Train Ep: 046/350 | Reward:  -82.0 | MSE: 0.3548 | C_Loss: 0.017 | A_Loss: 0.033 | Alpha: 0.0012
Train Ep: 047/350 | Reward:  -40.0 | MSE: 0.3706 | C_Loss: 0.023 | A_Loss: 0.033 | Alpha: 0.0012
Train Ep: 048/350 | Reward:  -84.0 | MSE: 0.3306 | C_Loss: 0.019 | A_Loss: 0.034 | Alpha: 0.0011
Train Ep: 049/350 | Reward:  -52.0 | MSE: 0.3566 | C_Loss: 0.019 | A_Loss: 0.035 | Alpha: 0.0011
Train Ep: 050/350 | Reward:  -34.0 | MSE: 0.3040 | C_Loss: 0.021 | A_Loss: 0.037 | Alpha: 0.0010
Train Ep: 051/350 | Reward:  -33.0 | MSE: 0.2176 | C_Loss: 0.014 | A_Loss: 0.035 | Alpha: 0.0010
Train Ep: 052/350 | Reward:  -58.0 | MSE: 0.3814 | C_Loss: 0.014 | A_Loss: 0.033 | Alpha: 0.0009
Train Ep: 053/350 | Reward:  -72.0 | MSE: 0.2915 | C_Loss: 0.018 | A_Loss: 0.032 | Alpha: 0.0009
Train Ep: 054/350 | Reward:  -27.0 | MSE: 0.4396 | C_Loss: 0.018 | A_Loss: 0.032 | Alpha: 0.0009
Train Ep: 055/350 | Reward:  -16.0 | MSE: 0.2944 | C_Loss: 0.013 | A_Loss: 0.033 | Alpha: 0.0008
Train Ep: 056/350 | Reward:    2.0 | MSE: 0.1917 | C_Loss: 0.006 | A_Loss: 0.032 | Alpha: 0.0008
Train Ep: 057/350 | Reward:    1.0 | MSE: 0.3384 | C_Loss: 0.005 | A_Loss: 0.031 | Alpha: 0.0008
Train Ep: 058/350 | Reward:    4.0 | MSE: 0.2867 | C_Loss: 0.006 | A_Loss: 0.031 | Alpha: 0.0007
Train Ep: 059/350 | Reward:   -6.0 | MSE: 0.3698 | C_Loss: 0.009 | A_Loss: 0.029 | Alpha: 0.0007
Train Ep: 060/350 | Reward: -172.0 | MSE: 0.2518 | C_Loss: 0.015 | A_Loss: 0.027 | Alpha: 0.0007
Train Ep: 061/350 | Reward: -226.0 | MSE: 0.5122 | C_Loss: 0.027 | A_Loss: 0.031 | Alpha: 0.0006
Train Ep: 062/350 | Reward:    6.0 | MSE: 0.3409 | C_Loss: 0.024 | A_Loss: 0.036 | Alpha: 0.0006
Train Ep: 063/350 | Reward:    0.0 | MSE: 0.2830 | C_Loss: 0.008 | A_Loss: 0.036 | Alpha: 0.0006
Train Ep: 064/350 | Reward:   -3.0 | MSE: 0.3613 | C_Loss: 0.001 | A_Loss: 0.035 | Alpha: 0.0006
Train Ep: 065/350 | Reward:    4.0 | MSE: 0.2863 | C_Loss: 0.001 | A_Loss: 0.035 | Alpha: 0.0005
Train Ep: 066/350 | Reward:   13.0 | MSE: 0.4175 | C_Loss: 0.001 | A_Loss: 0.034 | Alpha: 0.0005
Train Ep: 067/350 | Reward:    4.0 | MSE: 0.3206 | C_Loss: 0.001 | A_Loss: 0.032 | Alpha: 0.0005
Train Ep: 068/350 | Reward:    6.0 | MSE: 0.3214 | C_Loss: 0.001 | A_Loss: 0.031 | Alpha: 0.0005
Train Ep: 069/350 | Reward:   -7.0 | MSE: 0.2929 | C_Loss: 0.002 | A_Loss: 0.030 | Alpha: 0.0005
Train Ep: 070/350 | Reward:    8.0 | MSE: 0.3120 | C_Loss: 0.002 | A_Loss: 0.029 | Alpha: 0.0004
Train Ep: 071/350 | Reward:   13.0 | MSE: 0.2690 | C_Loss: 0.003 | A_Loss: 0.027 | Alpha: 0.0004
Train Ep: 072/350 | Reward:  -56.0 | MSE: 0.1719 | C_Loss: 0.007 | A_Loss: 0.026 | Alpha: 0.0004
Train Ep: 073/350 | Reward:   11.0 | MSE: 0.2134 | C_Loss: 0.009 | A_Loss: 0.026 | Alpha: 0.0004
Train Ep: 074/350 | Reward:  -47.0 | MSE: 0.2879 | C_Loss: 0.011 | A_Loss: 0.026 | Alpha: 0.0004
Train Ep: 075/350 | Reward:   15.0 | MSE: 0.3401 | C_Loss: 0.013 | A_Loss: 0.026 | Alpha: 0.0003
Train Ep: 076/350 | Reward:    7.0 | MSE: 0.3173 | C_Loss: 0.016 | A_Loss: 0.024 | Alpha: 0.0003
Train Ep: 077/350 | Reward:    7.0 | MSE: 0.5545 | C_Loss: 0.013 | A_Loss: 0.023 | Alpha: 0.0003
Train Ep: 078/350 | Reward:  -17.0 | MSE: 0.3033 | C_Loss: 0.010 | A_Loss: 0.022 | Alpha: 0.0003
Train Ep: 079/350 | Reward:   30.0 | MSE: 0.3742 | C_Loss: 0.007 | A_Loss: 0.022 | Alpha: 0.0003
Train Ep: 080/350 | Reward:    8.0 | MSE: 0.3594 | C_Loss: 0.007 | A_Loss: 0.020 | Alpha: 0.0003
Train Ep: 081/350 | Reward:   14.0 | MSE: 0.3926 | C_Loss: 0.008 | A_Loss: 0.019 | Alpha: 0.0003
Train Ep: 082/350 | Reward:    1.0 | MSE: 0.3937 | C_Loss: 0.009 | A_Loss: 0.018 | Alpha: 0.0002
Train Ep: 083/350 | Reward:  -14.0 | MSE: 0.2923 | C_Loss: 0.010 | A_Loss: 0.018 | Alpha: 0.0002
Train Ep: 084/350 | Reward:   -3.0 | MSE: 0.2362 | C_Loss: 0.012 | A_Loss: 0.017 | Alpha: 0.0002
Train Ep: 085/350 | Reward:  -90.0 | MSE: 0.3489 | C_Loss: 0.014 | A_Loss: 0.018 | Alpha: 0.0002
Train Ep: 086/350 | Reward:    1.0 | MSE: 0.2227 | C_Loss: 0.011 | A_Loss: 0.020 | Alpha: 0.0002
Train Ep: 087/350 | Reward:    1.0 | MSE: 0.2693 | C_Loss: 0.007 | A_Loss: 0.020 | Alpha: 0.0002
Train Ep: 088/350 | Reward:    4.0 | MSE: 0.4199 | C_Loss: 0.003 | A_Loss: 0.019 | Alpha: 0.0002
Train Ep: 089/350 | Reward:    4.0 | MSE: 0.2990 | C_Loss: 0.001 | A_Loss: 0.018 | Alpha: 0.0002
Train Ep: 090/350 | Reward:    5.0 | MSE: 0.3813 | C_Loss: 0.001 | A_Loss: 0.018 | Alpha: 0.0002
Train Ep: 091/350 | Reward:    5.0 | MSE: 0.3118 | C_Loss: 0.001 | A_Loss: 0.017 | Alpha: 0.0002
Train Ep: 092/350 | Reward:   15.0 | MSE: 0.3458 | C_Loss: 0.002 | A_Loss: 0.016 | Alpha: 0.0002
Train Ep: 093/350 | Reward:   12.0 | MSE: 0.3153 | C_Loss: 0.002 | A_Loss: 0.016 | Alpha: 0.0002
Train Ep: 094/350 | Reward:    3.0 | MSE: 0.2908 | C_Loss: 0.002 | A_Loss: 0.015 | Alpha: 0.0001
Train Ep: 095/350 | Reward:   11.0 | MSE: 0.3200 | C_Loss: 0.001 | A_Loss: 0.014 | Alpha: 0.0001
Train Ep: 096/350 | Reward:  -25.0 | MSE: 0.3434 | C_Loss: 0.003 | A_Loss: 0.013 | Alpha: 0.0001
Train Ep: 097/350 | Reward:   -8.0 | MSE: 0.3051 | C_Loss: 0.004 | A_Loss: 0.013 | Alpha: 0.0001
Train Ep: 098/350 | Reward:  -20.0 | MSE: 0.2511 | C_Loss: 0.009 | A_Loss: 0.014 | Alpha: 0.0001
Train Ep: 099/350 | Reward:  -11.0 | MSE: 0.3358 | C_Loss: 0.009 | A_Loss: 0.012 | Alpha: 0.0001
Train Ep: 100/350 | Reward:   14.0 | MSE: 0.3819 | C_Loss: 0.008 | A_Loss: 0.013 | Alpha: 0.0001
Train Ep: 101/350 | Reward:   29.0 | MSE: 0.3894 | C_Loss: 0.007 | A_Loss: 0.013 | Alpha: 0.0001
Train Ep: 102/350 | Reward:    0.0 | MSE: 0.4023 | C_Loss: 0.010 | A_Loss: 0.011 | Alpha: 0.0001
Train Ep: 103/350 | Reward:  -15.0 | MSE: 0.3972 | C_Loss: 0.011 | A_Loss: 0.009 | Alpha: 0.0001
Train Ep: 104/350 | Reward:   20.0 | MSE: 0.4047 | C_Loss: 0.012 | A_Loss: 0.011 | Alpha: 0.0001
Train Ep: 105/350 | Reward:   12.0 | MSE: 0.3192 | C_Loss: 0.007 | A_Loss: 0.011 | Alpha: 0.0001
Train Ep: 106/350 | Reward:   22.0 | MSE: 0.2442 | C_Loss: 0.004 | A_Loss: 0.010 | Alpha: 0.0001
Train Ep: 107/350 | Reward:    2.0 | MSE: 0.3004 | C_Loss: 0.003 | A_Loss: 0.010 | Alpha: 0.0001
Train Ep: 108/350 | Reward:   15.0 | MSE: 0.2907 | C_Loss: 0.003 | A_Loss: 0.009 | Alpha: 0.0001
Train Ep: 109/350 | Reward:   15.0 | MSE: 0.3424 | C_Loss: 0.006 | A_Loss: 0.008 | Alpha: 0.0001
Train Ep: 110/350 | Reward:   -7.0 | MSE: 0.2777 | C_Loss: 0.005 | A_Loss: 0.007 | Alpha: 0.0001
Train Ep: 111/350 | Reward:    1.0 | MSE: 0.2149 | C_Loss: 0.005 | A_Loss: 0.008 | Alpha: 0.0001
Train Ep: 112/350 | Reward:   -3.0 | MSE: 0.6038 | C_Loss: 0.005 | A_Loss: 0.009 | Alpha: 0.0001
Train Ep: 113/350 | Reward:   -8.0 | MSE: 0.4142 | C_Loss: 0.006 | A_Loss: 0.009 | Alpha: 0.0001
Train Ep: 114/350 | Reward:   42.0 | MSE: 0.3260 | C_Loss: 0.006 | A_Loss: 0.008 | Alpha: 0.0001
Train Ep: 115/350 | Reward:   27.0 | MSE: 0.2728 | C_Loss: 0.005 | A_Loss: 0.008 | Alpha: 0.0001
Train Ep: 116/350 | Reward:   15.0 | MSE: 0.2723 | C_Loss: 0.005 | A_Loss: 0.007 | Alpha: 0.0001
Train Ep: 117/350 | Reward:   -2.0 | MSE: 0.3065 | C_Loss: 0.004 | A_Loss: 0.006 | Alpha: 0.0001
Train Ep: 118/350 | Reward:   12.0 | MSE: 0.2410 | C_Loss: 0.005 | A_Loss: 0.005 | Alpha: 0.0000
Train Ep: 119/350 | Reward:   -3.0 | MSE: 0.2206 | C_Loss: 0.007 | A_Loss: 0.005 | Alpha: 0.0000
Train Ep: 120/350 | Reward:   15.0 | MSE: 0.2628 | C_Loss: 0.006 | A_Loss: 0.004 | Alpha: 0.0000
Train Ep: 121/350 | Reward:   22.0 | MSE: 0.3463 | C_Loss: 0.004 | A_Loss: 0.004 | Alpha: 0.0000
Train Ep: 122/350 | Reward:   10.0 | MSE: 0.3047 | C_Loss: 0.002 | A_Loss: 0.003 | Alpha: 0.0000
Train Ep: 123/350 | Reward:   12.0 | MSE: 0.2563 | C_Loss: 0.003 | A_Loss: 0.002 | Alpha: 0.0000
Train Ep: 124/350 | Reward:   18.0 | MSE: 0.2447 | C_Loss: 0.003 | A_Loss: 0.002 | Alpha: 0.0000
Train Ep: 125/350 | Reward:   -8.0 | MSE: 0.3286 | C_Loss: 0.004 | A_Loss: 0.001 | Alpha: 0.0000
Train Ep: 126/350 | Reward:   13.0 | MSE: 0.2258 | C_Loss: 0.003 | A_Loss: 0.001 | Alpha: 0.0000
Train Ep: 127/350 | Reward:   11.0 | MSE: 0.3379 | C_Loss: 0.004 | A_Loss: 0.001 | Alpha: 0.0000
Train Ep: 128/350 | Reward:  -33.0 | MSE: 0.1840 | C_Loss: 0.006 | A_Loss: 0.001 | Alpha: 0.0000
Train Ep: 129/350 | Reward:    0.0 | MSE: 0.2362 | C_Loss: 0.008 | A_Loss: 0.001 | Alpha: 0.0000
Train Ep: 130/350 | Reward:    0.0 | MSE: 0.3170 | C_Loss: 0.004 | A_Loss: 0.002 | Alpha: 0.0000
Train Ep: 131/350 | Reward:    1.0 | MSE: 0.3433 | C_Loss: 0.000 | A_Loss: 0.002 | Alpha: 0.0000
Train Ep: 132/350 | Reward:    3.0 | MSE: 0.2519 | C_Loss: 0.000 | A_Loss: 0.002 | Alpha: 0.0000
Train Ep: 133/350 | Reward:    1.0 | MSE: 0.3007 | C_Loss: 0.000 | A_Loss: 0.002 | Alpha: 0.0000
Train Ep: 134/350 | Reward:   -1.0 | MSE: 0.2707 | C_Loss: 0.000 | A_Loss: 0.002 | Alpha: 0.0000
Train Ep: 135/350 | Reward:    0.0 | MSE: 0.3129 | C_Loss: 0.000 | A_Loss: 0.002 | Alpha: 0.0000
Train Ep: 136/350 | Reward:   -1.0 | MSE: 0.3213 | C_Loss: 0.000 | A_Loss: 0.002 | Alpha: 0.0000
Train Ep: 137/350 | Reward:    0.0 | MSE: 0.2002 | C_Loss: 0.000 | A_Loss: 0.002 | Alpha: 0.0000
Train Ep: 138/350 | Reward:    0.0 | MSE: 0.3417 | C_Loss: 0.000 | A_Loss: 0.002 | Alpha: 0.0000
Train Ep: 139/350 | Reward:    0.0 | MSE: 0.3970 | C_Loss: 0.000 | A_Loss: 0.002 | Alpha: 0.0000
Train Ep: 140/350 | Reward:    1.0 | MSE: 0.3191 | C_Loss: 0.000 | A_Loss: 0.002 | Alpha: 0.0000
Train Ep: 141/350 | Reward:    0.0 | MSE: 0.4151 | C_Loss: 0.000 | A_Loss: 0.002 | Alpha: 0.0000
Train Ep: 142/350 | Reward:   -7.0 | MSE: 0.2475 | C_Loss: 0.000 | A_Loss: 0.002 | Alpha: 0.0000
Train Ep: 143/350 | Reward:    2.0 | MSE: 0.1727 | C_Loss: 0.001 | A_Loss: 0.003 | Alpha: 0.0000
Train Ep: 144/350 | Reward:    1.0 | MSE: 0.3280 | C_Loss: 0.000 | A_Loss: 0.003 | Alpha: 0.0000
Train Ep: 145/350 | Reward:    1.0 | MSE: 0.2755 | C_Loss: 0.000 | A_Loss: 0.003 | Alpha: 0.0000
Train Ep: 146/350 | Reward:   -7.0 | MSE: 0.4154 | C_Loss: 0.000 | A_Loss: 0.003 | Alpha: 0.0000
Train Ep: 147/350 | Reward:   -2.0 | MSE: 0.3610 | C_Loss: 0.001 | A_Loss: 0.004 | Alpha: 0.0000
Train Ep: 148/350 | Reward:    1.0 | MSE: 0.2384 | C_Loss: 0.000 | A_Loss: 0.004 | Alpha: 0.0000
Train Ep: 149/350 | Reward:    0.0 | MSE: 0.4174 | C_Loss: 0.000 | A_Loss: 0.004 | Alpha: 0.0000
Train Ep: 150/350 | Reward:    1.0 | MSE: 0.2811 | C_Loss: 0.000 | A_Loss: 0.004 | Alpha: 0.0000
Train Ep: 151/350 | Reward:    0.0 | MSE: 0.3013 | C_Loss: 0.000 | A_Loss: 0.004 | Alpha: 0.0000
Train Ep: 152/350 | Reward:    0.0 | MSE: 0.2836 | C_Loss: 0.000 | A_Loss: 0.004 | Alpha: 0.0000
Train Ep: 153/350 | Reward:    0.0 | MSE: 0.3531 | C_Loss: 0.000 | A_Loss: 0.004 | Alpha: 0.0000
Train Ep: 154/350 | Reward:    0.0 | MSE: 0.4611 | C_Loss: 0.000 | A_Loss: 0.004 | Alpha: 0.0000
Train Ep: 155/350 | Reward:    0.0 | MSE: 0.3037 | C_Loss: 0.000 | A_Loss: 0.003 | Alpha: 0.0000
Train Ep: 156/350 | Reward:    0.0 | MSE: 0.2632 | C_Loss: 0.000 | A_Loss: 0.003 | Alpha: 0.0000
Train Ep: 157/350 | Reward:    0.0 | MSE: 0.4172 | C_Loss: 0.000 | A_Loss: 0.003 | Alpha: 0.0000
Train Ep: 158/350 | Reward:   -1.0 | MSE: 0.2914 | C_Loss: 0.000 | A_Loss: 0.003 | Alpha: 0.0000
Train Ep: 159/350 | Reward:    0.0 | MSE: 0.2804 | C_Loss: 0.000 | A_Loss: 0.003 | Alpha: 0.0000
Train Ep: 160/350 | Reward:    1.0 | MSE: 0.3400 | C_Loss: 0.000 | A_Loss: 0.003 | Alpha: 0.0000
Train Ep: 161/350 | Reward:    0.0 | MSE: 0.2561 | C_Loss: 0.000 | A_Loss: 0.003 | Alpha: 0.0000
Train Ep: 162/350 | Reward:   16.0 | MSE: 0.2753 | C_Loss: 0.000 | A_Loss: 0.003 | Alpha: 0.0000
Train Ep: 163/350 | Reward:   17.0 | MSE: 0.3320 | C_Loss: 0.004 | A_Loss: 0.002 | Alpha: 0.0000
Train Ep: 164/350 | Reward:   28.0 | MSE: 0.4670 | C_Loss: 0.011 | A_Loss: 0.000 | Alpha: 0.0000
Train Ep: 165/350 | Reward:   25.0 | MSE: 0.3614 | C_Loss: 0.013 | A_Loss: -0.001 | Alpha: 0.0000
Train Ep: 166/350 | Reward:   80.0 | MSE: 0.3007 | C_Loss: 0.012 | A_Loss: -0.003 | Alpha: 0.0000
Train Ep: 167/350 | Reward:   66.0 | MSE: 0.4349 | C_Loss: 0.017 | A_Loss: -0.007 | Alpha: 0.0000
Train Ep: 168/350 | Reward:   46.0 | MSE: 0.4492 | C_Loss: 0.016 | A_Loss: -0.011 | Alpha: 0.0000
Train Ep: 169/350 | Reward:   75.0 | MSE: 0.3371 | C_Loss: 0.010 | A_Loss: -0.014 | Alpha: 0.0000
Train Ep: 170/350 | Reward:  110.0 | MSE: 0.2881 | C_Loss: 0.011 | A_Loss: -0.015 | Alpha: 0.0000
  [!] Reward crossed 100! Unlocking Validation phase for the rest of training.
  [!] Running Isolated Validation (Pure CMA vs GNN)...
  -> Val Results: Pure Baseline Errors: 5259 | GNN Errors: 5033
  -> Relative Improvement: 4.297%
  *** New Best Model! Net Score improved from -inf to 0.04297394942004183 ***
[*] Models successfully saved to models/sac_gnn_51_best.pth
Train Ep: 171/350 | Reward:   76.0 | MSE: 0.2868 | C_Loss: 0.013 | A_Loss: -0.018 | Alpha: 0.0000
Train Ep: 172/350 | Reward:   45.0 | MSE: 0.2391 | C_Loss: 0.010 | A_Loss: -0.021 | Alpha: 0.0000
Train Ep: 173/350 | Reward:   57.0 | MSE: 0.3437 | C_Loss: 0.005 | A_Loss: -0.023 | Alpha: 0.0000
Train Ep: 174/350 | Reward:   14.0 | MSE: 0.2331 | C_Loss: 0.005 | A_Loss: -0.023 | Alpha: 0.0000
Train Ep: 175/350 | Reward:   24.0 | MSE: 0.3857 | C_Loss: 0.002 | A_Loss: -0.023 | Alpha: 0.0000
  [!] Running Isolated Validation (Pure CMA vs GNN)...
  -> Val Results: Pure Baseline Errors: 5259 | GNN Errors: 5132
  -> Relative Improvement: 2.415%
Train Ep: 176/350 | Reward:   32.0 | MSE: 0.2715 | C_Loss: 0.003 | A_Loss: -0.023 | Alpha: 0.0000
Train Ep: 177/350 | Reward:   25.0 | MSE: 0.2235 | C_Loss: 0.008 | A_Loss: -0.024 | Alpha: 0.0000
Train Ep: 178/350 | Reward:    7.0 | MSE: 0.5400 | C_Loss: 0.016 | A_Loss: -0.025 | Alpha: 0.0000
Train Ep: 179/350 | Reward:   18.0 | MSE: 0.2964 | C_Loss: 0.020 | A_Loss: -0.025 | Alpha: 0.0000
Train Ep: 180/350 | Reward:   28.0 | MSE: 0.4048 | C_Loss: 0.018 | A_Loss: -0.023 | Alpha: 0.0000
  [!] Running Isolated Validation (Pure CMA vs GNN)...
  -> Val Results: Pure Baseline Errors: 5259 | GNN Errors: 5232
  -> Relative Improvement: 0.513%
Train Ep: 181/350 | Reward:   -8.0 | MSE: 0.2393 | C_Loss: 0.009 | A_Loss: -0.024 | Alpha: 0.0000
Train Ep: 182/350 | Reward:   26.0 | MSE: 0.2960 | C_Loss: 0.008 | A_Loss: -0.024 | Alpha: 0.0000
Train Ep: 183/350 | Reward:   51.0 | MSE: 0.2484 | C_Loss: 0.008 | A_Loss: -0.024 | Alpha: 0.0000
Train Ep: 184/350 | Reward:   51.0 | MSE: 0.2766 | C_Loss: 0.006 | A_Loss: -0.025 | Alpha: 0.0000
Train Ep: 185/350 | Reward:   33.0 | MSE: 0.3546 | C_Loss: 0.006 | A_Loss: -0.026 | Alpha: 0.0000
  [!] Running Isolated Validation (Pure CMA vs GNN)...
  -> Val Results: Pure Baseline Errors: 5259 | GNN Errors: 5238
  -> Relative Improvement: 0.399%
Train Ep: 186/350 | Reward:    7.0 | MSE: 0.3104 | C_Loss: 0.004 | A_Loss: -0.027 | Alpha: 0.0000
Train Ep: 187/350 | Reward:   26.0 | MSE: 0.2580 | C_Loss: 0.001 | A_Loss: -0.027 | Alpha: 0.0000
Train Ep: 188/350 | Reward:   35.0 | MSE: 0.2554 | C_Loss: 0.003 | A_Loss: -0.026 | Alpha: 0.0000
Train Ep: 189/350 | Reward:   48.0 | MSE: 0.1904 | C_Loss: 0.004 | A_Loss: -0.026 | Alpha: 0.0000
Train Ep: 190/350 | Reward:    1.0 | MSE: 0.2925 | C_Loss: 0.007 | A_Loss: -0.026 | Alpha: 0.0000
  [!] Running Isolated Validation (Pure CMA vs GNN)...
  -> Val Results: Pure Baseline Errors: 5259 | GNN Errors: 5290
  -> Relative Improvement: -0.589%
Train Ep: 191/350 | Reward:    7.0 | MSE: 0.3451 | C_Loss: 0.015 | A_Loss: -0.026 | Alpha: 0.0000
Train Ep: 192/350 | Reward:  -88.0 | MSE: 0.4067 | C_Loss: 0.024 | A_Loss: -0.023 | Alpha: 0.0000
Train Ep: 193/350 | Reward:   23.0 | MSE: 0.1715 | C_Loss: 0.022 | A_Loss: -0.024 | Alpha: 0.0000
Train Ep: 194/350 | Reward:   53.0 | MSE: 0.2630 | C_Loss: 0.013 | A_Loss: -0.023 | Alpha: 0.0000
Train Ep: 195/350 | Reward:   31.0 | MSE: 0.2765 | C_Loss: 0.011 | A_Loss: -0.024 | Alpha: 0.0000
  [!] Running Isolated Validation (Pure CMA vs GNN)...
  -> Val Results: Pure Baseline Errors: 5259 | GNN Errors: 5179
  -> Relative Improvement: 1.521%
Train Ep: 196/350 | Reward:   31.0 | MSE: 0.2627 | C_Loss: 0.009 | A_Loss: -0.023 | Alpha: 0.0000
Train Ep: 197/350 | Reward: -175.0 | MSE: 0.2486 | C_Loss: 0.017 | A_Loss: -0.021 | Alpha: 0.0000
Train Ep: 198/350 | Reward:  -47.0 | MSE: 0.2164 | C_Loss: 0.019 | A_Loss: -0.015 | Alpha: 0.0000
Train Ep: 199/350 | Reward:   70.0 | MSE: 0.3857 | C_Loss: 0.018 | A_Loss: -0.012 | Alpha: 0.0000
Train Ep: 200/350 | Reward:   94.0 | MSE: 0.3800 | C_Loss: 0.012 | A_Loss: -0.015 | Alpha: 0.0000
  [!] Running Isolated Validation (Pure CMA vs GNN)...
  -> Val Results: Pure Baseline Errors: 5259 | GNN Errors: 5081
  -> Relative Improvement: 3.385%
Train Ep: 201/350 | Reward:   64.0 | MSE: 0.2590 | C_Loss: 0.013 | A_Loss: -0.017 | Alpha: 0.0000
Train Ep: 202/350 | Reward:   50.0 | MSE: 0.2418 | C_Loss: 0.011 | A_Loss: -0.021 | Alpha: 0.0000
Train Ep: 203/350 | Reward:   61.0 | MSE: 0.3643 | C_Loss: 0.007 | A_Loss: -0.022 | Alpha: 0.0000
Train Ep: 204/350 | Reward:   38.0 | MSE: 0.2507 | C_Loss: 0.005 | A_Loss: -0.024 | Alpha: 0.0000
Train Ep: 205/350 | Reward:   16.0 | MSE: 0.2799 | C_Loss: 0.004 | A_Loss: -0.024 | Alpha: 0.0000
  [!] Running Isolated Validation (Pure CMA vs GNN)...
  -> Val Results: Pure Baseline Errors: 5259 | GNN Errors: 5145
  -> Relative Improvement: 2.168%
Train Ep: 206/350 | Reward:   39.0 | MSE: 0.3248 | C_Loss: 0.003 | A_Loss: -0.024 | Alpha: 0.0000
Train Ep: 207/350 | Reward:   25.0 | MSE: 0.2105 | C_Loss: 0.003 | A_Loss: -0.024 | Alpha: 0.0000
Train Ep: 208/350 | Reward:   12.0 | MSE: 0.2341 | C_Loss: 0.002 | A_Loss: -0.023 | Alpha: 0.0000
Train Ep: 209/350 | Reward:   14.0 | MSE: 0.2154 | C_Loss: 0.002 | A_Loss: -0.023 | Alpha: 0.0000
Train Ep: 210/350 | Reward:   17.0 | MSE: 0.3055 | C_Loss: 0.001 | A_Loss: -0.023 | Alpha: 0.0000
  [!] Running Isolated Validation (Pure CMA vs GNN)...
  -> Val Results: Pure Baseline Errors: 5259 | GNN Errors: 5224
  -> Relative Improvement: 0.666%
Train Ep: 211/350 | Reward:   21.0 | MSE: 0.2178 | C_Loss: 0.002 | A_Loss: -0.022 | Alpha: 0.0000
Train Ep: 212/350 | Reward:   22.0 | MSE: 0.2492 | C_Loss: 0.002 | A_Loss: -0.023 | Alpha: 0.0000
Train Ep: 213/350 | Reward:   30.0 | MSE: 0.2662 | C_Loss: 0.003 | A_Loss: -0.023 | Alpha: 0.0000
Train Ep: 214/350 | Reward:   49.0 | MSE: 0.2073 | C_Loss: 0.005 | A_Loss: -0.024 | Alpha: 0.0000
Train Ep: 215/350 | Reward:   40.0 | MSE: 0.3864 | C_Loss: 0.007 | A_Loss: -0.026 | Alpha: 0.0000
  [!] Running Isolated Validation (Pure CMA vs GNN)...
  -> Val Results: Pure Baseline Errors: 5259 | GNN Errors: 5153
  -> Relative Improvement: 2.016%
Train Ep: 216/350 | Reward:   27.0 | MSE: 0.2559 | C_Loss: 0.006 | A_Loss: -0.027 | Alpha: 0.0000
Train Ep: 217/350 | Reward:   17.0 | MSE: 0.3116 | C_Loss: 0.007 | A_Loss: -0.028 | Alpha: 0.0000
Train Ep: 218/350 | Reward:   40.0 | MSE: 0.3342 | C_Loss: 0.007 | A_Loss: -0.028 | Alpha: 0.0000
Train Ep: 219/350 | Reward:   19.0 | MSE: 0.2987 | C_Loss: 0.008 | A_Loss: -0.026 | Alpha: 0.0000
Train Ep: 220/350 | Reward:    4.0 | MSE: 0.3169 | C_Loss: 0.008 | A_Loss: -0.026 | Alpha: 0.0000
  [!] Running Isolated Validation (Pure CMA vs GNN)...
  -> Val Results: Pure Baseline Errors: 5259 | GNN Errors: 5225
  -> Relative Improvement: 0.647%
Train Ep: 221/350 | Reward:  -10.0 | MSE: 0.2688 | C_Loss: 0.008 | A_Loss: -0.027 | Alpha: 0.0000
Train Ep: 222/350 | Reward:   35.0 | MSE: 0.2884 | C_Loss: 0.006 | A_Loss: -0.026 | Alpha: 0.0000
Train Ep: 223/350 | Reward:   28.0 | MSE: 0.2987 | C_Loss: 0.006 | A_Loss: -0.026 | Alpha: 0.0000
Train Ep: 224/350 | Reward:  -15.0 | MSE: 0.3854 | C_Loss: 0.007 | A_Loss: -0.026 | Alpha: 0.0000
Train Ep: 225/350 | Reward:  -67.0 | MSE: 0.4888 | C_Loss: 0.009 | A_Loss: -0.024 | Alpha: 0.0000
  [!] Running Isolated Validation (Pure CMA vs GNN)...
  -> Val Results: Pure Baseline Errors: 5259 | GNN Errors: 5256
  -> Relative Improvement: 0.057%
Train Ep: 226/350 | Reward:    3.0 | MSE: 0.3317 | C_Loss: 0.008 | A_Loss: -0.023 | Alpha: 0.0000
Train Ep: 227/350 | Reward:   43.0 | MSE: 0.2574 | C_Loss: 0.004 | A_Loss: -0.024 | Alpha: 0.0000
Train Ep: 228/350 | Reward:   45.0 | MSE: 0.2876 | C_Loss: 0.003 | A_Loss: -0.026 | Alpha: 0.0000
Train Ep: 229/350 | Reward:   40.0 | MSE: 0.3397 | C_Loss: 0.005 | A_Loss: -0.027 | Alpha: 0.0000
Train Ep: 230/350 | Reward:   53.0 | MSE: 0.3559 | C_Loss: 0.005 | A_Loss: -0.029 | Alpha: 0.0000
  [!] Running Isolated Validation (Pure CMA vs GNN)...
  -> Val Results: Pure Baseline Errors: 5259 | GNN Errors: 5126
  -> Relative Improvement: 2.529%
Train Ep: 231/350 | Reward:   30.0 | MSE: 0.3672 | C_Loss: 0.005 | A_Loss: -0.030 | Alpha: 0.0000
Train Ep: 232/350 | Reward:   47.0 | MSE: 0.3027 | C_Loss: 0.004 | A_Loss: -0.031 | Alpha: 0.0000
Train Ep: 233/350 | Reward:   30.0 | MSE: 0.2381 | C_Loss: 0.005 | A_Loss: -0.033 | Alpha: 0.0000
Train Ep: 234/350 | Reward:   35.0 | MSE: 0.2643 | C_Loss: 0.003 | A_Loss: -0.033 | Alpha: 0.0000
Train Ep: 235/350 | Reward:   41.0 | MSE: 0.3574 | C_Loss: 0.004 | A_Loss: -0.033 | Alpha: 0.0000
  [!] Running Isolated Validation (Pure CMA vs GNN)...
  -> Val Results: Pure Baseline Errors: 5259 | GNN Errors: 5172
  -> Relative Improvement: 1.654%
Train Ep: 236/350 | Reward:   36.0 | MSE: 0.2430 | C_Loss: 0.005 | A_Loss: -0.034 | Alpha: 0.0000
Train Ep: 237/350 | Reward:   38.0 | MSE: 0.2401 | C_Loss: 0.005 | A_Loss: -0.035 | Alpha: 0.0000
Train Ep: 238/350 | Reward:   35.0 | MSE: 0.2514 | C_Loss: 0.004 | A_Loss: -0.035 | Alpha: 0.0000
Train Ep: 239/350 | Reward:   19.0 | MSE: 0.2424 | C_Loss: 0.004 | A_Loss: -0.034 | Alpha: 0.0000
Train Ep: 240/350 | Reward:   47.0 | MSE: 0.2921 | C_Loss: 0.005 | A_Loss: -0.034 | Alpha: 0.0000
  [!] Running Isolated Validation (Pure CMA vs GNN)...
  -> Val Results: Pure Baseline Errors: 5259 | GNN Errors: 5258
  -> Relative Improvement: 0.019%
Train Ep: 241/350 | Reward:   21.0 | MSE: 0.2740 | C_Loss: 0.005 | A_Loss: -0.034 | Alpha: 0.0000
Train Ep: 242/350 | Reward:   14.0 | MSE: 0.2484 | C_Loss: 0.003 | A_Loss: -0.033 | Alpha: 0.0000
Train Ep: 243/350 | Reward:   24.0 | MSE: 0.2633 | C_Loss: 0.002 | A_Loss: -0.033 | Alpha: 0.0000
Train Ep: 244/350 | Reward:   31.0 | MSE: 0.2144 | C_Loss: 0.002 | A_Loss: -0.033 | Alpha: 0.0000
Train Ep: 245/350 | Reward:   50.0 | MSE: 0.2690 | C_Loss: 0.003 | A_Loss: -0.034 | Alpha: 0.0000
  [!] Running Isolated Validation (Pure CMA vs GNN)...
  -> Val Results: Pure Baseline Errors: 5259 | GNN Errors: 5196
  -> Relative Improvement: 1.198%
Train Ep: 246/350 | Reward:   32.0 | MSE: 0.2773 | C_Loss: 0.004 | A_Loss: -0.035 | Alpha: 0.0000
Train Ep: 247/350 | Reward:   22.0 | MSE: 0.2308 | C_Loss: 0.003 | A_Loss: -0.035 | Alpha: 0.0000
Train Ep: 248/350 | Reward:   63.0 | MSE: 0.2978 | C_Loss: 0.004 | A_Loss: -0.036 | Alpha: 0.0000
Train Ep: 249/350 | Reward:   37.0 | MSE: 0.2632 | C_Loss: 0.004 | A_Loss: -0.037 | Alpha: 0.0000
Train Ep: 250/350 | Reward:   43.0 | MSE: 0.2902 | C_Loss: 0.004 | A_Loss: -0.037 | Alpha: 0.0000
  [!] Running Isolated Validation (Pure CMA vs GNN)...
  -> Val Results: Pure Baseline Errors: 5259 | GNN Errors: 5136
  -> Relative Improvement: 2.339%
Train Ep: 251/350 | Reward:   83.0 | MSE: 0.2799 | C_Loss: 0.005 | A_Loss: -0.038 | Alpha: 0.0000
Train Ep: 252/350 | Reward:   39.0 | MSE: 0.3154 | C_Loss: 0.007 | A_Loss: -0.040 | Alpha: 0.0000
Train Ep: 253/350 | Reward:   39.0 | MSE: 0.2613 | C_Loss: 0.004 | A_Loss: -0.040 | Alpha: 0.0000
Train Ep: 254/350 | Reward:   39.0 | MSE: 0.2256 | C_Loss: 0.005 | A_Loss: -0.041 | Alpha: 0.0000
Train Ep: 255/350 | Reward:   44.0 | MSE: 0.2178 | C_Loss: 0.004 | A_Loss: -0.041 | Alpha: 0.0000
  [!] Running Isolated Validation (Pure CMA vs GNN)...
  -> Val Results: Pure Baseline Errors: 5259 | GNN Errors: 5211
  -> Relative Improvement: 0.913%
Train Ep: 256/350 | Reward:   29.0 | MSE: 0.2714 | C_Loss: 0.004 | A_Loss: -0.041 | Alpha: 0.0000
Train Ep: 257/350 | Reward:   26.0 | MSE: 0.2552 | C_Loss: 0.003 | A_Loss: -0.042 | Alpha: 0.0000
Train Ep: 258/350 | Reward:   13.0 | MSE: 0.3692 | C_Loss: 0.003 | A_Loss: -0.042 | Alpha: 0.0000
Train Ep: 259/350 | Reward:   46.0 | MSE: 0.1924 | C_Loss: 0.004 | A_Loss: -0.041 | Alpha: 0.0000
Train Ep: 260/350 | Reward:   29.0 | MSE: 0.2054 | C_Loss: 0.003 | A_Loss: -0.041 | Alpha: 0.0000
  [!] Running Isolated Validation (Pure CMA vs GNN)...
  -> Val Results: Pure Baseline Errors: 5259 | GNN Errors: 5200
  -> Relative Improvement: 1.122%
Train Ep: 261/350 | Reward:   17.0 | MSE: 0.2796 | C_Loss: 0.004 | A_Loss: -0.041 | Alpha: 0.0000
Train Ep: 262/350 | Reward:   19.0 | MSE: 0.3734 | C_Loss: 0.003 | A_Loss: -0.040 | Alpha: 0.0000
Train Ep: 263/350 | Reward:   24.0 | MSE: 0.1873 | C_Loss: 0.003 | A_Loss: -0.040 | Alpha: 0.0000
Train Ep: 264/350 | Reward:   13.0 | MSE: 0.2332 | C_Loss: 0.002 | A_Loss: -0.039 | Alpha: 0.0000
Train Ep: 265/350 | Reward:   13.0 | MSE: 0.2245 | C_Loss: 0.003 | A_Loss: -0.037 | Alpha: 0.0000
  [!] Running Isolated Validation (Pure CMA vs GNN)...
  -> Val Results: Pure Baseline Errors: 5259 | GNN Errors: 5257
  -> Relative Improvement: 0.038%
Train Ep: 266/350 | Reward:    4.0 | MSE: 0.2702 | C_Loss: 0.003 | A_Loss: -0.036 | Alpha: 0.0000
Train Ep: 267/350 | Reward:   19.0 | MSE: 0.2407 | C_Loss: 0.003 | A_Loss: -0.035 | Alpha: 0.0000
Train Ep: 268/350 | Reward:   24.0 | MSE: 0.1469 | C_Loss: 0.005 | A_Loss: -0.036 | Alpha: 0.0000
Train Ep: 269/350 | Reward:  -31.0 | MSE: 0.7080 | C_Loss: 0.010 | A_Loss: -0.035 | Alpha: 0.0000
Train Ep: 270/350 | Reward:  -22.0 | MSE: 0.2043 | C_Loss: 0.012 | A_Loss: -0.035 | Alpha: 0.0000
  [!] Running Isolated Validation (Pure CMA vs GNN)...
  -> Val Results: Pure Baseline Errors: 5259 | GNN Errors: 5255
  -> Relative Improvement: 0.076%
Train Ep: 271/350 | Reward:    8.0 | MSE: 0.3850 | C_Loss: 0.008 | A_Loss: -0.034 | Alpha: 0.0000
Train Ep: 272/350 | Reward:   36.0 | MSE: 0.2780 | C_Loss: 0.003 | A_Loss: -0.033 | Alpha: 0.0000
Train Ep: 273/350 | Reward:   65.0 | MSE: 0.2843 | C_Loss: 0.004 | A_Loss: -0.033 | Alpha: 0.0000
Train Ep: 274/350 | Reward:   53.0 | MSE: 0.4023 | C_Loss: 0.008 | A_Loss: -0.035 | Alpha: 0.0000
Train Ep: 275/350 | Reward:   48.0 | MSE: 0.4728 | C_Loss: 0.008 | A_Loss: -0.037 | Alpha: 0.0000
  [!] Running Isolated Validation (Pure CMA vs GNN)...
  -> Val Results: Pure Baseline Errors: 5259 | GNN Errors: 5177
  -> Relative Improvement: 1.559%
Train Ep: 276/350 | Reward:   22.0 | MSE: 0.3701 | C_Loss: 0.005 | A_Loss: -0.038 | Alpha: 0.0000
Train Ep: 277/350 | Reward:   55.0 | MSE: 0.4612 | C_Loss: 0.005 | A_Loss: -0.037 | Alpha: 0.0000
Train Ep: 278/350 | Reward:   72.0 | MSE: 0.4173 | C_Loss: 0.007 | A_Loss: -0.038 | Alpha: 0.0000
Train Ep: 279/350 | Reward:   55.0 | MSE: 0.4292 | C_Loss: 0.010 | A_Loss: -0.040 | Alpha: 0.0000
Train Ep: 280/350 | Reward:   66.0 | MSE: 0.6508 | C_Loss: 0.008 | A_Loss: -0.042 | Alpha: 0.0000
  [!] Running Isolated Validation (Pure CMA vs GNN)...
  -> Val Results: Pure Baseline Errors: 5259 | GNN Errors: 5109
  -> Relative Improvement: 2.852%
Train Ep: 281/350 | Reward:  119.0 | MSE: 0.3237 | C_Loss: 0.009 | A_Loss: -0.043 | Alpha: 0.0000
Train Ep: 282/350 | Reward:   42.0 | MSE: 0.4719 | C_Loss: 0.009 | A_Loss: -0.045 | Alpha: 0.0000
Train Ep: 283/350 | Reward:   47.0 | MSE: 0.4286 | C_Loss: 0.008 | A_Loss: -0.046 | Alpha: 0.0000
Train Ep: 284/350 | Reward:   75.0 | MSE: 0.3760 | C_Loss: 0.008 | A_Loss: -0.048 | Alpha: 0.0000
Train Ep: 285/350 | Reward:   47.0 | MSE: 0.2233 | C_Loss: 0.007 | A_Loss: -0.048 | Alpha: 0.0000
  [!] Running Isolated Validation (Pure CMA vs GNN)...
  -> Val Results: Pure Baseline Errors: 5259 | GNN Errors: 5177
  -> Relative Improvement: 1.559%
Train Ep: 286/350 | Reward:   29.0 | MSE: 0.3817 | C_Loss: 0.008 | A_Loss: -0.049 | Alpha: 0.0000
Train Ep: 287/350 | Reward:   40.0 | MSE: 0.4065 | C_Loss: 0.007 | A_Loss: -0.049 | Alpha: 0.0000
Train Ep: 288/350 | Reward:   17.0 | MSE: 0.2963 | C_Loss: 0.006 | A_Loss: -0.048 | Alpha: 0.0000
Train Ep: 289/350 | Reward:   63.0 | MSE: 0.3434 | C_Loss: 0.009 | A_Loss: -0.049 | Alpha: 0.0000
Train Ep: 290/350 | Reward:   83.0 | MSE: 0.4376 | C_Loss: 0.011 | A_Loss: -0.050 | Alpha: 0.0000
  [!] Running Isolated Validation (Pure CMA vs GNN)...
  -> Val Results: Pure Baseline Errors: 5259 | GNN Errors: 5024
  -> Relative Improvement: 4.469%
  *** New Best Model! Net Score improved from 0.04297394942004183 to 0.04468530138809659 ***
[*] Models successfully saved to models/sac_gnn_51_best.pth
Train Ep: 291/350 | Reward:   20.0 | MSE: 0.2938 | C_Loss: 0.018 | A_Loss: -0.051 | Alpha: 0.0000
Train Ep: 292/350 | Reward:   35.0 | MSE: 0.2962 | C_Loss: 0.018 | A_Loss: -0.051 | Alpha: 0.0000
Train Ep: 293/350 | Reward:   11.0 | MSE: 0.4214 | C_Loss: 0.018 | A_Loss: -0.053 | Alpha: 0.0000
Train Ep: 294/350 | Reward:   64.0 | MSE: 0.4852 | C_Loss: 0.023 | A_Loss: -0.053 | Alpha: 0.0000
Train Ep: 295/350 | Reward:   55.0 | MSE: 0.5010 | C_Loss: 0.029 | A_Loss: -0.054 | Alpha: 0.0000
  [!] Running Isolated Validation (Pure CMA vs GNN)...
  -> Val Results: Pure Baseline Errors: 5259 | GNN Errors: 5135
  -> Relative Improvement: 2.358%
Train Ep: 296/350 | Reward:   36.0 | MSE: 0.4336 | C_Loss: 0.024 | A_Loss: -0.055 | Alpha: 0.0000
Train Ep: 297/350 | Reward:  -26.0 | MSE: 0.4670 | C_Loss: 0.025 | A_Loss: -0.055 | Alpha: 0.0000
Train Ep: 298/350 | Reward:   55.0 | MSE: 0.4265 | C_Loss: 0.027 | A_Loss: -0.053 | Alpha: 0.0000
Train Ep: 299/350 | Reward:   73.0 | MSE: 0.4418 | C_Loss: 0.026 | A_Loss: -0.052 | Alpha: 0.0000
Train Ep: 300/350 | Reward:   59.0 | MSE: 0.5125 | C_Loss: 0.026 | A_Loss: -0.054 | Alpha: 0.0000
  [!] Running Isolated Validation (Pure CMA vs GNN)...
  -> Val Results: Pure Baseline Errors: 5259 | GNN Errors: 5139
  -> Relative Improvement: 2.282%
Train Ep: 301/350 | Reward:  -27.0 | MSE: 0.4759 | C_Loss: 0.026 | A_Loss: -0.054 | Alpha: 0.0000
Train Ep: 302/350 | Reward:  -16.0 | MSE: 0.5641 | C_Loss: 0.028 | A_Loss: -0.054 | Alpha: 0.0000
Train Ep: 303/350 | Reward:   29.0 | MSE: 0.4940 | C_Loss: 0.019 | A_Loss: -0.053 | Alpha: 0.0000
Train Ep: 304/350 | Reward:   23.0 | MSE: 0.2975 | C_Loss: 0.008 | A_Loss: -0.053 | Alpha: 0.0000
Train Ep: 305/350 | Reward:   30.0 | MSE: 0.4989 | C_Loss: 0.005 | A_Loss: -0.052 | Alpha: 0.0000
  [!] Running Isolated Validation (Pure CMA vs GNN)...
  -> Val Results: Pure Baseline Errors: 5259 | GNN Errors: 5128
  -> Relative Improvement: 2.491%
Train Ep: 306/350 | Reward:   52.0 | MSE: 0.4623 | C_Loss: 0.006 | A_Loss: -0.051 | Alpha: 0.0000
Train Ep: 307/350 | Reward:   62.0 | MSE: 0.5397 | C_Loss: 0.007 | A_Loss: -0.051 | Alpha: 0.0000
Train Ep: 308/350 | Reward:   89.0 | MSE: 0.3770 | C_Loss: 0.008 | A_Loss: -0.052 | Alpha: 0.0000
Train Ep: 309/350 | Reward:   59.0 | MSE: 0.5761 | C_Loss: 0.008 | A_Loss: -0.054 | Alpha: 0.0000
Train Ep: 310/350 | Reward:   41.0 | MSE: 0.4631 | C_Loss: 0.008 | A_Loss: -0.055 | Alpha: 0.0000
  [!] Running Isolated Validation (Pure CMA vs GNN)...
  -> Val Results: Pure Baseline Errors: 5259 | GNN Errors: 5133
  -> Relative Improvement: 2.396%
Train Ep: 311/350 | Reward:   41.0 | MSE: 0.3273 | C_Loss: 0.007 | A_Loss: -0.055 | Alpha: 0.0000
Train Ep: 312/350 | Reward:   32.0 | MSE: 0.5059 | C_Loss: 0.005 | A_Loss: -0.055 | Alpha: 0.0000
Train Ep: 313/350 | Reward:   32.0 | MSE: 0.2804 | C_Loss: 0.006 | A_Loss: -0.055 | Alpha: 0.0000
Train Ep: 314/350 | Reward:   44.0 | MSE: 0.3996 | C_Loss: 0.004 | A_Loss: -0.055 | Alpha: 0.0000
Train Ep: 315/350 | Reward:   73.0 | MSE: 0.3875 | C_Loss: 0.007 | A_Loss: -0.054 | Alpha: 0.0000
  [!] Running Isolated Validation (Pure CMA vs GNN)...
  -> Val Results: Pure Baseline Errors: 5259 | GNN Errors: 5104
  -> Relative Improvement: 2.947%
Train Ep: 316/350 | Reward:   23.0 | MSE: 0.3891 | C_Loss: 0.008 | A_Loss: -0.054 | Alpha: 0.0000
Train Ep: 317/350 | Reward:   54.0 | MSE: 0.2916 | C_Loss: 0.009 | A_Loss: -0.054 | Alpha: 0.0000
Train Ep: 318/350 | Reward:   68.0 | MSE: 0.3991 | C_Loss: 0.010 | A_Loss: -0.055 | Alpha: 0.0000
Train Ep: 319/350 | Reward:   68.0 | MSE: 0.4825 | C_Loss: 0.011 | A_Loss: -0.055 | Alpha: 0.0000
Train Ep: 320/350 | Reward:   44.0 | MSE: 0.5267 | C_Loss: 0.010 | A_Loss: -0.056 | Alpha: 0.0000
  [!] Running Isolated Validation (Pure CMA vs GNN)...
  -> Val Results: Pure Baseline Errors: 5259 | GNN Errors: 5102
  -> Relative Improvement: 2.985%
Train Ep: 321/350 | Reward:   60.0 | MSE: 0.4653 | C_Loss: 0.010 | A_Loss: -0.057 | Alpha: 0.0000
Train Ep: 322/350 | Reward:   63.0 | MSE: 0.4602 | C_Loss: 0.010 | A_Loss: -0.058 | Alpha: 0.0000
Train Ep: 323/350 | Reward:   43.0 | MSE: 0.4240 | C_Loss: 0.008 | A_Loss: -0.058 | Alpha: 0.0000
Train Ep: 324/350 | Reward:   44.0 | MSE: 0.4201 | C_Loss: 0.011 | A_Loss: -0.058 | Alpha: 0.0000
Train Ep: 325/350 | Reward:   71.0 | MSE: 0.5099 | C_Loss: 0.012 | A_Loss: -0.058 | Alpha: 0.0000
  [!] Running Isolated Validation (Pure CMA vs GNN)...
  -> Val Results: Pure Baseline Errors: 5259 | GNN Errors: 5102
  -> Relative Improvement: 2.985%
Train Ep: 326/350 | Reward:   40.0 | MSE: 0.4304 | C_Loss: 0.013 | A_Loss: -0.058 | Alpha: 0.0000
Train Ep: 327/350 | Reward:   40.0 | MSE: 0.4621 | C_Loss: 0.011 | A_Loss: -0.058 | Alpha: 0.0000
Train Ep: 328/350 | Reward:   52.0 | MSE: 0.4433 | C_Loss: 0.009 | A_Loss: -0.059 | Alpha: 0.0000
Train Ep: 329/350 | Reward:   98.0 | MSE: 0.3684 | C_Loss: 0.010 | A_Loss: -0.059 | Alpha: 0.0000
Train Ep: 330/350 | Reward:   65.0 | MSE: 0.3957 | C_Loss: 0.014 | A_Loss: -0.062 | Alpha: 0.0000
  [!] Running Isolated Validation (Pure CMA vs GNN)...
  -> Val Results: Pure Baseline Errors: 5259 | GNN Errors: 5084
  -> Relative Improvement: 3.328%
Train Ep: 331/350 | Reward:   20.0 | MSE: 0.3523 | C_Loss: 0.012 | A_Loss: -0.063 | Alpha: 0.0000
Train Ep: 332/350 | Reward:   41.0 | MSE: 0.5204 | C_Loss: 0.009 | A_Loss: -0.061 | Alpha: 0.0000
Train Ep: 333/350 | Reward:   32.0 | MSE: 0.5583 | C_Loss: 0.007 | A_Loss: -0.061 | Alpha: 0.0000
Train Ep: 334/350 | Reward:   31.0 | MSE: 0.2744 | C_Loss: 0.005 | A_Loss: -0.060 | Alpha: 0.0000
Train Ep: 335/350 | Reward:   36.0 | MSE: 0.4121 | C_Loss: 0.005 | A_Loss: -0.059 | Alpha: 0.0000
  [!] Running Isolated Validation (Pure CMA vs GNN)...
  -> Val Results: Pure Baseline Errors: 5259 | GNN Errors: 5178
  -> Relative Improvement: 1.540%
Train Ep: 336/350 | Reward:   29.0 | MSE: 0.4908 | C_Loss: 0.004 | A_Loss: -0.058 | Alpha: 0.0000
Train Ep: 337/350 | Reward:   28.0 | MSE: 0.3106 | C_Loss: 0.004 | A_Loss: -0.058 | Alpha: 0.0000
Train Ep: 338/350 | Reward:   23.0 | MSE: 0.4371 | C_Loss: 0.004 | A_Loss: -0.058 | Alpha: 0.0000
Train Ep: 339/350 | Reward:   16.0 | MSE: 0.3539 | C_Loss: 0.004 | A_Loss: -0.058 | Alpha: 0.0000
Train Ep: 340/350 | Reward:   46.0 | MSE: 0.3876 | C_Loss: 0.005 | A_Loss: -0.057 | Alpha: 0.0000
  [!] Running Isolated Validation (Pure CMA vs GNN)...
  -> Val Results: Pure Baseline Errors: 5259 | GNN Errors: 5116
  -> Relative Improvement: 2.719%
Train Ep: 341/350 | Reward:   37.0 | MSE: 0.4125 | C_Loss: 0.006 | A_Loss: -0.057 | Alpha: 0.0000
Train Ep: 342/350 | Reward:   31.0 | MSE: 0.4495 | C_Loss: 0.007 | A_Loss: -0.057 | Alpha: 0.0000
Train Ep: 343/350 | Reward:   31.0 | MSE: 0.4019 | C_Loss: 0.005 | A_Loss: -0.057 | Alpha: 0.0000
Train Ep: 344/350 | Reward:   17.0 | MSE: 0.3259 | C_Loss: 0.006 | A_Loss: -0.056 | Alpha: 0.0000
Train Ep: 345/350 | Reward:   24.0 | MSE: 0.2726 | C_Loss: 0.012 | A_Loss: -0.056 | Alpha: 0.0000
  [!] Running Isolated Validation (Pure CMA vs GNN)...
  -> Val Results: Pure Baseline Errors: 5259 | GNN Errors: 5268
  -> Relative Improvement: -0.171%
Train Ep: 346/350 | Reward:   15.0 | MSE: 0.3808 | C_Loss: 0.016 | A_Loss: -0.055 | Alpha: 0.0000
Train Ep: 347/350 | Reward:  100.0 | MSE: 0.3715 | C_Loss: 0.015 | A_Loss: -0.056 | Alpha: 0.0000
Train Ep: 348/350 | Reward:   50.0 | MSE: 0.3990 | C_Loss: 0.019 | A_Loss: -0.056 | Alpha: 0.0000
Train Ep: 349/350 | Reward:   35.0 | MSE: 0.1776 | C_Loss: 0.021 | A_Loss: -0.057 | Alpha: 0.0000
Train Ep: 350/350 | Reward:   96.0 | MSE: 0.3952 | C_Loss: 0.022 | A_Loss: -0.057 | Alpha: 0.0000
  [!] Running Isolated Validation (Pure CMA vs GNN)...
  -> Val Results: Pure Baseline Errors: 5259 | GNN Errors: 5134
  -> Relative Improvement: 2.377%

Training complete in 44125.57 seconds.
[*] Models successfully saved to models/sac_gnn_51.pth
Training plots saved to 'plots/training_metrics_51.png'
[*] The best performing model during validation was saved to: models/sac_gnn_51_best.pth
Training run time = 44126.96 s
Job finished at: Mon Apr 27 23:32:06 CEST 2026
