Job started at: Wed Apr 29 22:31:31 CEST 2026
Starting Run 52: 500 eps | Gamma=0.99 | Layers=1 | Mismatch=30.0 | action_scale=5 | Using P.C.
SLURM Mode Received: 0
Execution Pipeline: ['train']
Loaded Configuration: {'mode': 0, 'model_path': 'models/sac_gnn_52.pth', 'training_metrics_filename': 'training_metrics_52.png', 'distance': 5, 'n_rounds': 5, 'p': 0.004, 'p_gate_zz': 0.0, 'mismatch': 30.0, 'n_shots': 65000, 'n_test_shots': 10000, 'burn_in_steps': 15000, 'bypass_threshold': 2, 'action_scale': 5.0, 'update_period': 100, 'prior_shots': 1000, 'local_action_only': True, 'local_action_hops': 1, 'n_layers': 1, 'use_pearson_correlation': True, 'use_log_joint_prob': False, 'hidden_dim': 256, 'lr': 0.0001, 'gamma': 0.99, 'tau': 0.005, 'alpha': 0.01, 'batch_size': 64, 'buffer_capacity': 100000, 'update_frequency': 100, 'train_episodes': 500, 'test_episodes': 20}

Initializing environment...

############################################################
### RUNNING MODE: TRAIN
############################################################

========================================
STARTING TRAINING (Episodes: 500)
========================================
Train Ep: 001/500 | Reward: -1115.0 | MSE: 0.1597 | C_Loss: 0.085 | A_Loss: 0.045 | Alpha: 0.0095
Train Ep: 002/500 | Reward: -267.0 | MSE: 0.2307 | C_Loss: 0.065 | A_Loss: 0.072 | Alpha: 0.0091
Train Ep: 003/500 | Reward: -181.0 | MSE: 0.3075 | C_Loss: 0.055 | A_Loss: 0.077 | Alpha: 0.0087
Train Ep: 004/500 | Reward:  -13.0 | MSE: 0.3248 | C_Loss: 0.038 | A_Loss: 0.070 | Alpha: 0.0083
Train Ep: 005/500 | Reward:  -31.0 | MSE: 0.4292 | C_Loss: 0.021 | A_Loss: 0.059 | Alpha: 0.0079
Train Ep: 006/500 | Reward:  -61.0 | MSE: 0.3120 | C_Loss: 0.014 | A_Loss: 0.048 | Alpha: 0.0076
Train Ep: 007/500 | Reward:  -98.0 | MSE: 0.3673 | C_Loss: 0.019 | A_Loss: 0.042 | Alpha: 0.0072
Train Ep: 008/500 | Reward: -140.0 | MSE: 0.3806 | C_Loss: 0.023 | A_Loss: 0.039 | Alpha: 0.0069
Train Ep: 009/500 | Reward:  -71.0 | MSE: 0.3159 | C_Loss: 0.025 | A_Loss: 0.035 | Alpha: 0.0066
Train Ep: 010/500 | Reward: -140.0 | MSE: 0.2959 | C_Loss: 0.026 | A_Loss: 0.032 | Alpha: 0.0063
Train Ep: 011/500 | Reward: -146.0 | MSE: 0.2278 | C_Loss: 0.028 | A_Loss: 0.028 | Alpha: 0.0060
Train Ep: 012/500 | Reward: -321.0 | MSE: 0.1992 | C_Loss: 0.037 | A_Loss: 0.025 | Alpha: 0.0057
Train Ep: 013/500 | Reward: -246.0 | MSE: 0.3335 | C_Loss: 0.045 | A_Loss: 0.023 | Alpha: 0.0055
Train Ep: 014/500 | Reward: -163.0 | MSE: 0.3023 | C_Loss: 0.039 | A_Loss: 0.025 | Alpha: 0.0052
Train Ep: 015/500 | Reward: -278.0 | MSE: 0.2172 | C_Loss: 0.037 | A_Loss: 0.031 | Alpha: 0.0050
Train Ep: 016/500 | Reward: -229.0 | MSE: 0.3253 | C_Loss: 0.040 | A_Loss: 0.034 | Alpha: 0.0048
Train Ep: 017/500 | Reward: -141.0 | MSE: 0.3417 | C_Loss: 0.037 | A_Loss: 0.038 | Alpha: 0.0046
Train Ep: 018/500 | Reward: -155.0 | MSE: 0.2808 | C_Loss: 0.032 | A_Loss: 0.039 | Alpha: 0.0044
Train Ep: 019/500 | Reward: -129.0 | MSE: 0.4947 | C_Loss: 0.029 | A_Loss: 0.038 | Alpha: 0.0042
Train Ep: 020/500 | Reward: -266.0 | MSE: 0.2572 | C_Loss: 0.032 | A_Loss: 0.039 | Alpha: 0.0040
Train Ep: 021/500 | Reward: -343.0 | MSE: 0.3074 | C_Loss: 0.042 | A_Loss: 0.044 | Alpha: 0.0038
Train Ep: 022/500 | Reward: -165.0 | MSE: 0.3669 | C_Loss: 0.043 | A_Loss: 0.050 | Alpha: 0.0036
Train Ep: 023/500 | Reward: -281.0 | MSE: 0.2239 | C_Loss: 0.042 | A_Loss: 0.053 | Alpha: 0.0035
Train Ep: 024/500 | Reward: -223.0 | MSE: 0.3417 | C_Loss: 0.044 | A_Loss: 0.058 | Alpha: 0.0033
Train Ep: 025/500 | Reward: -121.0 | MSE: 0.3447 | C_Loss: 0.039 | A_Loss: 0.062 | Alpha: 0.0032
Train Ep: 026/500 | Reward: -186.0 | MSE: 0.3477 | C_Loss: 0.035 | A_Loss: 0.065 | Alpha: 0.0030
Train Ep: 027/500 | Reward: -162.0 | MSE: 0.4485 | C_Loss: 0.032 | A_Loss: 0.065 | Alpha: 0.0029
Train Ep: 028/500 | Reward: -106.0 | MSE: 0.3619 | C_Loss: 0.028 | A_Loss: 0.066 | Alpha: 0.0028
Train Ep: 029/500 | Reward:  -88.0 | MSE: 0.2724 | C_Loss: 0.022 | A_Loss: 0.066 | Alpha: 0.0026
Train Ep: 030/500 | Reward:  -22.0 | MSE: 0.4124 | C_Loss: 0.017 | A_Loss: 0.065 | Alpha: 0.0025
Train Ep: 031/500 | Reward:  -39.0 | MSE: 0.3367 | C_Loss: 0.012 | A_Loss: 0.062 | Alpha: 0.0024
Train Ep: 032/500 | Reward:  -99.0 | MSE: 0.3585 | C_Loss: 0.013 | A_Loss: 0.059 | Alpha: 0.0023
Train Ep: 033/500 | Reward:  -31.0 | MSE: 0.3859 | C_Loss: 0.015 | A_Loss: 0.057 | Alpha: 0.0022
Train Ep: 034/500 | Reward:  -93.0 | MSE: 0.3245 | C_Loss: 0.015 | A_Loss: 0.054 | Alpha: 0.0021
Train Ep: 035/500 | Reward:  -47.0 | MSE: 0.3026 | C_Loss: 0.016 | A_Loss: 0.053 | Alpha: 0.0020
Train Ep: 036/500 | Reward: -106.0 | MSE: 0.3964 | C_Loss: 0.016 | A_Loss: 0.052 | Alpha: 0.0019
Train Ep: 037/500 | Reward:  -86.0 | MSE: 0.4207 | C_Loss: 0.020 | A_Loss: 0.051 | Alpha: 0.0019
Train Ep: 038/500 | Reward:    8.0 | MSE: 0.3098 | C_Loss: 0.014 | A_Loss: 0.051 | Alpha: 0.0018
Train Ep: 039/500 | Reward:   21.0 | MSE: 0.3694 | C_Loss: 0.007 | A_Loss: 0.048 | Alpha: 0.0017
Train Ep: 040/500 | Reward:   10.0 | MSE: 0.3458 | C_Loss: 0.006 | A_Loss: 0.043 | Alpha: 0.0016
Train Ep: 041/500 | Reward:   -8.0 | MSE: 0.3570 | C_Loss: 0.009 | A_Loss: 0.040 | Alpha: 0.0016
Train Ep: 042/500 | Reward:  -21.0 | MSE: 0.4635 | C_Loss: 0.009 | A_Loss: 0.037 | Alpha: 0.0015
Train Ep: 043/500 | Reward:  -75.0 | MSE: 0.3883 | C_Loss: 0.012 | A_Loss: 0.035 | Alpha: 0.0014
Train Ep: 044/500 | Reward:  -87.0 | MSE: 0.3689 | C_Loss: 0.020 | A_Loss: 0.035 | Alpha: 0.0014
Train Ep: 045/500 | Reward:  -68.0 | MSE: 0.3902 | C_Loss: 0.022 | A_Loss: 0.036 | Alpha: 0.0013
Train Ep: 046/500 | Reward:   20.0 | MSE: 0.3213 | C_Loss: 0.021 | A_Loss: 0.034 | Alpha: 0.0012
Train Ep: 047/500 | Reward:  -18.0 | MSE: 0.4436 | C_Loss: 0.019 | A_Loss: 0.033 | Alpha: 0.0012
Train Ep: 048/500 | Reward:  -41.0 | MSE: 0.2313 | C_Loss: 0.019 | A_Loss: 0.031 | Alpha: 0.0011
Train Ep: 049/500 | Reward:  -49.0 | MSE: 0.4011 | C_Loss: 0.017 | A_Loss: 0.033 | Alpha: 0.0011
Train Ep: 050/500 | Reward:  -54.0 | MSE: 0.3389 | C_Loss: 0.017 | A_Loss: 0.034 | Alpha: 0.0010
Train Ep: 051/500 | Reward:  -26.0 | MSE: 0.2616 | C_Loss: 0.016 | A_Loss: 0.035 | Alpha: 0.0010
Train Ep: 052/500 | Reward:  -22.0 | MSE: 0.3017 | C_Loss: 0.013 | A_Loss: 0.033 | Alpha: 0.0009
Train Ep: 053/500 | Reward:  -18.0 | MSE: 0.2681 | C_Loss: 0.015 | A_Loss: 0.032 | Alpha: 0.0009
Train Ep: 054/500 | Reward:    2.0 | MSE: 0.3770 | C_Loss: 0.017 | A_Loss: 0.030 | Alpha: 0.0009
Train Ep: 055/500 | Reward:  -59.0 | MSE: 0.3548 | C_Loss: 0.016 | A_Loss: 0.027 | Alpha: 0.0008
Train Ep: 056/500 | Reward: -127.0 | MSE: 0.3396 | C_Loss: 0.020 | A_Loss: 0.028 | Alpha: 0.0008
Train Ep: 057/500 | Reward:  -46.0 | MSE: 0.4134 | C_Loss: 0.021 | A_Loss: 0.028 | Alpha: 0.0007
Train Ep: 058/500 | Reward:   28.0 | MSE: 0.2914 | C_Loss: 0.015 | A_Loss: 0.028 | Alpha: 0.0007
Train Ep: 059/500 | Reward:   21.0 | MSE: 0.4005 | C_Loss: 0.009 | A_Loss: 0.026 | Alpha: 0.0007
Train Ep: 060/500 | Reward:    2.0 | MSE: 0.3163 | C_Loss: 0.007 | A_Loss: 0.024 | Alpha: 0.0007
Train Ep: 061/500 | Reward:   17.0 | MSE: 0.3345 | C_Loss: 0.010 | A_Loss: 0.023 | Alpha: 0.0006
Train Ep: 062/500 | Reward:  -49.0 | MSE: 0.2652 | C_Loss: 0.015 | A_Loss: 0.022 | Alpha: 0.0006
Train Ep: 063/500 | Reward: -121.0 | MSE: 0.3663 | C_Loss: 0.019 | A_Loss: 0.022 | Alpha: 0.0006
Train Ep: 064/500 | Reward:  -60.0 | MSE: 0.3447 | C_Loss: 0.019 | A_Loss: 0.023 | Alpha: 0.0005
Train Ep: 065/500 | Reward:  -49.0 | MSE: 0.3888 | C_Loss: 0.019 | A_Loss: 0.025 | Alpha: 0.0005
Train Ep: 066/500 | Reward:  -30.0 | MSE: 0.3028 | C_Loss: 0.015 | A_Loss: 0.025 | Alpha: 0.0005
Train Ep: 067/500 | Reward:   25.0 | MSE: 0.4000 | C_Loss: 0.012 | A_Loss: 0.024 | Alpha: 0.0005
Train Ep: 068/500 | Reward:   -5.0 | MSE: 0.3151 | C_Loss: 0.012 | A_Loss: 0.021 | Alpha: 0.0005
Train Ep: 069/500 | Reward:  -67.0 | MSE: 0.3995 | C_Loss: 0.012 | A_Loss: 0.021 | Alpha: 0.0004
Train Ep: 070/500 | Reward:  -27.0 | MSE: 0.2729 | C_Loss: 0.013 | A_Loss: 0.022 | Alpha: 0.0004
Train Ep: 071/500 | Reward:   -9.0 | MSE: 0.4223 | C_Loss: 0.014 | A_Loss: 0.023 | Alpha: 0.0004
Train Ep: 072/500 | Reward:  -34.0 | MSE: 0.2913 | C_Loss: 0.015 | A_Loss: 0.023 | Alpha: 0.0004
Train Ep: 073/500 | Reward:  -29.0 | MSE: 0.3605 | C_Loss: 0.015 | A_Loss: 0.023 | Alpha: 0.0004
Train Ep: 074/500 | Reward: -120.0 | MSE: 0.2663 | C_Loss: 0.017 | A_Loss: 0.024 | Alpha: 0.0003
Train Ep: 075/500 | Reward:  -33.0 | MSE: 0.3603 | C_Loss: 0.017 | A_Loss: 0.025 | Alpha: 0.0003
Train Ep: 076/500 | Reward:  -63.0 | MSE: 0.2977 | C_Loss: 0.019 | A_Loss: 0.029 | Alpha: 0.0003
Train Ep: 077/500 | Reward:  -49.0 | MSE: 0.2759 | C_Loss: 0.016 | A_Loss: 0.032 | Alpha: 0.0003
Train Ep: 078/500 | Reward:  -21.0 | MSE: 0.4671 | C_Loss: 0.015 | A_Loss: 0.034 | Alpha: 0.0003
Train Ep: 079/500 | Reward:    9.0 | MSE: 0.3922 | C_Loss: 0.009 | A_Loss: 0.035 | Alpha: 0.0003
Train Ep: 080/500 | Reward:   18.0 | MSE: 0.3453 | C_Loss: 0.003 | A_Loss: 0.033 | Alpha: 0.0003
Train Ep: 081/500 | Reward:   10.0 | MSE: 0.4926 | C_Loss: 0.003 | A_Loss: 0.031 | Alpha: 0.0003
Train Ep: 082/500 | Reward:    8.0 | MSE: 0.2986 | C_Loss: 0.004 | A_Loss: 0.029 | Alpha: 0.0002
Train Ep: 083/500 | Reward:   -5.0 | MSE: 0.2528 | C_Loss: 0.005 | A_Loss: 0.028 | Alpha: 0.0002
Train Ep: 084/500 | Reward:    5.0 | MSE: 0.2846 | C_Loss: 0.006 | A_Loss: 0.026 | Alpha: 0.0002
Train Ep: 085/500 | Reward:   -6.0 | MSE: 0.2892 | C_Loss: 0.008 | A_Loss: 0.026 | Alpha: 0.0002
Train Ep: 086/500 | Reward:   18.0 | MSE: 0.2904 | C_Loss: 0.008 | A_Loss: 0.025 | Alpha: 0.0002
Train Ep: 087/500 | Reward:    9.0 | MSE: 0.4338 | C_Loss: 0.010 | A_Loss: 0.023 | Alpha: 0.0002
Train Ep: 088/500 | Reward:  -13.0 | MSE: 0.3288 | C_Loss: 0.008 | A_Loss: 0.022 | Alpha: 0.0002
Train Ep: 089/500 | Reward:  -21.0 | MSE: 0.4038 | C_Loss: 0.007 | A_Loss: 0.021 | Alpha: 0.0002
Train Ep: 090/500 | Reward:  -15.0 | MSE: 0.3005 | C_Loss: 0.007 | A_Loss: 0.022 | Alpha: 0.0002
Train Ep: 091/500 | Reward:  -32.0 | MSE: 0.3274 | C_Loss: 0.008 | A_Loss: 0.024 | Alpha: 0.0002
Train Ep: 092/500 | Reward:  -34.0 | MSE: 0.2645 | C_Loss: 0.009 | A_Loss: 0.024 | Alpha: 0.0002
Train Ep: 093/500 | Reward:    3.0 | MSE: 0.2807 | C_Loss: 0.009 | A_Loss: 0.024 | Alpha: 0.0002
Train Ep: 094/500 | Reward:    2.0 | MSE: 0.3005 | C_Loss: 0.004 | A_Loss: 0.022 | Alpha: 0.0001
Train Ep: 095/500 | Reward:   10.0 | MSE: 0.4177 | C_Loss: 0.000 | A_Loss: 0.022 | Alpha: 0.0001
Train Ep: 096/500 | Reward:   10.0 | MSE: 0.2650 | C_Loss: 0.001 | A_Loss: 0.021 | Alpha: 0.0001
Train Ep: 097/500 | Reward:    6.0 | MSE: 0.3994 | C_Loss: 0.001 | A_Loss: 0.020 | Alpha: 0.0001
Train Ep: 098/500 | Reward:   16.0 | MSE: 0.2811 | C_Loss: 0.002 | A_Loss: 0.018 | Alpha: 0.0001
Train Ep: 099/500 | Reward:    0.0 | MSE: 0.2432 | C_Loss: 0.002 | A_Loss: 0.018 | Alpha: 0.0001
Train Ep: 100/500 | Reward:  -11.0 | MSE: 0.3580 | C_Loss: 0.001 | A_Loss: 0.017 | Alpha: 0.0001
Train Ep: 101/500 | Reward:   -5.0 | MSE: 0.2178 | C_Loss: 0.001 | A_Loss: 0.017 | Alpha: 0.0001
Train Ep: 102/500 | Reward:   13.0 | MSE: 0.4612 | C_Loss: 0.001 | A_Loss: 0.017 | Alpha: 0.0001
Train Ep: 103/500 | Reward:    7.0 | MSE: 0.3940 | C_Loss: 0.001 | A_Loss: 0.017 | Alpha: 0.0001
Train Ep: 104/500 | Reward:   13.0 | MSE: 0.3905 | C_Loss: 0.001 | A_Loss: 0.016 | Alpha: 0.0001
Train Ep: 105/500 | Reward:   15.0 | MSE: 0.4551 | C_Loss: 0.002 | A_Loss: 0.014 | Alpha: 0.0001
Train Ep: 106/500 | Reward:   41.0 | MSE: 0.2794 | C_Loss: 0.005 | A_Loss: 0.012 | Alpha: 0.0001
Train Ep: 107/500 | Reward:   41.0 | MSE: 0.2529 | C_Loss: 0.008 | A_Loss: 0.011 | Alpha: 0.0001
Train Ep: 108/500 | Reward:   10.0 | MSE: 0.3614 | C_Loss: 0.016 | A_Loss: 0.012 | Alpha: 0.0001
Train Ep: 109/500 | Reward:   35.0 | MSE: 0.3507 | C_Loss: 0.018 | A_Loss: 0.012 | Alpha: 0.0001
Train Ep: 110/500 | Reward:  -41.0 | MSE: 0.2860 | C_Loss: 0.018 | A_Loss: 0.012 | Alpha: 0.0001
Train Ep: 111/500 | Reward:  -89.0 | MSE: 0.3123 | C_Loss: 0.021 | A_Loss: 0.011 | Alpha: 0.0001
Train Ep: 112/500 | Reward:   -6.0 | MSE: 0.4130 | C_Loss: 0.023 | A_Loss: 0.013 | Alpha: 0.0001
Train Ep: 113/500 | Reward:    1.0 | MSE: 0.3827 | C_Loss: 0.014 | A_Loss: 0.014 | Alpha: 0.0001
Train Ep: 114/500 | Reward:    8.0 | MSE: 0.4594 | C_Loss: 0.006 | A_Loss: 0.013 | Alpha: 0.0001
Train Ep: 115/500 | Reward:    4.0 | MSE: 0.2873 | C_Loss: 0.006 | A_Loss: 0.012 | Alpha: 0.0001
Train Ep: 116/500 | Reward:   24.0 | MSE: 0.2384 | C_Loss: 0.007 | A_Loss: 0.012 | Alpha: 0.0001
Train Ep: 117/500 | Reward:   22.0 | MSE: 0.3072 | C_Loss: 0.006 | A_Loss: 0.012 | Alpha: 0.0001
Train Ep: 118/500 | Reward:   26.0 | MSE: 0.3386 | C_Loss: 0.003 | A_Loss: 0.010 | Alpha: 0.0000
Train Ep: 119/500 | Reward:   13.0 | MSE: 0.3044 | C_Loss: 0.004 | A_Loss: 0.009 | Alpha: 0.0000
Train Ep: 120/500 | Reward:   -1.0 | MSE: 0.2813 | C_Loss: 0.002 | A_Loss: 0.007 | Alpha: 0.0000
Train Ep: 121/500 | Reward:   19.0 | MSE: 0.3308 | C_Loss: 0.004 | A_Loss: 0.007 | Alpha: 0.0000
Train Ep: 122/500 | Reward:  -19.0 | MSE: 0.4174 | C_Loss: 0.007 | A_Loss: 0.006 | Alpha: 0.0000
Train Ep: 123/500 | Reward:   -4.0 | MSE: 0.2219 | C_Loss: 0.009 | A_Loss: 0.006 | Alpha: 0.0000
Train Ep: 124/500 | Reward:    3.0 | MSE: 0.2837 | C_Loss: 0.007 | A_Loss: 0.005 | Alpha: 0.0000
Train Ep: 125/500 | Reward:   11.0 | MSE: 0.4019 | C_Loss: 0.004 | A_Loss: 0.005 | Alpha: 0.0000
Train Ep: 126/500 | Reward:    3.0 | MSE: 0.2794 | C_Loss: 0.003 | A_Loss: 0.005 | Alpha: 0.0000
Train Ep: 127/500 | Reward:   14.0 | MSE: 0.2672 | C_Loss: 0.003 | A_Loss: 0.004 | Alpha: 0.0000
Train Ep: 128/500 | Reward:    5.0 | MSE: 0.2407 | C_Loss: 0.004 | A_Loss: 0.004 | Alpha: 0.0000
Train Ep: 129/500 | Reward:   13.0 | MSE: 0.4297 | C_Loss: 0.005 | A_Loss: 0.004 | Alpha: 0.0000
Train Ep: 130/500 | Reward:    9.0 | MSE: 0.3930 | C_Loss: 0.005 | A_Loss: 0.004 | Alpha: 0.0000
Train Ep: 131/500 | Reward:    1.0 | MSE: 0.3275 | C_Loss: 0.002 | A_Loss: 0.002 | Alpha: 0.0000
Train Ep: 132/500 | Reward:    4.0 | MSE: 0.2899 | C_Loss: 0.002 | A_Loss: 0.001 | Alpha: 0.0000
Train Ep: 133/500 | Reward:    7.0 | MSE: 0.2390 | C_Loss: 0.001 | A_Loss: 0.001 | Alpha: 0.0000
Train Ep: 134/500 | Reward:    9.0 | MSE: 0.3292 | C_Loss: 0.001 | A_Loss: 0.001 | Alpha: 0.0000
Train Ep: 135/500 | Reward:    9.0 | MSE: 0.2882 | C_Loss: 0.002 | A_Loss: 0.000 | Alpha: 0.0000
Train Ep: 136/500 | Reward:    1.0 | MSE: 0.3552 | C_Loss: 0.002 | A_Loss: -0.001 | Alpha: 0.0000
Train Ep: 137/500 | Reward:  -66.0 | MSE: 0.3179 | C_Loss: 0.004 | A_Loss: -0.001 | Alpha: 0.0000
Train Ep: 138/500 | Reward:   17.0 | MSE: 0.2920 | C_Loss: 0.008 | A_Loss: 0.000 | Alpha: 0.0000
Train Ep: 139/500 | Reward:   50.0 | MSE: 0.2699 | C_Loss: 0.018 | A_Loss: 0.001 | Alpha: 0.0000
Train Ep: 140/500 | Reward:   28.0 | MSE: 0.2579 | C_Loss: 0.018 | A_Loss: -0.000 | Alpha: 0.0000
Train Ep: 141/500 | Reward:   28.0 | MSE: 0.2805 | C_Loss: 0.013 | A_Loss: -0.002 | Alpha: 0.0000
Train Ep: 142/500 | Reward:   85.0 | MSE: 0.3836 | C_Loss: 0.016 | A_Loss: -0.001 | Alpha: 0.0000
Train Ep: 143/500 | Reward:   49.0 | MSE: 0.3256 | C_Loss: 0.019 | A_Loss: -0.004 | Alpha: 0.0000
Train Ep: 144/500 | Reward:   57.0 | MSE: 0.3068 | C_Loss: 0.014 | A_Loss: -0.006 | Alpha: 0.0000
Train Ep: 145/500 | Reward:   68.0 | MSE: 0.4359 | C_Loss: 0.012 | A_Loss: -0.008 | Alpha: 0.0000
Train Ep: 146/500 | Reward:   76.0 | MSE: 0.2165 | C_Loss: 0.018 | A_Loss: -0.009 | Alpha: 0.0000
Train Ep: 147/500 | Reward:   50.0 | MSE: 0.3567 | C_Loss: 0.018 | A_Loss: -0.012 | Alpha: 0.0000
Train Ep: 148/500 | Reward:   96.0 | MSE: 0.1959 | C_Loss: 0.019 | A_Loss: -0.014 | Alpha: 0.0000
Train Ep: 149/500 | Reward:   73.0 | MSE: 0.2965 | C_Loss: 0.018 | A_Loss: -0.016 | Alpha: 0.0000
Train Ep: 150/500 | Reward:   48.0 | MSE: 0.3006 | C_Loss: 0.015 | A_Loss: -0.016 | Alpha: 0.0000
Train Ep: 151/500 | Reward:   20.0 | MSE: 0.2917 | C_Loss: 0.010 | A_Loss: -0.018 | Alpha: 0.0000
Train Ep: 152/500 | Reward:   40.0 | MSE: 0.2612 | C_Loss: 0.008 | A_Loss: -0.017 | Alpha: 0.0000
Train Ep: 153/500 | Reward:   31.0 | MSE: 0.3488 | C_Loss: 0.009 | A_Loss: -0.018 | Alpha: 0.0000
Train Ep: 154/500 | Reward:   32.0 | MSE: 0.3052 | C_Loss: 0.007 | A_Loss: -0.018 | Alpha: 0.0000
Train Ep: 155/500 | Reward:   18.0 | MSE: 0.2317 | C_Loss: 0.004 | A_Loss: -0.020 | Alpha: 0.0000
Train Ep: 156/500 | Reward:    7.0 | MSE: 0.3308 | C_Loss: 0.002 | A_Loss: -0.020 | Alpha: 0.0000
Train Ep: 157/500 | Reward:    2.0 | MSE: 0.3801 | C_Loss: 0.001 | A_Loss: -0.019 | Alpha: 0.0000
Train Ep: 158/500 | Reward:   13.0 | MSE: 0.3909 | C_Loss: 0.000 | A_Loss: -0.018 | Alpha: 0.0000
Train Ep: 159/500 | Reward:   23.0 | MSE: 0.3118 | C_Loss: 0.001 | A_Loss: -0.018 | Alpha: 0.0000
Train Ep: 160/500 | Reward:   26.0 | MSE: 0.2655 | C_Loss: 0.001 | A_Loss: -0.019 | Alpha: 0.0000
Train Ep: 161/500 | Reward:    7.0 | MSE: 0.3373 | C_Loss: 0.002 | A_Loss: -0.020 | Alpha: 0.0000
Train Ep: 162/500 | Reward:   20.0 | MSE: 0.2755 | C_Loss: 0.002 | A_Loss: -0.020 | Alpha: 0.0000
Train Ep: 163/500 | Reward:    8.0 | MSE: 0.2563 | C_Loss: 0.002 | A_Loss: -0.021 | Alpha: 0.0000
Train Ep: 164/500 | Reward:   18.0 | MSE: 0.4286 | C_Loss: 0.002 | A_Loss: -0.020 | Alpha: 0.0000
Train Ep: 165/500 | Reward:   19.0 | MSE: 0.3819 | C_Loss: 0.002 | A_Loss: -0.020 | Alpha: 0.0000
Train Ep: 166/500 | Reward:   20.0 | MSE: 0.2206 | C_Loss: 0.003 | A_Loss: -0.021 | Alpha: 0.0000
Train Ep: 167/500 | Reward:   12.0 | MSE: 0.2697 | C_Loss: 0.001 | A_Loss: -0.021 | Alpha: 0.0000
Train Ep: 168/500 | Reward:    5.0 | MSE: 0.3477 | C_Loss: 0.002 | A_Loss: -0.021 | Alpha: 0.0000
Train Ep: 169/500 | Reward:   30.0 | MSE: 0.3055 | C_Loss: 0.002 | A_Loss: -0.021 | Alpha: 0.0000
Train Ep: 170/500 | Reward:   18.0 | MSE: 0.4228 | C_Loss: 0.003 | A_Loss: -0.021 | Alpha: 0.0000
Train Ep: 171/500 | Reward:    7.0 | MSE: 0.2836 | C_Loss: 0.003 | A_Loss: -0.020 | Alpha: 0.0000
Train Ep: 172/500 | Reward:   31.0 | MSE: 0.3779 | C_Loss: 0.001 | A_Loss: -0.020 | Alpha: 0.0000
Train Ep: 173/500 | Reward:   33.0 | MSE: 0.4873 | C_Loss: 0.003 | A_Loss: -0.020 | Alpha: 0.0000
Train Ep: 174/500 | Reward:   43.0 | MSE: 0.2208 | C_Loss: 0.003 | A_Loss: -0.021 | Alpha: 0.0000
Train Ep: 175/500 | Reward:   50.0 | MSE: 0.3101 | C_Loss: 0.007 | A_Loss: -0.023 | Alpha: 0.0000
Train Ep: 176/500 | Reward:   32.0 | MSE: 0.2488 | C_Loss: 0.012 | A_Loss: -0.025 | Alpha: 0.0000
Train Ep: 177/500 | Reward:   25.0 | MSE: 0.2623 | C_Loss: 0.012 | A_Loss: -0.026 | Alpha: 0.0000
Train Ep: 178/500 | Reward:   27.0 | MSE: 0.3800 | C_Loss: 0.009 | A_Loss: -0.027 | Alpha: 0.0000
Train Ep: 179/500 | Reward:   15.0 | MSE: 0.4327 | C_Loss: 0.006 | A_Loss: -0.027 | Alpha: 0.0000
Train Ep: 180/500 | Reward:   60.0 | MSE: 0.2656 | C_Loss: 0.005 | A_Loss: -0.028 | Alpha: 0.0000
Train Ep: 181/500 | Reward:   88.0 | MSE: 0.2922 | C_Loss: 0.008 | A_Loss: -0.031 | Alpha: 0.0000
Train Ep: 182/500 | Reward:   67.0 | MSE: 0.3328 | C_Loss: 0.016 | A_Loss: -0.032 | Alpha: 0.0000
Train Ep: 183/500 | Reward:   80.0 | MSE: 0.2011 | C_Loss: 0.021 | A_Loss: -0.035 | Alpha: 0.0000
Train Ep: 184/500 | Reward:   73.0 | MSE: 0.2452 | C_Loss: 0.023 | A_Loss: -0.038 | Alpha: 0.0000
Train Ep: 185/500 | Reward:   81.0 | MSE: 0.2442 | C_Loss: 0.019 | A_Loss: -0.040 | Alpha: 0.0000
Train Ep: 186/500 | Reward:  105.0 | MSE: 0.3297 | C_Loss: 0.020 | A_Loss: -0.043 | Alpha: 0.0000
  [!] Reward crossed 100! Unlocking Validation phase for the rest of training.
Train Ep: 187/500 | Reward:   94.0 | MSE: 0.3993 | C_Loss: 0.021 | A_Loss: -0.044 | Alpha: 0.0000
Train Ep: 188/500 | Reward:   67.0 | MSE: 0.2485 | C_Loss: 0.017 | A_Loss: -0.046 | Alpha: 0.0000
Train Ep: 189/500 | Reward:   70.0 | MSE: 0.3260 | C_Loss: 0.010 | A_Loss: -0.048 | Alpha: 0.0000
Train Ep: 190/500 | Reward:   55.0 | MSE: 0.2815 | C_Loss: 0.010 | A_Loss: -0.049 | Alpha: 0.0000
  [!] Running Isolated Validation (Pure CMA vs GNN)...
  -> Val Results: Pure Baseline Errors: 5195 | GNN Errors: 5092
  -> Relative Improvement: 1.983%
  *** New Best Model! Net Score improved from -inf to 0.019826756496631376 ***
[*] Models successfully saved to models/sac_gnn_52_best.pth
Train Ep: 191/500 | Reward:   50.0 | MSE: 0.3846 | C_Loss: 0.013 | A_Loss: -0.049 | Alpha: 0.0000
Train Ep: 192/500 | Reward:   55.0 | MSE: 0.3358 | C_Loss: 0.020 | A_Loss: -0.049 | Alpha: 0.0000
Train Ep: 193/500 | Reward:  -87.0 | MSE: 0.2632 | C_Loss: 0.021 | A_Loss: -0.047 | Alpha: 0.0000
Train Ep: 194/500 | Reward:  105.0 | MSE: 0.2847 | C_Loss: 0.015 | A_Loss: -0.047 | Alpha: 0.0000
Train Ep: 195/500 | Reward:   82.0 | MSE: 0.3261 | C_Loss: 0.018 | A_Loss: -0.050 | Alpha: 0.0000
  [!] Running Isolated Validation (Pure CMA vs GNN)...
  -> Val Results: Pure Baseline Errors: 5195 | GNN Errors: 4981
  -> Relative Improvement: 4.119%
  *** New Best Model! Net Score improved from 0.019826756496631376 to 0.0411934552454283 ***
[*] Models successfully saved to models/sac_gnn_52_best.pth
Train Ep: 196/500 | Reward:  -22.0 | MSE: 0.3068 | C_Loss: 0.026 | A_Loss: -0.053 | Alpha: 0.0000
Train Ep: 197/500 | Reward:   67.0 | MSE: 0.3569 | C_Loss: 0.039 | A_Loss: -0.050 | Alpha: 0.0000
Train Ep: 198/500 | Reward:   64.0 | MSE: 0.4219 | C_Loss: 0.038 | A_Loss: -0.048 | Alpha: 0.0000
Train Ep: 199/500 | Reward:   78.0 | MSE: 0.3059 | C_Loss: 0.030 | A_Loss: -0.051 | Alpha: 0.0000
Train Ep: 200/500 | Reward:   56.0 | MSE: 0.2927 | C_Loss: 0.022 | A_Loss: -0.055 | Alpha: 0.0000
  [!] Running Isolated Validation (Pure CMA vs GNN)...
  -> Val Results: Pure Baseline Errors: 5195 | GNN Errors: 4994
  -> Relative Improvement: 3.869%
Train Ep: 201/500 | Reward:  127.0 | MSE: 0.2959 | C_Loss: 0.024 | A_Loss: -0.056 | Alpha: 0.0000
Train Ep: 202/500 | Reward:   65.0 | MSE: 0.2445 | C_Loss: 0.030 | A_Loss: -0.057 | Alpha: 0.0000
Train Ep: 203/500 | Reward:  137.0 | MSE: 0.2495 | C_Loss: 0.026 | A_Loss: -0.057 | Alpha: 0.0000
Train Ep: 204/500 | Reward:   81.0 | MSE: 0.2969 | C_Loss: 0.022 | A_Loss: -0.059 | Alpha: 0.0000
Train Ep: 205/500 | Reward:  131.0 | MSE: 0.2971 | C_Loss: 0.019 | A_Loss: -0.062 | Alpha: 0.0000
  [!] Running Isolated Validation (Pure CMA vs GNN)...
  -> Val Results: Pure Baseline Errors: 5195 | GNN Errors: 4929
  -> Relative Improvement: 5.120%
  *** New Best Model! Net Score improved from 0.0411934552454283 to 0.05120307988450433 ***
[*] Models successfully saved to models/sac_gnn_52_best.pth
Train Ep: 206/500 | Reward:  123.0 | MSE: 0.4167 | C_Loss: 0.022 | A_Loss: -0.061 | Alpha: 0.0000
Train Ep: 207/500 | Reward:   43.0 | MSE: 0.2894 | C_Loss: 0.024 | A_Loss: -0.066 | Alpha: 0.0000
Train Ep: 208/500 | Reward:   89.0 | MSE: 0.3182 | C_Loss: 0.022 | A_Loss: -0.068 | Alpha: 0.0000
Train Ep: 209/500 | Reward:   58.0 | MSE: 0.4725 | C_Loss: 0.026 | A_Loss: -0.071 | Alpha: 0.0000
Train Ep: 210/500 | Reward:   42.0 | MSE: 0.2763 | C_Loss: 0.025 | A_Loss: -0.073 | Alpha: 0.0000
  [!] Running Isolated Validation (Pure CMA vs GNN)...
  -> Val Results: Pure Baseline Errors: 5195 | GNN Errors: 4985
  -> Relative Improvement: 4.042%
Train Ep: 211/500 | Reward:   49.0 | MSE: 0.2593 | C_Loss: 0.024 | A_Loss: -0.072 | Alpha: 0.0000
Train Ep: 212/500 | Reward:    2.0 | MSE: 0.2711 | C_Loss: 0.021 | A_Loss: -0.072 | Alpha: 0.0000
Train Ep: 213/500 | Reward:   64.0 | MSE: 0.3814 | C_Loss: 0.014 | A_Loss: -0.070 | Alpha: 0.0000
Train Ep: 214/500 | Reward:   66.0 | MSE: 0.3273 | C_Loss: 0.013 | A_Loss: -0.069 | Alpha: 0.0000
Train Ep: 215/500 | Reward:   30.0 | MSE: 0.2746 | C_Loss: 0.006 | A_Loss: -0.069 | Alpha: 0.0000
  [!] Running Isolated Validation (Pure CMA vs GNN)...
  -> Val Results: Pure Baseline Errors: 5195 | GNN Errors: 5064
  -> Relative Improvement: 2.522%
Train Ep: 216/500 | Reward:   67.0 | MSE: 0.3400 | C_Loss: 0.007 | A_Loss: -0.069 | Alpha: 0.0000
Train Ep: 217/500 | Reward:   85.0 | MSE: 0.3482 | C_Loss: 0.014 | A_Loss: -0.069 | Alpha: 0.0000
Train Ep: 218/500 | Reward:   57.0 | MSE: 0.3583 | C_Loss: 0.019 | A_Loss: -0.071 | Alpha: 0.0000
Train Ep: 219/500 | Reward:   64.0 | MSE: 0.3449 | C_Loss: 0.017 | A_Loss: -0.073 | Alpha: 0.0000
Train Ep: 220/500 | Reward:  127.0 | MSE: 0.1861 | C_Loss: 0.018 | A_Loss: -0.074 | Alpha: 0.0000
  [!] Running Isolated Validation (Pure CMA vs GNN)...
  -> Val Results: Pure Baseline Errors: 5195 | GNN Errors: 4938
  -> Relative Improvement: 4.947%
Train Ep: 221/500 | Reward:   80.0 | MSE: 0.3053 | C_Loss: 0.023 | A_Loss: -0.077 | Alpha: 0.0000
Train Ep: 222/500 | Reward:   63.0 | MSE: 0.3300 | C_Loss: 0.022 | A_Loss: -0.078 | Alpha: 0.0000
Train Ep: 223/500 | Reward:   32.0 | MSE: 0.2758 | C_Loss: 0.019 | A_Loss: -0.078 | Alpha: 0.0000
Train Ep: 224/500 | Reward:  103.0 | MSE: 0.3346 | C_Loss: 0.019 | A_Loss: -0.077 | Alpha: 0.0000
Train Ep: 225/500 | Reward:   74.0 | MSE: 0.2744 | C_Loss: 0.025 | A_Loss: -0.080 | Alpha: 0.0000
  [!] Running Isolated Validation (Pure CMA vs GNN)...
  -> Val Results: Pure Baseline Errors: 5195 | GNN Errors: 4943
  -> Relative Improvement: 4.851%
Train Ep: 226/500 | Reward:   75.0 | MSE: 0.1925 | C_Loss: 0.025 | A_Loss: -0.080 | Alpha: 0.0000
Train Ep: 227/500 | Reward:  -80.0 | MSE: 0.3435 | C_Loss: 0.029 | A_Loss: -0.080 | Alpha: 0.0000
Train Ep: 228/500 | Reward:   39.0 | MSE: 0.3902 | C_Loss: 0.033 | A_Loss: -0.078 | Alpha: 0.0000
Train Ep: 229/500 | Reward:   42.0 | MSE: 0.2776 | C_Loss: 0.016 | A_Loss: -0.075 | Alpha: 0.0000
Train Ep: 230/500 | Reward:   21.0 | MSE: 0.4315 | C_Loss: 0.003 | A_Loss: -0.075 | Alpha: 0.0000
  [!] Running Isolated Validation (Pure CMA vs GNN)...
  -> Val Results: Pure Baseline Errors: 5195 | GNN Errors: 5091
  -> Relative Improvement: 2.002%
Train Ep: 231/500 | Reward:   34.0 | MSE: 0.3677 | C_Loss: 0.003 | A_Loss: -0.075 | Alpha: 0.0000
Train Ep: 232/500 | Reward:   84.0 | MSE: 0.3294 | C_Loss: 0.006 | A_Loss: -0.075 | Alpha: 0.0000
Train Ep: 233/500 | Reward:  126.0 | MSE: 0.3618 | C_Loss: 0.009 | A_Loss: -0.077 | Alpha: 0.0000
Train Ep: 234/500 | Reward:  110.0 | MSE: 0.3689 | C_Loss: 0.009 | A_Loss: -0.079 | Alpha: 0.0000
Train Ep: 235/500 | Reward:   26.0 | MSE: 0.2780 | C_Loss: 0.008 | A_Loss: -0.080 | Alpha: 0.0000
  [!] Running Isolated Validation (Pure CMA vs GNN)...
  -> Val Results: Pure Baseline Errors: 5195 | GNN Errors: 5137
  -> Relative Improvement: 1.116%
Train Ep: 236/500 | Reward:   50.0 | MSE: 0.2715 | C_Loss: 0.005 | A_Loss: -0.079 | Alpha: 0.0000
Train Ep: 237/500 | Reward:   46.0 | MSE: 0.4040 | C_Loss: 0.006 | A_Loss: -0.078 | Alpha: 0.0000
Train Ep: 238/500 | Reward:   46.0 | MSE: 0.4442 | C_Loss: 0.006 | A_Loss: -0.078 | Alpha: 0.0000
Train Ep: 239/500 | Reward:   47.0 | MSE: 0.4077 | C_Loss: 0.005 | A_Loss: -0.078 | Alpha: 0.0000
Train Ep: 240/500 | Reward:   66.0 | MSE: 0.1719 | C_Loss: 0.007 | A_Loss: -0.078 | Alpha: 0.0000
  [!] Running Isolated Validation (Pure CMA vs GNN)...
  -> Val Results: Pure Baseline Errors: 5195 | GNN Errors: 5057
  -> Relative Improvement: 2.656%
Train Ep: 241/500 | Reward:   47.0 | MSE: 0.3192 | C_Loss: 0.007 | A_Loss: -0.079 | Alpha: 0.0000
Train Ep: 242/500 | Reward:   45.0 | MSE: 0.5173 | C_Loss: 0.007 | A_Loss: -0.078 | Alpha: 0.0000
Train Ep: 243/500 | Reward:   70.0 | MSE: 0.2871 | C_Loss: 0.006 | A_Loss: -0.077 | Alpha: 0.0000
Train Ep: 244/500 | Reward:   48.0 | MSE: 0.2257 | C_Loss: 0.007 | A_Loss: -0.077 | Alpha: 0.0000
Train Ep: 245/500 | Reward:   49.0 | MSE: 0.3824 | C_Loss: 0.007 | A_Loss: -0.078 | Alpha: 0.0000
  [!] Running Isolated Validation (Pure CMA vs GNN)...
  -> Val Results: Pure Baseline Errors: 5195 | GNN Errors: 5022
  -> Relative Improvement: 3.330%
Train Ep: 246/500 | Reward:   78.0 | MSE: 0.2642 | C_Loss: 0.009 | A_Loss: -0.079 | Alpha: 0.0000
Train Ep: 247/500 | Reward:   78.0 | MSE: 0.1547 | C_Loss: 0.013 | A_Loss: -0.081 | Alpha: 0.0000
Train Ep: 248/500 | Reward:   69.0 | MSE: 0.2934 | C_Loss: 0.011 | A_Loss: -0.083 | Alpha: 0.0000
Train Ep: 249/500 | Reward:   97.0 | MSE: 0.3319 | C_Loss: 0.011 | A_Loss: -0.083 | Alpha: 0.0000
Train Ep: 250/500 | Reward:  110.0 | MSE: 0.2325 | C_Loss: 0.015 | A_Loss: -0.084 | Alpha: 0.0000
  [!] Running Isolated Validation (Pure CMA vs GNN)...
  -> Val Results: Pure Baseline Errors: 5195 | GNN Errors: 5024
  -> Relative Improvement: 3.292%
Train Ep: 251/500 | Reward:   52.0 | MSE: 0.2285 | C_Loss: 0.014 | A_Loss: -0.085 | Alpha: 0.0000
Train Ep: 252/500 | Reward:   66.0 | MSE: 0.4552 | C_Loss: 0.012 | A_Loss: -0.086 | Alpha: 0.0000
Train Ep: 253/500 | Reward:   50.0 | MSE: 0.2142 | C_Loss: 0.013 | A_Loss: -0.086 | Alpha: 0.0000
Train Ep: 254/500 | Reward:   63.0 | MSE: 0.4345 | C_Loss: 0.011 | A_Loss: -0.087 | Alpha: 0.0000
Train Ep: 255/500 | Reward:   61.0 | MSE: 0.2680 | C_Loss: 0.011 | A_Loss: -0.087 | Alpha: 0.0000
  [!] Running Isolated Validation (Pure CMA vs GNN)...
  -> Val Results: Pure Baseline Errors: 5195 | GNN Errors: 5097
  -> Relative Improvement: 1.886%
Train Ep: 256/500 | Reward:   55.0 | MSE: 0.3080 | C_Loss: 0.010 | A_Loss: -0.087 | Alpha: 0.0000
Train Ep: 257/500 | Reward:   57.0 | MSE: 0.2452 | C_Loss: 0.008 | A_Loss: -0.087 | Alpha: 0.0000
Train Ep: 258/500 | Reward:   71.0 | MSE: 0.2966 | C_Loss: 0.010 | A_Loss: -0.086 | Alpha: 0.0000
Train Ep: 259/500 | Reward:   82.0 | MSE: 0.3507 | C_Loss: 0.010 | A_Loss: -0.086 | Alpha: 0.0000
Train Ep: 260/500 | Reward:   20.0 | MSE: 0.3346 | C_Loss: 0.012 | A_Loss: -0.086 | Alpha: 0.0000
  [!] Running Isolated Validation (Pure CMA vs GNN)...
  -> Val Results: Pure Baseline Errors: 5195 | GNN Errors: 5110
  -> Relative Improvement: 1.636%
Train Ep: 261/500 | Reward:   41.0 | MSE: 0.3110 | C_Loss: 0.013 | A_Loss: -0.086 | Alpha: 0.0000
Train Ep: 262/500 | Reward:   -3.0 | MSE: 0.2829 | C_Loss: 0.014 | A_Loss: -0.084 | Alpha: 0.0000
Train Ep: 263/500 | Reward:   41.0 | MSE: 0.5123 | C_Loss: 0.015 | A_Loss: -0.083 | Alpha: 0.0000
Train Ep: 264/500 | Reward:   44.0 | MSE: 0.3562 | C_Loss: 0.009 | A_Loss: -0.083 | Alpha: 0.0000
Train Ep: 265/500 | Reward:   23.0 | MSE: 0.4230 | C_Loss: 0.009 | A_Loss: -0.081 | Alpha: 0.0000
  [!] Running Isolated Validation (Pure CMA vs GNN)...
  -> Val Results: Pure Baseline Errors: 5195 | GNN Errors: 5185
  -> Relative Improvement: 0.192%
Train Ep: 266/500 | Reward:   10.0 | MSE: 0.3245 | C_Loss: 0.006 | A_Loss: -0.080 | Alpha: 0.0000
Train Ep: 267/500 | Reward:   25.0 | MSE: 0.2380 | C_Loss: 0.004 | A_Loss: -0.078 | Alpha: 0.0000
Train Ep: 268/500 | Reward:   27.0 | MSE: 0.3202 | C_Loss: 0.002 | A_Loss: -0.077 | Alpha: 0.0000
Train Ep: 269/500 | Reward:   25.0 | MSE: 0.3569 | C_Loss: 0.003 | A_Loss: -0.076 | Alpha: 0.0000
Train Ep: 270/500 | Reward:   41.0 | MSE: 0.3542 | C_Loss: 0.002 | A_Loss: -0.075 | Alpha: 0.0000
  [!] Running Isolated Validation (Pure CMA vs GNN)...
  -> Val Results: Pure Baseline Errors: 5195 | GNN Errors: 5181
  -> Relative Improvement: 0.269%
Train Ep: 271/500 | Reward:   30.0 | MSE: 0.3932 | C_Loss: 0.003 | A_Loss: -0.075 | Alpha: 0.0000
Train Ep: 272/500 | Reward:   99.0 | MSE: 0.3389 | C_Loss: 0.006 | A_Loss: -0.074 | Alpha: 0.0000
Train Ep: 273/500 | Reward:   51.0 | MSE: 0.3097 | C_Loss: 0.011 | A_Loss: -0.076 | Alpha: 0.0000
Train Ep: 274/500 | Reward:   55.0 | MSE: 0.3841 | C_Loss: 0.009 | A_Loss: -0.077 | Alpha: 0.0000
Train Ep: 275/500 | Reward:   80.0 | MSE: 0.2754 | C_Loss: 0.007 | A_Loss: -0.077 | Alpha: 0.0000
  [!] Running Isolated Validation (Pure CMA vs GNN)...
  -> Val Results: Pure Baseline Errors: 5195 | GNN Errors: 5119
  -> Relative Improvement: 1.463%
Train Ep: 276/500 | Reward:   45.0 | MSE: 0.3104 | C_Loss: 0.009 | A_Loss: -0.077 | Alpha: 0.0000
Train Ep: 277/500 | Reward:   62.0 | MSE: 0.3630 | C_Loss: 0.009 | A_Loss: -0.078 | Alpha: 0.0000
Train Ep: 278/500 | Reward:   42.0 | MSE: 0.2278 | C_Loss: 0.008 | A_Loss: -0.079 | Alpha: 0.0000
Train Ep: 279/500 | Reward:   44.0 | MSE: 0.3321 | C_Loss: 0.007 | A_Loss: -0.078 | Alpha: 0.0000
Train Ep: 280/500 | Reward:   87.0 | MSE: 0.4060 | C_Loss: 0.009 | A_Loss: -0.077 | Alpha: 0.0000
  [!] Running Isolated Validation (Pure CMA vs GNN)...
  -> Val Results: Pure Baseline Errors: 5195 | GNN Errors: 4929
  -> Relative Improvement: 5.120%
Train Ep: 281/500 | Reward:   53.0 | MSE: 0.2583 | C_Loss: 0.012 | A_Loss: -0.078 | Alpha: 0.0000
Train Ep: 282/500 | Reward:   38.0 | MSE: 0.3066 | C_Loss: 0.013 | A_Loss: -0.079 | Alpha: 0.0000
Train Ep: 283/500 | Reward:    7.0 | MSE: 0.2819 | C_Loss: 0.013 | A_Loss: -0.078 | Alpha: 0.0000
Train Ep: 284/500 | Reward:   53.0 | MSE: 0.3890 | C_Loss: 0.017 | A_Loss: -0.077 | Alpha: 0.0000
Train Ep: 285/500 | Reward:   75.0 | MSE: 0.3867 | C_Loss: 0.020 | A_Loss: -0.078 | Alpha: 0.0000
  [!] Running Isolated Validation (Pure CMA vs GNN)...
  -> Val Results: Pure Baseline Errors: 5195 | GNN Errors: 4980
  -> Relative Improvement: 4.139%
Train Ep: 286/500 | Reward:   80.0 | MSE: 0.2056 | C_Loss: 0.016 | A_Loss: -0.079 | Alpha: 0.0000
Train Ep: 287/500 | Reward:   46.0 | MSE: 0.2970 | C_Loss: 0.014 | A_Loss: -0.079 | Alpha: 0.0000
Train Ep: 288/500 | Reward:   57.0 | MSE: 0.2796 | C_Loss: 0.011 | A_Loss: -0.080 | Alpha: 0.0000
Train Ep: 289/500 | Reward:   69.0 | MSE: 0.3383 | C_Loss: 0.011 | A_Loss: -0.080 | Alpha: 0.0000
Train Ep: 290/500 | Reward:   56.0 | MSE: 0.3502 | C_Loss: 0.011 | A_Loss: -0.081 | Alpha: 0.0000
  [!] Running Isolated Validation (Pure CMA vs GNN)...
  -> Val Results: Pure Baseline Errors: 5195 | GNN Errors: 4960
  -> Relative Improvement: 4.524%
Train Ep: 291/500 | Reward:   85.0 | MSE: 0.3315 | C_Loss: 0.011 | A_Loss: -0.081 | Alpha: 0.0000
Train Ep: 292/500 | Reward:   63.0 | MSE: 0.1987 | C_Loss: 0.012 | A_Loss: -0.083 | Alpha: 0.0000
Train Ep: 293/500 | Reward:   55.0 | MSE: 0.3454 | C_Loss: 0.009 | A_Loss: -0.084 | Alpha: 0.0000
Train Ep: 294/500 | Reward:   19.0 | MSE: 0.2208 | C_Loss: 0.012 | A_Loss: -0.083 | Alpha: 0.0000
Train Ep: 295/500 | Reward:   74.0 | MSE: 0.3067 | C_Loss: 0.020 | A_Loss: -0.083 | Alpha: 0.0000
  [!] Running Isolated Validation (Pure CMA vs GNN)...
  -> Val Results: Pure Baseline Errors: 5195 | GNN Errors: 5037
  -> Relative Improvement: 3.041%
Train Ep: 296/500 | Reward:   62.0 | MSE: 0.3444 | C_Loss: 0.015 | A_Loss: -0.084 | Alpha: 0.0000
Train Ep: 297/500 | Reward:   26.0 | MSE: 0.3473 | C_Loss: 0.007 | A_Loss: -0.085 | Alpha: 0.0000
Train Ep: 298/500 | Reward:   47.0 | MSE: 0.2831 | C_Loss: 0.007 | A_Loss: -0.085 | Alpha: 0.0000
Train Ep: 299/500 | Reward:   49.0 | MSE: 0.3842 | C_Loss: 0.007 | A_Loss: -0.083 | Alpha: 0.0000
Train Ep: 300/500 | Reward:   38.0 | MSE: 0.4222 | C_Loss: 0.007 | A_Loss: -0.083 | Alpha: 0.0000
  [!] Running Isolated Validation (Pure CMA vs GNN)...
  -> Val Results: Pure Baseline Errors: 5195 | GNN Errors: 4989
  -> Relative Improvement: 3.965%
Train Ep: 301/500 | Reward:   14.0 | MSE: 0.2253 | C_Loss: 0.010 | A_Loss: -0.082 | Alpha: 0.0000
Train Ep: 302/500 | Reward:   91.0 | MSE: 0.2709 | C_Loss: 0.011 | A_Loss: -0.082 | Alpha: 0.0000
Train Ep: 303/500 | Reward:  -77.0 | MSE: 0.1587 | C_Loss: 0.020 | A_Loss: -0.083 | Alpha: 0.0000
Train Ep: 304/500 | Reward:   18.0 | MSE: 0.3196 | C_Loss: 0.018 | A_Loss: -0.080 | Alpha: 0.0000
Train Ep: 305/500 | Reward:    9.0 | MSE: 0.3143 | C_Loss: 0.008 | A_Loss: -0.077 | Alpha: 0.0000
  [!] Running Isolated Validation (Pure CMA vs GNN)...
  -> Val Results: Pure Baseline Errors: 5195 | GNN Errors: 4959
  -> Relative Improvement: 4.543%
Train Ep: 306/500 | Reward:   97.0 | MSE: 0.4578 | C_Loss: 0.005 | A_Loss: -0.077 | Alpha: 0.0000
Train Ep: 307/500 | Reward:   84.0 | MSE: 0.2232 | C_Loss: 0.011 | A_Loss: -0.078 | Alpha: 0.0000
Train Ep: 308/500 | Reward:   83.0 | MSE: 0.2979 | C_Loss: 0.011 | A_Loss: -0.080 | Alpha: 0.0000
Train Ep: 309/500 | Reward:   91.0 | MSE: 0.3703 | C_Loss: 0.010 | A_Loss: -0.081 | Alpha: 0.0000
Train Ep: 310/500 | Reward:   47.0 | MSE: 0.3592 | C_Loss: 0.009 | A_Loss: -0.084 | Alpha: 0.0000
  [!] Running Isolated Validation (Pure CMA vs GNN)...
  -> Val Results: Pure Baseline Errors: 5195 | GNN Errors: 5037
  -> Relative Improvement: 3.041%
Train Ep: 311/500 | Reward:   33.0 | MSE: 0.3038 | C_Loss: 0.008 | A_Loss: -0.085 | Alpha: 0.0000
Train Ep: 312/500 | Reward:   44.0 | MSE: 0.3809 | C_Loss: 0.005 | A_Loss: -0.084 | Alpha: 0.0000
Train Ep: 313/500 | Reward:   68.0 | MSE: 0.4417 | C_Loss: 0.005 | A_Loss: -0.083 | Alpha: 0.0000
Train Ep: 314/500 | Reward:   30.0 | MSE: 0.2761 | C_Loss: 0.007 | A_Loss: -0.083 | Alpha: 0.0000
Train Ep: 315/500 | Reward:   57.0 | MSE: 0.3982 | C_Loss: 0.005 | A_Loss: -0.083 | Alpha: 0.0000
  [!] Running Isolated Validation (Pure CMA vs GNN)...
  -> Val Results: Pure Baseline Errors: 5195 | GNN Errors: 5081
  -> Relative Improvement: 2.194%
Train Ep: 316/500 | Reward:   13.0 | MSE: 0.4204 | C_Loss: 0.007 | A_Loss: -0.082 | Alpha: 0.0000
Train Ep: 317/500 | Reward:   70.0 | MSE: 0.2748 | C_Loss: 0.010 | A_Loss: -0.082 | Alpha: 0.0000
Train Ep: 318/500 | Reward:   28.0 | MSE: 0.3117 | C_Loss: 0.009 | A_Loss: -0.079 | Alpha: 0.0000
Train Ep: 319/500 | Reward:   31.0 | MSE: 0.3431 | C_Loss: 0.006 | A_Loss: -0.079 | Alpha: 0.0000
Train Ep: 320/500 | Reward:   26.0 | MSE: 0.2745 | C_Loss: 0.005 | A_Loss: -0.079 | Alpha: 0.0000
  [!] Running Isolated Validation (Pure CMA vs GNN)...
  -> Val Results: Pure Baseline Errors: 5195 | GNN Errors: 5057
  -> Relative Improvement: 2.656%
Train Ep: 321/500 | Reward:   57.0 | MSE: 0.3731 | C_Loss: 0.005 | A_Loss: -0.079 | Alpha: 0.0000
Train Ep: 322/500 | Reward:   68.0 | MSE: 0.3495 | C_Loss: 0.006 | A_Loss: -0.078 | Alpha: 0.0000
Train Ep: 323/500 | Reward:   37.0 | MSE: 0.3024 | C_Loss: 0.009 | A_Loss: -0.080 | Alpha: 0.0000
Train Ep: 324/500 | Reward:   58.0 | MSE: 0.3210 | C_Loss: 0.008 | A_Loss: -0.081 | Alpha: 0.0000
Train Ep: 325/500 | Reward:   32.0 | MSE: 0.3780 | C_Loss: 0.008 | A_Loss: -0.082 | Alpha: 0.0000
  [!] Running Isolated Validation (Pure CMA vs GNN)...
  -> Val Results: Pure Baseline Errors: 5195 | GNN Errors: 5075
  -> Relative Improvement: 2.310%
Train Ep: 326/500 | Reward:   71.0 | MSE: 0.3869 | C_Loss: 0.009 | A_Loss: -0.082 | Alpha: 0.0000
Train Ep: 327/500 | Reward:   44.0 | MSE: 0.3300 | C_Loss: 0.011 | A_Loss: -0.082 | Alpha: 0.0000
Train Ep: 328/500 | Reward:   58.0 | MSE: 0.2868 | C_Loss: 0.008 | A_Loss: -0.081 | Alpha: 0.0000
Train Ep: 329/500 | Reward:   61.0 | MSE: 0.3365 | C_Loss: 0.009 | A_Loss: -0.080 | Alpha: 0.0000
Train Ep: 330/500 | Reward:   82.0 | MSE: 0.3378 | C_Loss: 0.012 | A_Loss: -0.079 | Alpha: 0.0000
  [!] Running Isolated Validation (Pure CMA vs GNN)...
  -> Val Results: Pure Baseline Errors: 5195 | GNN Errors: 4920
  -> Relative Improvement: 5.294%
  *** New Best Model! Net Score improved from 0.05120307988450433 to 0.05293551491819057 ***
[*] Models successfully saved to models/sac_gnn_52_best.pth
Train Ep: 331/500 | Reward:   87.0 | MSE: 0.2453 | C_Loss: 0.016 | A_Loss: -0.079 | Alpha: 0.0000
Train Ep: 332/500 | Reward:   70.0 | MSE: 0.2431 | C_Loss: 0.018 | A_Loss: -0.082 | Alpha: 0.0000
Train Ep: 333/500 | Reward:   34.0 | MSE: 0.2980 | C_Loss: 0.026 | A_Loss: -0.084 | Alpha: 0.0000
Train Ep: 334/500 | Reward:   -2.0 | MSE: 0.3006 | C_Loss: 0.032 | A_Loss: -0.084 | Alpha: 0.0000
Train Ep: 335/500 | Reward:   54.0 | MSE: 0.4037 | C_Loss: 0.031 | A_Loss: -0.081 | Alpha: 0.0000
  [!] Running Isolated Validation (Pure CMA vs GNN)...
  -> Val Results: Pure Baseline Errors: 5195 | GNN Errors: 4902
  -> Relative Improvement: 5.640%
  *** New Best Model! Net Score improved from 0.05293551491819057 to 0.05640038498556304 ***
[*] Models successfully saved to models/sac_gnn_52_best.pth
Train Ep: 336/500 | Reward:  126.0 | MSE: 0.2292 | C_Loss: 0.028 | A_Loss: -0.081 | Alpha: 0.0000
Train Ep: 337/500 | Reward:  121.0 | MSE: 0.4151 | C_Loss: 0.024 | A_Loss: -0.081 | Alpha: 0.0000
Train Ep: 338/500 | Reward:   48.0 | MSE: 0.2434 | C_Loss: 0.017 | A_Loss: -0.083 | Alpha: 0.0000
Train Ep: 339/500 | Reward:   65.0 | MSE: 0.3294 | C_Loss: 0.015 | A_Loss: -0.083 | Alpha: 0.0000
Train Ep: 340/500 | Reward:   24.0 | MSE: 0.3308 | C_Loss: 0.016 | A_Loss: -0.082 | Alpha: 0.0000
  [!] Running Isolated Validation (Pure CMA vs GNN)...
  -> Val Results: Pure Baseline Errors: 5195 | GNN Errors: 4923
  -> Relative Improvement: 5.236%
Train Ep: 341/500 | Reward:   92.0 | MSE: 0.3850 | C_Loss: 0.015 | A_Loss: -0.082 | Alpha: 0.0000
Train Ep: 342/500 | Reward:   46.0 | MSE: 0.2711 | C_Loss: 0.013 | A_Loss: -0.082 | Alpha: 0.0000
Train Ep: 343/500 | Reward:   95.0 | MSE: 0.3384 | C_Loss: 0.010 | A_Loss: -0.082 | Alpha: 0.0000
Train Ep: 344/500 | Reward:   88.0 | MSE: 0.1970 | C_Loss: 0.013 | A_Loss: -0.083 | Alpha: 0.0000
Train Ep: 345/500 | Reward:  117.0 | MSE: 0.3701 | C_Loss: 0.024 | A_Loss: -0.084 | Alpha: 0.0000
  [!] Running Isolated Validation (Pure CMA vs GNN)...
  -> Val Results: Pure Baseline Errors: 5195 | GNN Errors: 4933
  -> Relative Improvement: 5.043%
Train Ep: 346/500 | Reward:  114.0 | MSE: 0.1788 | C_Loss: 0.025 | A_Loss: -0.086 | Alpha: 0.0000
Train Ep: 347/500 | Reward:   13.0 | MSE: 0.3953 | C_Loss: 0.027 | A_Loss: -0.087 | Alpha: 0.0000
Train Ep: 348/500 | Reward:   66.0 | MSE: 0.3553 | C_Loss: 0.027 | A_Loss: -0.089 | Alpha: 0.0000
Train Ep: 349/500 | Reward:   78.0 | MSE: 0.3484 | C_Loss: 0.021 | A_Loss: -0.089 | Alpha: 0.0000
Train Ep: 350/500 | Reward:   34.0 | MSE: 0.2735 | C_Loss: 0.025 | A_Loss: -0.088 | Alpha: 0.0000
  [!] Running Isolated Validation (Pure CMA vs GNN)...
  -> Val Results: Pure Baseline Errors: 5195 | GNN Errors: 4892
  -> Relative Improvement: 5.833%
  *** New Best Model! Net Score improved from 0.05640038498556304 to 0.05832531280076997 ***
[*] Models successfully saved to models/sac_gnn_52_best.pth
Train Ep: 351/500 | Reward:  120.0 | MSE: 0.2405 | C_Loss: 0.026 | A_Loss: -0.087 | Alpha: 0.0000
Train Ep: 352/500 | Reward:  119.0 | MSE: 0.2021 | C_Loss: 0.023 | A_Loss: -0.087 | Alpha: 0.0000
Train Ep: 353/500 | Reward:  101.0 | MSE: 0.3667 | C_Loss: 0.028 | A_Loss: -0.086 | Alpha: 0.0000
Train Ep: 354/500 | Reward:  124.0 | MSE: 0.3691 | C_Loss: 0.027 | A_Loss: -0.085 | Alpha: 0.0000
Train Ep: 355/500 | Reward:   45.0 | MSE: 0.2102 | C_Loss: 0.025 | A_Loss: -0.085 | Alpha: 0.0000
  [!] Running Isolated Validation (Pure CMA vs GNN)...
  -> Val Results: Pure Baseline Errors: 5195 | GNN Errors: 4936
  -> Relative Improvement: 4.986%
Train Ep: 356/500 | Reward:   -7.0 | MSE: 0.4261 | C_Loss: 0.031 | A_Loss: -0.084 | Alpha: 0.0000
Train Ep: 357/500 | Reward:  -35.0 | MSE: 0.2542 | C_Loss: 0.040 | A_Loss: -0.081 | Alpha: 0.0000
Train Ep: 358/500 | Reward:   19.0 | MSE: 0.2726 | C_Loss: 0.039 | A_Loss: -0.081 | Alpha: 0.0000
Train Ep: 359/500 | Reward:   96.0 | MSE: 0.2534 | C_Loss: 0.029 | A_Loss: -0.079 | Alpha: 0.0000
Train Ep: 360/500 | Reward:   71.0 | MSE: 0.1926 | C_Loss: 0.025 | A_Loss: -0.080 | Alpha: 0.0000
  [!] Running Isolated Validation (Pure CMA vs GNN)...
  -> Val Results: Pure Baseline Errors: 5195 | GNN Errors: 4864
  -> Relative Improvement: 6.372%
  *** New Best Model! Net Score improved from 0.05832531280076997 to 0.06371511068334937 ***
[*] Models successfully saved to models/sac_gnn_52_best.pth
Train Ep: 361/500 | Reward:   60.0 | MSE: 0.3055 | C_Loss: 0.026 | A_Loss: -0.082 | Alpha: 0.0000
Train Ep: 362/500 | Reward:   56.0 | MSE: 0.2861 | C_Loss: 0.038 | A_Loss: -0.081 | Alpha: 0.0000
Train Ep: 363/500 | Reward:  -41.0 | MSE: 0.3345 | C_Loss: 0.040 | A_Loss: -0.080 | Alpha: 0.0000
Train Ep: 364/500 | Reward:   56.0 | MSE: 0.1723 | C_Loss: 0.032 | A_Loss: -0.077 | Alpha: 0.0000
Train Ep: 365/500 | Reward:  114.0 | MSE: 0.2871 | C_Loss: 0.037 | A_Loss: -0.078 | Alpha: 0.0000
  [!] Running Isolated Validation (Pure CMA vs GNN)...
  -> Val Results: Pure Baseline Errors: 5195 | GNN Errors: 4904
  -> Relative Improvement: 5.602%
Train Ep: 366/500 | Reward:   66.0 | MSE: 0.2544 | C_Loss: 0.033 | A_Loss: -0.079 | Alpha: 0.0000
Train Ep: 367/500 | Reward:  101.0 | MSE: 0.1849 | C_Loss: 0.029 | A_Loss: -0.082 | Alpha: 0.0000
Train Ep: 368/500 | Reward:   47.0 | MSE: 0.3525 | C_Loss: 0.027 | A_Loss: -0.081 | Alpha: 0.0000
Train Ep: 369/500 | Reward:   87.0 | MSE: 0.3940 | C_Loss: 0.021 | A_Loss: -0.082 | Alpha: 0.0000
Train Ep: 370/500 | Reward:  -50.0 | MSE: 0.3046 | C_Loss: 0.018 | A_Loss: -0.081 | Alpha: 0.0000
  [!] Running Isolated Validation (Pure CMA vs GNN)...
  -> Val Results: Pure Baseline Errors: 5195 | GNN Errors: 6789
  -> Relative Improvement: -30.683%
Train Ep: 371/500 | Reward:  -72.0 | MSE: 0.2988 | C_Loss: 0.033 | A_Loss: -0.078 | Alpha: 0.0000
Train Ep: 372/500 | Reward:  140.0 | MSE: 0.1516 | C_Loss: 0.035 | A_Loss: -0.078 | Alpha: 0.0000
Train Ep: 373/500 | Reward:  102.0 | MSE: 0.3662 | C_Loss: 0.025 | A_Loss: -0.084 | Alpha: 0.0000
Train Ep: 374/500 | Reward:   83.0 | MSE: 0.2646 | C_Loss: 0.018 | A_Loss: -0.085 | Alpha: 0.0000
Train Ep: 375/500 | Reward:   95.0 | MSE: 0.3587 | C_Loss: 0.012 | A_Loss: -0.086 | Alpha: 0.0000
  [!] Running Isolated Validation (Pure CMA vs GNN)...
  -> Val Results: Pure Baseline Errors: 5195 | GNN Errors: 5080
  -> Relative Improvement: 2.214%
Train Ep: 376/500 | Reward:   41.0 | MSE: 0.3545 | C_Loss: 0.010 | A_Loss: -0.087 | Alpha: 0.0000
Train Ep: 377/500 | Reward:  150.0 | MSE: 0.2102 | C_Loss: 0.010 | A_Loss: -0.088 | Alpha: 0.0000
Train Ep: 378/500 | Reward:  111.0 | MSE: 0.2776 | C_Loss: 0.019 | A_Loss: -0.090 | Alpha: 0.0000
Train Ep: 379/500 | Reward:   46.0 | MSE: 0.2157 | C_Loss: 0.023 | A_Loss: -0.091 | Alpha: 0.0000
Train Ep: 380/500 | Reward:   67.0 | MSE: 0.2871 | C_Loss: 0.026 | A_Loss: -0.093 | Alpha: 0.0000
  [!] Running Isolated Validation (Pure CMA vs GNN)...
  -> Val Results: Pure Baseline Errors: 5195 | GNN Errors: 5063
  -> Relative Improvement: 2.541%
Train Ep: 381/500 | Reward:   95.0 | MSE: 0.2056 | C_Loss: 0.027 | A_Loss: -0.094 | Alpha: 0.0000
Train Ep: 382/500 | Reward:   -3.0 | MSE: 0.3985 | C_Loss: 0.030 | A_Loss: -0.097 | Alpha: 0.0000
Train Ep: 383/500 | Reward:   89.0 | MSE: 0.3266 | C_Loss: 0.029 | A_Loss: -0.097 | Alpha: 0.0000
Train Ep: 384/500 | Reward:    9.0 | MSE: 0.3280 | C_Loss: 0.030 | A_Loss: -0.095 | Alpha: 0.0000
Train Ep: 385/500 | Reward:   63.0 | MSE: 0.2668 | C_Loss: 0.032 | A_Loss: -0.096 | Alpha: 0.0000
  [!] Running Isolated Validation (Pure CMA vs GNN)...
  -> Val Results: Pure Baseline Errors: 5195 | GNN Errors: 4950
  -> Relative Improvement: 4.716%
Train Ep: 386/500 | Reward:   34.0 | MSE: 0.3038 | C_Loss: 0.029 | A_Loss: -0.097 | Alpha: 0.0000
Train Ep: 387/500 | Reward:   10.0 | MSE: 0.3138 | C_Loss: 0.033 | A_Loss: -0.098 | Alpha: 0.0000
Train Ep: 388/500 | Reward:  -27.0 | MSE: 0.5130 | C_Loss: 0.040 | A_Loss: -0.096 | Alpha: 0.0000
Train Ep: 389/500 | Reward:   64.0 | MSE: 0.4279 | C_Loss: 0.042 | A_Loss: -0.091 | Alpha: 0.0000
Train Ep: 390/500 | Reward:   25.0 | MSE: 0.1594 | C_Loss: 0.033 | A_Loss: -0.091 | Alpha: 0.0000
  [!] Running Isolated Validation (Pure CMA vs GNN)...
  -> Val Results: Pure Baseline Errors: 5195 | GNN Errors: 4949
  -> Relative Improvement: 4.735%
Train Ep: 391/500 | Reward:   41.0 | MSE: 0.2696 | C_Loss: 0.024 | A_Loss: -0.090 | Alpha: 0.0000
Train Ep: 392/500 | Reward:  151.0 | MSE: 0.3165 | C_Loss: 0.017 | A_Loss: -0.089 | Alpha: 0.0000
Train Ep: 393/500 | Reward:  114.0 | MSE: 0.1993 | C_Loss: 0.017 | A_Loss: -0.089 | Alpha: 0.0000
Train Ep: 394/500 | Reward:  111.0 | MSE: 0.3610 | C_Loss: 0.017 | A_Loss: -0.094 | Alpha: 0.0000
Train Ep: 395/500 | Reward:   80.0 | MSE: 0.3333 | C_Loss: 0.017 | A_Loss: -0.097 | Alpha: 0.0000
  [!] Running Isolated Validation (Pure CMA vs GNN)...
  -> Val Results: Pure Baseline Errors: 5195 | GNN Errors: 5142
  -> Relative Improvement: 1.020%
Train Ep: 396/500 | Reward:  117.0 | MSE: 0.4052 | C_Loss: 0.015 | A_Loss: -0.098 | Alpha: 0.0000
Train Ep: 397/500 | Reward:  122.0 | MSE: 0.3677 | C_Loss: 0.019 | A_Loss: -0.098 | Alpha: 0.0000
Train Ep: 398/500 | Reward:   29.0 | MSE: 0.3246 | C_Loss: 0.023 | A_Loss: -0.097 | Alpha: 0.0000
Train Ep: 399/500 | Reward:   47.0 | MSE: 0.3406 | C_Loss: 0.024 | A_Loss: -0.095 | Alpha: 0.0000
Train Ep: 400/500 | Reward:   88.0 | MSE: 0.2508 | C_Loss: 0.024 | A_Loss: -0.093 | Alpha: 0.0000
  [!] Running Isolated Validation (Pure CMA vs GNN)...
  -> Val Results: Pure Baseline Errors: 5195 | GNN Errors: 4925
  -> Relative Improvement: 5.197%
Train Ep: 401/500 | Reward:   53.0 | MSE: 0.3953 | C_Loss: 0.022 | A_Loss: -0.095 | Alpha: 0.0000
Train Ep: 402/500 | Reward:   56.0 | MSE: 0.3587 | C_Loss: 0.022 | A_Loss: -0.095 | Alpha: 0.0000
Train Ep: 403/500 | Reward:   26.0 | MSE: 0.2804 | C_Loss: 0.027 | A_Loss: -0.095 | Alpha: 0.0000
Train Ep: 404/500 | Reward:   48.0 | MSE: 0.2528 | C_Loss: 0.022 | A_Loss: -0.095 | Alpha: 0.0000
Train Ep: 405/500 | Reward:   87.0 | MSE: 0.3371 | C_Loss: 0.017 | A_Loss: -0.095 | Alpha: 0.0000
  [!] Running Isolated Validation (Pure CMA vs GNN)...
  -> Val Results: Pure Baseline Errors: 5195 | GNN Errors: 4998
  -> Relative Improvement: 3.792%
Train Ep: 406/500 | Reward:   47.0 | MSE: 0.2471 | C_Loss: 0.010 | A_Loss: -0.094 | Alpha: 0.0000
Train Ep: 407/500 | Reward:   89.0 | MSE: 0.3440 | C_Loss: 0.008 | A_Loss: -0.093 | Alpha: 0.0000
Train Ep: 408/500 | Reward:   26.0 | MSE: 0.3668 | C_Loss: 0.007 | A_Loss: -0.093 | Alpha: 0.0000
Train Ep: 409/500 | Reward:   81.0 | MSE: 0.3156 | C_Loss: 0.009 | A_Loss: -0.093 | Alpha: 0.0000
Train Ep: 410/500 | Reward:  107.0 | MSE: 0.3143 | C_Loss: 0.011 | A_Loss: -0.094 | Alpha: 0.0000
  [!] Running Isolated Validation (Pure CMA vs GNN)...
  -> Val Results: Pure Baseline Errors: 5195 | GNN Errors: 4936
  -> Relative Improvement: 4.986%
Train Ep: 411/500 | Reward:  117.0 | MSE: 0.3059 | C_Loss: 0.016 | A_Loss: -0.095 | Alpha: 0.0000
Train Ep: 412/500 | Reward:   73.0 | MSE: 0.4444 | C_Loss: 0.022 | A_Loss: -0.097 | Alpha: 0.0000
Train Ep: 413/500 | Reward:   35.0 | MSE: 0.3523 | C_Loss: 0.017 | A_Loss: -0.099 | Alpha: 0.0000
Train Ep: 414/500 | Reward:   95.0 | MSE: 0.3416 | C_Loss: 0.014 | A_Loss: -0.100 | Alpha: 0.0000
Train Ep: 415/500 | Reward:  100.0 | MSE: 0.4500 | C_Loss: 0.020 | A_Loss: -0.101 | Alpha: 0.0000
  [!] Running Isolated Validation (Pure CMA vs GNN)...
  -> Val Results: Pure Baseline Errors: 5195 | GNN Errors: 4973
  -> Relative Improvement: 4.273%
Train Ep: 416/500 | Reward:   20.0 | MSE: 0.3909 | C_Loss: 0.022 | A_Loss: -0.102 | Alpha: 0.0000
Train Ep: 417/500 | Reward:   54.0 | MSE: 0.1969 | C_Loss: 0.016 | A_Loss: -0.102 | Alpha: 0.0000
Train Ep: 418/500 | Reward:   87.0 | MSE: 0.1862 | C_Loss: 0.020 | A_Loss: -0.101 | Alpha: 0.0000
Train Ep: 419/500 | Reward:   44.0 | MSE: 0.2471 | C_Loss: 0.019 | A_Loss: -0.103 | Alpha: 0.0000
Train Ep: 420/500 | Reward:   93.0 | MSE: 0.3128 | C_Loss: 0.019 | A_Loss: -0.103 | Alpha: 0.0000
  [!] Running Isolated Validation (Pure CMA vs GNN)...
  -> Val Results: Pure Baseline Errors: 5195 | GNN Errors: 4961
  -> Relative Improvement: 4.504%
Train Ep: 421/500 | Reward:   73.0 | MSE: 0.3469 | C_Loss: 0.016 | A_Loss: -0.104 | Alpha: 0.0000
Train Ep: 422/500 | Reward:   47.0 | MSE: 0.2763 | C_Loss: 0.015 | A_Loss: -0.104 | Alpha: 0.0000
Train Ep: 423/500 | Reward:  -88.0 | MSE: 0.3573 | C_Loss: 0.025 | A_Loss: -0.105 | Alpha: 0.0000
Train Ep: 424/500 | Reward:   28.0 | MSE: 0.2990 | C_Loss: 0.030 | A_Loss: -0.101 | Alpha: 0.0000
Train Ep: 425/500 | Reward:    7.0 | MSE: 0.3413 | C_Loss: 0.013 | A_Loss: -0.098 | Alpha: 0.0000
  [!] Running Isolated Validation (Pure CMA vs GNN)...
  -> Val Results: Pure Baseline Errors: 5195 | GNN Errors: 5098
  -> Relative Improvement: 1.867%
Train Ep: 426/500 | Reward:   53.0 | MSE: 0.3708 | C_Loss: 0.002 | A_Loss: -0.098 | Alpha: 0.0000
Train Ep: 427/500 | Reward:   39.0 | MSE: 0.1979 | C_Loss: 0.003 | A_Loss: -0.097 | Alpha: 0.0000
Train Ep: 428/500 | Reward:   69.0 | MSE: 0.3711 | C_Loss: 0.005 | A_Loss: -0.096 | Alpha: 0.0000
Train Ep: 429/500 | Reward:   56.0 | MSE: 0.3314 | C_Loss: 0.005 | A_Loss: -0.096 | Alpha: 0.0000
Train Ep: 430/500 | Reward:   39.0 | MSE: 0.3379 | C_Loss: 0.006 | A_Loss: -0.097 | Alpha: 0.0000
  [!] Running Isolated Validation (Pure CMA vs GNN)...
  -> Val Results: Pure Baseline Errors: 5195 | GNN Errors: 5056
  -> Relative Improvement: 2.676%
Train Ep: 431/500 | Reward:   54.0 | MSE: 0.3499 | C_Loss: 0.008 | A_Loss: -0.097 | Alpha: 0.0000
Train Ep: 432/500 | Reward:   91.0 | MSE: 0.2518 | C_Loss: 0.006 | A_Loss: -0.096 | Alpha: 0.0000
Train Ep: 433/500 | Reward:   73.0 | MSE: 0.3993 | C_Loss: 0.010 | A_Loss: -0.097 | Alpha: 0.0000
Train Ep: 434/500 | Reward:   67.0 | MSE: 0.3642 | C_Loss: 0.015 | A_Loss: -0.096 | Alpha: 0.0000
Train Ep: 435/500 | Reward:  132.0 | MSE: 0.1943 | C_Loss: 0.015 | A_Loss: -0.097 | Alpha: 0.0000
  [!] Running Isolated Validation (Pure CMA vs GNN)...
  -> Val Results: Pure Baseline Errors: 5195 | GNN Errors: 4977
  -> Relative Improvement: 4.196%
Train Ep: 436/500 | Reward:  108.0 | MSE: 0.3727 | C_Loss: 0.015 | A_Loss: -0.098 | Alpha: 0.0000
Train Ep: 437/500 | Reward:   47.0 | MSE: 0.3605 | C_Loss: 0.016 | A_Loss: -0.102 | Alpha: 0.0000
Train Ep: 438/500 | Reward:   95.0 | MSE: 0.2795 | C_Loss: 0.017 | A_Loss: -0.102 | Alpha: 0.0000
Train Ep: 439/500 | Reward:   72.0 | MSE: 0.2702 | C_Loss: 0.018 | A_Loss: -0.104 | Alpha: 0.0000
Train Ep: 440/500 | Reward:  107.0 | MSE: 0.2577 | C_Loss: 0.016 | A_Loss: -0.105 | Alpha: 0.0000
  [!] Running Isolated Validation (Pure CMA vs GNN)...
  -> Val Results: Pure Baseline Errors: 5195 | GNN Errors: 4999
  -> Relative Improvement: 3.773%
Train Ep: 441/500 | Reward:  137.0 | MSE: 0.3289 | C_Loss: 0.012 | A_Loss: -0.106 | Alpha: 0.0000
Train Ep: 442/500 | Reward:  115.0 | MSE: 0.3548 | C_Loss: 0.015 | A_Loss: -0.107 | Alpha: 0.0000
Train Ep: 443/500 | Reward:   59.0 | MSE: 0.3270 | C_Loss: 0.015 | A_Loss: -0.111 | Alpha: 0.0000
Train Ep: 444/500 | Reward:  117.0 | MSE: 0.3136 | C_Loss: 0.011 | A_Loss: -0.112 | Alpha: 0.0000
Train Ep: 445/500 | Reward:   65.0 | MSE: 0.2551 | C_Loss: 0.014 | A_Loss: -0.113 | Alpha: 0.0000
  [!] Running Isolated Validation (Pure CMA vs GNN)...
  -> Val Results: Pure Baseline Errors: 5195 | GNN Errors: 4921
  -> Relative Improvement: 5.274%
Train Ep: 446/500 | Reward:   73.0 | MSE: 0.4558 | C_Loss: 0.017 | A_Loss: -0.114 | Alpha: 0.0000
Train Ep: 447/500 | Reward:   60.0 | MSE: 0.2923 | C_Loss: 0.017 | A_Loss: -0.113 | Alpha: 0.0000
Train Ep: 448/500 | Reward:   93.0 | MSE: 0.2730 | C_Loss: 0.015 | A_Loss: -0.113 | Alpha: 0.0000
Train Ep: 449/500 | Reward:   49.0 | MSE: 0.3243 | C_Loss: 0.015 | A_Loss: -0.113 | Alpha: 0.0000
Train Ep: 450/500 | Reward:   66.0 | MSE: 0.3192 | C_Loss: 0.017 | A_Loss: -0.111 | Alpha: 0.0000
  [!] Running Isolated Validation (Pure CMA vs GNN)...
  -> Val Results: Pure Baseline Errors: 5195 | GNN Errors: 4926
  -> Relative Improvement: 5.178%
Train Ep: 451/500 | Reward:  106.0 | MSE: 0.3411 | C_Loss: 0.017 | A_Loss: -0.110 | Alpha: 0.0000
Train Ep: 452/500 | Reward:   74.0 | MSE: 0.3607 | C_Loss: 0.018 | A_Loss: -0.112 | Alpha: 0.0000
Train Ep: 453/500 | Reward:   45.0 | MSE: 0.3564 | C_Loss: 0.015 | A_Loss: -0.112 | Alpha: 0.0000
Train Ep: 454/500 | Reward:  -30.0 | MSE: 0.2117 | C_Loss: 0.017 | A_Loss: -0.113 | Alpha: 0.0000
Train Ep: 455/500 | Reward:  147.0 | MSE: 0.3584 | C_Loss: 0.022 | A_Loss: -0.111 | Alpha: 0.0000
  [!] Running Isolated Validation (Pure CMA vs GNN)...
  -> Val Results: Pure Baseline Errors: 5195 | GNN Errors: 4925
  -> Relative Improvement: 5.197%
Train Ep: 456/500 | Reward:   64.0 | MSE: 0.3354 | C_Loss: 0.019 | A_Loss: -0.114 | Alpha: 0.0000
Train Ep: 457/500 | Reward:   70.0 | MSE: 0.3212 | C_Loss: 0.013 | A_Loss: -0.115 | Alpha: 0.0000
Train Ep: 458/500 | Reward:   44.0 | MSE: 0.2796 | C_Loss: 0.009 | A_Loss: -0.113 | Alpha: 0.0000
Train Ep: 459/500 | Reward:   78.0 | MSE: 0.3227 | C_Loss: 0.008 | A_Loss: -0.113 | Alpha: 0.0000
Train Ep: 460/500 | Reward:  103.0 | MSE: 0.2514 | C_Loss: 0.011 | A_Loss: -0.114 | Alpha: 0.0000
  [!] Running Isolated Validation (Pure CMA vs GNN)...
  -> Val Results: Pure Baseline Errors: 5195 | GNN Errors: 4954
  -> Relative Improvement: 4.639%
Train Ep: 461/500 | Reward:  115.0 | MSE: 0.3154 | C_Loss: 0.014 | A_Loss: -0.116 | Alpha: 0.0000
Train Ep: 462/500 | Reward:   59.0 | MSE: 0.4235 | C_Loss: 0.012 | A_Loss: -0.116 | Alpha: 0.0000
Train Ep: 463/500 | Reward:   96.0 | MSE: 0.3166 | C_Loss: 0.013 | A_Loss: -0.117 | Alpha: 0.0000
Train Ep: 464/500 | Reward:   39.0 | MSE: 0.3105 | C_Loss: 0.023 | A_Loss: -0.115 | Alpha: 0.0000
Train Ep: 465/500 | Reward: -114.0 | MSE: 0.2499 | C_Loss: 0.039 | A_Loss: -0.114 | Alpha: 0.0000
  [!] Running Isolated Validation (Pure CMA vs GNN)...
  -> Val Results: Pure Baseline Errors: 5195 | GNN Errors: 5021
  -> Relative Improvement: 3.349%
Train Ep: 466/500 | Reward:   95.0 | MSE: 0.2637 | C_Loss: 0.037 | A_Loss: -0.111 | Alpha: 0.0000
Train Ep: 467/500 | Reward:   30.0 | MSE: 0.4012 | C_Loss: 0.023 | A_Loss: -0.111 | Alpha: 0.0000
Train Ep: 468/500 | Reward:  107.0 | MSE: 0.1981 | C_Loss: 0.012 | A_Loss: -0.113 | Alpha: 0.0000
Train Ep: 469/500 | Reward:  111.0 | MSE: 0.3019 | C_Loss: 0.012 | A_Loss: -0.114 | Alpha: 0.0000
Train Ep: 470/500 | Reward:   98.0 | MSE: 0.2956 | C_Loss: 0.011 | A_Loss: -0.115 | Alpha: 0.0000
  [!] Running Isolated Validation (Pure CMA vs GNN)...
  -> Val Results: Pure Baseline Errors: 5195 | GNN Errors: 4983
  -> Relative Improvement: 4.081%
Train Ep: 471/500 | Reward:   94.0 | MSE: 0.3608 | C_Loss: 0.008 | A_Loss: -0.116 | Alpha: 0.0000
Train Ep: 472/500 | Reward:   80.0 | MSE: 0.2530 | C_Loss: 0.009 | A_Loss: -0.116 | Alpha: 0.0000
Train Ep: 473/500 | Reward:   73.0 | MSE: 0.3606 | C_Loss: 0.009 | A_Loss: -0.117 | Alpha: 0.0000
Train Ep: 474/500 | Reward:   43.0 | MSE: 0.2515 | C_Loss: 0.006 | A_Loss: -0.116 | Alpha: 0.0000
Train Ep: 475/500 | Reward:   78.0 | MSE: 0.4399 | C_Loss: 0.006 | A_Loss: -0.114 | Alpha: 0.0000
  [!] Running Isolated Validation (Pure CMA vs GNN)...
  -> Val Results: Pure Baseline Errors: 5195 | GNN Errors: 4980
  -> Relative Improvement: 4.139%
Train Ep: 476/500 | Reward:   76.0 | MSE: 0.2377 | C_Loss: 0.009 | A_Loss: -0.113 | Alpha: 0.0000
Train Ep: 477/500 | Reward:  109.0 | MSE: 0.3626 | C_Loss: 0.012 | A_Loss: -0.113 | Alpha: 0.0001
Train Ep: 478/500 | Reward:  106.0 | MSE: 0.3820 | C_Loss: 0.012 | A_Loss: -0.113 | Alpha: 0.0001
Train Ep: 479/500 | Reward:   91.0 | MSE: 0.2842 | C_Loss: 0.011 | A_Loss: -0.114 | Alpha: 0.0001
Train Ep: 480/500 | Reward:  104.0 | MSE: 0.2879 | C_Loss: 0.012 | A_Loss: -0.114 | Alpha: 0.0001
  [!] Running Isolated Validation (Pure CMA vs GNN)...
  -> Val Results: Pure Baseline Errors: 5195 | GNN Errors: 4977
  -> Relative Improvement: 4.196%
Train Ep: 481/500 | Reward:   70.0 | MSE: 0.1626 | C_Loss: 0.011 | A_Loss: -0.114 | Alpha: 0.0001
Train Ep: 482/500 | Reward:  110.0 | MSE: 0.2658 | C_Loss: 0.012 | A_Loss: -0.116 | Alpha: 0.0001
Train Ep: 483/500 | Reward:  111.0 | MSE: 0.2672 | C_Loss: 0.013 | A_Loss: -0.117 | Alpha: 0.0001
Train Ep: 484/500 | Reward:  135.0 | MSE: 0.2425 | C_Loss: 0.013 | A_Loss: -0.117 | Alpha: 0.0001
Train Ep: 485/500 | Reward:   68.0 | MSE: 0.2793 | C_Loss: 0.015 | A_Loss: -0.118 | Alpha: 0.0001
  [!] Running Isolated Validation (Pure CMA vs GNN)...
  -> Val Results: Pure Baseline Errors: 5195 | GNN Errors: 4924
  -> Relative Improvement: 5.217%
Train Ep: 486/500 | Reward:  105.0 | MSE: 0.2153 | C_Loss: 0.014 | A_Loss: -0.118 | Alpha: 0.0001
Train Ep: 487/500 | Reward:   81.0 | MSE: 0.2288 | C_Loss: 0.013 | A_Loss: -0.118 | Alpha: 0.0001
Train Ep: 488/500 | Reward:   56.0 | MSE: 0.3955 | C_Loss: 0.014 | A_Loss: -0.116 | Alpha: 0.0001
Train Ep: 489/500 | Reward:  127.0 | MSE: 0.3322 | C_Loss: 0.014 | A_Loss: -0.116 | Alpha: 0.0001
Train Ep: 490/500 | Reward:  160.0 | MSE: 0.3187 | C_Loss: 0.014 | A_Loss: -0.118 | Alpha: 0.0001
  [!] Running Isolated Validation (Pure CMA vs GNN)...
  -> Val Results: Pure Baseline Errors: 5195 | GNN Errors: 4911
  -> Relative Improvement: 5.467%
Train Ep: 491/500 | Reward:   71.0 | MSE: 0.1577 | C_Loss: 0.016 | A_Loss: -0.119 | Alpha: 0.0001
Train Ep: 492/500 | Reward:   96.0 | MSE: 0.3327 | C_Loss: 0.018 | A_Loss: -0.119 | Alpha: 0.0001
Train Ep: 493/500 | Reward:   89.0 | MSE: 0.3677 | C_Loss: 0.018 | A_Loss: -0.117 | Alpha: 0.0001
Train Ep: 494/500 | Reward:  112.0 | MSE: 0.3126 | C_Loss: 0.016 | A_Loss: -0.119 | Alpha: 0.0001
Train Ep: 495/500 | Reward:   88.0 | MSE: 0.2740 | C_Loss: 0.019 | A_Loss: -0.121 | Alpha: 0.0001
  [!] Running Isolated Validation (Pure CMA vs GNN)...
  -> Val Results: Pure Baseline Errors: 5195 | GNN Errors: 4914
  -> Relative Improvement: 5.409%
Train Ep: 496/500 | Reward:   21.0 | MSE: 0.1808 | C_Loss: 0.020 | A_Loss: -0.123 | Alpha: 0.0001
Train Ep: 497/500 | Reward:   19.0 | MSE: 0.3807 | C_Loss: 0.018 | A_Loss: -0.123 | Alpha: 0.0001
Train Ep: 498/500 | Reward:   10.0 | MSE: 0.3172 | C_Loss: 0.022 | A_Loss: -0.122 | Alpha: 0.0001
Train Ep: 499/500 | Reward:   72.0 | MSE: 0.3264 | C_Loss: 0.025 | A_Loss: -0.119 | Alpha: 0.0001
Train Ep: 500/500 | Reward:   95.0 | MSE: 0.3739 | C_Loss: 0.017 | A_Loss: -0.119 | Alpha: 0.0001
  [!] Running Isolated Validation (Pure CMA vs GNN)...
  -> Val Results: Pure Baseline Errors: 5195 | GNN Errors: 5026
  -> Relative Improvement: 3.253%

Training complete in 64777.49 seconds.
[*] Models successfully saved to models/sac_gnn_52.pth
Training plots saved to 'plots/training_metrics_52.png'
[*] The best performing model during validation was saved to: models/sac_gnn_52_best.pth
Training run time = 64778.97 s
Job finished at: Thu Apr 30 16:33:35 CEST 2026
