Job started at: Fri May  1 14:37:38 CEST 2026
Starting Run 55: Burn-in | Gamma=0.0 | Layers=1 | Mismatch=30.0 | action_scale=5 | Using P.C. | lr=1e-4 | bs=64
SLURM Mode Received: 0
Execution Pipeline: ['train']
Loaded Configuration: {'mode': 0, 'model_path': 'models/sac_gnn_55.pth', 'training_metrics_filename': 'training_metrics_55.png', 'distance': 5, 'n_rounds': 5, 'p': 0.004, 'p_gate_zz': 0.0, 'mismatch': 30.0, 'n_shots': 65000, 'n_test_shots': 10000, 'burn_in_steps': 15000, 'bypass_threshold': 2, 'action_scale': 5.0, 'update_period': 1000, 'prior_shots': 1000, 'local_action_only': True, 'local_action_hops': 1, 'n_layers': 1, 'use_pearson_correlation': True, 'use_log_joint_prob': False, 'hidden_dim': 256, 'lr': 0.0001, 'gamma': 0.0, 'tau': 0.005, 'alpha': 0.01, 'batch_size': 64, 'buffer_capacity': 100000, 'update_frequency': 100, 'train_episodes': 300, 'test_episodes': 20}

Initializing environment...

############################################################
### RUNNING MODE: TRAIN
############################################################

========================================
STARTING TRAINING (Episodes: 300)
========================================
Train Ep: 001/300 | Reward: -1217.0 | MSE: 0.1718 | C_Loss: 0.113 | A_Loss: 0.023 | Alpha: 0.0095
Train Ep: 002/300 | Reward: -794.0 | MSE: 0.1380 | C_Loss: 0.097 | A_Loss: 0.015 | Alpha: 0.0091
Train Ep: 003/300 | Reward: -350.0 | MSE: 0.1638 | C_Loss: 0.085 | A_Loss: 0.009 | Alpha: 0.0087
Train Ep: 004/300 | Reward:  -32.0 | MSE: 0.1650 | C_Loss: 0.057 | A_Loss: 0.001 | Alpha: 0.0083
Train Ep: 005/300 | Reward:  -86.0 | MSE: 0.2436 | C_Loss: 0.024 | A_Loss: -0.001 | Alpha: 0.0079
Train Ep: 006/300 | Reward:  -28.0 | MSE: 0.2995 | C_Loss: 0.012 | A_Loss: -0.002 | Alpha: 0.0076
Train Ep: 007/300 | Reward:  -96.0 | MSE: 0.2078 | C_Loss: 0.012 | A_Loss: -0.002 | Alpha: 0.0072
Train Ep: 008/300 | Reward:  -89.0 | MSE: 0.2032 | C_Loss: 0.015 | A_Loss: -0.002 | Alpha: 0.0069
Train Ep: 009/300 | Reward:  -71.0 | MSE: 0.2606 | C_Loss: 0.022 | A_Loss: -0.001 | Alpha: 0.0066
Train Ep: 010/300 | Reward:  -64.0 | MSE: 0.0727 | C_Loss: 0.020 | A_Loss: -0.002 | Alpha: 0.0063
Train Ep: 011/300 | Reward: -143.0 | MSE: 0.2198 | C_Loss: 0.022 | A_Loss: -0.002 | Alpha: 0.0060
Train Ep: 012/300 | Reward:  -86.0 | MSE: 0.2044 | C_Loss: 0.022 | A_Loss: -0.002 | Alpha: 0.0057
Train Ep: 013/300 | Reward:  -64.0 | MSE: 0.2435 | C_Loss: 0.021 | A_Loss: -0.002 | Alpha: 0.0055
Train Ep: 014/300 | Reward:  -29.0 | MSE: 0.1369 | C_Loss: 0.017 | A_Loss: -0.002 | Alpha: 0.0052
Train Ep: 015/300 | Reward:  -98.0 | MSE: 0.1946 | C_Loss: 0.018 | A_Loss: -0.002 | Alpha: 0.0050
Train Ep: 016/300 | Reward:  -84.0 | MSE: 0.1807 | C_Loss: 0.025 | A_Loss: -0.001 | Alpha: 0.0048
Train Ep: 017/300 | Reward: -124.0 | MSE: 0.1787 | C_Loss: 0.027 | A_Loss: 0.000 | Alpha: 0.0046
Train Ep: 018/300 | Reward:  -43.0 | MSE: 0.2237 | C_Loss: 0.029 | A_Loss: -0.001 | Alpha: 0.0044
Train Ep: 019/300 | Reward: -262.0 | MSE: 0.1644 | C_Loss: 0.036 | A_Loss: -0.001 | Alpha: 0.0042
Train Ep: 020/300 | Reward: -205.0 | MSE: 0.1266 | C_Loss: 0.040 | A_Loss: 0.002 | Alpha: 0.0040
Train Ep: 021/300 | Reward: -167.0 | MSE: 0.1437 | C_Loss: 0.035 | A_Loss: 0.001 | Alpha: 0.0038
Train Ep: 022/300 | Reward: -172.0 | MSE: 0.1985 | C_Loss: 0.029 | A_Loss: 0.001 | Alpha: 0.0036
Train Ep: 023/300 | Reward:  -92.0 | MSE: 0.2567 | C_Loss: 0.030 | A_Loss: 0.001 | Alpha: 0.0035
Train Ep: 024/300 | Reward:  -19.0 | MSE: 0.1476 | C_Loss: 0.029 | A_Loss: 0.000 | Alpha: 0.0033
Train Ep: 025/300 | Reward: -130.0 | MSE: 0.1262 | C_Loss: 0.029 | A_Loss: -0.001 | Alpha: 0.0032
Train Ep: 026/300 | Reward:  -82.0 | MSE: 0.1559 | C_Loss: 0.029 | A_Loss: -0.001 | Alpha: 0.0030
Train Ep: 027/300 | Reward:  -80.0 | MSE: 0.2726 | C_Loss: 0.029 | A_Loss: -0.000 | Alpha: 0.0029
Train Ep: 028/300 | Reward:  -93.0 | MSE: 0.1810 | C_Loss: 0.021 | A_Loss: 0.001 | Alpha: 0.0028
Train Ep: 029/300 | Reward: -119.0 | MSE: 0.2784 | C_Loss: 0.022 | A_Loss: -0.000 | Alpha: 0.0027
Train Ep: 030/300 | Reward:  -95.0 | MSE: 0.2556 | C_Loss: 0.027 | A_Loss: -0.000 | Alpha: 0.0025
Train Ep: 031/300 | Reward: -160.0 | MSE: 0.2778 | C_Loss: 0.027 | A_Loss: 0.001 | Alpha: 0.0024
Train Ep: 032/300 | Reward:  -69.0 | MSE: 0.3492 | C_Loss: 0.028 | A_Loss: 0.002 | Alpha: 0.0023
Train Ep: 033/300 | Reward:  -50.0 | MSE: 0.1481 | C_Loss: 0.022 | A_Loss: 0.001 | Alpha: 0.0022
Train Ep: 034/300 | Reward:  -87.0 | MSE: 0.1709 | C_Loss: 0.019 | A_Loss: 0.000 | Alpha: 0.0021
Train Ep: 035/300 | Reward:   -5.0 | MSE: 0.1289 | C_Loss: 0.017 | A_Loss: -0.000 | Alpha: 0.0020
Train Ep: 036/300 | Reward:  -18.0 | MSE: 0.2745 | C_Loss: 0.015 | A_Loss: -0.001 | Alpha: 0.0019
Train Ep: 037/300 | Reward:  -71.0 | MSE: 0.1670 | C_Loss: 0.016 | A_Loss: -0.001 | Alpha: 0.0019
Train Ep: 038/300 | Reward:  -28.0 | MSE: 0.2526 | C_Loss: 0.018 | A_Loss: -0.001 | Alpha: 0.0018
Train Ep: 039/300 | Reward:  -25.0 | MSE: 0.2902 | C_Loss: 0.017 | A_Loss: -0.000 | Alpha: 0.0017
Train Ep: 040/300 | Reward: -103.0 | MSE: 0.2602 | C_Loss: 0.015 | A_Loss: 0.001 | Alpha: 0.0016
Train Ep: 041/300 | Reward:   15.0 | MSE: 0.2292 | C_Loss: 0.016 | A_Loss: 0.001 | Alpha: 0.0015
Train Ep: 042/300 | Reward:   -4.0 | MSE: 0.2216 | C_Loss: 0.018 | A_Loss: -0.000 | Alpha: 0.0015
Train Ep: 043/300 | Reward:  -56.0 | MSE: 0.1925 | C_Loss: 0.022 | A_Loss: -0.000 | Alpha: 0.0014
Train Ep: 044/300 | Reward:  -78.0 | MSE: 0.2356 | C_Loss: 0.022 | A_Loss: 0.001 | Alpha: 0.0014
Train Ep: 045/300 | Reward:  -24.0 | MSE: 0.2556 | C_Loss: 0.019 | A_Loss: -0.000 | Alpha: 0.0013
Train Ep: 046/300 | Reward:  -28.0 | MSE: 0.1763 | C_Loss: 0.015 | A_Loss: -0.000 | Alpha: 0.0012
Train Ep: 047/300 | Reward:  -13.0 | MSE: 0.1510 | C_Loss: 0.014 | A_Loss: -0.000 | Alpha: 0.0012
Train Ep: 048/300 | Reward:    9.0 | MSE: 0.1849 | C_Loss: 0.013 | A_Loss: 0.000 | Alpha: 0.0011
Train Ep: 049/300 | Reward:  -15.0 | MSE: 0.2026 | C_Loss: 0.011 | A_Loss: -0.001 | Alpha: 0.0011
Train Ep: 050/300 | Reward:  -11.0 | MSE: 0.1840 | C_Loss: 0.016 | A_Loss: 0.000 | Alpha: 0.0010
Train Ep: 051/300 | Reward:  -76.0 | MSE: 0.1810 | C_Loss: 0.022 | A_Loss: -0.000 | Alpha: 0.0010
Train Ep: 052/300 | Reward:   -8.0 | MSE: 0.1947 | C_Loss: 0.022 | A_Loss: 0.001 | Alpha: 0.0009
Train Ep: 053/300 | Reward:  -14.0 | MSE: 0.1495 | C_Loss: 0.018 | A_Loss: -0.000 | Alpha: 0.0009
Train Ep: 054/300 | Reward:   -9.0 | MSE: 0.1809 | C_Loss: 0.014 | A_Loss: -0.000 | Alpha: 0.0009
Train Ep: 055/300 | Reward:   10.0 | MSE: 0.1879 | C_Loss: 0.012 | A_Loss: 0.001 | Alpha: 0.0008
Train Ep: 056/300 | Reward:  -10.0 | MSE: 0.2526 | C_Loss: 0.009 | A_Loss: -0.000 | Alpha: 0.0008
Train Ep: 057/300 | Reward:    3.0 | MSE: 0.2753 | C_Loss: 0.012 | A_Loss: -0.001 | Alpha: 0.0008
Train Ep: 058/300 | Reward:    0.0 | MSE: 0.2373 | C_Loss: 0.008 | A_Loss: 0.000 | Alpha: 0.0007
Train Ep: 059/300 | Reward:  -11.0 | MSE: 0.2261 | C_Loss: 0.008 | A_Loss: -0.000 | Alpha: 0.0007
Train Ep: 060/300 | Reward:   27.0 | MSE: 0.2452 | C_Loss: 0.008 | A_Loss: -0.000 | Alpha: 0.0007
Train Ep: 061/300 | Reward:  -25.0 | MSE: 0.2704 | C_Loss: 0.009 | A_Loss: -0.000 | Alpha: 0.0006
Train Ep: 062/300 | Reward:  -24.0 | MSE: 0.2253 | C_Loss: 0.013 | A_Loss: -0.000 | Alpha: 0.0006
Train Ep: 063/300 | Reward:  -48.0 | MSE: 0.3035 | C_Loss: 0.014 | A_Loss: 0.000 | Alpha: 0.0006
Train Ep: 064/300 | Reward:  -12.0 | MSE: 0.1926 | C_Loss: 0.011 | A_Loss: -0.000 | Alpha: 0.0005
Train Ep: 065/300 | Reward:    7.0 | MSE: 0.2444 | C_Loss: 0.009 | A_Loss: 0.001 | Alpha: 0.0005
Train Ep: 066/300 | Reward:   11.0 | MSE: 0.2024 | C_Loss: 0.006 | A_Loss: 0.000 | Alpha: 0.0005
Train Ep: 067/300 | Reward:   13.0 | MSE: 0.2996 | C_Loss: 0.003 | A_Loss: -0.000 | Alpha: 0.0005
Train Ep: 068/300 | Reward:    3.0 | MSE: 0.2080 | C_Loss: 0.002 | A_Loss: -0.000 | Alpha: 0.0005
Train Ep: 069/300 | Reward:   15.0 | MSE: 0.2867 | C_Loss: 0.002 | A_Loss: -0.000 | Alpha: 0.0004
Train Ep: 070/300 | Reward:   20.0 | MSE: 0.1784 | C_Loss: 0.003 | A_Loss: -0.000 | Alpha: 0.0004
Train Ep: 071/300 | Reward:   27.0 | MSE: 0.1912 | C_Loss: 0.004 | A_Loss: -0.000 | Alpha: 0.0004
Train Ep: 072/300 | Reward:   25.0 | MSE: 0.1666 | C_Loss: 0.006 | A_Loss: -0.001 | Alpha: 0.0004
Train Ep: 073/300 | Reward:  -14.0 | MSE: 0.3250 | C_Loss: 0.008 | A_Loss: -0.000 | Alpha: 0.0004
Train Ep: 074/300 | Reward:    1.0 | MSE: 0.2389 | C_Loss: 0.007 | A_Loss: 0.000 | Alpha: 0.0004
Train Ep: 075/300 | Reward:   -7.0 | MSE: 0.1276 | C_Loss: 0.008 | A_Loss: 0.001 | Alpha: 0.0003
Train Ep: 076/300 | Reward:  -33.0 | MSE: 0.1338 | C_Loss: 0.014 | A_Loss: 0.000 | Alpha: 0.0003
Train Ep: 077/300 | Reward:  -30.0 | MSE: 0.1517 | C_Loss: 0.016 | A_Loss: 0.000 | Alpha: 0.0003
Train Ep: 078/300 | Reward:   -7.0 | MSE: 0.1770 | C_Loss: 0.014 | A_Loss: -0.000 | Alpha: 0.0003
Train Ep: 079/300 | Reward:  -30.0 | MSE: 0.2422 | C_Loss: 0.013 | A_Loss: 0.000 | Alpha: 0.0003
Train Ep: 080/300 | Reward:  -23.0 | MSE: 0.1292 | C_Loss: 0.010 | A_Loss: 0.001 | Alpha: 0.0003
Train Ep: 081/300 | Reward:   17.0 | MSE: 0.2219 | C_Loss: 0.011 | A_Loss: 0.000 | Alpha: 0.0003
Train Ep: 082/300 | Reward:   28.0 | MSE: 0.2261 | C_Loss: 0.010 | A_Loss: 0.000 | Alpha: 0.0002
Train Ep: 083/300 | Reward:  -32.0 | MSE: 0.1712 | C_Loss: 0.011 | A_Loss: -0.000 | Alpha: 0.0002
Train Ep: 084/300 | Reward:   28.0 | MSE: 0.2562 | C_Loss: 0.009 | A_Loss: 0.001 | Alpha: 0.0002
Train Ep: 085/300 | Reward:    9.0 | MSE: 0.1574 | C_Loss: 0.008 | A_Loss: 0.000 | Alpha: 0.0002
Train Ep: 086/300 | Reward:   -6.0 | MSE: 0.1816 | C_Loss: 0.007 | A_Loss: 0.000 | Alpha: 0.0002
Train Ep: 087/300 | Reward:   -8.0 | MSE: 0.1751 | C_Loss: 0.008 | A_Loss: 0.000 | Alpha: 0.0002
Train Ep: 088/300 | Reward:    1.0 | MSE: 0.2111 | C_Loss: 0.014 | A_Loss: -0.000 | Alpha: 0.0002
Train Ep: 089/300 | Reward:  -56.0 | MSE: 0.1515 | C_Loss: 0.015 | A_Loss: 0.000 | Alpha: 0.0002
Train Ep: 090/300 | Reward:    0.0 | MSE: 0.2080 | C_Loss: 0.015 | A_Loss: 0.001 | Alpha: 0.0002
Train Ep: 091/300 | Reward:    8.0 | MSE: 0.2047 | C_Loss: 0.008 | A_Loss: -0.000 | Alpha: 0.0002
Train Ep: 092/300 | Reward:    7.0 | MSE: 0.1847 | C_Loss: 0.004 | A_Loss: -0.001 | Alpha: 0.0002
Train Ep: 093/300 | Reward:    9.0 | MSE: 0.1906 | C_Loss: 0.002 | A_Loss: -0.000 | Alpha: 0.0002
Train Ep: 094/300 | Reward:    8.0 | MSE: 0.1848 | C_Loss: 0.002 | A_Loss: 0.000 | Alpha: 0.0001
Train Ep: 095/300 | Reward:   18.0 | MSE: 0.1792 | C_Loss: 0.003 | A_Loss: -0.000 | Alpha: 0.0001
Train Ep: 096/300 | Reward:    9.0 | MSE: 0.1964 | C_Loss: 0.003 | A_Loss: -0.000 | Alpha: 0.0001
Train Ep: 097/300 | Reward:   21.0 | MSE: 0.2657 | C_Loss: 0.004 | A_Loss: -0.001 | Alpha: 0.0001
Train Ep: 098/300 | Reward:    5.0 | MSE: 0.2374 | C_Loss: 0.006 | A_Loss: 0.000 | Alpha: 0.0001
Train Ep: 099/300 | Reward:    4.0 | MSE: 0.1960 | C_Loss: 0.006 | A_Loss: 0.000 | Alpha: 0.0001
Train Ep: 100/300 | Reward:    3.0 | MSE: 0.1416 | C_Loss: 0.004 | A_Loss: -0.000 | Alpha: 0.0001
Train Ep: 101/300 | Reward:   26.0 | MSE: 0.2015 | C_Loss: 0.005 | A_Loss: -0.001 | Alpha: 0.0001
Train Ep: 102/300 | Reward:   -1.0 | MSE: 0.1883 | C_Loss: 0.006 | A_Loss: 0.000 | Alpha: 0.0001
Train Ep: 103/300 | Reward:   -5.0 | MSE: 0.2601 | C_Loss: 0.009 | A_Loss: -0.001 | Alpha: 0.0001
Train Ep: 104/300 | Reward:  -83.0 | MSE: 0.1080 | C_Loss: 0.012 | A_Loss: 0.000 | Alpha: 0.0001
Train Ep: 105/300 | Reward:    5.0 | MSE: 0.2027 | C_Loss: 0.013 | A_Loss: -0.000 | Alpha: 0.0001
Train Ep: 106/300 | Reward:   35.0 | MSE: 0.2942 | C_Loss: 0.007 | A_Loss: -0.001 | Alpha: 0.0001
Train Ep: 107/300 | Reward:   63.0 | MSE: 0.1873 | C_Loss: 0.007 | A_Loss: -0.001 | Alpha: 0.0001
Train Ep: 108/300 | Reward:   47.0 | MSE: 0.1663 | C_Loss: 0.010 | A_Loss: -0.001 | Alpha: 0.0001
Train Ep: 109/300 | Reward:   32.0 | MSE: 0.2682 | C_Loss: 0.010 | A_Loss: -0.001 | Alpha: 0.0001
Train Ep: 110/300 | Reward:   17.0 | MSE: 0.2149 | C_Loss: 0.007 | A_Loss: -0.000 | Alpha: 0.0001
Train Ep: 111/300 | Reward:   23.0 | MSE: 0.2567 | C_Loss: 0.005 | A_Loss: 0.000 | Alpha: 0.0001
Train Ep: 112/300 | Reward:   26.0 | MSE: 0.1745 | C_Loss: 0.004 | A_Loss: -0.001 | Alpha: 0.0001
Train Ep: 113/300 | Reward:   22.0 | MSE: 0.1761 | C_Loss: 0.004 | A_Loss: -0.000 | Alpha: 0.0001
Train Ep: 114/300 | Reward:   26.0 | MSE: 0.1642 | C_Loss: 0.003 | A_Loss: -0.000 | Alpha: 0.0001
Train Ep: 115/300 | Reward:   12.0 | MSE: 0.2147 | C_Loss: 0.004 | A_Loss: -0.000 | Alpha: 0.0001
Train Ep: 116/300 | Reward:   30.0 | MSE: 0.2498 | C_Loss: 0.003 | A_Loss: -0.000 | Alpha: 0.0001
Train Ep: 117/300 | Reward:    5.0 | MSE: 0.1415 | C_Loss: 0.002 | A_Loss: -0.000 | Alpha: 0.0001
Train Ep: 118/300 | Reward:   11.0 | MSE: 0.2198 | C_Loss: 0.003 | A_Loss: -0.000 | Alpha: 0.0001
Train Ep: 119/300 | Reward:   12.0 | MSE: 0.2553 | C_Loss: 0.003 | A_Loss: -0.000 | Alpha: 0.0000
Train Ep: 120/300 | Reward:   14.0 | MSE: 0.2655 | C_Loss: 0.003 | A_Loss: -0.000 | Alpha: 0.0000
Train Ep: 121/300 | Reward:   29.0 | MSE: 0.2017 | C_Loss: 0.003 | A_Loss: -0.000 | Alpha: 0.0000
Train Ep: 122/300 | Reward:    2.0 | MSE: 0.2405 | C_Loss: 0.003 | A_Loss: -0.000 | Alpha: 0.0000
Train Ep: 123/300 | Reward:   15.0 | MSE: 0.2001 | C_Loss: 0.006 | A_Loss: -0.000 | Alpha: 0.0000
Train Ep: 124/300 | Reward:  -19.0 | MSE: 0.2157 | C_Loss: 0.011 | A_Loss: -0.001 | Alpha: 0.0000
Train Ep: 125/300 | Reward:    5.0 | MSE: 0.1872 | C_Loss: 0.010 | A_Loss: -0.001 | Alpha: 0.0000
Train Ep: 126/300 | Reward:   -2.0 | MSE: 0.1941 | C_Loss: 0.004 | A_Loss: -0.000 | Alpha: 0.0000
Train Ep: 127/300 | Reward:   19.0 | MSE: 0.2453 | C_Loss: 0.000 | A_Loss: -0.000 | Alpha: 0.0000
Train Ep: 128/300 | Reward:   37.0 | MSE: 0.2117 | C_Loss: 0.002 | A_Loss: -0.000 | Alpha: 0.0000
Train Ep: 129/300 | Reward:   12.0 | MSE: 0.2174 | C_Loss: 0.002 | A_Loss: -0.000 | Alpha: 0.0000
Train Ep: 130/300 | Reward:   21.0 | MSE: 0.2948 | C_Loss: 0.001 | A_Loss: -0.000 | Alpha: 0.0000
Train Ep: 131/300 | Reward:    9.0 | MSE: 0.2747 | C_Loss: 0.001 | A_Loss: -0.000 | Alpha: 0.0000
Train Ep: 132/300 | Reward:   16.0 | MSE: 0.2020 | C_Loss: 0.001 | A_Loss: -0.000 | Alpha: 0.0000
Train Ep: 133/300 | Reward:   11.0 | MSE: 0.2278 | C_Loss: 0.001 | A_Loss: -0.000 | Alpha: 0.0000
Train Ep: 134/300 | Reward:   16.0 | MSE: 0.1742 | C_Loss: 0.001 | A_Loss: -0.000 | Alpha: 0.0000
Train Ep: 135/300 | Reward:   12.0 | MSE: 0.3526 | C_Loss: 0.001 | A_Loss: -0.000 | Alpha: 0.0000
Train Ep: 136/300 | Reward:   22.0 | MSE: 0.2184 | C_Loss: 0.001 | A_Loss: -0.000 | Alpha: 0.0000
Train Ep: 137/300 | Reward:   10.0 | MSE: 0.2294 | C_Loss: 0.001 | A_Loss: -0.000 | Alpha: 0.0000
Train Ep: 138/300 | Reward:   36.0 | MSE: 0.2205 | C_Loss: 0.001 | A_Loss: -0.000 | Alpha: 0.0000
Train Ep: 139/300 | Reward:   15.0 | MSE: 0.2226 | C_Loss: 0.002 | A_Loss: -0.000 | Alpha: 0.0000
Train Ep: 140/300 | Reward:   26.0 | MSE: 0.1338 | C_Loss: 0.002 | A_Loss: -0.001 | Alpha: 0.0000
Train Ep: 141/300 | Reward:   47.0 | MSE: 0.2585 | C_Loss: 0.001 | A_Loss: -0.000 | Alpha: 0.0000
Train Ep: 142/300 | Reward:   38.0 | MSE: 0.1399 | C_Loss: 0.003 | A_Loss: -0.001 | Alpha: 0.0000
Train Ep: 143/300 | Reward:   19.0 | MSE: 0.1347 | C_Loss: 0.003 | A_Loss: -0.001 | Alpha: 0.0000
Train Ep: 144/300 | Reward:   98.0 | MSE: 0.1514 | C_Loss: 0.005 | A_Loss: -0.001 | Alpha: 0.0000
Train Ep: 145/300 | Reward:   57.0 | MSE: 0.1537 | C_Loss: 0.013 | A_Loss: -0.001 | Alpha: 0.0000
Train Ep: 146/300 | Reward:  -40.0 | MSE: 0.2089 | C_Loss: 0.021 | A_Loss: -0.001 | Alpha: 0.0000
Train Ep: 147/300 | Reward:   90.0 | MSE: 0.1974 | C_Loss: 0.022 | A_Loss: -0.001 | Alpha: 0.0000
Train Ep: 148/300 | Reward:   96.0 | MSE: 0.1401 | C_Loss: 0.021 | A_Loss: -0.001 | Alpha: 0.0000
Train Ep: 149/300 | Reward:  111.0 | MSE: 0.2325 | C_Loss: 0.021 | A_Loss: -0.002 | Alpha: 0.0000
  [!] Reward crossed 100! Unlocking Validation phase for the rest of training.
Train Ep: 150/300 | Reward:   92.0 | MSE: 0.1449 | C_Loss: 0.018 | A_Loss: -0.002 | Alpha: 0.0000
  [!] Running Isolated Validation (Pure CMA vs GNN)...
  -> Val Results: Pure Baseline Errors: 5222 | GNN Errors: 4956
  -> Relative Improvement: 5.094%
  *** New Best Model! Net Score improved from -inf to 0.05093833780160858 ***
[*] Models successfully saved to models/sac_gnn_55_best.pth
Train Ep: 151/300 | Reward:  102.0 | MSE: 0.2254 | C_Loss: 0.016 | A_Loss: -0.002 | Alpha: 0.0000
Train Ep: 152/300 | Reward:  118.0 | MSE: 0.2790 | C_Loss: 0.013 | A_Loss: -0.002 | Alpha: 0.0000
Train Ep: 153/300 | Reward:   74.0 | MSE: 0.2355 | C_Loss: 0.015 | A_Loss: -0.002 | Alpha: 0.0001
Train Ep: 154/300 | Reward:   74.0 | MSE: 0.1872 | C_Loss: 0.016 | A_Loss: -0.001 | Alpha: 0.0001
Train Ep: 155/300 | Reward:   62.0 | MSE: 0.1284 | C_Loss: 0.014 | A_Loss: -0.002 | Alpha: 0.0001
  [!] Running Isolated Validation (Pure CMA vs GNN)...
  -> Val Results: Pure Baseline Errors: 5222 | GNN Errors: 5011
  -> Relative Improvement: 4.041%
Train Ep: 156/300 | Reward:  107.0 | MSE: 0.2081 | C_Loss: 0.011 | A_Loss: -0.000 | Alpha: 0.0001
Train Ep: 157/300 | Reward:   63.0 | MSE: 0.2122 | C_Loss: 0.010 | A_Loss: -0.001 | Alpha: 0.0001
Train Ep: 158/300 | Reward:   90.0 | MSE: 0.1864 | C_Loss: 0.011 | A_Loss: -0.002 | Alpha: 0.0001
Train Ep: 159/300 | Reward:  108.0 | MSE: 0.3025 | C_Loss: 0.010 | A_Loss: -0.001 | Alpha: 0.0001
Train Ep: 160/300 | Reward:   72.0 | MSE: 0.2641 | C_Loss: 0.011 | A_Loss: -0.002 | Alpha: 0.0001
  [!] Running Isolated Validation (Pure CMA vs GNN)...
  -> Val Results: Pure Baseline Errors: 5222 | GNN Errors: 4963
  -> Relative Improvement: 4.960%
Train Ep: 161/300 | Reward:  119.0 | MSE: 0.1626 | C_Loss: 0.014 | A_Loss: -0.002 | Alpha: 0.0001
Train Ep: 162/300 | Reward:   89.0 | MSE: 0.1807 | C_Loss: 0.018 | A_Loss: -0.002 | Alpha: 0.0001
Train Ep: 163/300 | Reward:   69.0 | MSE: 0.2172 | C_Loss: 0.018 | A_Loss: -0.002 | Alpha: 0.0001
Train Ep: 164/300 | Reward:   78.0 | MSE: 0.2456 | C_Loss: 0.014 | A_Loss: -0.002 | Alpha: 0.0001
Train Ep: 165/300 | Reward:   65.0 | MSE: 0.1801 | C_Loss: 0.018 | A_Loss: -0.003 | Alpha: 0.0001
  [!] Running Isolated Validation (Pure CMA vs GNN)...
  -> Val Results: Pure Baseline Errors: 5222 | GNN Errors: 5024
  -> Relative Improvement: 3.792%
Train Ep: 166/300 | Reward:   61.0 | MSE: 0.1151 | C_Loss: 0.013 | A_Loss: -0.001 | Alpha: 0.0001
Train Ep: 167/300 | Reward:  107.0 | MSE: 0.1996 | C_Loss: 0.013 | A_Loss: -0.001 | Alpha: 0.0001
Train Ep: 168/300 | Reward:  121.0 | MSE: 0.1358 | C_Loss: 0.017 | A_Loss: -0.001 | Alpha: 0.0001
Train Ep: 169/300 | Reward:   88.0 | MSE: 0.1692 | C_Loss: 0.016 | A_Loss: -0.002 | Alpha: 0.0001
Train Ep: 170/300 | Reward:   59.0 | MSE: 0.2060 | C_Loss: 0.015 | A_Loss: -0.002 | Alpha: 0.0001
  [!] Running Isolated Validation (Pure CMA vs GNN)...
  -> Val Results: Pure Baseline Errors: 5222 | GNN Errors: 5020
  -> Relative Improvement: 3.868%
Train Ep: 171/300 | Reward:   59.0 | MSE: 0.2735 | C_Loss: 0.010 | A_Loss: -0.001 | Alpha: 0.0001
Train Ep: 172/300 | Reward:   53.0 | MSE: 0.1966 | C_Loss: 0.009 | A_Loss: -0.001 | Alpha: 0.0001
Train Ep: 173/300 | Reward:   44.0 | MSE: 0.1535 | C_Loss: 0.008 | A_Loss: -0.001 | Alpha: 0.0001
Train Ep: 174/300 | Reward:   39.0 | MSE: 0.1905 | C_Loss: 0.006 | A_Loss: -0.001 | Alpha: 0.0001
Train Ep: 175/300 | Reward:   26.0 | MSE: 0.1682 | C_Loss: 0.005 | A_Loss: -0.001 | Alpha: 0.0001
  [!] Running Isolated Validation (Pure CMA vs GNN)...
  -> Val Results: Pure Baseline Errors: 5222 | GNN Errors: 5203
  -> Relative Improvement: 0.364%
Train Ep: 176/300 | Reward:   47.0 | MSE: 0.1213 | C_Loss: 0.006 | A_Loss: -0.001 | Alpha: 0.0001
Train Ep: 177/300 | Reward:   37.0 | MSE: 0.1707 | C_Loss: 0.006 | A_Loss: -0.000 | Alpha: 0.0001
Train Ep: 178/300 | Reward:   20.0 | MSE: 0.1822 | C_Loss: 0.005 | A_Loss: -0.001 | Alpha: 0.0001
Train Ep: 179/300 | Reward:   37.0 | MSE: 0.1780 | C_Loss: 0.004 | A_Loss: -0.000 | Alpha: 0.0000
Train Ep: 180/300 | Reward:   36.0 | MSE: 0.2769 | C_Loss: 0.005 | A_Loss: -0.000 | Alpha: 0.0000
  [!] Running Isolated Validation (Pure CMA vs GNN)...
  -> Val Results: Pure Baseline Errors: 5222 | GNN Errors: 5203
  -> Relative Improvement: 0.364%
Train Ep: 181/300 | Reward:   21.0 | MSE: 0.2059 | C_Loss: 0.004 | A_Loss: -0.000 | Alpha: 0.0000
Train Ep: 182/300 | Reward:   68.0 | MSE: 0.2402 | C_Loss: 0.005 | A_Loss: -0.000 | Alpha: 0.0000
Train Ep: 183/300 | Reward:   43.0 | MSE: 0.1017 | C_Loss: 0.009 | A_Loss: -0.001 | Alpha: 0.0000
Train Ep: 184/300 | Reward:   74.0 | MSE: 0.1517 | C_Loss: 0.010 | A_Loss: -0.001 | Alpha: 0.0000
Train Ep: 185/300 | Reward:   38.0 | MSE: 0.2385 | C_Loss: 0.009 | A_Loss: -0.001 | Alpha: 0.0000
  [!] Running Isolated Validation (Pure CMA vs GNN)...
  -> Val Results: Pure Baseline Errors: 5222 | GNN Errors: 5070
  -> Relative Improvement: 2.911%
Train Ep: 186/300 | Reward:   50.0 | MSE: 0.1210 | C_Loss: 0.008 | A_Loss: -0.001 | Alpha: 0.0000
Train Ep: 187/300 | Reward:   57.0 | MSE: 0.1373 | C_Loss: 0.010 | A_Loss: -0.001 | Alpha: 0.0000
Train Ep: 188/300 | Reward:   30.0 | MSE: 0.1618 | C_Loss: 0.008 | A_Loss: -0.001 | Alpha: 0.0000
Train Ep: 189/300 | Reward:   41.0 | MSE: 0.2294 | C_Loss: 0.005 | A_Loss: -0.000 | Alpha: 0.0000
Train Ep: 190/300 | Reward:   48.0 | MSE: 0.2328 | C_Loss: 0.004 | A_Loss: -0.001 | Alpha: 0.0000
  [!] Running Isolated Validation (Pure CMA vs GNN)...
  -> Val Results: Pure Baseline Errors: 5222 | GNN Errors: 5113
  -> Relative Improvement: 2.087%
Train Ep: 191/300 | Reward:   38.0 | MSE: 0.2043 | C_Loss: 0.007 | A_Loss: -0.001 | Alpha: 0.0000
Train Ep: 192/300 | Reward:   51.0 | MSE: 0.1487 | C_Loss: 0.006 | A_Loss: -0.001 | Alpha: 0.0000
Train Ep: 193/300 | Reward:   43.0 | MSE: 0.1944 | C_Loss: 0.008 | A_Loss: -0.001 | Alpha: 0.0000
Train Ep: 194/300 | Reward:   61.0 | MSE: 0.1532 | C_Loss: 0.008 | A_Loss: -0.001 | Alpha: 0.0000
Train Ep: 195/300 | Reward:   21.0 | MSE: 0.1246 | C_Loss: 0.006 | A_Loss: -0.001 | Alpha: 0.0000
  [!] Running Isolated Validation (Pure CMA vs GNN)...
  -> Val Results: Pure Baseline Errors: 5222 | GNN Errors: 5210
  -> Relative Improvement: 0.230%
Train Ep: 196/300 | Reward:   23.0 | MSE: 0.1631 | C_Loss: 0.006 | A_Loss: -0.001 | Alpha: 0.0000
Train Ep: 197/300 | Reward:   34.0 | MSE: 0.2169 | C_Loss: 0.009 | A_Loss: -0.001 | Alpha: 0.0000
Train Ep: 198/300 | Reward:   47.0 | MSE: 0.1407 | C_Loss: 0.019 | A_Loss: -0.001 | Alpha: 0.0000
Train Ep: 199/300 | Reward:  -54.0 | MSE: 0.1861 | C_Loss: 0.024 | A_Loss: -0.000 | Alpha: 0.0000
Train Ep: 200/300 | Reward:   69.0 | MSE: 0.2135 | C_Loss: 0.018 | A_Loss: -0.000 | Alpha: 0.0000
  [!] Running Isolated Validation (Pure CMA vs GNN)...
  -> Val Results: Pure Baseline Errors: 5222 | GNN Errors: 4928
  -> Relative Improvement: 5.630%
  *** New Best Model! Net Score improved from 0.05093833780160858 to 0.05630026809651475 ***
[*] Models successfully saved to models/sac_gnn_55_best.pth
Train Ep: 201/300 | Reward:   61.0 | MSE: 0.1668 | C_Loss: 0.009 | A_Loss: -0.000 | Alpha: 0.0000
Train Ep: 202/300 | Reward:   62.0 | MSE: 0.1595 | C_Loss: 0.013 | A_Loss: -0.001 | Alpha: 0.0000
Train Ep: 203/300 | Reward:   90.0 | MSE: 0.1146 | C_Loss: 0.019 | A_Loss: -0.001 | Alpha: 0.0000
Train Ep: 204/300 | Reward:  105.0 | MSE: 0.1336 | C_Loss: 0.024 | A_Loss: -0.002 | Alpha: 0.0000
Train Ep: 205/300 | Reward:   32.0 | MSE: 0.1376 | C_Loss: 0.026 | A_Loss: -0.002 | Alpha: 0.0000
  [!] Running Isolated Validation (Pure CMA vs GNN)...
  -> Val Results: Pure Baseline Errors: 5222 | GNN Errors: 5002
  -> Relative Improvement: 4.213%
Train Ep: 206/300 | Reward:   66.0 | MSE: 0.1830 | C_Loss: 0.027 | A_Loss: -0.002 | Alpha: 0.0000
Train Ep: 207/300 | Reward:   62.0 | MSE: 0.0990 | C_Loss: 0.032 | A_Loss: -0.001 | Alpha: 0.0000
Train Ep: 208/300 | Reward:   35.0 | MSE: 0.1532 | C_Loss: 0.034 | A_Loss: -0.001 | Alpha: 0.0000
Train Ep: 209/300 | Reward:   41.0 | MSE: 0.1839 | C_Loss: 0.026 | A_Loss: -0.002 | Alpha: 0.0000
Train Ep: 210/300 | Reward:   46.0 | MSE: 0.1807 | C_Loss: 0.020 | A_Loss: -0.001 | Alpha: 0.0000
  [!] Running Isolated Validation (Pure CMA vs GNN)...
  -> Val Results: Pure Baseline Errors: 5222 | GNN Errors: 5051
  -> Relative Improvement: 3.275%
Train Ep: 211/300 | Reward:   58.0 | MSE: 0.1773 | C_Loss: 0.014 | A_Loss: -0.001 | Alpha: 0.0000
Train Ep: 212/300 | Reward:   38.0 | MSE: 0.1244 | C_Loss: 0.008 | A_Loss: -0.001 | Alpha: 0.0000
Train Ep: 213/300 | Reward:   20.0 | MSE: 0.2135 | C_Loss: 0.004 | A_Loss: -0.001 | Alpha: 0.0000
Train Ep: 214/300 | Reward:   46.0 | MSE: 0.2534 | C_Loss: 0.005 | A_Loss: -0.000 | Alpha: 0.0000
Train Ep: 215/300 | Reward:   46.0 | MSE: 0.2859 | C_Loss: 0.005 | A_Loss: -0.001 | Alpha: 0.0000
  [!] Running Isolated Validation (Pure CMA vs GNN)...
  -> Val Results: Pure Baseline Errors: 5222 | GNN Errors: 5190
  -> Relative Improvement: 0.613%
Train Ep: 216/300 | Reward:   53.0 | MSE: 0.2411 | C_Loss: 0.006 | A_Loss: -0.001 | Alpha: 0.0000
Train Ep: 217/300 | Reward:   42.0 | MSE: 0.1680 | C_Loss: 0.010 | A_Loss: -0.001 | Alpha: 0.0000
Train Ep: 218/300 | Reward:   57.0 | MSE: 0.2493 | C_Loss: 0.011 | A_Loss: -0.001 | Alpha: 0.0000
Train Ep: 219/300 | Reward:   27.0 | MSE: 0.2130 | C_Loss: 0.009 | A_Loss: -0.000 | Alpha: 0.0000
Train Ep: 220/300 | Reward:   55.0 | MSE: 0.2247 | C_Loss: 0.011 | A_Loss: -0.000 | Alpha: 0.0000
  [!] Running Isolated Validation (Pure CMA vs GNN)...
  -> Val Results: Pure Baseline Errors: 5222 | GNN Errors: 5110
  -> Relative Improvement: 2.145%
Train Ep: 221/300 | Reward:   79.0 | MSE: 0.2429 | C_Loss: 0.013 | A_Loss: -0.001 | Alpha: 0.0000
Train Ep: 222/300 | Reward:   49.0 | MSE: 0.1726 | C_Loss: 0.014 | A_Loss: -0.001 | Alpha: 0.0000
Train Ep: 223/300 | Reward:   38.0 | MSE: 0.1513 | C_Loss: 0.009 | A_Loss: -0.001 | Alpha: 0.0000
Train Ep: 224/300 | Reward:   18.0 | MSE: 0.1331 | C_Loss: 0.009 | A_Loss: -0.001 | Alpha: 0.0000
Train Ep: 225/300 | Reward:   16.0 | MSE: 0.1876 | C_Loss: 0.016 | A_Loss: -0.000 | Alpha: 0.0000
  [!] Running Isolated Validation (Pure CMA vs GNN)...
  -> Val Results: Pure Baseline Errors: 5222 | GNN Errors: 5221
  -> Relative Improvement: 0.019%
Train Ep: 226/300 | Reward: -238.0 | MSE: 0.2427 | C_Loss: 0.025 | A_Loss: -0.000 | Alpha: 0.0000
Train Ep: 227/300 | Reward:   14.0 | MSE: 0.1795 | C_Loss: 0.017 | A_Loss: -0.000 | Alpha: 0.0000
Train Ep: 228/300 | Reward:   53.0 | MSE: 0.1789 | C_Loss: 0.006 | A_Loss: -0.000 | Alpha: 0.0000
Train Ep: 229/300 | Reward:   90.0 | MSE: 0.2646 | C_Loss: 0.007 | A_Loss: -0.001 | Alpha: 0.0000
Train Ep: 230/300 | Reward:   58.0 | MSE: 0.1972 | C_Loss: 0.011 | A_Loss: -0.001 | Alpha: 0.0000
  [!] Running Isolated Validation (Pure CMA vs GNN)...
  -> Val Results: Pure Baseline Errors: 5222 | GNN Errors: 5097
  -> Relative Improvement: 2.394%
Train Ep: 231/300 | Reward:   82.0 | MSE: 0.1748 | C_Loss: 0.007 | A_Loss: -0.002 | Alpha: 0.0000
Train Ep: 232/300 | Reward:   64.0 | MSE: 0.2057 | C_Loss: 0.007 | A_Loss: -0.002 | Alpha: 0.0000
Train Ep: 233/300 | Reward:   55.0 | MSE: 0.2013 | C_Loss: 0.007 | A_Loss: -0.001 | Alpha: 0.0000
Train Ep: 234/300 | Reward:   89.0 | MSE: 0.2582 | C_Loss: 0.006 | A_Loss: -0.002 | Alpha: 0.0000
Train Ep: 235/300 | Reward:  139.0 | MSE: 0.1309 | C_Loss: 0.009 | A_Loss: -0.002 | Alpha: 0.0000
  [!] Running Isolated Validation (Pure CMA vs GNN)...
  -> Val Results: Pure Baseline Errors: 5222 | GNN Errors: 4997
  -> Relative Improvement: 4.309%
Train Ep: 236/300 | Reward:   97.0 | MSE: 0.2077 | C_Loss: 0.013 | A_Loss: -0.002 | Alpha: 0.0000
Train Ep: 237/300 | Reward:   76.0 | MSE: 0.2185 | C_Loss: 0.014 | A_Loss: -0.001 | Alpha: 0.0000
Train Ep: 238/300 | Reward:   83.0 | MSE: 0.2607 | C_Loss: 0.012 | A_Loss: -0.001 | Alpha: 0.0000
Train Ep: 239/300 | Reward:   54.0 | MSE: 0.2100 | C_Loss: 0.011 | A_Loss: -0.001 | Alpha: 0.0000
Train Ep: 240/300 | Reward:   48.0 | MSE: 0.2243 | C_Loss: 0.006 | A_Loss: -0.001 | Alpha: 0.0000
  [!] Running Isolated Validation (Pure CMA vs GNN)...
  -> Val Results: Pure Baseline Errors: 5222 | GNN Errors: 5025
  -> Relative Improvement: 3.773%
Train Ep: 241/300 | Reward:   42.0 | MSE: 0.1963 | C_Loss: 0.009 | A_Loss: -0.001 | Alpha: 0.0000
Train Ep: 242/300 | Reward:   41.0 | MSE: 0.2907 | C_Loss: 0.017 | A_Loss: -0.001 | Alpha: 0.0000
Train Ep: 243/300 | Reward:   72.0 | MSE: 0.1272 | C_Loss: 0.019 | A_Loss: -0.001 | Alpha: 0.0000
Train Ep: 244/300 | Reward:   90.0 | MSE: 0.1981 | C_Loss: 0.023 | A_Loss: -0.002 | Alpha: 0.0000
Train Ep: 245/300 | Reward:   51.0 | MSE: 0.1830 | C_Loss: 0.022 | A_Loss: -0.001 | Alpha: 0.0000
  [!] Running Isolated Validation (Pure CMA vs GNN)...
  -> Val Results: Pure Baseline Errors: 5222 | GNN Errors: 5057
  -> Relative Improvement: 3.160%
Train Ep: 246/300 | Reward:   59.0 | MSE: 0.1595 | C_Loss: 0.018 | A_Loss: -0.001 | Alpha: 0.0000
Train Ep: 247/300 | Reward:    6.0 | MSE: 0.1638 | C_Loss: 0.019 | A_Loss: -0.001 | Alpha: 0.0000
Train Ep: 248/300 | Reward:   56.0 | MSE: 0.2189 | C_Loss: 0.016 | A_Loss: -0.001 | Alpha: 0.0000
Train Ep: 249/300 | Reward:   48.0 | MSE: 0.1346 | C_Loss: 0.015 | A_Loss: -0.000 | Alpha: 0.0000
Train Ep: 250/300 | Reward:   73.0 | MSE: 0.1375 | C_Loss: 0.014 | A_Loss: -0.001 | Alpha: 0.0000
  [!] Running Isolated Validation (Pure CMA vs GNN)...
  -> Val Results: Pure Baseline Errors: 5222 | GNN Errors: 5009
  -> Relative Improvement: 4.079%
Train Ep: 251/300 | Reward:   66.0 | MSE: 0.2251 | C_Loss: 0.012 | A_Loss: -0.001 | Alpha: 0.0000
Train Ep: 252/300 | Reward:   36.0 | MSE: 0.2995 | C_Loss: 0.013 | A_Loss: -0.001 | Alpha: 0.0000
Train Ep: 253/300 | Reward:   44.0 | MSE: 0.1639 | C_Loss: 0.019 | A_Loss: -0.000 | Alpha: 0.0000
Train Ep: 254/300 | Reward:   35.0 | MSE: 0.2041 | C_Loss: 0.018 | A_Loss: -0.000 | Alpha: 0.0000
Train Ep: 255/300 | Reward:   39.0 | MSE: 0.1985 | C_Loss: 0.008 | A_Loss: -0.000 | Alpha: 0.0000
  [!] Running Isolated Validation (Pure CMA vs GNN)...
  -> Val Results: Pure Baseline Errors: 5222 | GNN Errors: 5178
  -> Relative Improvement: 0.843%
Train Ep: 256/300 | Reward:   43.0 | MSE: 0.3133 | C_Loss: 0.006 | A_Loss: 0.000 | Alpha: 0.0000
Train Ep: 257/300 | Reward:   71.0 | MSE: 0.2392 | C_Loss: 0.007 | A_Loss: -0.001 | Alpha: 0.0000
Train Ep: 258/300 | Reward:  109.0 | MSE: 0.1599 | C_Loss: 0.010 | A_Loss: -0.001 | Alpha: 0.0000
Train Ep: 259/300 | Reward:   53.0 | MSE: 0.1713 | C_Loss: 0.013 | A_Loss: -0.002 | Alpha: 0.0000
Train Ep: 260/300 | Reward:   72.0 | MSE: 0.1653 | C_Loss: 0.019 | A_Loss: -0.002 | Alpha: 0.0000
  [!] Running Isolated Validation (Pure CMA vs GNN)...
  -> Val Results: Pure Baseline Errors: 5222 | GNN Errors: 5030
  -> Relative Improvement: 3.677%
Train Ep: 261/300 | Reward:   54.0 | MSE: 0.2081 | C_Loss: 0.022 | A_Loss: -0.001 | Alpha: 0.0000
Train Ep: 262/300 | Reward:   48.0 | MSE: 0.1105 | C_Loss: 0.021 | A_Loss: -0.001 | Alpha: 0.0000
Train Ep: 263/300 | Reward:  -52.0 | MSE: 0.2736 | C_Loss: 0.029 | A_Loss: -0.001 | Alpha: 0.0000
Train Ep: 264/300 | Reward:   79.0 | MSE: 0.1986 | C_Loss: 0.036 | A_Loss: -0.000 | Alpha: 0.0000
Train Ep: 265/300 | Reward:   64.0 | MSE: 0.2091 | C_Loss: 0.026 | A_Loss: -0.001 | Alpha: 0.0000
  [!] Running Isolated Validation (Pure CMA vs GNN)...
  -> Val Results: Pure Baseline Errors: 5222 | GNN Errors: 4951
  -> Relative Improvement: 5.190%
Train Ep: 266/300 | Reward:   71.0 | MSE: 0.1613 | C_Loss: 0.018 | A_Loss: -0.001 | Alpha: 0.0000
Train Ep: 267/300 | Reward:   32.0 | MSE: 0.2017 | C_Loss: 0.024 | A_Loss: -0.001 | Alpha: 0.0000
Train Ep: 268/300 | Reward:   97.0 | MSE: 0.1847 | C_Loss: 0.029 | A_Loss: -0.001 | Alpha: 0.0000
Train Ep: 269/300 | Reward:   97.0 | MSE: 0.0629 | C_Loss: 0.030 | A_Loss: -0.002 | Alpha: 0.0000
Train Ep: 270/300 | Reward:   68.0 | MSE: 0.0913 | C_Loss: 0.030 | A_Loss: -0.001 | Alpha: 0.0000
  [!] Running Isolated Validation (Pure CMA vs GNN)...
  -> Val Results: Pure Baseline Errors: 5222 | GNN Errors: 4947
  -> Relative Improvement: 5.266%
Train Ep: 271/300 | Reward:   93.0 | MSE: 0.2034 | C_Loss: 0.023 | A_Loss: -0.001 | Alpha: 0.0000
Train Ep: 272/300 | Reward:  120.0 | MSE: 0.1146 | C_Loss: 0.019 | A_Loss: -0.003 | Alpha: 0.0000
Train Ep: 273/300 | Reward:  101.0 | MSE: 0.1277 | C_Loss: 0.019 | A_Loss: -0.002 | Alpha: 0.0000
Train Ep: 274/300 | Reward:   75.0 | MSE: 0.1183 | C_Loss: 0.019 | A_Loss: -0.003 | Alpha: 0.0000
Train Ep: 275/300 | Reward:   64.0 | MSE: 0.1757 | C_Loss: 0.027 | A_Loss: -0.002 | Alpha: 0.0000
  [!] Running Isolated Validation (Pure CMA vs GNN)...
  -> Val Results: Pure Baseline Errors: 5222 | GNN Errors: 4934
  -> Relative Improvement: 5.515%
Train Ep: 276/300 | Reward:   74.0 | MSE: 0.0810 | C_Loss: 0.028 | A_Loss: -0.001 | Alpha: 0.0000
Train Ep: 277/300 | Reward:   35.0 | MSE: 0.2274 | C_Loss: 0.024 | A_Loss: -0.002 | Alpha: 0.0000
Train Ep: 278/300 | Reward:   63.0 | MSE: 0.1288 | C_Loss: 0.017 | A_Loss: -0.001 | Alpha: 0.0000
Train Ep: 279/300 | Reward:   77.0 | MSE: 0.2176 | C_Loss: 0.014 | A_Loss: -0.001 | Alpha: 0.0000
Train Ep: 280/300 | Reward:   28.0 | MSE: 0.2389 | C_Loss: 0.010 | A_Loss: -0.001 | Alpha: 0.0000
  [!] Running Isolated Validation (Pure CMA vs GNN)...
  -> Val Results: Pure Baseline Errors: 5222 | GNN Errors: 5004
  -> Relative Improvement: 4.175%
Train Ep: 281/300 | Reward:   48.0 | MSE: 0.1752 | C_Loss: 0.007 | A_Loss: -0.001 | Alpha: 0.0000
Train Ep: 282/300 | Reward:   33.0 | MSE: 0.1486 | C_Loss: 0.007 | A_Loss: -0.001 | Alpha: 0.0000
Train Ep: 283/300 | Reward:   79.0 | MSE: 0.2191 | C_Loss: 0.009 | A_Loss: -0.001 | Alpha: 0.0000
Train Ep: 284/300 | Reward:   79.0 | MSE: 0.3013 | C_Loss: 0.009 | A_Loss: -0.001 | Alpha: 0.0000
Train Ep: 285/300 | Reward:   37.0 | MSE: 0.1430 | C_Loss: 0.008 | A_Loss: -0.001 | Alpha: 0.0000
  [!] Running Isolated Validation (Pure CMA vs GNN)...
  -> Val Results: Pure Baseline Errors: 5222 | GNN Errors: 5069
  -> Relative Improvement: 2.930%
Train Ep: 286/300 | Reward:   88.0 | MSE: 0.1491 | C_Loss: 0.013 | A_Loss: -0.001 | Alpha: 0.0000
Train Ep: 287/300 | Reward:   68.0 | MSE: 0.1770 | C_Loss: 0.012 | A_Loss: -0.001 | Alpha: 0.0000
Train Ep: 288/300 | Reward:   64.0 | MSE: 0.1553 | C_Loss: 0.010 | A_Loss: -0.001 | Alpha: 0.0000
Train Ep: 289/300 | Reward:   35.0 | MSE: 0.2385 | C_Loss: 0.010 | A_Loss: -0.001 | Alpha: 0.0000
Train Ep: 290/300 | Reward:   20.0 | MSE: 0.0883 | C_Loss: 0.010 | A_Loss: -0.002 | Alpha: 0.0000
  [!] Running Isolated Validation (Pure CMA vs GNN)...
  -> Val Results: Pure Baseline Errors: 5222 | GNN Errors: 5129
  -> Relative Improvement: 1.781%
Train Ep: 291/300 | Reward:   38.0 | MSE: 0.1090 | C_Loss: 0.007 | A_Loss: -0.000 | Alpha: 0.0000
Train Ep: 292/300 | Reward:   82.0 | MSE: 0.1768 | C_Loss: 0.005 | A_Loss: -0.001 | Alpha: 0.0000
Train Ep: 293/300 | Reward:  103.0 | MSE: 0.1678 | C_Loss: 0.007 | A_Loss: -0.001 | Alpha: 0.0000
Train Ep: 294/300 | Reward:  107.0 | MSE: 0.2118 | C_Loss: 0.017 | A_Loss: -0.002 | Alpha: 0.0000
Train Ep: 295/300 | Reward:   68.0 | MSE: 0.1408 | C_Loss: 0.028 | A_Loss: -0.002 | Alpha: 0.0000
  [!] Running Isolated Validation (Pure CMA vs GNN)...
  -> Val Results: Pure Baseline Errors: 5222 | GNN Errors: 4954
  -> Relative Improvement: 5.132%
Train Ep: 296/300 | Reward:   28.0 | MSE: 0.1579 | C_Loss: 0.026 | A_Loss: -0.002 | Alpha: 0.0000
Train Ep: 297/300 | Reward:   59.0 | MSE: 0.1736 | C_Loss: 0.019 | A_Loss: -0.001 | Alpha: 0.0000
Train Ep: 298/300 | Reward:   91.0 | MSE: 0.2614 | C_Loss: 0.016 | A_Loss: -0.001 | Alpha: 0.0000
Train Ep: 299/300 | Reward:   86.0 | MSE: 0.1189 | C_Loss: 0.014 | A_Loss: -0.002 | Alpha: 0.0000
Train Ep: 300/300 | Reward:   93.0 | MSE: 0.0989 | C_Loss: 0.017 | A_Loss: -0.003 | Alpha: 0.0000
  [!] Running Isolated Validation (Pure CMA vs GNN)...
  -> Val Results: Pure Baseline Errors: 5222 | GNN Errors: 4959
  -> Relative Improvement: 5.036%

Training complete in 35447.82 seconds.
[*] Models successfully saved to models/sac_gnn_55.pth
Training plots saved to 'plots/training_metrics_55.png'
[*] The best performing model during validation was saved to: models/sac_gnn_55_best.pth
Training run time = 35449.68 s
Job finished at: Sat May  2 00:30:38 CEST 2026
