Job started at: Tue May  5 15:49:23 CEST 2026
Starting Run 64: Burn-in | Gamma=0.0 | Layers=1 | M=30.0 | action_scale=5 | Using P.C. | lr=1e-4 | bs=128 | te=-1
SLURM Mode Received: 0
Execution Pipeline: ['train']
Loaded Configuration: {'mode': 0, 'model_path': 'models/sac_gnn_64.pth', 'training_metrics_filename': 'training_metrics_64.png', 'distance': 5, 'n_rounds': 5, 'p': 0.004, 'p_gate_zz': 0.0, 'mismatch': 30.0, 'n_shots': 65000, 'n_test_shots': 10000, 'burn_in_steps': 15000, 'bypass_threshold': 2, 'action_scale': 5.0, 'update_period': 1000, 'prior_shots': 1000, 'local_action_only': True, 'local_action_hops': 1, 'n_layers': 1, 'use_pearson_correlation': True, 'use_log_joint_prob': False, 'hidden_dim': 256, 'lr': 0.0001, 'gamma': 0.0, 'tau': 0.005, 'alpha': 0.01, 'target_entropy': -1.0, 'batch_size': 128, 'buffer_capacity': 100000, 'update_frequency': 100, 'train_episodes': 500, 'test_episodes': 20}

Initializing environment...

############################################################
### RUNNING MODE: TRAIN
############################################################

========================================
STARTING TRAINING (Episodes: 500)
========================================
Train Ep: 001/500 | Reward: -1104.0 | MSE: 0.2051 | C_Loss: 0.064 | A_Loss: 0.025 | Alpha: 0.0095
Train Ep: 002/500 | Reward:  -20.0 | MSE: 0.2217 | C_Loss: 0.037 | A_Loss: 0.006 | Alpha: 0.0092
Train Ep: 003/500 | Reward:    3.0 | MSE: 0.2496 | C_Loss: 0.012 | A_Loss: -0.002 | Alpha: 0.0088
Train Ep: 004/500 | Reward:  -47.0 | MSE: 0.1462 | C_Loss: 0.003 | A_Loss: -0.003 | Alpha: 0.0083
Train Ep: 005/500 | Reward:  -54.0 | MSE: 0.1787 | C_Loss: 0.008 | A_Loss: -0.003 | Alpha: 0.0079
Train Ep: 006/500 | Reward:  -45.0 | MSE: 0.2863 | C_Loss: 0.010 | A_Loss: -0.003 | Alpha: 0.0076
Train Ep: 007/500 | Reward:  -13.0 | MSE: 0.2678 | C_Loss: 0.009 | A_Loss: -0.003 | Alpha: 0.0072
Train Ep: 008/500 | Reward: -115.0 | MSE: 0.1909 | C_Loss: 0.008 | A_Loss: -0.002 | Alpha: 0.0069
Train Ep: 009/500 | Reward:  -77.0 | MSE: 0.1984 | C_Loss: 0.009 | A_Loss: -0.002 | Alpha: 0.0066
Train Ep: 010/500 | Reward:  -54.0 | MSE: 0.2323 | C_Loss: 0.010 | A_Loss: -0.002 | Alpha: 0.0063
Train Ep: 011/500 | Reward:  -73.0 | MSE: 0.1739 | C_Loss: 0.011 | A_Loss: -0.002 | Alpha: 0.0060
Train Ep: 012/500 | Reward:  -80.0 | MSE: 0.2227 | C_Loss: 0.012 | A_Loss: -0.002 | Alpha: 0.0057
Train Ep: 013/500 | Reward:  -57.0 | MSE: 0.2431 | C_Loss: 0.013 | A_Loss: -0.002 | Alpha: 0.0055
Train Ep: 014/500 | Reward: -199.0 | MSE: 0.1664 | C_Loss: 0.012 | A_Loss: -0.001 | Alpha: 0.0052
Train Ep: 015/500 | Reward: -133.0 | MSE: 0.2039 | C_Loss: 0.013 | A_Loss: -0.001 | Alpha: 0.0050
Train Ep: 016/500 | Reward: -109.0 | MSE: 0.1958 | C_Loss: 0.016 | A_Loss: -0.001 | Alpha: 0.0048
Train Ep: 017/500 | Reward: -124.0 | MSE: 0.1604 | C_Loss: 0.017 | A_Loss: -0.002 | Alpha: 0.0045
Train Ep: 018/500 | Reward: -142.0 | MSE: 0.2302 | C_Loss: 0.016 | A_Loss: 0.001 | Alpha: 0.0043
Train Ep: 019/500 | Reward: -155.0 | MSE: 0.1344 | C_Loss: 0.015 | A_Loss: 0.001 | Alpha: 0.0042
Train Ep: 020/500 | Reward:  -72.0 | MSE: 0.1605 | C_Loss: 0.013 | A_Loss: 0.001 | Alpha: 0.0040
Train Ep: 021/500 | Reward:  -66.0 | MSE: 0.2440 | C_Loss: 0.009 | A_Loss: -0.001 | Alpha: 0.0038
Train Ep: 022/500 | Reward:  -16.0 | MSE: 0.2029 | C_Loss: 0.008 | A_Loss: -0.000 | Alpha: 0.0036
Train Ep: 023/500 | Reward:   -5.0 | MSE: 0.2530 | C_Loss: 0.007 | A_Loss: -0.001 | Alpha: 0.0035
Train Ep: 024/500 | Reward: -120.0 | MSE: 0.2168 | C_Loss: 0.009 | A_Loss: -0.002 | Alpha: 0.0033
Train Ep: 025/500 | Reward:  -24.0 | MSE: 0.0668 | C_Loss: 0.009 | A_Loss: -0.001 | Alpha: 0.0032
Train Ep: 026/500 | Reward:  -86.0 | MSE: 0.1311 | C_Loss: 0.010 | A_Loss: 0.000 | Alpha: 0.0030
Train Ep: 027/500 | Reward:  -79.0 | MSE: 0.2116 | C_Loss: 0.012 | A_Loss: -0.000 | Alpha: 0.0029
Train Ep: 028/500 | Reward:   -6.0 | MSE: 0.2392 | C_Loss: 0.012 | A_Loss: 0.000 | Alpha: 0.0028
Train Ep: 029/500 | Reward:  -38.0 | MSE: 0.1988 | C_Loss: 0.007 | A_Loss: -0.001 | Alpha: 0.0027
Train Ep: 030/500 | Reward:  -61.0 | MSE: 0.2249 | C_Loss: 0.006 | A_Loss: -0.001 | Alpha: 0.0025
Train Ep: 031/500 | Reward:  -81.0 | MSE: 0.2345 | C_Loss: 0.007 | A_Loss: -0.000 | Alpha: 0.0024
Train Ep: 032/500 | Reward:  -13.0 | MSE: 0.2540 | C_Loss: 0.007 | A_Loss: 0.000 | Alpha: 0.0023
Train Ep: 033/500 | Reward:   -4.0 | MSE: 0.2307 | C_Loss: 0.005 | A_Loss: -0.000 | Alpha: 0.0022
Train Ep: 034/500 | Reward:  -27.0 | MSE: 0.2740 | C_Loss: 0.004 | A_Loss: -0.000 | Alpha: 0.0021
Train Ep: 035/500 | Reward:  -38.0 | MSE: 0.1717 | C_Loss: 0.004 | A_Loss: -0.000 | Alpha: 0.0020
Train Ep: 036/500 | Reward:   25.0 | MSE: 0.1850 | C_Loss: 0.005 | A_Loss: -0.000 | Alpha: 0.0019
Train Ep: 037/500 | Reward:  -59.0 | MSE: 0.1969 | C_Loss: 0.007 | A_Loss: -0.001 | Alpha: 0.0019
Train Ep: 038/500 | Reward:   16.0 | MSE: 0.1582 | C_Loss: 0.008 | A_Loss: -0.001 | Alpha: 0.0018
Train Ep: 039/500 | Reward:    0.0 | MSE: 0.2468 | C_Loss: 0.007 | A_Loss: -0.001 | Alpha: 0.0017
Train Ep: 040/500 | Reward:   13.0 | MSE: 0.2172 | C_Loss: 0.004 | A_Loss: -0.001 | Alpha: 0.0016
Train Ep: 041/500 | Reward:   -8.0 | MSE: 0.2563 | C_Loss: 0.005 | A_Loss: -0.001 | Alpha: 0.0015
Train Ep: 042/500 | Reward:   -1.0 | MSE: 0.2580 | C_Loss: 0.006 | A_Loss: 0.000 | Alpha: 0.0015
Train Ep: 043/500 | Reward:   11.0 | MSE: 0.2395 | C_Loss: 0.006 | A_Loss: -0.000 | Alpha: 0.0014
Train Ep: 044/500 | Reward:   -9.0 | MSE: 0.2769 | C_Loss: 0.005 | A_Loss: -0.000 | Alpha: 0.0014
Train Ep: 045/500 | Reward:   -2.0 | MSE: 0.1622 | C_Loss: 0.004 | A_Loss: -0.000 | Alpha: 0.0013
Train Ep: 046/500 | Reward:   24.0 | MSE: 0.1604 | C_Loss: 0.002 | A_Loss: -0.000 | Alpha: 0.0012
Train Ep: 047/500 | Reward:   13.0 | MSE: 0.2258 | C_Loss: 0.003 | A_Loss: -0.001 | Alpha: 0.0012
Train Ep: 048/500 | Reward:   10.0 | MSE: 0.1804 | C_Loss: 0.003 | A_Loss: -0.000 | Alpha: 0.0011
Train Ep: 049/500 | Reward:  -19.0 | MSE: 0.1770 | C_Loss: 0.004 | A_Loss: 0.000 | Alpha: 0.0011
Train Ep: 050/500 | Reward:  -79.0 | MSE: 0.1751 | C_Loss: 0.006 | A_Loss: 0.000 | Alpha: 0.0010
Train Ep: 051/500 | Reward:   28.0 | MSE: 0.1791 | C_Loss: 0.007 | A_Loss: 0.000 | Alpha: 0.0010
Train Ep: 052/500 | Reward:   -2.0 | MSE: 0.2512 | C_Loss: 0.006 | A_Loss: -0.001 | Alpha: 0.0009
Train Ep: 053/500 | Reward:  -27.0 | MSE: 0.1855 | C_Loss: 0.005 | A_Loss: -0.001 | Alpha: 0.0009
Train Ep: 054/500 | Reward:   31.0 | MSE: 0.2240 | C_Loss: 0.006 | A_Loss: -0.000 | Alpha: 0.0009
Train Ep: 055/500 | Reward:   -1.0 | MSE: 0.1494 | C_Loss: 0.005 | A_Loss: -0.001 | Alpha: 0.0008
Train Ep: 056/500 | Reward:  -11.0 | MSE: 0.2145 | C_Loss: 0.006 | A_Loss: 0.000 | Alpha: 0.0008
Train Ep: 057/500 | Reward:  -16.0 | MSE: 0.1438 | C_Loss: 0.006 | A_Loss: 0.000 | Alpha: 0.0008
Train Ep: 058/500 | Reward:  -14.0 | MSE: 0.1484 | C_Loss: 0.004 | A_Loss: 0.000 | Alpha: 0.0007
Train Ep: 059/500 | Reward:    2.0 | MSE: 0.1675 | C_Loss: 0.003 | A_Loss: -0.000 | Alpha: 0.0007
Train Ep: 060/500 | Reward:    8.0 | MSE: 0.2215 | C_Loss: 0.004 | A_Loss: -0.000 | Alpha: 0.0007
Train Ep: 061/500 | Reward:    8.0 | MSE: 0.1209 | C_Loss: 0.005 | A_Loss: -0.000 | Alpha: 0.0006
Train Ep: 062/500 | Reward:   -7.0 | MSE: 0.2132 | C_Loss: 0.005 | A_Loss: -0.002 | Alpha: 0.0006
Train Ep: 063/500 | Reward:   24.0 | MSE: 0.1759 | C_Loss: 0.005 | A_Loss: -0.000 | Alpha: 0.0006
Train Ep: 064/500 | Reward:  -16.0 | MSE: 0.1919 | C_Loss: 0.005 | A_Loss: -0.001 | Alpha: 0.0005
Train Ep: 065/500 | Reward:  -96.0 | MSE: 0.2007 | C_Loss: 0.008 | A_Loss: -0.001 | Alpha: 0.0005
Train Ep: 066/500 | Reward: -106.0 | MSE: 0.1335 | C_Loss: 0.011 | A_Loss: 0.001 | Alpha: 0.0005
Train Ep: 067/500 | Reward: -260.0 | MSE: 0.2623 | C_Loss: 0.016 | A_Loss: 0.003 | Alpha: 0.0005
Train Ep: 068/500 | Reward:  -14.0 | MSE: 0.1568 | C_Loss: 0.015 | A_Loss: 0.002 | Alpha: 0.0005
Train Ep: 069/500 | Reward:   14.0 | MSE: 0.3337 | C_Loss: 0.007 | A_Loss: 0.000 | Alpha: 0.0004
Train Ep: 070/500 | Reward:   17.0 | MSE: 0.2239 | C_Loss: 0.002 | A_Loss: -0.000 | Alpha: 0.0004
Train Ep: 071/500 | Reward:   16.0 | MSE: 0.2327 | C_Loss: 0.001 | A_Loss: -0.000 | Alpha: 0.0004
Train Ep: 072/500 | Reward:   -8.0 | MSE: 0.1766 | C_Loss: 0.001 | A_Loss: -0.000 | Alpha: 0.0004
Train Ep: 073/500 | Reward:   10.0 | MSE: 0.2134 | C_Loss: 0.001 | A_Loss: -0.000 | Alpha: 0.0004
Train Ep: 074/500 | Reward:    2.0 | MSE: 0.1910 | C_Loss: 0.001 | A_Loss: 0.000 | Alpha: 0.0004
Train Ep: 075/500 | Reward:   -5.0 | MSE: 0.3328 | C_Loss: 0.001 | A_Loss: -0.000 | Alpha: 0.0003
Train Ep: 076/500 | Reward:   12.0 | MSE: 0.2684 | C_Loss: 0.001 | A_Loss: -0.000 | Alpha: 0.0003
Train Ep: 077/500 | Reward:    2.0 | MSE: 0.2908 | C_Loss: 0.001 | A_Loss: -0.000 | Alpha: 0.0003
Train Ep: 078/500 | Reward:   26.0 | MSE: 0.1772 | C_Loss: 0.001 | A_Loss: -0.001 | Alpha: 0.0003
Train Ep: 079/500 | Reward:   33.0 | MSE: 0.1618 | C_Loss: 0.003 | A_Loss: -0.001 | Alpha: 0.0003
Train Ep: 080/500 | Reward:  -17.0 | MSE: 0.1803 | C_Loss: 0.007 | A_Loss: -0.001 | Alpha: 0.0003
Train Ep: 081/500 | Reward:  -10.0 | MSE: 0.2246 | C_Loss: 0.006 | A_Loss: -0.000 | Alpha: 0.0003
Train Ep: 082/500 | Reward:    1.0 | MSE: 0.1415 | C_Loss: 0.002 | A_Loss: -0.000 | Alpha: 0.0002
Train Ep: 083/500 | Reward:    7.0 | MSE: 0.2153 | C_Loss: 0.001 | A_Loss: 0.000 | Alpha: 0.0002
Train Ep: 084/500 | Reward:    3.0 | MSE: 0.2665 | C_Loss: 0.002 | A_Loss: 0.000 | Alpha: 0.0002
Train Ep: 085/500 | Reward:    6.0 | MSE: 0.2571 | C_Loss: 0.002 | A_Loss: -0.000 | Alpha: 0.0002
Train Ep: 086/500 | Reward:  -10.0 | MSE: 0.1620 | C_Loss: 0.002 | A_Loss: 0.000 | Alpha: 0.0002
Train Ep: 087/500 | Reward:    7.0 | MSE: 0.1847 | C_Loss: 0.001 | A_Loss: -0.000 | Alpha: 0.0002
Train Ep: 088/500 | Reward:   12.0 | MSE: 0.2579 | C_Loss: 0.001 | A_Loss: -0.000 | Alpha: 0.0002
Train Ep: 089/500 | Reward:   12.0 | MSE: 0.2037 | C_Loss: 0.001 | A_Loss: -0.000 | Alpha: 0.0002
Train Ep: 090/500 | Reward:    6.0 | MSE: 0.2182 | C_Loss: 0.001 | A_Loss: -0.000 | Alpha: 0.0002
Train Ep: 091/500 | Reward:   20.0 | MSE: 0.1975 | C_Loss: 0.001 | A_Loss: -0.000 | Alpha: 0.0002
Train Ep: 092/500 | Reward:   19.0 | MSE: 0.2452 | C_Loss: 0.002 | A_Loss: -0.001 | Alpha: 0.0002
Train Ep: 093/500 | Reward:   27.0 | MSE: 0.2547 | C_Loss: 0.002 | A_Loss: -0.000 | Alpha: 0.0002
Train Ep: 094/500 | Reward:   10.0 | MSE: 0.2866 | C_Loss: 0.001 | A_Loss: -0.001 | Alpha: 0.0001
Train Ep: 095/500 | Reward:   -7.0 | MSE: 0.1675 | C_Loss: 0.001 | A_Loss: -0.000 | Alpha: 0.0001
Train Ep: 096/500 | Reward:   13.0 | MSE: 0.2449 | C_Loss: 0.002 | A_Loss: -0.000 | Alpha: 0.0001
Train Ep: 097/500 | Reward:   -7.0 | MSE: 0.2582 | C_Loss: 0.005 | A_Loss: -0.001 | Alpha: 0.0001
Train Ep: 098/500 | Reward:  -43.0 | MSE: 0.2317 | C_Loss: 0.008 | A_Loss: 0.000 | Alpha: 0.0001
Train Ep: 099/500 | Reward:  -31.0 | MSE: 0.1569 | C_Loss: 0.010 | A_Loss: 0.002 | Alpha: 0.0001
Train Ep: 100/500 | Reward:   -1.0 | MSE: 0.2466 | C_Loss: 0.009 | A_Loss: 0.001 | Alpha: 0.0001
Train Ep: 101/500 | Reward:   18.0 | MSE: 0.1533 | C_Loss: 0.005 | A_Loss: -0.001 | Alpha: 0.0001
Train Ep: 102/500 | Reward:   14.0 | MSE: 0.1448 | C_Loss: 0.002 | A_Loss: -0.000 | Alpha: 0.0001
Train Ep: 103/500 | Reward:    4.0 | MSE: 0.1709 | C_Loss: 0.001 | A_Loss: -0.000 | Alpha: 0.0001
Train Ep: 104/500 | Reward:   -5.0 | MSE: 0.3066 | C_Loss: 0.001 | A_Loss: -0.000 | Alpha: 0.0001
Train Ep: 105/500 | Reward:   19.0 | MSE: 0.2408 | C_Loss: 0.001 | A_Loss: -0.000 | Alpha: 0.0001
Train Ep: 106/500 | Reward:    2.0 | MSE: 0.1914 | C_Loss: 0.001 | A_Loss: -0.000 | Alpha: 0.0001
Train Ep: 107/500 | Reward:    1.0 | MSE: 0.2150 | C_Loss: 0.001 | A_Loss: -0.000 | Alpha: 0.0001
Train Ep: 108/500 | Reward:    6.0 | MSE: 0.2400 | C_Loss: 0.001 | A_Loss: -0.000 | Alpha: 0.0001
Train Ep: 109/500 | Reward:   12.0 | MSE: 0.2783 | C_Loss: 0.001 | A_Loss: -0.000 | Alpha: 0.0001
Train Ep: 110/500 | Reward:    1.0 | MSE: 0.1461 | C_Loss: 0.001 | A_Loss: -0.000 | Alpha: 0.0001
Train Ep: 111/500 | Reward:   13.0 | MSE: 0.3069 | C_Loss: 0.001 | A_Loss: -0.000 | Alpha: 0.0001
Train Ep: 112/500 | Reward:   13.0 | MSE: 0.2005 | C_Loss: 0.000 | A_Loss: -0.000 | Alpha: 0.0001
Train Ep: 113/500 | Reward:   16.0 | MSE: 0.1845 | C_Loss: 0.001 | A_Loss: -0.001 | Alpha: 0.0001
Train Ep: 114/500 | Reward:   26.0 | MSE: 0.2258 | C_Loss: 0.004 | A_Loss: -0.001 | Alpha: 0.0001
Train Ep: 115/500 | Reward:  -34.0 | MSE: 0.2980 | C_Loss: 0.010 | A_Loss: 0.000 | Alpha: 0.0001
Train Ep: 116/500 | Reward:   -5.0 | MSE: 0.2126 | C_Loss: 0.007 | A_Loss: 0.000 | Alpha: 0.0001
Train Ep: 117/500 | Reward:    1.0 | MSE: 0.2783 | C_Loss: 0.000 | A_Loss: -0.000 | Alpha: 0.0001
Train Ep: 118/500 | Reward:   -1.0 | MSE: 0.1409 | C_Loss: 0.000 | A_Loss: 0.000 | Alpha: 0.0001
Train Ep: 119/500 | Reward:   -3.0 | MSE: 0.2032 | C_Loss: 0.000 | A_Loss: 0.000 | Alpha: 0.0001
Train Ep: 120/500 | Reward:  -12.0 | MSE: 0.3268 | C_Loss: 0.000 | A_Loss: 0.000 | Alpha: 0.0001
Train Ep: 121/500 | Reward:   13.0 | MSE: 0.1963 | C_Loss: 0.000 | A_Loss: 0.000 | Alpha: 0.0001
Train Ep: 122/500 | Reward:   16.0 | MSE: 0.1543 | C_Loss: 0.001 | A_Loss: 0.000 | Alpha: 0.0000
Train Ep: 123/500 | Reward:    4.0 | MSE: 0.2654 | C_Loss: 0.001 | A_Loss: -0.000 | Alpha: 0.0000
Train Ep: 124/500 | Reward:   14.0 | MSE: 0.1851 | C_Loss: 0.002 | A_Loss: -0.001 | Alpha: 0.0000
Train Ep: 125/500 | Reward:   59.0 | MSE: 0.1788 | C_Loss: 0.005 | A_Loss: -0.000 | Alpha: 0.0000
Train Ep: 126/500 | Reward:   54.0 | MSE: 0.2453 | C_Loss: 0.006 | A_Loss: -0.001 | Alpha: 0.0000
Train Ep: 127/500 | Reward:   34.0 | MSE: 0.2547 | C_Loss: 0.005 | A_Loss: -0.001 | Alpha: 0.0000
Train Ep: 128/500 | Reward:   78.0 | MSE: 0.2448 | C_Loss: 0.007 | A_Loss: -0.001 | Alpha: 0.0000
Train Ep: 129/500 | Reward:   65.0 | MSE: 0.1548 | C_Loss: 0.008 | A_Loss: -0.001 | Alpha: 0.0000
Train Ep: 130/500 | Reward:   56.0 | MSE: 0.2588 | C_Loss: 0.005 | A_Loss: -0.001 | Alpha: 0.0000
Train Ep: 131/500 | Reward:   51.0 | MSE: 0.2533 | C_Loss: 0.004 | A_Loss: -0.001 | Alpha: 0.0000
Train Ep: 132/500 | Reward:   63.0 | MSE: 0.1694 | C_Loss: 0.003 | A_Loss: -0.000 | Alpha: 0.0000
Train Ep: 133/500 | Reward:   37.0 | MSE: 0.1822 | C_Loss: 0.003 | A_Loss: -0.001 | Alpha: 0.0000
Train Ep: 134/500 | Reward:   47.0 | MSE: 0.2810 | C_Loss: 0.003 | A_Loss: -0.001 | Alpha: 0.0000
Train Ep: 135/500 | Reward:   25.0 | MSE: 0.2015 | C_Loss: 0.003 | A_Loss: -0.001 | Alpha: 0.0000
Train Ep: 136/500 | Reward:   46.0 | MSE: 0.2539 | C_Loss: 0.002 | A_Loss: -0.001 | Alpha: 0.0000
Train Ep: 137/500 | Reward:   36.0 | MSE: 0.2505 | C_Loss: 0.002 | A_Loss: -0.001 | Alpha: 0.0000
Train Ep: 138/500 | Reward:   26.0 | MSE: 0.2549 | C_Loss: 0.002 | A_Loss: -0.000 | Alpha: 0.0000
Train Ep: 139/500 | Reward:   24.0 | MSE: 0.2863 | C_Loss: 0.002 | A_Loss: -0.001 | Alpha: 0.0000
Train Ep: 140/500 | Reward:   28.0 | MSE: 0.1934 | C_Loss: 0.002 | A_Loss: -0.001 | Alpha: 0.0000
Train Ep: 141/500 | Reward:   70.0 | MSE: 0.3369 | C_Loss: 0.003 | A_Loss: -0.001 | Alpha: 0.0000
Train Ep: 142/500 | Reward:   44.0 | MSE: 0.2816 | C_Loss: 0.003 | A_Loss: -0.001 | Alpha: 0.0000
Train Ep: 143/500 | Reward:   23.0 | MSE: 0.2494 | C_Loss: 0.003 | A_Loss: -0.001 | Alpha: 0.0000
Train Ep: 144/500 | Reward:   19.0 | MSE: 0.3813 | C_Loss: 0.002 | A_Loss: -0.000 | Alpha: 0.0000
Train Ep: 145/500 | Reward:   15.0 | MSE: 0.2287 | C_Loss: 0.002 | A_Loss: -0.000 | Alpha: 0.0000
Train Ep: 146/500 | Reward:   21.0 | MSE: 0.2590 | C_Loss: 0.003 | A_Loss: -0.000 | Alpha: 0.0000
Train Ep: 147/500 | Reward:    2.0 | MSE: 0.1703 | C_Loss: 0.006 | A_Loss: -0.001 | Alpha: 0.0000
Train Ep: 148/500 | Reward:  -59.0 | MSE: 0.2182 | C_Loss: 0.009 | A_Loss: 0.000 | Alpha: 0.0000
Train Ep: 149/500 | Reward:  -40.0 | MSE: 0.2359 | C_Loss: 0.010 | A_Loss: 0.000 | Alpha: 0.0000
Train Ep: 150/500 | Reward:    4.0 | MSE: 0.1377 | C_Loss: 0.005 | A_Loss: 0.001 | Alpha: 0.0000
Train Ep: 151/500 | Reward:    5.0 | MSE: 0.1788 | C_Loss: 0.001 | A_Loss: -0.000 | Alpha: 0.0000
Train Ep: 152/500 | Reward:   12.0 | MSE: 0.2667 | C_Loss: 0.000 | A_Loss: -0.000 | Alpha: 0.0000
Train Ep: 153/500 | Reward:   11.0 | MSE: 0.2414 | C_Loss: 0.000 | A_Loss: -0.000 | Alpha: 0.0000
Train Ep: 154/500 | Reward:    3.0 | MSE: 0.1785 | C_Loss: 0.000 | A_Loss: -0.000 | Alpha: 0.0000
Train Ep: 155/500 | Reward:    0.0 | MSE: 0.2019 | C_Loss: 0.000 | A_Loss: -0.000 | Alpha: 0.0000
Train Ep: 156/500 | Reward:   -3.0 | MSE: 0.2541 | C_Loss: 0.000 | A_Loss: -0.000 | Alpha: 0.0000
Train Ep: 157/500 | Reward:   -2.0 | MSE: 0.2600 | C_Loss: 0.000 | A_Loss: 0.000 | Alpha: 0.0000
Train Ep: 158/500 | Reward:    5.0 | MSE: 0.2390 | C_Loss: 0.000 | A_Loss: 0.000 | Alpha: 0.0000
Train Ep: 159/500 | Reward:    7.0 | MSE: 0.2107 | C_Loss: 0.000 | A_Loss: -0.000 | Alpha: 0.0000
Train Ep: 160/500 | Reward:    1.0 | MSE: 0.3038 | C_Loss: 0.000 | A_Loss: -0.000 | Alpha: 0.0000
Train Ep: 161/500 | Reward:    4.0 | MSE: 0.2347 | C_Loss: 0.000 | A_Loss: -0.000 | Alpha: 0.0000
Train Ep: 162/500 | Reward:    2.0 | MSE: 0.2482 | C_Loss: 0.000 | A_Loss: -0.000 | Alpha: 0.0000
Train Ep: 163/500 | Reward:    1.0 | MSE: 0.1846 | C_Loss: 0.000 | A_Loss: -0.000 | Alpha: 0.0000
Train Ep: 164/500 | Reward:    0.0 | MSE: 0.1991 | C_Loss: 0.000 | A_Loss: -0.000 | Alpha: 0.0000
Train Ep: 165/500 | Reward:    0.0 | MSE: 0.2006 | C_Loss: 0.000 | A_Loss: -0.000 | Alpha: 0.0000
Train Ep: 166/500 | Reward:    8.0 | MSE: 0.1837 | C_Loss: 0.000 | A_Loss: -0.000 | Alpha: 0.0000
Train Ep: 167/500 | Reward:    0.0 | MSE: 0.2571 | C_Loss: 0.000 | A_Loss: 0.000 | Alpha: 0.0000
Train Ep: 168/500 | Reward:    2.0 | MSE: 0.3354 | C_Loss: 0.000 | A_Loss: -0.000 | Alpha: 0.0000
Train Ep: 169/500 | Reward:    6.0 | MSE: 0.2005 | C_Loss: 0.000 | A_Loss: -0.000 | Alpha: 0.0000
Train Ep: 170/500 | Reward:    5.0 | MSE: 0.2300 | C_Loss: 0.000 | A_Loss: -0.000 | Alpha: 0.0000
Train Ep: 171/500 | Reward:   24.0 | MSE: 0.2231 | C_Loss: 0.000 | A_Loss: -0.000 | Alpha: 0.0000
Train Ep: 172/500 | Reward:   27.0 | MSE: 0.2432 | C_Loss: 0.001 | A_Loss: -0.000 | Alpha: 0.0000
Train Ep: 173/500 | Reward:   45.0 | MSE: 0.1621 | C_Loss: 0.006 | A_Loss: -0.001 | Alpha: 0.0000
Train Ep: 174/500 | Reward:  -14.0 | MSE: 0.1154 | C_Loss: 0.013 | A_Loss: -0.000 | Alpha: 0.0000
Train Ep: 175/500 | Reward:   75.0 | MSE: 0.2031 | C_Loss: 0.009 | A_Loss: -0.001 | Alpha: 0.0000
Train Ep: 176/500 | Reward:   46.0 | MSE: 0.1820 | C_Loss: 0.003 | A_Loss: -0.002 | Alpha: 0.0000
Train Ep: 177/500 | Reward:   56.0 | MSE: 0.1482 | C_Loss: 0.004 | A_Loss: -0.001 | Alpha: 0.0000
Train Ep: 178/500 | Reward:   87.0 | MSE: 0.1707 | C_Loss: 0.004 | A_Loss: -0.002 | Alpha: 0.0000
Train Ep: 179/500 | Reward:   73.0 | MSE: 0.1459 | C_Loss: 0.005 | A_Loss: -0.001 | Alpha: 0.0000
Train Ep: 180/500 | Reward:   87.0 | MSE: 0.2015 | C_Loss: 0.005 | A_Loss: -0.002 | Alpha: 0.0000
Train Ep: 181/500 | Reward:   42.0 | MSE: 0.1977 | C_Loss: 0.004 | A_Loss: -0.001 | Alpha: 0.0000
Train Ep: 182/500 | Reward:   34.0 | MSE: 0.2624 | C_Loss: 0.003 | A_Loss: -0.001 | Alpha: 0.0000
Train Ep: 183/500 | Reward:   63.0 | MSE: 0.1992 | C_Loss: 0.004 | A_Loss: -0.001 | Alpha: 0.0000
Train Ep: 184/500 | Reward:   43.0 | MSE: 0.1593 | C_Loss: 0.004 | A_Loss: -0.001 | Alpha: 0.0000
Train Ep: 185/500 | Reward:   54.0 | MSE: 0.2544 | C_Loss: 0.003 | A_Loss: -0.001 | Alpha: 0.0000
Train Ep: 186/500 | Reward:   40.0 | MSE: 0.1745 | C_Loss: 0.003 | A_Loss: -0.001 | Alpha: 0.0000
Train Ep: 187/500 | Reward:   41.0 | MSE: 0.2071 | C_Loss: 0.002 | A_Loss: -0.001 | Alpha: 0.0000
Train Ep: 188/500 | Reward:   51.0 | MSE: 0.2057 | C_Loss: 0.002 | A_Loss: -0.001 | Alpha: 0.0000
Train Ep: 189/500 | Reward:   71.0 | MSE: 0.1668 | C_Loss: 0.003 | A_Loss: -0.001 | Alpha: 0.0000
Train Ep: 190/500 | Reward:   52.0 | MSE: 0.1851 | C_Loss: 0.003 | A_Loss: -0.002 | Alpha: 0.0000
Train Ep: 191/500 | Reward:   37.0 | MSE: 0.1355 | C_Loss: 0.003 | A_Loss: -0.001 | Alpha: 0.0000
Train Ep: 192/500 | Reward:   48.0 | MSE: 0.2913 | C_Loss: 0.002 | A_Loss: -0.000 | Alpha: 0.0000
Train Ep: 193/500 | Reward:   52.0 | MSE: 0.2819 | C_Loss: 0.003 | A_Loss: -0.001 | Alpha: 0.0000
Train Ep: 194/500 | Reward:   16.0 | MSE: 0.1391 | C_Loss: 0.005 | A_Loss: -0.001 | Alpha: 0.0000
Train Ep: 195/500 | Reward:   24.0 | MSE: 0.2247 | C_Loss: 0.006 | A_Loss: -0.001 | Alpha: 0.0000
Train Ep: 196/500 | Reward:    4.0 | MSE: 0.2084 | C_Loss: 0.004 | A_Loss: -0.001 | Alpha: 0.0000
Train Ep: 197/500 | Reward:   54.0 | MSE: 0.1882 | C_Loss: 0.003 | A_Loss: -0.001 | Alpha: 0.0000
Train Ep: 198/500 | Reward:   49.0 | MSE: 0.1738 | C_Loss: 0.003 | A_Loss: -0.001 | Alpha: 0.0000
Train Ep: 199/500 | Reward:   57.0 | MSE: 0.2043 | C_Loss: 0.003 | A_Loss: -0.001 | Alpha: 0.0000
Train Ep: 200/500 | Reward:   39.0 | MSE: 0.2472 | C_Loss: 0.003 | A_Loss: -0.001 | Alpha: 0.0000
Train Ep: 201/500 | Reward:   45.0 | MSE: 0.1689 | C_Loss: 0.003 | A_Loss: -0.000 | Alpha: 0.0000
Train Ep: 202/500 | Reward:   33.0 | MSE: 0.1975 | C_Loss: 0.003 | A_Loss: -0.001 | Alpha: 0.0000
Train Ep: 203/500 | Reward:   47.0 | MSE: 0.2100 | C_Loss: 0.003 | A_Loss: -0.001 | Alpha: 0.0000
Train Ep: 204/500 | Reward:   17.0 | MSE: 0.2154 | C_Loss: 0.003 | A_Loss: -0.001 | Alpha: 0.0000
Train Ep: 205/500 | Reward:   54.0 | MSE: 0.1743 | C_Loss: 0.002 | A_Loss: -0.001 | Alpha: 0.0000
Train Ep: 206/500 | Reward:   77.0 | MSE: 0.1851 | C_Loss: 0.003 | A_Loss: -0.001 | Alpha: 0.0000
Train Ep: 207/500 | Reward:   63.0 | MSE: 0.1580 | C_Loss: 0.004 | A_Loss: -0.001 | Alpha: 0.0000
Train Ep: 208/500 | Reward:  129.0 | MSE: 0.1982 | C_Loss: 0.006 | A_Loss: -0.002 | Alpha: 0.0000
  [!] Reward crossed 100! Unlocking Validation phase for the rest of training.
Train Ep: 209/500 | Reward:   27.0 | MSE: 0.1924 | C_Loss: 0.007 | A_Loss: -0.002 | Alpha: 0.0000
Train Ep: 210/500 | Reward:   66.0 | MSE: 0.1866 | C_Loss: 0.007 | A_Loss: -0.002 | Alpha: 0.0000
  [!] Running Isolated Validation (Pure CMA vs GNN)...
  -> Val Results: Pure Baseline Errors: 5222 | GNN Errors: 5002
  -> Relative Improvement: 4.213%
  *** New Best Model! Net Score improved from -inf to 0.04212945231711988 ***
[*] Models successfully saved to models/sac_gnn_64_best.pth
Train Ep: 211/500 | Reward:   62.0 | MSE: 0.1165 | C_Loss: 0.007 | A_Loss: -0.002 | Alpha: 0.0000
Train Ep: 212/500 | Reward:   65.0 | MSE: 0.2079 | C_Loss: 0.009 | A_Loss: -0.001 | Alpha: 0.0000
Train Ep: 213/500 | Reward:  -20.0 | MSE: 0.0893 | C_Loss: 0.016 | A_Loss: -0.002 | Alpha: 0.0000
Train Ep: 214/500 | Reward:   64.0 | MSE: 0.0863 | C_Loss: 0.018 | A_Loss: -0.001 | Alpha: 0.0000
Train Ep: 215/500 | Reward:    7.0 | MSE: 0.1836 | C_Loss: 0.013 | A_Loss: -0.001 | Alpha: 0.0000
  [!] Running Isolated Validation (Pure CMA vs GNN)...
  -> Val Results: Pure Baseline Errors: 5222 | GNN Errors: 5165
  -> Relative Improvement: 1.092%
Train Ep: 216/500 | Reward:   17.0 | MSE: 0.1307 | C_Loss: 0.011 | A_Loss: -0.001 | Alpha: 0.0000
Train Ep: 217/500 | Reward:   63.0 | MSE: 0.2513 | C_Loss: 0.011 | A_Loss: -0.000 | Alpha: 0.0000
Train Ep: 218/500 | Reward:   53.0 | MSE: 0.1528 | C_Loss: 0.006 | A_Loss: -0.001 | Alpha: 0.0000
Train Ep: 219/500 | Reward:  115.0 | MSE: 0.1017 | C_Loss: 0.006 | A_Loss: -0.001 | Alpha: 0.0000
Train Ep: 220/500 | Reward:   85.0 | MSE: 0.1479 | C_Loss: 0.009 | A_Loss: -0.002 | Alpha: 0.0000
  [!] Running Isolated Validation (Pure CMA vs GNN)...
  -> Val Results: Pure Baseline Errors: 5222 | GNN Errors: 4931
  -> Relative Improvement: 5.573%
  *** New Best Model! Net Score improved from 0.04212945231711988 to 0.05572577556491766 ***
[*] Models successfully saved to models/sac_gnn_64_best.pth
Train Ep: 221/500 | Reward:   82.0 | MSE: 0.2400 | C_Loss: 0.011 | A_Loss: -0.002 | Alpha: 0.0000
Train Ep: 222/500 | Reward:  104.0 | MSE: 0.0791 | C_Loss: 0.009 | A_Loss: -0.002 | Alpha: 0.0000
Train Ep: 223/500 | Reward:  127.0 | MSE: 0.1949 | C_Loss: 0.007 | A_Loss: -0.002 | Alpha: 0.0000
Train Ep: 224/500 | Reward:   96.0 | MSE: 0.1965 | C_Loss: 0.008 | A_Loss: -0.003 | Alpha: 0.0000
Train Ep: 225/500 | Reward:   74.0 | MSE: 0.1602 | C_Loss: 0.005 | A_Loss: -0.002 | Alpha: 0.0000
  [!] Running Isolated Validation (Pure CMA vs GNN)...
  -> Val Results: Pure Baseline Errors: 5222 | GNN Errors: 5019
  -> Relative Improvement: 3.887%
Train Ep: 226/500 | Reward:  121.0 | MSE: 0.1567 | C_Loss: 0.005 | A_Loss: -0.002 | Alpha: 0.0000
Train Ep: 227/500 | Reward:  102.0 | MSE: 0.2276 | C_Loss: 0.008 | A_Loss: -0.002 | Alpha: 0.0000
Train Ep: 228/500 | Reward:   55.0 | MSE: 0.1661 | C_Loss: 0.009 | A_Loss: -0.002 | Alpha: 0.0000
Train Ep: 229/500 | Reward:   64.0 | MSE: 0.2546 | C_Loss: 0.009 | A_Loss: -0.002 | Alpha: 0.0000
Train Ep: 230/500 | Reward:   80.0 | MSE: 0.1872 | C_Loss: 0.008 | A_Loss: -0.001 | Alpha: 0.0000
  [!] Running Isolated Validation (Pure CMA vs GNN)...
  -> Val Results: Pure Baseline Errors: 5222 | GNN Errors: 5043
  -> Relative Improvement: 3.428%
Train Ep: 231/500 | Reward:   73.0 | MSE: 0.2445 | C_Loss: 0.007 | A_Loss: -0.001 | Alpha: 0.0000
Train Ep: 232/500 | Reward:   78.0 | MSE: 0.1776 | C_Loss: 0.006 | A_Loss: -0.002 | Alpha: 0.0000
Train Ep: 233/500 | Reward:   51.0 | MSE: 0.1880 | C_Loss: 0.005 | A_Loss: -0.002 | Alpha: 0.0000
Train Ep: 234/500 | Reward:   75.0 | MSE: 0.2031 | C_Loss: 0.005 | A_Loss: -0.001 | Alpha: 0.0000
Train Ep: 235/500 | Reward:   50.0 | MSE: 0.2820 | C_Loss: 0.004 | A_Loss: -0.001 | Alpha: 0.0000
  [!] Running Isolated Validation (Pure CMA vs GNN)...
  -> Val Results: Pure Baseline Errors: 5222 | GNN Errors: 5073
  -> Relative Improvement: 2.853%
Train Ep: 236/500 | Reward:   41.0 | MSE: 0.1288 | C_Loss: 0.004 | A_Loss: -0.001 | Alpha: 0.0000
Train Ep: 237/500 | Reward:   47.0 | MSE: 0.2289 | C_Loss: 0.004 | A_Loss: -0.001 | Alpha: 0.0000
Train Ep: 238/500 | Reward:   32.0 | MSE: 0.2468 | C_Loss: 0.002 | A_Loss: -0.001 | Alpha: 0.0000
Train Ep: 239/500 | Reward:   81.0 | MSE: 0.1099 | C_Loss: 0.003 | A_Loss: -0.001 | Alpha: 0.0000
Train Ep: 240/500 | Reward:   89.0 | MSE: 0.1212 | C_Loss: 0.004 | A_Loss: -0.002 | Alpha: 0.0000
  [!] Running Isolated Validation (Pure CMA vs GNN)...
  -> Val Results: Pure Baseline Errors: 5222 | GNN Errors: 4933
  -> Relative Improvement: 5.534%
Train Ep: 241/500 | Reward:   52.0 | MSE: 0.1169 | C_Loss: 0.005 | A_Loss: -0.002 | Alpha: 0.0000
Train Ep: 242/500 | Reward:  117.0 | MSE: 0.2698 | C_Loss: 0.005 | A_Loss: -0.002 | Alpha: 0.0000
Train Ep: 243/500 | Reward:  125.0 | MSE: 0.2131 | C_Loss: 0.006 | A_Loss: -0.002 | Alpha: 0.0000
Train Ep: 244/500 | Reward:   26.0 | MSE: 0.1758 | C_Loss: 0.008 | A_Loss: -0.003 | Alpha: 0.0000
Train Ep: 245/500 | Reward:   86.0 | MSE: 0.2074 | C_Loss: 0.008 | A_Loss: -0.001 | Alpha: 0.0000
  [!] Running Isolated Validation (Pure CMA vs GNN)...
  -> Val Results: Pure Baseline Errors: 5222 | GNN Errors: 4931
  -> Relative Improvement: 5.573%
Train Ep: 246/500 | Reward:   85.0 | MSE: 0.1077 | C_Loss: 0.008 | A_Loss: -0.002 | Alpha: 0.0000
Train Ep: 247/500 | Reward:   69.0 | MSE: 0.0814 | C_Loss: 0.009 | A_Loss: -0.002 | Alpha: 0.0000
Train Ep: 248/500 | Reward:  128.0 | MSE: 0.3075 | C_Loss: 0.008 | A_Loss: -0.002 | Alpha: 0.0000
Train Ep: 249/500 | Reward:   68.0 | MSE: 0.1173 | C_Loss: 0.008 | A_Loss: -0.002 | Alpha: 0.0000
Train Ep: 250/500 | Reward:   69.0 | MSE: 0.2304 | C_Loss: 0.006 | A_Loss: -0.002 | Alpha: 0.0000
  [!] Running Isolated Validation (Pure CMA vs GNN)...
  -> Val Results: Pure Baseline Errors: 5222 | GNN Errors: 5002
  -> Relative Improvement: 4.213%
Train Ep: 251/500 | Reward:   66.0 | MSE: 0.1581 | C_Loss: 0.005 | A_Loss: -0.002 | Alpha: 0.0000
Train Ep: 252/500 | Reward:  122.0 | MSE: 0.2221 | C_Loss: 0.004 | A_Loss: -0.002 | Alpha: 0.0000
Train Ep: 253/500 | Reward:   85.0 | MSE: 0.2457 | C_Loss: 0.004 | A_Loss: -0.002 | Alpha: 0.0000
Train Ep: 254/500 | Reward:   65.0 | MSE: 0.0929 | C_Loss: 0.004 | A_Loss: -0.002 | Alpha: 0.0000
Train Ep: 255/500 | Reward:   54.0 | MSE: 0.3200 | C_Loss: 0.004 | A_Loss: -0.001 | Alpha: 0.0000
  [!] Running Isolated Validation (Pure CMA vs GNN)...
  -> Val Results: Pure Baseline Errors: 5222 | GNN Errors: 5209
  -> Relative Improvement: 0.249%
Train Ep: 256/500 | Reward:   29.0 | MSE: 0.2199 | C_Loss: 0.003 | A_Loss: -0.001 | Alpha: 0.0000
Train Ep: 257/500 | Reward:   62.0 | MSE: 0.1239 | C_Loss: 0.002 | A_Loss: -0.001 | Alpha: 0.0000
Train Ep: 258/500 | Reward:   44.0 | MSE: 0.1794 | C_Loss: 0.003 | A_Loss: -0.001 | Alpha: 0.0000
Train Ep: 259/500 | Reward:   19.0 | MSE: 0.1612 | C_Loss: 0.004 | A_Loss: -0.001 | Alpha: 0.0000
Train Ep: 260/500 | Reward:   22.0 | MSE: 0.3779 | C_Loss: 0.004 | A_Loss: -0.001 | Alpha: 0.0000
  [!] Running Isolated Validation (Pure CMA vs GNN)...
  -> Val Results: Pure Baseline Errors: 5222 | GNN Errors: 5214
  -> Relative Improvement: 0.153%
Train Ep: 261/500 | Reward:   15.0 | MSE: 0.2015 | C_Loss: 0.005 | A_Loss: -0.000 | Alpha: 0.0000
Train Ep: 262/500 | Reward:   60.0 | MSE: 0.2388 | C_Loss: 0.004 | A_Loss: -0.001 | Alpha: 0.0000
Train Ep: 263/500 | Reward:    8.0 | MSE: 0.1338 | C_Loss: 0.003 | A_Loss: -0.001 | Alpha: 0.0000
Train Ep: 264/500 | Reward:   52.0 | MSE: 0.2273 | C_Loss: 0.002 | A_Loss: -0.001 | Alpha: 0.0000
Train Ep: 265/500 | Reward:   23.0 | MSE: 0.1844 | C_Loss: 0.002 | A_Loss: -0.001 | Alpha: 0.0000
  [!] Running Isolated Validation (Pure CMA vs GNN)...
  -> Val Results: Pure Baseline Errors: 5222 | GNN Errors: 5199
  -> Relative Improvement: 0.440%
Train Ep: 266/500 | Reward:   30.0 | MSE: 0.2126 | C_Loss: 0.002 | A_Loss: -0.001 | Alpha: 0.0000
Train Ep: 267/500 | Reward:   41.0 | MSE: 0.2259 | C_Loss: 0.002 | A_Loss: -0.001 | Alpha: 0.0000
Train Ep: 268/500 | Reward:   30.0 | MSE: 0.1946 | C_Loss: 0.002 | A_Loss: -0.001 | Alpha: 0.0000
Train Ep: 269/500 | Reward:   40.0 | MSE: 0.2626 | C_Loss: 0.003 | A_Loss: -0.001 | Alpha: 0.0000
Train Ep: 270/500 | Reward:   47.0 | MSE: 0.1732 | C_Loss: 0.002 | A_Loss: -0.001 | Alpha: 0.0000
  [!] Running Isolated Validation (Pure CMA vs GNN)...
  -> Val Results: Pure Baseline Errors: 5222 | GNN Errors: 5165
  -> Relative Improvement: 1.092%
Train Ep: 271/500 | Reward:   20.0 | MSE: 0.1411 | C_Loss: 0.004 | A_Loss: -0.001 | Alpha: 0.0000
Train Ep: 272/500 | Reward:   -4.0 | MSE: 0.2683 | C_Loss: 0.004 | A_Loss: -0.001 | Alpha: 0.0000
Train Ep: 273/500 | Reward:   20.0 | MSE: 0.2458 | C_Loss: 0.002 | A_Loss: -0.000 | Alpha: 0.0000
Train Ep: 274/500 | Reward:   46.0 | MSE: 0.2859 | C_Loss: 0.002 | A_Loss: -0.000 | Alpha: 0.0000
Train Ep: 275/500 | Reward:   26.0 | MSE: 0.1976 | C_Loss: 0.003 | A_Loss: -0.001 | Alpha: 0.0000
  [!] Running Isolated Validation (Pure CMA vs GNN)...
  -> Val Results: Pure Baseline Errors: 5222 | GNN Errors: 5182
  -> Relative Improvement: 0.766%
Train Ep: 276/500 | Reward:   25.0 | MSE: 0.2348 | C_Loss: 0.003 | A_Loss: -0.001 | Alpha: 0.0000
Train Ep: 277/500 | Reward:   23.0 | MSE: 0.2011 | C_Loss: 0.004 | A_Loss: -0.000 | Alpha: 0.0000
Train Ep: 278/500 | Reward:   50.0 | MSE: 0.1159 | C_Loss: 0.005 | A_Loss: -0.001 | Alpha: 0.0000
Train Ep: 279/500 | Reward:   40.0 | MSE: 0.1897 | C_Loss: 0.005 | A_Loss: -0.001 | Alpha: 0.0000
Train Ep: 280/500 | Reward:   41.0 | MSE: 0.2542 | C_Loss: 0.004 | A_Loss: -0.001 | Alpha: 0.0000
  [!] Running Isolated Validation (Pure CMA vs GNN)...
  -> Val Results: Pure Baseline Errors: 5222 | GNN Errors: 5020
  -> Relative Improvement: 3.868%
Train Ep: 281/500 | Reward:   81.0 | MSE: 0.1973 | C_Loss: 0.005 | A_Loss: -0.001 | Alpha: 0.0000
Train Ep: 282/500 | Reward:   29.0 | MSE: 0.2468 | C_Loss: 0.008 | A_Loss: -0.001 | Alpha: 0.0000
Train Ep: 283/500 | Reward:   85.0 | MSE: 0.1733 | C_Loss: 0.007 | A_Loss: -0.002 | Alpha: 0.0000
Train Ep: 284/500 | Reward:   51.0 | MSE: 0.1958 | C_Loss: 0.005 | A_Loss: -0.002 | Alpha: 0.0000
Train Ep: 285/500 | Reward:   91.0 | MSE: 0.1367 | C_Loss: 0.004 | A_Loss: -0.001 | Alpha: 0.0000
  [!] Running Isolated Validation (Pure CMA vs GNN)...
  -> Val Results: Pure Baseline Errors: 5222 | GNN Errors: 4952
  -> Relative Improvement: 5.170%
Train Ep: 286/500 | Reward:  121.0 | MSE: 0.2570 | C_Loss: 0.005 | A_Loss: -0.002 | Alpha: 0.0000
Train Ep: 287/500 | Reward:   81.0 | MSE: 0.2485 | C_Loss: 0.007 | A_Loss: -0.002 | Alpha: 0.0000
Train Ep: 288/500 | Reward:  100.0 | MSE: 0.1178 | C_Loss: 0.006 | A_Loss: -0.002 | Alpha: 0.0000
Train Ep: 289/500 | Reward:  197.0 | MSE: 0.1707 | C_Loss: 0.010 | A_Loss: -0.003 | Alpha: 0.0000
Train Ep: 290/500 | Reward:  119.0 | MSE: 0.1900 | C_Loss: 0.012 | A_Loss: -0.003 | Alpha: 0.0000
  [!] Running Isolated Validation (Pure CMA vs GNN)...
  -> Val Results: Pure Baseline Errors: 5222 | GNN Errors: 5023
  -> Relative Improvement: 3.811%
Train Ep: 291/500 | Reward:   87.0 | MSE: 0.1172 | C_Loss: 0.009 | A_Loss: -0.003 | Alpha: 0.0000
Train Ep: 292/500 | Reward:   86.0 | MSE: 0.2187 | C_Loss: 0.006 | A_Loss: -0.002 | Alpha: 0.0000
Train Ep: 293/500 | Reward:  123.0 | MSE: 0.2046 | C_Loss: 0.005 | A_Loss: -0.002 | Alpha: 0.0000
Train Ep: 294/500 | Reward:   86.0 | MSE: 0.1868 | C_Loss: 0.006 | A_Loss: -0.002 | Alpha: 0.0000
Train Ep: 295/500 | Reward:  109.0 | MSE: 0.1340 | C_Loss: 0.007 | A_Loss: -0.002 | Alpha: 0.0000
  [!] Running Isolated Validation (Pure CMA vs GNN)...
  -> Val Results: Pure Baseline Errors: 5222 | GNN Errors: 5023
  -> Relative Improvement: 3.811%
Train Ep: 296/500 | Reward:  108.0 | MSE: 0.2919 | C_Loss: 0.007 | A_Loss: -0.002 | Alpha: 0.0000
Train Ep: 297/500 | Reward:   55.0 | MSE: 0.1705 | C_Loss: 0.007 | A_Loss: -0.002 | Alpha: 0.0000
Train Ep: 298/500 | Reward:   74.0 | MSE: 0.3539 | C_Loss: 0.005 | A_Loss: -0.002 | Alpha: 0.0000
Train Ep: 299/500 | Reward:   43.0 | MSE: 0.2141 | C_Loss: 0.004 | A_Loss: -0.001 | Alpha: 0.0000
Train Ep: 300/500 | Reward:   61.0 | MSE: 0.2237 | C_Loss: 0.003 | A_Loss: -0.001 | Alpha: 0.0000
  [!] Running Isolated Validation (Pure CMA vs GNN)...
  -> Val Results: Pure Baseline Errors: 5222 | GNN Errors: 5167
  -> Relative Improvement: 1.053%
Train Ep: 301/500 | Reward:   23.0 | MSE: 0.1784 | C_Loss: 0.003 | A_Loss: -0.001 | Alpha: 0.0000
Train Ep: 302/500 | Reward:    3.0 | MSE: 0.1939 | C_Loss: 0.002 | A_Loss: -0.000 | Alpha: 0.0000
Train Ep: 303/500 | Reward:   25.0 | MSE: 0.2304 | C_Loss: 0.001 | A_Loss: -0.000 | Alpha: 0.0000
Train Ep: 304/500 | Reward:   34.0 | MSE: 0.1658 | C_Loss: 0.001 | A_Loss: -0.000 | Alpha: 0.0000
Train Ep: 305/500 | Reward:   18.0 | MSE: 0.1756 | C_Loss: 0.001 | A_Loss: -0.000 | Alpha: 0.0000
  [!] Running Isolated Validation (Pure CMA vs GNN)...
  -> Val Results: Pure Baseline Errors: 5222 | GNN Errors: 5213
  -> Relative Improvement: 0.172%
Train Ep: 306/500 | Reward:   23.0 | MSE: 0.3099 | C_Loss: 0.001 | A_Loss: -0.000 | Alpha: 0.0000
Train Ep: 307/500 | Reward:   27.0 | MSE: 0.2213 | C_Loss: 0.001 | A_Loss: -0.001 | Alpha: 0.0000
Train Ep: 308/500 | Reward:   42.0 | MSE: 0.1071 | C_Loss: 0.001 | A_Loss: -0.001 | Alpha: 0.0000
Train Ep: 309/500 | Reward:   36.0 | MSE: 0.3170 | C_Loss: 0.002 | A_Loss: -0.001 | Alpha: 0.0000
Train Ep: 310/500 | Reward:   33.0 | MSE: 0.2804 | C_Loss: 0.002 | A_Loss: -0.001 | Alpha: 0.0000
  [!] Running Isolated Validation (Pure CMA vs GNN)...
  -> Val Results: Pure Baseline Errors: 5222 | GNN Errors: 5220
  -> Relative Improvement: 0.038%
Train Ep: 311/500 | Reward:   27.0 | MSE: 0.1964 | C_Loss: 0.002 | A_Loss: -0.000 | Alpha: 0.0000
Train Ep: 312/500 | Reward:   26.0 | MSE: 0.2590 | C_Loss: 0.002 | A_Loss: -0.000 | Alpha: 0.0000
Train Ep: 313/500 | Reward:    6.0 | MSE: 0.2051 | C_Loss: 0.002 | A_Loss: -0.001 | Alpha: 0.0000
Train Ep: 314/500 | Reward:   27.0 | MSE: 0.1621 | C_Loss: 0.002 | A_Loss: -0.000 | Alpha: 0.0000
Train Ep: 315/500 | Reward:   69.0 | MSE: 0.1907 | C_Loss: 0.002 | A_Loss: -0.001 | Alpha: 0.0000
  [!] Running Isolated Validation (Pure CMA vs GNN)...
  -> Val Results: Pure Baseline Errors: 5222 | GNN Errors: 5079
  -> Relative Improvement: 2.738%
Train Ep: 316/500 | Reward:   38.0 | MSE: 0.2432 | C_Loss: 0.005 | A_Loss: -0.001 | Alpha: 0.0000
Train Ep: 317/500 | Reward:   34.0 | MSE: 0.3682 | C_Loss: 0.009 | A_Loss: -0.001 | Alpha: 0.0000
Train Ep: 318/500 | Reward:   45.0 | MSE: 0.2008 | C_Loss: 0.010 | A_Loss: -0.001 | Alpha: 0.0000
Train Ep: 319/500 | Reward:  137.0 | MSE: 0.1066 | C_Loss: 0.008 | A_Loss: -0.002 | Alpha: 0.0000
Train Ep: 320/500 | Reward:   53.0 | MSE: 0.1621 | C_Loss: 0.009 | A_Loss: -0.002 | Alpha: 0.0000
  [!] Running Isolated Validation (Pure CMA vs GNN)...
  -> Val Results: Pure Baseline Errors: 5222 | GNN Errors: 4998
  -> Relative Improvement: 4.290%
Train Ep: 321/500 | Reward:  104.0 | MSE: 0.0905 | C_Loss: 0.011 | A_Loss: -0.002 | Alpha: 0.0000
Train Ep: 322/500 | Reward:  143.0 | MSE: 0.1521 | C_Loss: 0.011 | A_Loss: -0.001 | Alpha: 0.0000
Train Ep: 323/500 | Reward:   83.0 | MSE: 0.1159 | C_Loss: 0.011 | A_Loss: -0.002 | Alpha: 0.0000
Train Ep: 324/500 | Reward:   58.0 | MSE: 0.2036 | C_Loss: 0.010 | A_Loss: -0.002 | Alpha: 0.0000
Train Ep: 325/500 | Reward:  109.0 | MSE: 0.1696 | C_Loss: 0.011 | A_Loss: -0.002 | Alpha: 0.0000
  [!] Running Isolated Validation (Pure CMA vs GNN)...
  -> Val Results: Pure Baseline Errors: 5222 | GNN Errors: 4866
  -> Relative Improvement: 6.817%
  *** New Best Model! Net Score improved from 0.05572577556491766 to 0.06817311374952126 ***
[*] Models successfully saved to models/sac_gnn_64_best.pth
Train Ep: 326/500 | Reward:  -23.0 | MSE: 0.1187 | C_Loss: 0.015 | A_Loss: -0.003 | Alpha: 0.0000
Train Ep: 327/500 | Reward:   99.0 | MSE: 0.1900 | C_Loss: 0.013 | A_Loss: -0.002 | Alpha: 0.0000
Train Ep: 328/500 | Reward:   47.0 | MSE: 0.2644 | C_Loss: 0.010 | A_Loss: -0.002 | Alpha: 0.0000
Train Ep: 329/500 | Reward:   86.0 | MSE: 0.1790 | C_Loss: 0.008 | A_Loss: -0.002 | Alpha: 0.0000
Train Ep: 330/500 | Reward:   97.0 | MSE: 0.0678 | C_Loss: 0.011 | A_Loss: -0.002 | Alpha: 0.0000
  [!] Running Isolated Validation (Pure CMA vs GNN)...
  -> Val Results: Pure Baseline Errors: 5222 | GNN Errors: 4912
  -> Relative Improvement: 5.936%
Train Ep: 331/500 | Reward:   61.0 | MSE: 0.2136 | C_Loss: 0.009 | A_Loss: -0.002 | Alpha: 0.0000
Train Ep: 332/500 | Reward:  128.0 | MSE: 0.1988 | C_Loss: 0.009 | A_Loss: -0.001 | Alpha: 0.0000
Train Ep: 333/500 | Reward:   96.0 | MSE: 0.1654 | C_Loss: 0.009 | A_Loss: -0.002 | Alpha: 0.0000
Train Ep: 334/500 | Reward:  108.0 | MSE: 0.1391 | C_Loss: 0.009 | A_Loss: -0.002 | Alpha: 0.0000
Train Ep: 335/500 | Reward:   41.0 | MSE: 0.1640 | C_Loss: 0.009 | A_Loss: -0.001 | Alpha: 0.0000
  [!] Running Isolated Validation (Pure CMA vs GNN)...
  -> Val Results: Pure Baseline Errors: 5222 | GNN Errors: 4964
  -> Relative Improvement: 4.941%
Train Ep: 336/500 | Reward:   63.0 | MSE: 0.0806 | C_Loss: 0.009 | A_Loss: -0.001 | Alpha: 0.0000
Train Ep: 337/500 | Reward:   70.0 | MSE: 0.2495 | C_Loss: 0.011 | A_Loss: -0.001 | Alpha: 0.0000
Train Ep: 338/500 | Reward:   87.0 | MSE: 0.1249 | C_Loss: 0.011 | A_Loss: -0.001 | Alpha: 0.0000
Train Ep: 339/500 | Reward:  189.0 | MSE: 0.1747 | C_Loss: 0.011 | A_Loss: -0.002 | Alpha: 0.0000
Train Ep: 340/500 | Reward:    3.0 | MSE: 0.1673 | C_Loss: 0.012 | A_Loss: -0.002 | Alpha: 0.0000
  [!] Running Isolated Validation (Pure CMA vs GNN)...
  -> Val Results: Pure Baseline Errors: 5222 | GNN Errors: 4946
  -> Relative Improvement: 5.285%
Train Ep: 341/500 | Reward:  108.0 | MSE: 0.2488 | C_Loss: 0.014 | A_Loss: -0.002 | Alpha: 0.0000
Train Ep: 342/500 | Reward:   41.0 | MSE: 0.1988 | C_Loss: 0.013 | A_Loss: -0.002 | Alpha: 0.0000
Train Ep: 343/500 | Reward:  115.0 | MSE: 0.1521 | C_Loss: 0.015 | A_Loss: -0.002 | Alpha: 0.0000
Train Ep: 344/500 | Reward:  102.0 | MSE: 0.2082 | C_Loss: 0.011 | A_Loss: -0.002 | Alpha: 0.0000
Train Ep: 345/500 | Reward:  118.0 | MSE: 0.1234 | C_Loss: 0.008 | A_Loss: -0.002 | Alpha: 0.0000
  [!] Running Isolated Validation (Pure CMA vs GNN)...
  -> Val Results: Pure Baseline Errors: 5222 | GNN Errors: 4917
  -> Relative Improvement: 5.841%
Train Ep: 346/500 | Reward:  116.0 | MSE: 0.2546 | C_Loss: 0.010 | A_Loss: -0.002 | Alpha: 0.0000
Train Ep: 347/500 | Reward:  116.0 | MSE: 0.1252 | C_Loss: 0.014 | A_Loss: -0.003 | Alpha: 0.0000
Train Ep: 348/500 | Reward:   44.0 | MSE: 0.2295 | C_Loss: 0.013 | A_Loss: -0.002 | Alpha: 0.0000
Train Ep: 349/500 | Reward:  111.0 | MSE: 0.2088 | C_Loss: 0.013 | A_Loss: -0.002 | Alpha: 0.0000
Train Ep: 350/500 | Reward:   55.0 | MSE: 0.1305 | C_Loss: 0.012 | A_Loss: -0.002 | Alpha: 0.0000
  [!] Running Isolated Validation (Pure CMA vs GNN)...
  -> Val Results: Pure Baseline Errors: 5222 | GNN Errors: 5043
  -> Relative Improvement: 3.428%
Train Ep: 351/500 | Reward:   90.0 | MSE: 0.1392 | C_Loss: 0.013 | A_Loss: -0.001 | Alpha: 0.0000
Train Ep: 352/500 | Reward:   47.0 | MSE: 0.2792 | C_Loss: 0.015 | A_Loss: -0.001 | Alpha: 0.0001
Train Ep: 353/500 | Reward:   95.0 | MSE: 0.1536 | C_Loss: 0.014 | A_Loss: -0.001 | Alpha: 0.0001
Train Ep: 354/500 | Reward:   99.0 | MSE: 0.1618 | C_Loss: 0.013 | A_Loss: -0.001 | Alpha: 0.0001
Train Ep: 355/500 | Reward:   88.0 | MSE: 0.2084 | C_Loss: 0.011 | A_Loss: -0.002 | Alpha: 0.0001
  [!] Running Isolated Validation (Pure CMA vs GNN)...
  -> Val Results: Pure Baseline Errors: 5222 | GNN Errors: 4902
  -> Relative Improvement: 6.128%
Train Ep: 356/500 | Reward:   81.0 | MSE: 0.1186 | C_Loss: 0.013 | A_Loss: -0.001 | Alpha: 0.0001
Train Ep: 357/500 | Reward:  128.0 | MSE: 0.2437 | C_Loss: 0.014 | A_Loss: -0.002 | Alpha: 0.0001
Train Ep: 358/500 | Reward:   94.0 | MSE: 0.1853 | C_Loss: 0.017 | A_Loss: -0.002 | Alpha: 0.0001
Train Ep: 359/500 | Reward:  108.0 | MSE: 0.1738 | C_Loss: 0.019 | A_Loss: -0.003 | Alpha: 0.0001
Train Ep: 360/500 | Reward:  145.0 | MSE: 0.1860 | C_Loss: 0.015 | A_Loss: -0.002 | Alpha: 0.0001
  [!] Running Isolated Validation (Pure CMA vs GNN)...
  -> Val Results: Pure Baseline Errors: 5222 | GNN Errors: 4907
  -> Relative Improvement: 6.032%
Train Ep: 361/500 | Reward:   76.0 | MSE: 0.0873 | C_Loss: 0.010 | A_Loss: -0.002 | Alpha: 0.0001
Train Ep: 362/500 | Reward:   82.0 | MSE: 0.1515 | C_Loss: 0.007 | A_Loss: -0.002 | Alpha: 0.0001
Train Ep: 363/500 | Reward:   81.0 | MSE: 0.1610 | C_Loss: 0.009 | A_Loss: -0.001 | Alpha: 0.0001
Train Ep: 364/500 | Reward:   92.0 | MSE: 0.2691 | C_Loss: 0.009 | A_Loss: -0.002 | Alpha: 0.0001
Train Ep: 365/500 | Reward:   84.0 | MSE: 0.2405 | C_Loss: 0.009 | A_Loss: -0.002 | Alpha: 0.0001
  [!] Running Isolated Validation (Pure CMA vs GNN)...
  -> Val Results: Pure Baseline Errors: 5222 | GNN Errors: 4935
  -> Relative Improvement: 5.496%
Train Ep: 366/500 | Reward:   72.0 | MSE: 0.2701 | C_Loss: 0.011 | A_Loss: -0.002 | Alpha: 0.0001
Train Ep: 367/500 | Reward:   41.0 | MSE: 0.1479 | C_Loss: 0.011 | A_Loss: -0.002 | Alpha: 0.0001
Train Ep: 368/500 | Reward:  166.0 | MSE: 0.3269 | C_Loss: 0.011 | A_Loss: -0.001 | Alpha: 0.0001
Train Ep: 369/500 | Reward:   71.0 | MSE: 0.2064 | C_Loss: 0.013 | A_Loss: -0.002 | Alpha: 0.0001
Train Ep: 370/500 | Reward:   71.0 | MSE: 0.1302 | C_Loss: 0.010 | A_Loss: -0.002 | Alpha: 0.0001
  [!] Running Isolated Validation (Pure CMA vs GNN)...
  -> Val Results: Pure Baseline Errors: 5222 | GNN Errors: 4949
  -> Relative Improvement: 5.228%
Train Ep: 371/500 | Reward:  134.0 | MSE: 0.2154 | C_Loss: 0.010 | A_Loss: -0.002 | Alpha: 0.0001
Train Ep: 372/500 | Reward:  132.0 | MSE: 0.0937 | C_Loss: 0.009 | A_Loss: -0.002 | Alpha: 0.0001
Train Ep: 373/500 | Reward:   91.0 | MSE: 0.2962 | C_Loss: 0.009 | A_Loss: -0.003 | Alpha: 0.0001
Train Ep: 374/500 | Reward:   86.0 | MSE: 0.1453 | C_Loss: 0.008 | A_Loss: -0.002 | Alpha: 0.0001
Train Ep: 375/500 | Reward:   54.0 | MSE: 0.2114 | C_Loss: 0.010 | A_Loss: -0.001 | Alpha: 0.0001
  [!] Running Isolated Validation (Pure CMA vs GNN)...
  -> Val Results: Pure Baseline Errors: 5222 | GNN Errors: 4954
  -> Relative Improvement: 5.132%
Train Ep: 376/500 | Reward:   86.0 | MSE: 0.1901 | C_Loss: 0.010 | A_Loss: -0.002 | Alpha: 0.0001
Train Ep: 377/500 | Reward:   95.0 | MSE: 0.2333 | C_Loss: 0.012 | A_Loss: -0.002 | Alpha: 0.0001
Train Ep: 378/500 | Reward:   89.0 | MSE: 0.1323 | C_Loss: 0.012 | A_Loss: -0.002 | Alpha: 0.0001
Train Ep: 379/500 | Reward:   90.0 | MSE: 0.2066 | C_Loss: 0.009 | A_Loss: -0.001 | Alpha: 0.0001
Train Ep: 380/500 | Reward:  200.0 | MSE: 0.1438 | C_Loss: 0.010 | A_Loss: -0.002 | Alpha: 0.0001
  [!] Running Isolated Validation (Pure CMA vs GNN)...
  -> Val Results: Pure Baseline Errors: 5222 | GNN Errors: 4963
  -> Relative Improvement: 4.960%
Train Ep: 381/500 | Reward:  175.0 | MSE: 0.2003 | C_Loss: 0.012 | A_Loss: -0.003 | Alpha: 0.0001
Train Ep: 382/500 | Reward:  116.0 | MSE: 0.1650 | C_Loss: 0.012 | A_Loss: -0.003 | Alpha: 0.0001
Train Ep: 383/500 | Reward:   98.0 | MSE: 0.1758 | C_Loss: 0.010 | A_Loss: -0.002 | Alpha: 0.0001
Train Ep: 384/500 | Reward:  128.0 | MSE: 0.1767 | C_Loss: 0.010 | A_Loss: -0.002 | Alpha: 0.0001
Train Ep: 385/500 | Reward:   98.0 | MSE: 0.1362 | C_Loss: 0.009 | A_Loss: -0.003 | Alpha: 0.0001
  [!] Running Isolated Validation (Pure CMA vs GNN)...
  -> Val Results: Pure Baseline Errors: 5222 | GNN Errors: 4960
  -> Relative Improvement: 5.017%
Train Ep: 386/500 | Reward:  108.0 | MSE: 0.0909 | C_Loss: 0.007 | A_Loss: -0.003 | Alpha: 0.0001
Train Ep: 387/500 | Reward:  104.0 | MSE: 0.2147 | C_Loss: 0.008 | A_Loss: -0.002 | Alpha: 0.0001
Train Ep: 388/500 | Reward:   97.0 | MSE: 0.1463 | C_Loss: 0.010 | A_Loss: -0.002 | Alpha: 0.0001
Train Ep: 389/500 | Reward:  103.0 | MSE: 0.2794 | C_Loss: 0.010 | A_Loss: -0.002 | Alpha: 0.0001
Train Ep: 390/500 | Reward:   63.0 | MSE: 0.2675 | C_Loss: 0.010 | A_Loss: -0.002 | Alpha: 0.0001
  [!] Running Isolated Validation (Pure CMA vs GNN)...
  -> Val Results: Pure Baseline Errors: 5222 | GNN Errors: 4956
  -> Relative Improvement: 5.094%
Train Ep: 391/500 | Reward:  102.0 | MSE: 0.1372 | C_Loss: 0.009 | A_Loss: -0.002 | Alpha: 0.0001
Train Ep: 392/500 | Reward:  123.0 | MSE: 0.1638 | C_Loss: 0.008 | A_Loss: -0.002 | Alpha: 0.0001
Train Ep: 393/500 | Reward:   53.0 | MSE: 0.2602 | C_Loss: 0.007 | A_Loss: -0.002 | Alpha: 0.0001
Train Ep: 394/500 | Reward:   73.0 | MSE: 0.1551 | C_Loss: 0.007 | A_Loss: -0.002 | Alpha: 0.0001
Train Ep: 395/500 | Reward:   91.0 | MSE: 0.2187 | C_Loss: 0.007 | A_Loss: -0.002 | Alpha: 0.0001
  [!] Running Isolated Validation (Pure CMA vs GNN)...
  -> Val Results: Pure Baseline Errors: 5222 | GNN Errors: 5002
  -> Relative Improvement: 4.213%
Train Ep: 396/500 | Reward:   93.0 | MSE: 0.3099 | C_Loss: 0.008 | A_Loss: -0.001 | Alpha: 0.0001
Train Ep: 397/500 | Reward:   49.0 | MSE: 0.2899 | C_Loss: 0.006 | A_Loss: -0.002 | Alpha: 0.0001
Train Ep: 398/500 | Reward:   56.0 | MSE: 0.3732 | C_Loss: 0.005 | A_Loss: -0.001 | Alpha: 0.0001
Train Ep: 399/500 | Reward:   74.0 | MSE: 0.1977 | C_Loss: 0.004 | A_Loss: -0.001 | Alpha: 0.0001
Train Ep: 400/500 | Reward:   87.0 | MSE: 0.2570 | C_Loss: 0.004 | A_Loss: -0.001 | Alpha: 0.0001
  [!] Running Isolated Validation (Pure CMA vs GNN)...
  -> Val Results: Pure Baseline Errors: 5222 | GNN Errors: 5012
  -> Relative Improvement: 4.021%
Train Ep: 401/500 | Reward:   68.0 | MSE: 0.1849 | C_Loss: 0.005 | A_Loss: -0.001 | Alpha: 0.0001
Train Ep: 402/500 | Reward:   54.0 | MSE: 0.1497 | C_Loss: 0.004 | A_Loss: -0.001 | Alpha: 0.0001
Train Ep: 403/500 | Reward:   33.0 | MSE: 0.1888 | C_Loss: 0.003 | A_Loss: -0.001 | Alpha: 0.0001
Train Ep: 404/500 | Reward:   55.0 | MSE: 0.1578 | C_Loss: 0.002 | A_Loss: -0.001 | Alpha: 0.0001
Train Ep: 405/500 | Reward:   86.0 | MSE: 0.2449 | C_Loss: 0.003 | A_Loss: -0.001 | Alpha: 0.0001
  [!] Running Isolated Validation (Pure CMA vs GNN)...
  -> Val Results: Pure Baseline Errors: 5222 | GNN Errors: 4992
  -> Relative Improvement: 4.404%
Train Ep: 406/500 | Reward:   92.0 | MSE: 0.1585 | C_Loss: 0.004 | A_Loss: -0.002 | Alpha: 0.0001
Train Ep: 407/500 | Reward:   53.0 | MSE: 0.2105 | C_Loss: 0.003 | A_Loss: -0.002 | Alpha: 0.0001
Train Ep: 408/500 | Reward:   76.0 | MSE: 0.2504 | C_Loss: 0.003 | A_Loss: -0.002 | Alpha: 0.0001
Train Ep: 409/500 | Reward:   65.0 | MSE: 0.2228 | C_Loss: 0.003 | A_Loss: -0.001 | Alpha: 0.0001
Train Ep: 410/500 | Reward:   76.0 | MSE: 0.2629 | C_Loss: 0.003 | A_Loss: -0.002 | Alpha: 0.0001
  [!] Running Isolated Validation (Pure CMA vs GNN)...
  -> Val Results: Pure Baseline Errors: 5222 | GNN Errors: 5079
  -> Relative Improvement: 2.738%
Train Ep: 411/500 | Reward:   38.0 | MSE: 0.2335 | C_Loss: 0.004 | A_Loss: -0.001 | Alpha: 0.0001
Train Ep: 412/500 | Reward:  101.0 | MSE: 0.1713 | C_Loss: 0.005 | A_Loss: -0.000 | Alpha: 0.0001
Train Ep: 413/500 | Reward:   76.0 | MSE: 0.2902 | C_Loss: 0.006 | A_Loss: -0.002 | Alpha: 0.0001
Train Ep: 414/500 | Reward:   96.0 | MSE: 0.1866 | C_Loss: 0.005 | A_Loss: -0.002 | Alpha: 0.0001
Train Ep: 415/500 | Reward:   57.0 | MSE: 0.1851 | C_Loss: 0.005 | A_Loss: -0.002 | Alpha: 0.0001
  [!] Running Isolated Validation (Pure CMA vs GNN)...
  -> Val Results: Pure Baseline Errors: 5222 | GNN Errors: 5016
  -> Relative Improvement: 3.945%
Train Ep: 416/500 | Reward:   65.0 | MSE: 0.1711 | C_Loss: 0.006 | A_Loss: -0.001 | Alpha: 0.0001
Train Ep: 417/500 | Reward:   64.0 | MSE: 0.2087 | C_Loss: 0.004 | A_Loss: -0.001 | Alpha: 0.0001
Train Ep: 418/500 | Reward:   72.0 | MSE: 0.2486 | C_Loss: 0.005 | A_Loss: -0.001 | Alpha: 0.0001
Train Ep: 419/500 | Reward:   70.0 | MSE: 0.1890 | C_Loss: 0.006 | A_Loss: -0.001 | Alpha: 0.0001
Train Ep: 420/500 | Reward:   68.0 | MSE: 0.1762 | C_Loss: 0.006 | A_Loss: -0.001 | Alpha: 0.0001
  [!] Running Isolated Validation (Pure CMA vs GNN)...
  -> Val Results: Pure Baseline Errors: 5222 | GNN Errors: 5021
  -> Relative Improvement: 3.849%
Train Ep: 421/500 | Reward:   85.0 | MSE: 0.1106 | C_Loss: 0.005 | A_Loss: -0.001 | Alpha: 0.0001
Train Ep: 422/500 | Reward:   82.0 | MSE: 0.1797 | C_Loss: 0.005 | A_Loss: -0.001 | Alpha: 0.0001
Train Ep: 423/500 | Reward:   89.0 | MSE: 0.1578 | C_Loss: 0.005 | A_Loss: -0.002 | Alpha: 0.0001
Train Ep: 424/500 | Reward:   73.0 | MSE: 0.1194 | C_Loss: 0.006 | A_Loss: -0.002 | Alpha: 0.0001
Train Ep: 425/500 | Reward:   84.0 | MSE: 0.0735 | C_Loss: 0.007 | A_Loss: -0.001 | Alpha: 0.0001
  [!] Running Isolated Validation (Pure CMA vs GNN)...
  -> Val Results: Pure Baseline Errors: 5222 | GNN Errors: 4979
  -> Relative Improvement: 4.653%
Train Ep: 426/500 | Reward:   66.0 | MSE: 0.0996 | C_Loss: 0.008 | A_Loss: -0.001 | Alpha: 0.0001
Train Ep: 427/500 | Reward:   51.0 | MSE: 0.2379 | C_Loss: 0.009 | A_Loss: -0.001 | Alpha: 0.0001
Train Ep: 428/500 | Reward:   60.0 | MSE: 0.2040 | C_Loss: 0.010 | A_Loss: -0.001 | Alpha: 0.0001
Train Ep: 429/500 | Reward:   27.0 | MSE: 0.1457 | C_Loss: 0.010 | A_Loss: -0.001 | Alpha: 0.0001
Train Ep: 430/500 | Reward:   77.0 | MSE: 0.0752 | C_Loss: 0.007 | A_Loss: -0.001 | Alpha: 0.0001
  [!] Running Isolated Validation (Pure CMA vs GNN)...
  -> Val Results: Pure Baseline Errors: 5222 | GNN Errors: 4954
  -> Relative Improvement: 5.132%
Train Ep: 431/500 | Reward:   82.0 | MSE: 0.1900 | C_Loss: 0.006 | A_Loss: -0.001 | Alpha: 0.0000
Train Ep: 432/500 | Reward:   92.0 | MSE: 0.1928 | C_Loss: 0.006 | A_Loss: -0.002 | Alpha: 0.0000
Train Ep: 433/500 | Reward:  126.0 | MSE: 0.2797 | C_Loss: 0.006 | A_Loss: -0.002 | Alpha: 0.0000
Train Ep: 434/500 | Reward:   87.0 | MSE: 0.1492 | C_Loss: 0.007 | A_Loss: -0.002 | Alpha: 0.0000
Train Ep: 435/500 | Reward:  110.0 | MSE: 0.1896 | C_Loss: 0.007 | A_Loss: -0.002 | Alpha: 0.0000
  [!] Running Isolated Validation (Pure CMA vs GNN)...
  -> Val Results: Pure Baseline Errors: 5222 | GNN Errors: 5009
  -> Relative Improvement: 4.079%
Train Ep: 436/500 | Reward:   80.0 | MSE: 0.1730 | C_Loss: 0.006 | A_Loss: -0.002 | Alpha: 0.0000
Train Ep: 437/500 | Reward:   79.0 | MSE: 0.2038 | C_Loss: 0.006 | A_Loss: -0.002 | Alpha: 0.0000
Train Ep: 438/500 | Reward:   28.0 | MSE: 0.2789 | C_Loss: 0.006 | A_Loss: -0.001 | Alpha: 0.0000
Train Ep: 439/500 | Reward:   69.0 | MSE: 0.2632 | C_Loss: 0.004 | A_Loss: -0.001 | Alpha: 0.0000
Train Ep: 440/500 | Reward:   72.0 | MSE: 0.1793 | C_Loss: 0.004 | A_Loss: -0.001 | Alpha: 0.0000
  [!] Running Isolated Validation (Pure CMA vs GNN)...
  -> Val Results: Pure Baseline Errors: 5222 | GNN Errors: 4934
  -> Relative Improvement: 5.515%
Train Ep: 441/500 | Reward:   49.0 | MSE: 0.1061 | C_Loss: 0.005 | A_Loss: -0.001 | Alpha: 0.0000
Train Ep: 442/500 | Reward:   59.0 | MSE: 0.0606 | C_Loss: 0.008 | A_Loss: -0.001 | Alpha: 0.0000
Train Ep: 443/500 | Reward:  104.0 | MSE: 0.2560 | C_Loss: 0.010 | A_Loss: -0.002 | Alpha: 0.0000
Train Ep: 444/500 | Reward:   42.0 | MSE: 0.2589 | C_Loss: 0.007 | A_Loss: -0.002 | Alpha: 0.0000
Train Ep: 445/500 | Reward:   42.0 | MSE: 0.1512 | C_Loss: 0.004 | A_Loss: -0.001 | Alpha: 0.0000
  [!] Running Isolated Validation (Pure CMA vs GNN)...
  -> Val Results: Pure Baseline Errors: 5222 | GNN Errors: 5066
  -> Relative Improvement: 2.987%
Train Ep: 446/500 | Reward:   70.0 | MSE: 0.2491 | C_Loss: 0.003 | A_Loss: -0.001 | Alpha: 0.0000
Train Ep: 447/500 | Reward:   86.0 | MSE: 0.2772 | C_Loss: 0.004 | A_Loss: -0.001 | Alpha: 0.0000
Train Ep: 448/500 | Reward:   43.0 | MSE: 0.2500 | C_Loss: 0.004 | A_Loss: -0.001 | Alpha: 0.0000
Train Ep: 449/500 | Reward:   95.0 | MSE: 0.1018 | C_Loss: 0.004 | A_Loss: -0.001 | Alpha: 0.0000
Train Ep: 450/500 | Reward:   61.0 | MSE: 0.1855 | C_Loss: 0.004 | A_Loss: -0.001 | Alpha: 0.0000
  [!] Running Isolated Validation (Pure CMA vs GNN)...
  -> Val Results: Pure Baseline Errors: 5222 | GNN Errors: 5034
  -> Relative Improvement: 3.600%
Train Ep: 451/500 | Reward:   54.0 | MSE: 0.2074 | C_Loss: 0.004 | A_Loss: -0.001 | Alpha: 0.0001
Train Ep: 452/500 | Reward:   84.0 | MSE: 0.1666 | C_Loss: 0.004 | A_Loss: -0.001 | Alpha: 0.0001
Train Ep: 453/500 | Reward:   74.0 | MSE: 0.2454 | C_Loss: 0.004 | A_Loss: -0.002 | Alpha: 0.0001
Train Ep: 454/500 | Reward:   38.0 | MSE: 0.2569 | C_Loss: 0.003 | A_Loss: -0.002 | Alpha: 0.0001
Train Ep: 455/500 | Reward:   62.0 | MSE: 0.2439 | C_Loss: 0.003 | A_Loss: -0.001 | Alpha: 0.0001
  [!] Running Isolated Validation (Pure CMA vs GNN)...
  -> Val Results: Pure Baseline Errors: 5222 | GNN Errors: 5075
  -> Relative Improvement: 2.815%
Train Ep: 456/500 | Reward:   89.0 | MSE: 0.2034 | C_Loss: 0.003 | A_Loss: -0.001 | Alpha: 0.0001
Train Ep: 457/500 | Reward:   58.0 | MSE: 0.1553 | C_Loss: 0.004 | A_Loss: -0.001 | Alpha: 0.0001
Train Ep: 458/500 | Reward:   69.0 | MSE: 0.1767 | C_Loss: 0.004 | A_Loss: -0.001 | Alpha: 0.0001
Train Ep: 459/500 | Reward:   25.0 | MSE: 0.1914 | C_Loss: 0.005 | A_Loss: -0.002 | Alpha: 0.0001
Train Ep: 460/500 | Reward:   56.0 | MSE: 0.2730 | C_Loss: 0.005 | A_Loss: -0.001 | Alpha: 0.0001
  [!] Running Isolated Validation (Pure CMA vs GNN)...
  -> Val Results: Pure Baseline Errors: 5222 | GNN Errors: 5054
  -> Relative Improvement: 3.217%
Train Ep: 461/500 | Reward:   64.0 | MSE: 0.1900 | C_Loss: 0.005 | A_Loss: -0.001 | Alpha: 0.0001
Train Ep: 462/500 | Reward:   21.0 | MSE: 0.0898 | C_Loss: 0.003 | A_Loss: -0.001 | Alpha: 0.0001
Train Ep: 463/500 | Reward:   38.0 | MSE: 0.1308 | C_Loss: 0.002 | A_Loss: -0.001 | Alpha: 0.0001
Train Ep: 464/500 | Reward:   59.0 | MSE: 0.1841 | C_Loss: 0.003 | A_Loss: -0.001 | Alpha: 0.0001
Train Ep: 465/500 | Reward:   81.0 | MSE: 0.2774 | C_Loss: 0.004 | A_Loss: -0.001 | Alpha: 0.0001
  [!] Running Isolated Validation (Pure CMA vs GNN)...
  -> Val Results: Pure Baseline Errors: 5222 | GNN Errors: 4947
  -> Relative Improvement: 5.266%
Train Ep: 466/500 | Reward:  123.0 | MSE: 0.1285 | C_Loss: 0.006 | A_Loss: -0.001 | Alpha: 0.0001
Train Ep: 467/500 | Reward:   90.0 | MSE: 0.1987 | C_Loss: 0.008 | A_Loss: -0.001 | Alpha: 0.0001
Train Ep: 468/500 | Reward:   67.0 | MSE: 0.2060 | C_Loss: 0.008 | A_Loss: -0.002 | Alpha: 0.0001
Train Ep: 469/500 | Reward:  128.0 | MSE: 0.2064 | C_Loss: 0.008 | A_Loss: -0.002 | Alpha: 0.0001
Train Ep: 470/500 | Reward:   72.0 | MSE: 0.1328 | C_Loss: 0.010 | A_Loss: -0.002 | Alpha: 0.0001
  [!] Running Isolated Validation (Pure CMA vs GNN)...
  -> Val Results: Pure Baseline Errors: 5222 | GNN Errors: 4861
  -> Relative Improvement: 6.913%
  *** New Best Model! Net Score improved from 0.06817311374952126 to 0.06913060130218307 ***
[*] Models successfully saved to models/sac_gnn_64_best.pth
Train Ep: 471/500 | Reward:   -4.0 | MSE: 0.2180 | C_Loss: 0.012 | A_Loss: -0.002 | Alpha: 0.0001
Train Ep: 472/500 | Reward:   91.0 | MSE: 0.1597 | C_Loss: 0.012 | A_Loss: -0.001 | Alpha: 0.0001
Train Ep: 473/500 | Reward:   94.0 | MSE: 0.1568 | C_Loss: 0.010 | A_Loss: -0.002 | Alpha: 0.0001
Train Ep: 474/500 | Reward:  108.0 | MSE: 0.1013 | C_Loss: 0.006 | A_Loss: -0.002 | Alpha: 0.0001
Train Ep: 475/500 | Reward:  127.0 | MSE: 0.1765 | C_Loss: 0.006 | A_Loss: -0.002 | Alpha: 0.0001
  [!] Running Isolated Validation (Pure CMA vs GNN)...
  -> Val Results: Pure Baseline Errors: 5222 | GNN Errors: 4967
  -> Relative Improvement: 4.883%
Train Ep: 476/500 | Reward:   95.0 | MSE: 0.1295 | C_Loss: 0.007 | A_Loss: -0.003 | Alpha: 0.0001
Train Ep: 477/500 | Reward:   72.0 | MSE: 0.1381 | C_Loss: 0.007 | A_Loss: -0.002 | Alpha: 0.0001
Train Ep: 478/500 | Reward:  115.0 | MSE: 0.0935 | C_Loss: 0.006 | A_Loss: -0.001 | Alpha: 0.0001
Train Ep: 479/500 | Reward:   68.0 | MSE: 0.1851 | C_Loss: 0.006 | A_Loss: -0.002 | Alpha: 0.0001
Train Ep: 480/500 | Reward:   50.0 | MSE: 0.2925 | C_Loss: 0.008 | A_Loss: -0.001 | Alpha: 0.0001
  [!] Running Isolated Validation (Pure CMA vs GNN)...
  -> Val Results: Pure Baseline Errors: 5222 | GNN Errors: 5027
  -> Relative Improvement: 3.734%
Train Ep: 481/500 | Reward:  114.0 | MSE: 0.3170 | C_Loss: 0.008 | A_Loss: -0.001 | Alpha: 0.0001
Train Ep: 482/500 | Reward:  102.0 | MSE: 0.1910 | C_Loss: 0.007 | A_Loss: -0.001 | Alpha: 0.0001
Train Ep: 483/500 | Reward:  120.0 | MSE: 0.2278 | C_Loss: 0.006 | A_Loss: -0.002 | Alpha: 0.0001
Train Ep: 484/500 | Reward:   72.0 | MSE: 0.2865 | C_Loss: 0.005 | A_Loss: -0.002 | Alpha: 0.0001
Train Ep: 485/500 | Reward:   75.0 | MSE: 0.2544 | C_Loss: 0.005 | A_Loss: -0.001 | Alpha: 0.0001
  [!] Running Isolated Validation (Pure CMA vs GNN)...
  -> Val Results: Pure Baseline Errors: 5222 | GNN Errors: 5014
  -> Relative Improvement: 3.983%
Train Ep: 486/500 | Reward:   76.0 | MSE: 0.1675 | C_Loss: 0.005 | A_Loss: -0.002 | Alpha: 0.0001
Train Ep: 487/500 | Reward:  100.0 | MSE: 0.2499 | C_Loss: 0.004 | A_Loss: -0.001 | Alpha: 0.0001
Train Ep: 488/500 | Reward:   55.0 | MSE: 0.1426 | C_Loss: 0.004 | A_Loss: -0.001 | Alpha: 0.0002
Train Ep: 489/500 | Reward:   26.0 | MSE: 0.1514 | C_Loss: 0.003 | A_Loss: -0.001 | Alpha: 0.0002
Train Ep: 490/500 | Reward:   63.0 | MSE: 0.1619 | C_Loss: 0.003 | A_Loss: -0.001 | Alpha: 0.0002
  [!] Running Isolated Validation (Pure CMA vs GNN)...
  -> Val Results: Pure Baseline Errors: 5222 | GNN Errors: 5084
  -> Relative Improvement: 2.643%
Train Ep: 491/500 | Reward:   67.0 | MSE: 0.2735 | C_Loss: 0.003 | A_Loss: -0.001 | Alpha: 0.0002
Train Ep: 492/500 | Reward:   21.0 | MSE: 0.2766 | C_Loss: 0.002 | A_Loss: -0.001 | Alpha: 0.0002
Train Ep: 493/500 | Reward:   58.0 | MSE: 0.2622 | C_Loss: 0.002 | A_Loss: -0.001 | Alpha: 0.0002
Train Ep: 494/500 | Reward:   46.0 | MSE: 0.2087 | C_Loss: 0.003 | A_Loss: -0.001 | Alpha: 0.0002
Train Ep: 495/500 | Reward:   53.0 | MSE: 0.2340 | C_Loss: 0.003 | A_Loss: -0.001 | Alpha: 0.0002
  [!] Running Isolated Validation (Pure CMA vs GNN)...
  -> Val Results: Pure Baseline Errors: 5222 | GNN Errors: 5086
  -> Relative Improvement: 2.604%
Train Ep: 496/500 | Reward:   56.0 | MSE: 0.1329 | C_Loss: 0.004 | A_Loss: -0.001 | Alpha: 0.0002
Train Ep: 497/500 | Reward:   67.0 | MSE: 0.1599 | C_Loss: 0.005 | A_Loss: -0.001 | Alpha: 0.0002
Train Ep: 498/500 | Reward:   42.0 | MSE: 0.1727 | C_Loss: 0.005 | A_Loss: -0.001 | Alpha: 0.0001
Train Ep: 499/500 | Reward:   59.0 | MSE: 0.3455 | C_Loss: 0.005 | A_Loss: -0.001 | Alpha: 0.0001
Train Ep: 500/500 | Reward:   96.0 | MSE: 0.1927 | C_Loss: 0.006 | A_Loss: -0.001 | Alpha: 0.0001
  [!] Running Isolated Validation (Pure CMA vs GNN)...
  -> Val Results: Pure Baseline Errors: 5222 | GNN Errors: 5059
  -> Relative Improvement: 3.121%

Training complete in 64645.01 seconds.
[*] Models successfully saved to models/sac_gnn_64.pth
Training plots saved to 'plots/training_metrics_64.png'
[*] The best performing model during validation was saved to: models/sac_gnn_64_best.pth
Training run time = 64648.18 s
Job finished at: Wed May  6 09:52:26 CEST 2026
