Job started at: Sun May  3 23:10:10 CEST 2026
Starting Run 62: Burn-in | Gamma=0.0 | Layers=1 | M=30.0 | action_scale=5 | Using P.C. | lr=1e-5 | bs=128 | te=-1
SLURM Mode Received: 0
Execution Pipeline: ['train']
Loaded Configuration: {'mode': 0, 'model_path': 'models/sac_gnn_60.pth', 'training_metrics_filename': 'training_metrics_62.png', 'distance': 5, 'n_rounds': 5, 'p': 0.004, 'p_gate_zz': 0.0, 'mismatch': 30.0, 'n_shots': 65000, 'n_test_shots': 10000, 'burn_in_steps': 15000, 'bypass_threshold': 2, 'action_scale': 5.0, 'update_period': 1000, 'prior_shots': 1000, 'local_action_only': True, 'local_action_hops': 1, 'n_layers': 1, 'use_pearson_correlation': True, 'use_log_joint_prob': False, 'hidden_dim': 256, 'lr': 1e-05, 'gamma': 0.0, 'tau': 0.005, 'alpha': 0.01, 'target_entropy': -1.0, 'batch_size': 128, 'buffer_capacity': 100000, 'update_frequency': 100, 'train_episodes': 280, 'test_episodes': 20}

Initializing environment...

############################################################
### RUNNING MODE: TRAIN
############################################################

========================================
STARTING TRAINING (Episodes: 280)
========================================
Train Ep: 001/280 | Reward: -1750.0 | MSE: 0.2500 | C_Loss: 0.136 | A_Loss: 0.024 | Alpha: 0.0100
Train Ep: 002/280 | Reward: -1616.0 | MSE: 0.1392 | C_Loss: 0.126 | A_Loss: 0.028 | Alpha: 0.0099
Train Ep: 003/280 | Reward: -1213.0 | MSE: 0.1343 | C_Loss: 0.113 | A_Loss: 0.024 | Alpha: 0.0099
Train Ep: 004/280 | Reward: -951.0 | MSE: 0.1508 | C_Loss: 0.096 | A_Loss: 0.019 | Alpha: 0.0098
Train Ep: 005/280 | Reward: -1037.0 | MSE: 0.1723 | C_Loss: 0.086 | A_Loss: 0.016 | Alpha: 0.0098
Train Ep: 006/280 | Reward: -834.0 | MSE: 0.1537 | C_Loss: 0.077 | A_Loss: 0.014 | Alpha: 0.0097
Train Ep: 007/280 | Reward: -1019.0 | MSE: 0.1751 | C_Loss: 0.077 | A_Loss: 0.014 | Alpha: 0.0097
Train Ep: 008/280 | Reward: -350.0 | MSE: 0.0757 | C_Loss: 0.073 | A_Loss: 0.012 | Alpha: 0.0096
Train Ep: 009/280 | Reward: -484.0 | MSE: 0.2325 | C_Loss: 0.061 | A_Loss: 0.007 | Alpha: 0.0096
Train Ep: 010/280 | Reward: -200.0 | MSE: 0.1565 | C_Loss: 0.044 | A_Loss: 0.004 | Alpha: 0.0095
Train Ep: 011/280 | Reward: -279.0 | MSE: 0.1423 | C_Loss: 0.042 | A_Loss: 0.002 | Alpha: 0.0095
Train Ep: 012/280 | Reward: -132.0 | MSE: 0.2090 | C_Loss: 0.040 | A_Loss: 0.000 | Alpha: 0.0094
Train Ep: 013/280 | Reward: -133.0 | MSE: 0.1222 | C_Loss: 0.033 | A_Loss: -0.002 | Alpha: 0.0094
Train Ep: 014/280 | Reward: -119.0 | MSE: 0.1205 | C_Loss: 0.031 | A_Loss: -0.001 | Alpha: 0.0093
Train Ep: 015/280 | Reward: -219.0 | MSE: 0.1952 | C_Loss: 0.037 | A_Loss: -0.001 | Alpha: 0.0093
Train Ep: 016/280 | Reward:  -84.0 | MSE: 0.2157 | C_Loss: 0.037 | A_Loss: -0.001 | Alpha: 0.0092
Train Ep: 017/280 | Reward: -100.0 | MSE: 0.1636 | C_Loss: 0.027 | A_Loss: -0.002 | Alpha: 0.0092
Train Ep: 018/280 | Reward:  -65.0 | MSE: 0.2702 | C_Loss: 0.022 | A_Loss: -0.003 | Alpha: 0.0092
Train Ep: 019/280 | Reward:  -82.0 | MSE: 0.1624 | C_Loss: 0.023 | A_Loss: -0.003 | Alpha: 0.0091
Train Ep: 020/280 | Reward:  -91.0 | MSE: 0.1252 | C_Loss: 0.023 | A_Loss: -0.003 | Alpha: 0.0091
Train Ep: 021/280 | Reward: -107.0 | MSE: 0.2471 | C_Loss: 0.022 | A_Loss: -0.002 | Alpha: 0.0090
Train Ep: 022/280 | Reward: -133.0 | MSE: 0.2646 | C_Loss: 0.021 | A_Loss: -0.003 | Alpha: 0.0090
Train Ep: 023/280 | Reward: -128.0 | MSE: 0.2048 | C_Loss: 0.023 | A_Loss: -0.002 | Alpha: 0.0089
Train Ep: 024/280 | Reward: -136.0 | MSE: 0.1800 | C_Loss: 0.033 | A_Loss: -0.002 | Alpha: 0.0089
Train Ep: 025/280 | Reward: -167.0 | MSE: 0.2156 | C_Loss: 0.034 | A_Loss: -0.002 | Alpha: 0.0088
Train Ep: 026/280 | Reward:  -10.0 | MSE: 0.2244 | C_Loss: 0.029 | A_Loss: -0.002 | Alpha: 0.0088
Train Ep: 027/280 | Reward:  -24.0 | MSE: 0.2036 | C_Loss: 0.021 | A_Loss: -0.003 | Alpha: 0.0088
Train Ep: 028/280 | Reward:  -26.0 | MSE: 0.2257 | C_Loss: 0.019 | A_Loss: -0.004 | Alpha: 0.0087
Train Ep: 029/280 | Reward:  -80.0 | MSE: 0.1864 | C_Loss: 0.022 | A_Loss: -0.004 | Alpha: 0.0087
Train Ep: 030/280 | Reward: -110.0 | MSE: 0.1766 | C_Loss: 0.022 | A_Loss: -0.004 | Alpha: 0.0086
Train Ep: 031/280 | Reward: -150.0 | MSE: 0.2714 | C_Loss: 0.023 | A_Loss: -0.002 | Alpha: 0.0086
Train Ep: 032/280 | Reward: -118.0 | MSE: 0.2030 | C_Loss: 0.022 | A_Loss: -0.002 | Alpha: 0.0085
Train Ep: 033/280 | Reward: -124.0 | MSE: 0.2233 | C_Loss: 0.022 | A_Loss: -0.001 | Alpha: 0.0085
Train Ep: 034/280 | Reward: -120.0 | MSE: 0.2369 | C_Loss: 0.026 | A_Loss: -0.002 | Alpha: 0.0085
Train Ep: 035/280 | Reward:  -81.0 | MSE: 0.1320 | C_Loss: 0.024 | A_Loss: -0.003 | Alpha: 0.0084
Train Ep: 036/280 | Reward: -123.0 | MSE: 0.2184 | C_Loss: 0.024 | A_Loss: -0.003 | Alpha: 0.0084
Train Ep: 037/280 | Reward:  -50.0 | MSE: 0.2403 | C_Loss: 0.022 | A_Loss: -0.002 | Alpha: 0.0083
Train Ep: 038/280 | Reward:  -78.0 | MSE: 0.2444 | C_Loss: 0.022 | A_Loss: -0.003 | Alpha: 0.0083
Train Ep: 039/280 | Reward:  -91.0 | MSE: 0.2094 | C_Loss: 0.020 | A_Loss: -0.003 | Alpha: 0.0082
Train Ep: 040/280 | Reward: -172.0 | MSE: 0.1123 | C_Loss: 0.021 | A_Loss: -0.002 | Alpha: 0.0082
Train Ep: 041/280 | Reward:  -68.0 | MSE: 0.2202 | C_Loss: 0.026 | A_Loss: -0.002 | Alpha: 0.0082
Train Ep: 042/280 | Reward:  -86.0 | MSE: 0.1850 | C_Loss: 0.023 | A_Loss: -0.003 | Alpha: 0.0081
Train Ep: 043/280 | Reward:  -26.0 | MSE: 0.1373 | C_Loss: 0.022 | A_Loss: -0.003 | Alpha: 0.0081
Train Ep: 044/280 | Reward: -144.0 | MSE: 0.2276 | C_Loss: 0.020 | A_Loss: -0.003 | Alpha: 0.0080
Train Ep: 045/280 | Reward:  -40.0 | MSE: 0.1210 | C_Loss: 0.021 | A_Loss: -0.003 | Alpha: 0.0080
Train Ep: 046/280 | Reward:  -48.0 | MSE: 0.1691 | C_Loss: 0.021 | A_Loss: -0.003 | Alpha: 0.0080
Train Ep: 047/280 | Reward: -137.0 | MSE: 0.2249 | C_Loss: 0.020 | A_Loss: -0.003 | Alpha: 0.0079
Train Ep: 048/280 | Reward:  -72.0 | MSE: 0.1660 | C_Loss: 0.026 | A_Loss: -0.003 | Alpha: 0.0079
Train Ep: 049/280 | Reward:  -16.0 | MSE: 0.1053 | C_Loss: 0.027 | A_Loss: -0.003 | Alpha: 0.0078
Train Ep: 050/280 | Reward:  -69.0 | MSE: 0.1486 | C_Loss: 0.022 | A_Loss: -0.004 | Alpha: 0.0078
Train Ep: 051/280 | Reward:  -73.0 | MSE: 0.1641 | C_Loss: 0.017 | A_Loss: -0.003 | Alpha: 0.0078
Train Ep: 052/280 | Reward:  -23.0 | MSE: 0.2275 | C_Loss: 0.019 | A_Loss: -0.002 | Alpha: 0.0077
Train Ep: 053/280 | Reward:  -24.0 | MSE: 0.1780 | C_Loss: 0.016 | A_Loss: -0.003 | Alpha: 0.0077
Train Ep: 054/280 | Reward:  -96.0 | MSE: 0.2894 | C_Loss: 0.017 | A_Loss: -0.003 | Alpha: 0.0076
Train Ep: 055/280 | Reward:  -12.0 | MSE: 0.2551 | C_Loss: 0.019 | A_Loss: -0.003 | Alpha: 0.0076
Train Ep: 056/280 | Reward:  -95.0 | MSE: 0.2067 | C_Loss: 0.020 | A_Loss: -0.003 | Alpha: 0.0076
Train Ep: 057/280 | Reward:  -66.0 | MSE: 0.3235 | C_Loss: 0.024 | A_Loss: -0.002 | Alpha: 0.0075
Train Ep: 058/280 | Reward:  -29.0 | MSE: 0.1910 | C_Loss: 0.019 | A_Loss: -0.003 | Alpha: 0.0075
Train Ep: 059/280 | Reward:  -12.0 | MSE: 0.1628 | C_Loss: 0.013 | A_Loss: -0.003 | Alpha: 0.0075
Train Ep: 060/280 | Reward:  -34.0 | MSE: 0.2046 | C_Loss: 0.016 | A_Loss: -0.004 | Alpha: 0.0074
Train Ep: 061/280 | Reward:  -84.0 | MSE: 0.2181 | C_Loss: 0.018 | A_Loss: -0.002 | Alpha: 0.0074
Train Ep: 062/280 | Reward:  -15.0 | MSE: 0.2069 | C_Loss: 0.018 | A_Loss: -0.003 | Alpha: 0.0073
Train Ep: 063/280 | Reward:  -30.0 | MSE: 0.2462 | C_Loss: 0.016 | A_Loss: -0.003 | Alpha: 0.0073
Train Ep: 064/280 | Reward:  -53.0 | MSE: 0.2288 | C_Loss: 0.015 | A_Loss: -0.004 | Alpha: 0.0073
Train Ep: 065/280 | Reward:  -41.0 | MSE: 0.1755 | C_Loss: 0.015 | A_Loss: -0.003 | Alpha: 0.0072
Train Ep: 066/280 | Reward:  -54.0 | MSE: 0.3113 | C_Loss: 0.014 | A_Loss: -0.003 | Alpha: 0.0072
Train Ep: 067/280 | Reward:  -99.0 | MSE: 0.1477 | C_Loss: 0.015 | A_Loss: -0.002 | Alpha: 0.0072
Train Ep: 068/280 | Reward:  -68.0 | MSE: 0.2241 | C_Loss: 0.018 | A_Loss: -0.002 | Alpha: 0.0071
Train Ep: 069/280 | Reward:  -60.0 | MSE: 0.1736 | C_Loss: 0.020 | A_Loss: -0.002 | Alpha: 0.0071
Train Ep: 070/280 | Reward: -122.0 | MSE: 0.1963 | C_Loss: 0.023 | A_Loss: -0.002 | Alpha: 0.0071
Train Ep: 071/280 | Reward:  -25.0 | MSE: 0.0790 | C_Loss: 0.024 | A_Loss: -0.002 | Alpha: 0.0070
Train Ep: 072/280 | Reward:  -76.0 | MSE: 0.0869 | C_Loss: 0.022 | A_Loss: -0.003 | Alpha: 0.0070
Train Ep: 073/280 | Reward: -129.0 | MSE: 0.2297 | C_Loss: 0.020 | A_Loss: -0.003 | Alpha: 0.0070
Train Ep: 074/280 | Reward:  -31.0 | MSE: 0.2528 | C_Loss: 0.023 | A_Loss: -0.002 | Alpha: 0.0069
Train Ep: 075/280 | Reward:  -48.0 | MSE: 0.1747 | C_Loss: 0.021 | A_Loss: -0.002 | Alpha: 0.0069
Train Ep: 076/280 | Reward:   13.0 | MSE: 0.3079 | C_Loss: 0.019 | A_Loss: -0.004 | Alpha: 0.0069
Train Ep: 077/280 | Reward:    8.0 | MSE: 0.0958 | C_Loss: 0.016 | A_Loss: -0.004 | Alpha: 0.0068
Train Ep: 078/280 | Reward:  -66.0 | MSE: 0.2513 | C_Loss: 0.015 | A_Loss: -0.004 | Alpha: 0.0068
Train Ep: 079/280 | Reward:  -42.0 | MSE: 0.2465 | C_Loss: 0.018 | A_Loss: -0.003 | Alpha: 0.0068
Train Ep: 080/280 | Reward:  -31.0 | MSE: 0.2663 | C_Loss: 0.019 | A_Loss: -0.003 | Alpha: 0.0067
Train Ep: 081/280 | Reward:   -5.0 | MSE: 0.2296 | C_Loss: 0.019 | A_Loss: -0.003 | Alpha: 0.0067
Train Ep: 082/280 | Reward: -107.0 | MSE: 0.1596 | C_Loss: 0.018 | A_Loss: -0.003 | Alpha: 0.0066
Train Ep: 083/280 | Reward:  -17.0 | MSE: 0.1106 | C_Loss: 0.018 | A_Loss: -0.002 | Alpha: 0.0066
Train Ep: 084/280 | Reward:    8.0 | MSE: 0.2303 | C_Loss: 0.015 | A_Loss: -0.002 | Alpha: 0.0066
Train Ep: 085/280 | Reward:  -22.0 | MSE: 0.1589 | C_Loss: 0.014 | A_Loss: -0.002 | Alpha: 0.0066
Train Ep: 086/280 | Reward:  -51.0 | MSE: 0.2561 | C_Loss: 0.015 | A_Loss: -0.003 | Alpha: 0.0065
Train Ep: 087/280 | Reward:  -34.0 | MSE: 0.2143 | C_Loss: 0.017 | A_Loss: -0.002 | Alpha: 0.0065
Train Ep: 088/280 | Reward:   -9.0 | MSE: 0.2570 | C_Loss: 0.017 | A_Loss: -0.003 | Alpha: 0.0065
Train Ep: 089/280 | Reward:  -28.0 | MSE: 0.1795 | C_Loss: 0.013 | A_Loss: -0.003 | Alpha: 0.0064
Train Ep: 090/280 | Reward:  -26.0 | MSE: 0.1939 | C_Loss: 0.011 | A_Loss: -0.002 | Alpha: 0.0064
Train Ep: 091/280 | Reward:  -34.0 | MSE: 0.1500 | C_Loss: 0.016 | A_Loss: -0.003 | Alpha: 0.0064
Train Ep: 092/280 | Reward:  -64.0 | MSE: 0.1703 | C_Loss: 0.021 | A_Loss: -0.002 | Alpha: 0.0063
Train Ep: 093/280 | Reward:  -35.0 | MSE: 0.1844 | C_Loss: 0.024 | A_Loss: -0.002 | Alpha: 0.0063
Train Ep: 094/280 | Reward:   -9.0 | MSE: 0.2538 | C_Loss: 0.019 | A_Loss: -0.003 | Alpha: 0.0063
Train Ep: 095/280 | Reward:  -28.0 | MSE: 0.2397 | C_Loss: 0.018 | A_Loss: -0.004 | Alpha: 0.0062
Train Ep: 096/280 | Reward:  -90.0 | MSE: 0.2105 | C_Loss: 0.023 | A_Loss: -0.002 | Alpha: 0.0062
Train Ep: 097/280 | Reward:  -25.0 | MSE: 0.2132 | C_Loss: 0.023 | A_Loss: -0.002 | Alpha: 0.0062
Train Ep: 098/280 | Reward:  -85.0 | MSE: 0.2371 | C_Loss: 0.023 | A_Loss: -0.002 | Alpha: 0.0061
Train Ep: 099/280 | Reward:  -47.0 | MSE: 0.1260 | C_Loss: 0.024 | A_Loss: -0.002 | Alpha: 0.0061
Train Ep: 100/280 | Reward:  -84.0 | MSE: 0.1723 | C_Loss: 0.024 | A_Loss: -0.003 | Alpha: 0.0061
Train Ep: 101/280 | Reward:  -60.0 | MSE: 0.2123 | C_Loss: 0.021 | A_Loss: -0.003 | Alpha: 0.0060
Train Ep: 102/280 | Reward:  -24.0 | MSE: 0.1987 | C_Loss: 0.020 | A_Loss: -0.002 | Alpha: 0.0060
Train Ep: 103/280 | Reward:  -22.0 | MSE: 0.1960 | C_Loss: 0.017 | A_Loss: -0.002 | Alpha: 0.0060
Train Ep: 104/280 | Reward:  -53.0 | MSE: 0.2389 | C_Loss: 0.013 | A_Loss: -0.002 | Alpha: 0.0060
Train Ep: 105/280 | Reward:   14.0 | MSE: 0.1259 | C_Loss: 0.011 | A_Loss: -0.002 | Alpha: 0.0059
Train Ep: 106/280 | Reward:    7.0 | MSE: 0.2851 | C_Loss: 0.010 | A_Loss: -0.003 | Alpha: 0.0059
Train Ep: 107/280 | Reward:  -24.0 | MSE: 0.1656 | C_Loss: 0.008 | A_Loss: -0.003 | Alpha: 0.0059
Train Ep: 108/280 | Reward:  -19.0 | MSE: 0.1368 | C_Loss: 0.009 | A_Loss: -0.002 | Alpha: 0.0058
Train Ep: 109/280 | Reward:  -68.0 | MSE: 0.2370 | C_Loss: 0.010 | A_Loss: -0.003 | Alpha: 0.0058
Train Ep: 110/280 | Reward:  -16.0 | MSE: 0.2198 | C_Loss: 0.014 | A_Loss: -0.002 | Alpha: 0.0058
Train Ep: 111/280 | Reward:  -31.0 | MSE: 0.1538 | C_Loss: 0.014 | A_Loss: -0.002 | Alpha: 0.0058
Train Ep: 112/280 | Reward:   12.0 | MSE: 0.1800 | C_Loss: 0.012 | A_Loss: -0.002 | Alpha: 0.0057
Train Ep: 113/280 | Reward:  -28.0 | MSE: 0.1959 | C_Loss: 0.013 | A_Loss: -0.003 | Alpha: 0.0057
Train Ep: 114/280 | Reward:  -22.0 | MSE: 0.2661 | C_Loss: 0.014 | A_Loss: -0.002 | Alpha: 0.0057
Train Ep: 115/280 | Reward:  -56.0 | MSE: 0.2246 | C_Loss: 0.013 | A_Loss: -0.002 | Alpha: 0.0056
Train Ep: 116/280 | Reward:  -34.0 | MSE: 0.3419 | C_Loss: 0.016 | A_Loss: -0.002 | Alpha: 0.0056
Train Ep: 117/280 | Reward:    1.0 | MSE: 0.0903 | C_Loss: 0.016 | A_Loss: -0.003 | Alpha: 0.0056
Train Ep: 118/280 | Reward: -111.0 | MSE: 0.2089 | C_Loss: 0.018 | A_Loss: -0.002 | Alpha: 0.0056
Train Ep: 119/280 | Reward:  -29.0 | MSE: 0.1810 | C_Loss: 0.020 | A_Loss: -0.002 | Alpha: 0.0055
Train Ep: 120/280 | Reward:  -15.0 | MSE: 0.1642 | C_Loss: 0.014 | A_Loss: -0.002 | Alpha: 0.0055
Train Ep: 121/280 | Reward:    0.0 | MSE: 0.1803 | C_Loss: 0.011 | A_Loss: -0.003 | Alpha: 0.0055
Train Ep: 122/280 | Reward:   -6.0 | MSE: 0.1535 | C_Loss: 0.009 | A_Loss: -0.002 | Alpha: 0.0055
Train Ep: 123/280 | Reward:  -39.0 | MSE: 0.1760 | C_Loss: 0.009 | A_Loss: -0.002 | Alpha: 0.0054
Train Ep: 124/280 | Reward:   22.0 | MSE: 0.3254 | C_Loss: 0.011 | A_Loss: -0.003 | Alpha: 0.0054
Train Ep: 125/280 | Reward:  -28.0 | MSE: 0.2279 | C_Loss: 0.015 | A_Loss: -0.002 | Alpha: 0.0054
Train Ep: 126/280 | Reward:  -33.0 | MSE: 0.2010 | C_Loss: 0.016 | A_Loss: -0.003 | Alpha: 0.0053
Train Ep: 127/280 | Reward:  -23.0 | MSE: 0.2476 | C_Loss: 0.016 | A_Loss: -0.002 | Alpha: 0.0053
Train Ep: 128/280 | Reward:  -12.0 | MSE: 0.1414 | C_Loss: 0.015 | A_Loss: -0.002 | Alpha: 0.0053
Train Ep: 129/280 | Reward:  -19.0 | MSE: 0.1501 | C_Loss: 0.014 | A_Loss: -0.002 | Alpha: 0.0053
Train Ep: 130/280 | Reward:   -6.0 | MSE: 0.1728 | C_Loss: 0.014 | A_Loss: -0.002 | Alpha: 0.0052
Train Ep: 131/280 | Reward:   11.0 | MSE: 0.2614 | C_Loss: 0.013 | A_Loss: -0.003 | Alpha: 0.0052
Train Ep: 132/280 | Reward:  -17.0 | MSE: 0.2239 | C_Loss: 0.011 | A_Loss: -0.003 | Alpha: 0.0052
Train Ep: 133/280 | Reward:   -4.0 | MSE: 0.2751 | C_Loss: 0.013 | A_Loss: -0.003 | Alpha: 0.0052
Train Ep: 134/280 | Reward:  -13.0 | MSE: 0.2396 | C_Loss: 0.016 | A_Loss: -0.002 | Alpha: 0.0051
Train Ep: 135/280 | Reward:    4.0 | MSE: 0.2460 | C_Loss: 0.017 | A_Loss: -0.003 | Alpha: 0.0051
Train Ep: 136/280 | Reward:  -40.0 | MSE: 0.2632 | C_Loss: 0.016 | A_Loss: -0.003 | Alpha: 0.0051
Train Ep: 137/280 | Reward:  -43.0 | MSE: 0.2283 | C_Loss: 0.017 | A_Loss: -0.002 | Alpha: 0.0051
Train Ep: 138/280 | Reward:  -11.0 | MSE: 0.1358 | C_Loss: 0.019 | A_Loss: -0.001 | Alpha: 0.0050
Train Ep: 139/280 | Reward:  -26.0 | MSE: 0.1891 | C_Loss: 0.017 | A_Loss: -0.002 | Alpha: 0.0050
Train Ep: 140/280 | Reward:  -94.0 | MSE: 0.1742 | C_Loss: 0.015 | A_Loss: -0.002 | Alpha: 0.0050
Train Ep: 141/280 | Reward:  -32.0 | MSE: 0.2159 | C_Loss: 0.021 | A_Loss: -0.002 | Alpha: 0.0050
Train Ep: 142/280 | Reward:  -20.0 | MSE: 0.1552 | C_Loss: 0.020 | A_Loss: -0.002 | Alpha: 0.0049
Train Ep: 143/280 | Reward:  -21.0 | MSE: 0.1490 | C_Loss: 0.015 | A_Loss: -0.002 | Alpha: 0.0049
Train Ep: 144/280 | Reward:  -30.0 | MSE: 0.2182 | C_Loss: 0.016 | A_Loss: -0.002 | Alpha: 0.0049
Train Ep: 145/280 | Reward:   29.0 | MSE: 0.1767 | C_Loss: 0.015 | A_Loss: -0.002 | Alpha: 0.0049
Train Ep: 146/280 | Reward:    5.0 | MSE: 0.1795 | C_Loss: 0.016 | A_Loss: -0.002 | Alpha: 0.0048
Train Ep: 147/280 | Reward:  -31.0 | MSE: 0.1620 | C_Loss: 0.014 | A_Loss: -0.003 | Alpha: 0.0048
Train Ep: 148/280 | Reward:   46.0 | MSE: 0.1764 | C_Loss: 0.013 | A_Loss: -0.002 | Alpha: 0.0048
Train Ep: 149/280 | Reward:  -20.0 | MSE: 0.2344 | C_Loss: 0.015 | A_Loss: -0.003 | Alpha: 0.0048
Train Ep: 150/280 | Reward:   -9.0 | MSE: 0.2569 | C_Loss: 0.018 | A_Loss: -0.002 | Alpha: 0.0047
Train Ep: 151/280 | Reward:  -10.0 | MSE: 0.3322 | C_Loss: 0.017 | A_Loss: -0.002 | Alpha: 0.0047
Train Ep: 152/280 | Reward:  -45.0 | MSE: 0.2047 | C_Loss: 0.017 | A_Loss: -0.002 | Alpha: 0.0047
Train Ep: 153/280 | Reward:   22.0 | MSE: 0.2465 | C_Loss: 0.018 | A_Loss: -0.002 | Alpha: 0.0047
Train Ep: 154/280 | Reward:  -35.0 | MSE: 0.3209 | C_Loss: 0.013 | A_Loss: -0.002 | Alpha: 0.0047
Train Ep: 155/280 | Reward:   17.0 | MSE: 0.2353 | C_Loss: 0.012 | A_Loss: -0.002 | Alpha: 0.0046
Train Ep: 156/280 | Reward:   11.0 | MSE: 0.1939 | C_Loss: 0.013 | A_Loss: -0.002 | Alpha: 0.0046
Train Ep: 157/280 | Reward:    6.0 | MSE: 0.1981 | C_Loss: 0.012 | A_Loss: -0.002 | Alpha: 0.0046
Train Ep: 158/280 | Reward:  -13.0 | MSE: 0.3062 | C_Loss: 0.011 | A_Loss: -0.003 | Alpha: 0.0046
Train Ep: 159/280 | Reward:   -1.0 | MSE: 0.1792 | C_Loss: 0.010 | A_Loss: -0.002 | Alpha: 0.0045
Train Ep: 160/280 | Reward:  -19.0 | MSE: 0.2185 | C_Loss: 0.009 | A_Loss: -0.002 | Alpha: 0.0045
Train Ep: 161/280 | Reward:   -8.0 | MSE: 0.2222 | C_Loss: 0.012 | A_Loss: -0.002 | Alpha: 0.0045
Train Ep: 162/280 | Reward:  -13.0 | MSE: 0.1657 | C_Loss: 0.013 | A_Loss: -0.002 | Alpha: 0.0045
Train Ep: 163/280 | Reward:   -5.0 | MSE: 0.1259 | C_Loss: 0.016 | A_Loss: -0.002 | Alpha: 0.0044
Train Ep: 164/280 | Reward:  -34.0 | MSE: 0.2385 | C_Loss: 0.015 | A_Loss: -0.002 | Alpha: 0.0044
Train Ep: 165/280 | Reward:  -34.0 | MSE: 0.3305 | C_Loss: 0.015 | A_Loss: -0.002 | Alpha: 0.0044
Train Ep: 166/280 | Reward:  -12.0 | MSE: 0.2680 | C_Loss: 0.016 | A_Loss: -0.002 | Alpha: 0.0044
Train Ep: 167/280 | Reward:  -25.0 | MSE: 0.2460 | C_Loss: 0.018 | A_Loss: -0.002 | Alpha: 0.0044
Train Ep: 168/280 | Reward:    7.0 | MSE: 0.1961 | C_Loss: 0.020 | A_Loss: -0.002 | Alpha: 0.0043
Train Ep: 169/280 | Reward:  -65.0 | MSE: 0.1624 | C_Loss: 0.016 | A_Loss: -0.002 | Alpha: 0.0043
Train Ep: 170/280 | Reward:  -42.0 | MSE: 0.1214 | C_Loss: 0.015 | A_Loss: -0.001 | Alpha: 0.0043
Train Ep: 171/280 | Reward:    4.0 | MSE: 0.1918 | C_Loss: 0.017 | A_Loss: -0.001 | Alpha: 0.0043
Train Ep: 172/280 | Reward:  -31.0 | MSE: 0.1587 | C_Loss: 0.016 | A_Loss: -0.002 | Alpha: 0.0043
Train Ep: 173/280 | Reward:  -40.0 | MSE: 0.2074 | C_Loss: 0.019 | A_Loss: -0.002 | Alpha: 0.0042
Train Ep: 174/280 | Reward:  -15.0 | MSE: 0.2084 | C_Loss: 0.019 | A_Loss: -0.002 | Alpha: 0.0042
Train Ep: 175/280 | Reward:  -43.0 | MSE: 0.1680 | C_Loss: 0.020 | A_Loss: -0.001 | Alpha: 0.0042
Train Ep: 176/280 | Reward:   -6.0 | MSE: 0.1224 | C_Loss: 0.018 | A_Loss: -0.001 | Alpha: 0.0042
Train Ep: 177/280 | Reward:  -11.0 | MSE: 0.2052 | C_Loss: 0.017 | A_Loss: -0.001 | Alpha: 0.0041
Train Ep: 178/280 | Reward:   -6.0 | MSE: 0.1339 | C_Loss: 0.014 | A_Loss: -0.002 | Alpha: 0.0041
Train Ep: 179/280 | Reward:  -59.0 | MSE: 0.1895 | C_Loss: 0.016 | A_Loss: -0.002 | Alpha: 0.0041
Train Ep: 180/280 | Reward:    1.0 | MSE: 0.1563 | C_Loss: 0.017 | A_Loss: -0.001 | Alpha: 0.0041
Train Ep: 181/280 | Reward:   -7.0 | MSE: 0.2725 | C_Loss: 0.014 | A_Loss: -0.002 | Alpha: 0.0041
Train Ep: 182/280 | Reward:   -6.0 | MSE: 0.2671 | C_Loss: 0.010 | A_Loss: -0.002 | Alpha: 0.0040
Train Ep: 183/280 | Reward:   -7.0 | MSE: 0.2020 | C_Loss: 0.011 | A_Loss: -0.002 | Alpha: 0.0040
Train Ep: 184/280 | Reward:  -18.0 | MSE: 0.1892 | C_Loss: 0.010 | A_Loss: -0.002 | Alpha: 0.0040
Train Ep: 185/280 | Reward:    2.0 | MSE: 0.1814 | C_Loss: 0.010 | A_Loss: -0.002 | Alpha: 0.0040
Train Ep: 186/280 | Reward:  -22.0 | MSE: 0.1978 | C_Loss: 0.011 | A_Loss: -0.002 | Alpha: 0.0040
Train Ep: 187/280 | Reward:  -16.0 | MSE: 0.2417 | C_Loss: 0.013 | A_Loss: -0.002 | Alpha: 0.0039
Train Ep: 188/280 | Reward:   12.0 | MSE: 0.2906 | C_Loss: 0.012 | A_Loss: -0.001 | Alpha: 0.0039
Train Ep: 189/280 | Reward:    0.0 | MSE: 0.1928 | C_Loss: 0.009 | A_Loss: -0.001 | Alpha: 0.0039
Train Ep: 190/280 | Reward:    4.0 | MSE: 0.1745 | C_Loss: 0.007 | A_Loss: -0.002 | Alpha: 0.0039
Train Ep: 191/280 | Reward:  -15.0 | MSE: 0.3019 | C_Loss: 0.006 | A_Loss: -0.002 | Alpha: 0.0039
Train Ep: 192/280 | Reward:  -33.0 | MSE: 0.1813 | C_Loss: 0.008 | A_Loss: -0.001 | Alpha: 0.0039
Train Ep: 193/280 | Reward:  -73.0 | MSE: 0.2606 | C_Loss: 0.012 | A_Loss: -0.001 | Alpha: 0.0038
Train Ep: 194/280 | Reward:  -19.0 | MSE: 0.1897 | C_Loss: 0.013 | A_Loss: -0.001 | Alpha: 0.0038
Train Ep: 195/280 | Reward:   17.0 | MSE: 0.2460 | C_Loss: 0.015 | A_Loss: -0.001 | Alpha: 0.0038
Train Ep: 196/280 | Reward:  -27.0 | MSE: 0.3031 | C_Loss: 0.017 | A_Loss: -0.002 | Alpha: 0.0038
Train Ep: 197/280 | Reward:   13.0 | MSE: 0.2087 | C_Loss: 0.021 | A_Loss: -0.001 | Alpha: 0.0038
Train Ep: 198/280 | Reward:   22.0 | MSE: 0.2297 | C_Loss: 0.019 | A_Loss: -0.001 | Alpha: 0.0037
Train Ep: 199/280 | Reward:    9.0 | MSE: 0.1891 | C_Loss: 0.014 | A_Loss: -0.002 | Alpha: 0.0037
Train Ep: 200/280 | Reward:  -28.0 | MSE: 0.3392 | C_Loss: 0.013 | A_Loss: -0.002 | Alpha: 0.0037
Train Ep: 201/280 | Reward:  -23.0 | MSE: 0.2028 | C_Loss: 0.014 | A_Loss: -0.002 | Alpha: 0.0037
Train Ep: 202/280 | Reward:  -13.0 | MSE: 0.1224 | C_Loss: 0.014 | A_Loss: -0.002 | Alpha: 0.0037
Train Ep: 203/280 | Reward:  -20.0 | MSE: 0.1445 | C_Loss: 0.012 | A_Loss: -0.001 | Alpha: 0.0036
Train Ep: 204/280 | Reward:   20.0 | MSE: 0.2124 | C_Loss: 0.012 | A_Loss: -0.001 | Alpha: 0.0036
Train Ep: 205/280 | Reward:  -36.0 | MSE: 0.1753 | C_Loss: 0.014 | A_Loss: -0.001 | Alpha: 0.0036
Train Ep: 206/280 | Reward:  -17.0 | MSE: 0.2493 | C_Loss: 0.015 | A_Loss: -0.002 | Alpha: 0.0036
Train Ep: 207/280 | Reward:   -4.0 | MSE: 0.2349 | C_Loss: 0.012 | A_Loss: -0.001 | Alpha: 0.0036
Train Ep: 208/280 | Reward:  -49.0 | MSE: 0.2307 | C_Loss: 0.013 | A_Loss: -0.001 | Alpha: 0.0036
Train Ep: 209/280 | Reward:  -34.0 | MSE: 0.2399 | C_Loss: 0.015 | A_Loss: -0.001 | Alpha: 0.0035
Train Ep: 210/280 | Reward:  -24.0 | MSE: 0.0939 | C_Loss: 0.017 | A_Loss: -0.001 | Alpha: 0.0035
Train Ep: 211/280 | Reward:  -21.0 | MSE: 0.2441 | C_Loss: 0.017 | A_Loss: -0.002 | Alpha: 0.0035
Train Ep: 212/280 | Reward:   29.0 | MSE: 0.1770 | C_Loss: 0.018 | A_Loss: -0.001 | Alpha: 0.0035
Train Ep: 213/280 | Reward:   -6.0 | MSE: 0.1848 | C_Loss: 0.018 | A_Loss: -0.001 | Alpha: 0.0035
Train Ep: 214/280 | Reward:    0.0 | MSE: 0.2544 | C_Loss: 0.018 | A_Loss: -0.002 | Alpha: 0.0035
Train Ep: 215/280 | Reward:  -99.0 | MSE: 0.1907 | C_Loss: 0.020 | A_Loss: -0.001 | Alpha: 0.0034
Train Ep: 216/280 | Reward:   15.0 | MSE: 0.1602 | C_Loss: 0.022 | A_Loss: -0.001 | Alpha: 0.0034
Train Ep: 217/280 | Reward:    2.0 | MSE: 0.1494 | C_Loss: 0.018 | A_Loss: -0.000 | Alpha: 0.0034
Train Ep: 218/280 | Reward:   14.0 | MSE: 0.1791 | C_Loss: 0.013 | A_Loss: -0.002 | Alpha: 0.0034
Train Ep: 219/280 | Reward:   -8.0 | MSE: 0.2238 | C_Loss: 0.011 | A_Loss: -0.001 | Alpha: 0.0034
Train Ep: 220/280 | Reward:    8.0 | MSE: 0.2369 | C_Loss: 0.011 | A_Loss: -0.001 | Alpha: 0.0034
Train Ep: 221/280 | Reward:  -20.0 | MSE: 0.2492 | C_Loss: 0.009 | A_Loss: -0.001 | Alpha: 0.0033
Train Ep: 222/280 | Reward:    4.0 | MSE: 0.2890 | C_Loss: 0.010 | A_Loss: -0.001 | Alpha: 0.0033
Train Ep: 223/280 | Reward:   -7.0 | MSE: 0.2432 | C_Loss: 0.010 | A_Loss: -0.001 | Alpha: 0.0033
Train Ep: 224/280 | Reward:    6.0 | MSE: 0.1709 | C_Loss: 0.012 | A_Loss: -0.002 | Alpha: 0.0033
Train Ep: 225/280 | Reward:    0.0 | MSE: 0.2642 | C_Loss: 0.013 | A_Loss: -0.001 | Alpha: 0.0033
Train Ep: 226/280 | Reward:    2.0 | MSE: 0.2076 | C_Loss: 0.014 | A_Loss: -0.002 | Alpha: 0.0033
Train Ep: 227/280 | Reward:   15.0 | MSE: 0.1969 | C_Loss: 0.014 | A_Loss: -0.002 | Alpha: 0.0032
Train Ep: 228/280 | Reward:  -19.0 | MSE: 0.1737 | C_Loss: 0.012 | A_Loss: -0.002 | Alpha: 0.0032
Train Ep: 229/280 | Reward:    8.0 | MSE: 0.1020 | C_Loss: 0.011 | A_Loss: -0.001 | Alpha: 0.0032
Train Ep: 230/280 | Reward:    5.0 | MSE: 0.3122 | C_Loss: 0.012 | A_Loss: -0.002 | Alpha: 0.0032
Train Ep: 231/280 | Reward:    6.0 | MSE: 0.2466 | C_Loss: 0.015 | A_Loss: -0.001 | Alpha: 0.0032
Train Ep: 232/280 | Reward:  -10.0 | MSE: 0.1529 | C_Loss: 0.015 | A_Loss: -0.002 | Alpha: 0.0032
Train Ep: 233/280 | Reward:  -27.0 | MSE: 0.2467 | C_Loss: 0.014 | A_Loss: -0.001 | Alpha: 0.0031
Train Ep: 234/280 | Reward:   29.0 | MSE: 0.2447 | C_Loss: 0.016 | A_Loss: -0.001 | Alpha: 0.0031
Train Ep: 235/280 | Reward:  -14.0 | MSE: 0.2028 | C_Loss: 0.015 | A_Loss: -0.002 | Alpha: 0.0031
Train Ep: 236/280 | Reward:  -11.0 | MSE: 0.2836 | C_Loss: 0.015 | A_Loss: -0.001 | Alpha: 0.0031
Train Ep: 237/280 | Reward:   10.0 | MSE: 0.1566 | C_Loss: 0.012 | A_Loss: -0.001 | Alpha: 0.0031
Train Ep: 238/280 | Reward:    2.0 | MSE: 0.3743 | C_Loss: 0.010 | A_Loss: -0.001 | Alpha: 0.0031
Train Ep: 239/280 | Reward:   20.0 | MSE: 0.2920 | C_Loss: 0.011 | A_Loss: -0.002 | Alpha: 0.0030
Train Ep: 240/280 | Reward:  -22.0 | MSE: 0.2213 | C_Loss: 0.011 | A_Loss: -0.002 | Alpha: 0.0030
Train Ep: 241/280 | Reward:   -4.0 | MSE: 0.2224 | C_Loss: 0.013 | A_Loss: -0.001 | Alpha: 0.0030
Train Ep: 242/280 | Reward:   -3.0 | MSE: 0.1218 | C_Loss: 0.013 | A_Loss: -0.001 | Alpha: 0.0030
Train Ep: 243/280 | Reward:  -25.0 | MSE: 0.1679 | C_Loss: 0.011 | A_Loss: -0.001 | Alpha: 0.0030
Train Ep: 244/280 | Reward:    4.0 | MSE: 0.1640 | C_Loss: 0.010 | A_Loss: -0.001 | Alpha: 0.0030
Train Ep: 245/280 | Reward:  -15.0 | MSE: 0.1711 | C_Loss: 0.011 | A_Loss: -0.001 | Alpha: 0.0030
Train Ep: 246/280 | Reward:   11.0 | MSE: 0.2076 | C_Loss: 0.014 | A_Loss: -0.002 | Alpha: 0.0029
Train Ep: 247/280 | Reward:    0.0 | MSE: 0.1816 | C_Loss: 0.013 | A_Loss: -0.001 | Alpha: 0.0029
Train Ep: 248/280 | Reward:  -19.0 | MSE: 0.2329 | C_Loss: 0.012 | A_Loss: -0.002 | Alpha: 0.0029
Train Ep: 249/280 | Reward:  -19.0 | MSE: 0.2667 | C_Loss: 0.012 | A_Loss: -0.001 | Alpha: 0.0029
Train Ep: 250/280 | Reward:  -32.0 | MSE: 0.1952 | C_Loss: 0.011 | A_Loss: -0.001 | Alpha: 0.0029
Train Ep: 251/280 | Reward:    0.0 | MSE: 0.2372 | C_Loss: 0.009 | A_Loss: -0.001 | Alpha: 0.0029
Train Ep: 252/280 | Reward:  -35.0 | MSE: 0.1409 | C_Loss: 0.007 | A_Loss: -0.001 | Alpha: 0.0029
Train Ep: 253/280 | Reward:   -8.0 | MSE: 0.2355 | C_Loss: 0.008 | A_Loss: -0.000 | Alpha: 0.0028
Train Ep: 254/280 | Reward:   19.0 | MSE: 0.2455 | C_Loss: 0.009 | A_Loss: -0.001 | Alpha: 0.0028
Train Ep: 255/280 | Reward:   -7.0 | MSE: 0.1630 | C_Loss: 0.008 | A_Loss: -0.002 | Alpha: 0.0028
Train Ep: 256/280 | Reward:    5.0 | MSE: 0.2833 | C_Loss: 0.010 | A_Loss: -0.001 | Alpha: 0.0028
Train Ep: 257/280 | Reward:   -3.0 | MSE: 0.1468 | C_Loss: 0.011 | A_Loss: -0.002 | Alpha: 0.0028
Train Ep: 258/280 | Reward:   -4.0 | MSE: 0.1952 | C_Loss: 0.007 | A_Loss: -0.001 | Alpha: 0.0028
Train Ep: 259/280 | Reward:   12.0 | MSE: 0.1174 | C_Loss: 0.005 | A_Loss: -0.001 | Alpha: 0.0028
Train Ep: 260/280 | Reward:    4.0 | MSE: 0.1879 | C_Loss: 0.005 | A_Loss: -0.001 | Alpha: 0.0027
Train Ep: 261/280 | Reward:    9.0 | MSE: 0.2132 | C_Loss: 0.006 | A_Loss: -0.001 | Alpha: 0.0027
Train Ep: 262/280 | Reward:   15.0 | MSE: 0.1578 | C_Loss: 0.009 | A_Loss: -0.002 | Alpha: 0.0027
Train Ep: 263/280 | Reward:  -12.0 | MSE: 0.1842 | C_Loss: 0.011 | A_Loss: -0.002 | Alpha: 0.0027
Train Ep: 264/280 | Reward:  -31.0 | MSE: 0.3285 | C_Loss: 0.013 | A_Loss: -0.001 | Alpha: 0.0027
Train Ep: 265/280 | Reward:  -11.0 | MSE: 0.1981 | C_Loss: 0.017 | A_Loss: -0.001 | Alpha: 0.0027
Train Ep: 266/280 | Reward:  -22.0 | MSE: 0.1038 | C_Loss: 0.016 | A_Loss: -0.001 | Alpha: 0.0027
Train Ep: 267/280 | Reward:  -10.0 | MSE: 0.1666 | C_Loss: 0.015 | A_Loss: -0.001 | Alpha: 0.0027
Train Ep: 268/280 | Reward:   -1.0 | MSE: 0.1545 | C_Loss: 0.014 | A_Loss: -0.001 | Alpha: 0.0026
Train Ep: 269/280 | Reward:  -21.0 | MSE: 0.2465 | C_Loss: 0.018 | A_Loss: -0.002 | Alpha: 0.0026
Train Ep: 270/280 | Reward:  -10.0 | MSE: 0.2822 | C_Loss: 0.019 | A_Loss: -0.001 | Alpha: 0.0026
Train Ep: 271/280 | Reward:  -38.0 | MSE: 0.2584 | C_Loss: 0.019 | A_Loss: -0.001 | Alpha: 0.0026
Train Ep: 272/280 | Reward:  -23.0 | MSE: 0.2406 | C_Loss: 0.020 | A_Loss: -0.001 | Alpha: 0.0026
Train Ep: 273/280 | Reward:    5.0 | MSE: 0.1631 | C_Loss: 0.014 | A_Loss: -0.000 | Alpha: 0.0026
Train Ep: 274/280 | Reward:  -24.0 | MSE: 0.1733 | C_Loss: 0.012 | A_Loss: -0.001 | Alpha: 0.0026
Train Ep: 275/280 | Reward:  -17.0 | MSE: 0.2643 | C_Loss: 0.014 | A_Loss: -0.001 | Alpha: 0.0026
Train Ep: 276/280 | Reward:   -1.0 | MSE: 0.2811 | C_Loss: 0.012 | A_Loss: -0.001 | Alpha: 0.0025
Train Ep: 277/280 | Reward:  -19.0 | MSE: 0.2049 | C_Loss: 0.012 | A_Loss: -0.001 | Alpha: 0.0025
Train Ep: 278/280 | Reward:  -20.0 | MSE: 0.1825 | C_Loss: 0.015 | A_Loss: -0.001 | Alpha: 0.0025
Train Ep: 279/280 | Reward:   15.0 | MSE: 0.1435 | C_Loss: 0.013 | A_Loss: -0.001 | Alpha: 0.0025
Train Ep: 280/280 | Reward:    2.0 | MSE: 0.2745 | C_Loss: 0.012 | A_Loss: -0.001 | Alpha: 0.0025

Training complete in 38773.49 seconds.
[*] Models successfully saved to models/sac_gnn_60.pth
Training plots saved to 'plots/training_metrics_62.png'
[*] The best performing model during validation was saved to: models/sac_gnn_60_best.pth
Training run time = 38775.69 s
Job finished at: Mon May  4 09:58:32 CEST 2026
