Job started at: Sun May  3 11:14:59 CEST 2026
Starting Run 60: Burn-in | Gamma=0.0 | Layers=1 | M=30.0 | action_scale=5 | Using P.C. | lr=1e-4 | bs=256 | te=-0.5
SLURM Mode Received: 0
Execution Pipeline: ['train']
Loaded Configuration: {'mode': 0, 'model_path': 'models/sac_gnn_60.pth', 'training_metrics_filename': 'training_metrics_60.png', 'distance': 5, 'n_rounds': 5, 'p': 0.004, 'p_gate_zz': 0.0, 'mismatch': 30.0, 'n_shots': 65000, 'n_test_shots': 10000, 'burn_in_steps': 15000, 'bypass_threshold': 2, 'action_scale': 5.0, 'update_period': 1000, 'prior_shots': 1000, 'local_action_only': True, 'local_action_hops': 1, 'n_layers': 1, 'use_pearson_correlation': True, 'use_log_joint_prob': False, 'hidden_dim': 256, 'lr': 0.0001, 'gamma': 0.0, 'tau': 0.005, 'alpha': 0.01, 'target_entropy': -0.5, 'batch_size': 256, 'buffer_capacity': 100000, 'update_frequency': 100, 'train_episodes': 280, 'test_episodes': 20}

Initializing environment...

############################################################
### RUNNING MODE: TRAIN
############################################################

========================================
STARTING TRAINING (Episodes: 280)
========================================
Train Ep: 001/280 | Reward: -758.0 | MSE: 0.1580 | C_Loss: 0.080 | A_Loss: 0.016 | Alpha: 0.0095
Train Ep: 002/280 | Reward: -307.0 | MSE: 0.1496 | C_Loss: 0.060 | A_Loss: 0.004 | Alpha: 0.0091
Train Ep: 003/280 | Reward:  -27.0 | MSE: 0.2379 | C_Loss: 0.044 | A_Loss: -0.001 | Alpha: 0.0087
Train Ep: 004/280 | Reward:   -5.0 | MSE: 0.2326 | C_Loss: 0.021 | A_Loss: -0.003 | Alpha: 0.0083
Train Ep: 005/280 | Reward:  -27.0 | MSE: 0.1951 | C_Loss: 0.011 | A_Loss: -0.003 | Alpha: 0.0079
Train Ep: 006/280 | Reward:  -47.0 | MSE: 0.1854 | C_Loss: 0.012 | A_Loss: -0.002 | Alpha: 0.0076
Train Ep: 007/280 | Reward:  -75.0 | MSE: 0.1467 | C_Loss: 0.016 | A_Loss: -0.003 | Alpha: 0.0072
Train Ep: 008/280 | Reward: -162.0 | MSE: 0.2245 | C_Loss: 0.022 | A_Loss: -0.001 | Alpha: 0.0069
Train Ep: 009/280 | Reward: -139.0 | MSE: 0.1709 | C_Loss: 0.027 | A_Loss: -0.001 | Alpha: 0.0066
Train Ep: 010/280 | Reward:  -63.0 | MSE: 0.1454 | C_Loss: 0.027 | A_Loss: 0.000 | Alpha: 0.0063
Train Ep: 011/280 | Reward:   -9.0 | MSE: 0.1714 | C_Loss: 0.020 | A_Loss: -0.001 | Alpha: 0.0060
Train Ep: 012/280 | Reward:  -46.0 | MSE: 0.1449 | C_Loss: 0.014 | A_Loss: -0.002 | Alpha: 0.0057
Train Ep: 013/280 | Reward:  -61.0 | MSE: 0.2961 | C_Loss: 0.015 | A_Loss: -0.002 | Alpha: 0.0055
Train Ep: 014/280 | Reward:  -17.0 | MSE: 0.2251 | C_Loss: 0.019 | A_Loss: -0.002 | Alpha: 0.0052
Train Ep: 015/280 | Reward:  -50.0 | MSE: 0.2337 | C_Loss: 0.016 | A_Loss: -0.002 | Alpha: 0.0050
Train Ep: 016/280 | Reward:  -52.0 | MSE: 0.1518 | C_Loss: 0.015 | A_Loss: -0.002 | Alpha: 0.0048
Train Ep: 017/280 | Reward:  -52.0 | MSE: 0.1561 | C_Loss: 0.019 | A_Loss: -0.002 | Alpha: 0.0046
Train Ep: 018/280 | Reward: -144.0 | MSE: 0.1138 | C_Loss: 0.023 | A_Loss: -0.001 | Alpha: 0.0044
Train Ep: 019/280 | Reward:  -76.0 | MSE: 0.2630 | C_Loss: 0.024 | A_Loss: -0.001 | Alpha: 0.0042
Train Ep: 020/280 | Reward:  -15.0 | MSE: 0.2581 | C_Loss: 0.022 | A_Loss: -0.001 | Alpha: 0.0040
Train Ep: 021/280 | Reward:    5.0 | MSE: 0.1263 | C_Loss: 0.017 | A_Loss: -0.001 | Alpha: 0.0038
Train Ep: 022/280 | Reward:  -35.0 | MSE: 0.1978 | C_Loss: 0.012 | A_Loss: -0.002 | Alpha: 0.0036
Train Ep: 023/280 | Reward:  -45.0 | MSE: 0.2735 | C_Loss: 0.015 | A_Loss: -0.001 | Alpha: 0.0035
Train Ep: 024/280 | Reward:  -50.0 | MSE: 0.1668 | C_Loss: 0.017 | A_Loss: -0.001 | Alpha: 0.0033
Train Ep: 025/280 | Reward:   20.0 | MSE: 0.2831 | C_Loss: 0.015 | A_Loss: -0.001 | Alpha: 0.0032
Train Ep: 026/280 | Reward:  -37.0 | MSE: 0.1947 | C_Loss: 0.015 | A_Loss: -0.002 | Alpha: 0.0030
Train Ep: 027/280 | Reward:  -77.0 | MSE: 0.1787 | C_Loss: 0.018 | A_Loss: -0.001 | Alpha: 0.0029
Train Ep: 028/280 | Reward:  -50.0 | MSE: 0.2243 | C_Loss: 0.022 | A_Loss: 0.000 | Alpha: 0.0028
Train Ep: 029/280 | Reward:  -75.0 | MSE: 0.1637 | C_Loss: 0.023 | A_Loss: -0.000 | Alpha: 0.0027
Train Ep: 030/280 | Reward:  -23.0 | MSE: 0.1885 | C_Loss: 0.019 | A_Loss: -0.001 | Alpha: 0.0025
Train Ep: 031/280 | Reward:   12.0 | MSE: 0.1203 | C_Loss: 0.017 | A_Loss: -0.001 | Alpha: 0.0024
Train Ep: 032/280 | Reward:  -20.0 | MSE: 0.1758 | C_Loss: 0.014 | A_Loss: -0.001 | Alpha: 0.0023
Train Ep: 033/280 | Reward:  -42.0 | MSE: 0.2827 | C_Loss: 0.013 | A_Loss: -0.001 | Alpha: 0.0022
Train Ep: 034/280 | Reward:  -12.0 | MSE: 0.2965 | C_Loss: 0.014 | A_Loss: -0.001 | Alpha: 0.0021
Train Ep: 035/280 | Reward:  -17.0 | MSE: 0.1815 | C_Loss: 0.012 | A_Loss: -0.001 | Alpha: 0.0020
Train Ep: 036/280 | Reward:    5.0 | MSE: 0.2326 | C_Loss: 0.009 | A_Loss: -0.001 | Alpha: 0.0019
Train Ep: 037/280 | Reward:  -18.0 | MSE: 0.2716 | C_Loss: 0.008 | A_Loss: -0.001 | Alpha: 0.0019
Train Ep: 038/280 | Reward:   20.0 | MSE: 0.2248 | C_Loss: 0.006 | A_Loss: -0.000 | Alpha: 0.0018
Train Ep: 039/280 | Reward:    8.0 | MSE: 0.2460 | C_Loss: 0.006 | A_Loss: -0.001 | Alpha: 0.0017
Train Ep: 040/280 | Reward:   -7.0 | MSE: 0.3271 | C_Loss: 0.007 | A_Loss: -0.001 | Alpha: 0.0016
Train Ep: 041/280 | Reward:  -13.0 | MSE: 0.2039 | C_Loss: 0.007 | A_Loss: -0.001 | Alpha: 0.0016
Train Ep: 042/280 | Reward:  -27.0 | MSE: 0.2266 | C_Loss: 0.006 | A_Loss: -0.000 | Alpha: 0.0015
Train Ep: 043/280 | Reward:   -4.0 | MSE: 0.1709 | C_Loss: 0.009 | A_Loss: -0.000 | Alpha: 0.0014
Train Ep: 044/280 | Reward:   -1.0 | MSE: 0.2737 | C_Loss: 0.012 | A_Loss: -0.000 | Alpha: 0.0014
Train Ep: 045/280 | Reward:  -52.0 | MSE: 0.2267 | C_Loss: 0.011 | A_Loss: -0.001 | Alpha: 0.0013
Train Ep: 046/280 | Reward:  -14.0 | MSE: 0.1834 | C_Loss: 0.010 | A_Loss: -0.000 | Alpha: 0.0012
Train Ep: 047/280 | Reward:   -7.0 | MSE: 0.1895 | C_Loss: 0.010 | A_Loss: -0.000 | Alpha: 0.0012
Train Ep: 048/280 | Reward:   27.0 | MSE: 0.2019 | C_Loss: 0.007 | A_Loss: -0.001 | Alpha: 0.0011
Train Ep: 049/280 | Reward:   23.0 | MSE: 0.1666 | C_Loss: 0.007 | A_Loss: -0.001 | Alpha: 0.0011
Train Ep: 050/280 | Reward:    9.0 | MSE: 0.1656 | C_Loss: 0.008 | A_Loss: -0.001 | Alpha: 0.0010
Train Ep: 051/280 | Reward:  -15.0 | MSE: 0.2860 | C_Loss: 0.009 | A_Loss: -0.001 | Alpha: 0.0010
Train Ep: 052/280 | Reward:  -45.0 | MSE: 0.1318 | C_Loss: 0.011 | A_Loss: -0.001 | Alpha: 0.0009
Train Ep: 053/280 | Reward:  -20.0 | MSE: 0.2111 | C_Loss: 0.015 | A_Loss: 0.000 | Alpha: 0.0009
Train Ep: 054/280 | Reward:    8.0 | MSE: 0.1900 | C_Loss: 0.011 | A_Loss: -0.000 | Alpha: 0.0009
Train Ep: 055/280 | Reward:   -1.0 | MSE: 0.1438 | C_Loss: 0.003 | A_Loss: -0.000 | Alpha: 0.0008
Train Ep: 056/280 | Reward:   17.0 | MSE: 0.1338 | C_Loss: 0.004 | A_Loss: -0.000 | Alpha: 0.0008
Train Ep: 057/280 | Reward:  -23.0 | MSE: 0.1836 | C_Loss: 0.005 | A_Loss: -0.000 | Alpha: 0.0008
Train Ep: 058/280 | Reward:   -7.0 | MSE: 0.2455 | C_Loss: 0.005 | A_Loss: 0.000 | Alpha: 0.0007
Train Ep: 059/280 | Reward:   12.0 | MSE: 0.2197 | C_Loss: 0.007 | A_Loss: -0.000 | Alpha: 0.0007
Train Ep: 060/280 | Reward:    5.0 | MSE: 0.1454 | C_Loss: 0.006 | A_Loss: -0.000 | Alpha: 0.0007
Train Ep: 061/280 | Reward:   -5.0 | MSE: 0.3276 | C_Loss: 0.004 | A_Loss: -0.000 | Alpha: 0.0006
Train Ep: 062/280 | Reward:   20.0 | MSE: 0.2179 | C_Loss: 0.005 | A_Loss: -0.000 | Alpha: 0.0006
Train Ep: 063/280 | Reward:    2.0 | MSE: 0.2404 | C_Loss: 0.011 | A_Loss: -0.001 | Alpha: 0.0006
Train Ep: 064/280 | Reward:   29.0 | MSE: 0.1282 | C_Loss: 0.010 | A_Loss: -0.000 | Alpha: 0.0006
Train Ep: 065/280 | Reward:   16.0 | MSE: 0.2619 | C_Loss: 0.006 | A_Loss: -0.000 | Alpha: 0.0005
Train Ep: 066/280 | Reward:   22.0 | MSE: 0.1975 | C_Loss: 0.004 | A_Loss: -0.001 | Alpha: 0.0005
Train Ep: 067/280 | Reward:   26.0 | MSE: 0.1895 | C_Loss: 0.004 | A_Loss: -0.000 | Alpha: 0.0005
Train Ep: 068/280 | Reward:   20.0 | MSE: 0.3088 | C_Loss: 0.006 | A_Loss: -0.001 | Alpha: 0.0005
Train Ep: 069/280 | Reward:  -17.0 | MSE: 0.1846 | C_Loss: 0.009 | A_Loss: -0.001 | Alpha: 0.0004
Train Ep: 070/280 | Reward:   14.0 | MSE: 0.1841 | C_Loss: 0.011 | A_Loss: -0.000 | Alpha: 0.0004
Train Ep: 071/280 | Reward:  -13.0 | MSE: 0.1643 | C_Loss: 0.009 | A_Loss: -0.000 | Alpha: 0.0004
Train Ep: 072/280 | Reward:  -49.0 | MSE: 0.2294 | C_Loss: 0.011 | A_Loss: 0.000 | Alpha: 0.0004
Train Ep: 073/280 | Reward:    4.0 | MSE: 0.2522 | C_Loss: 0.013 | A_Loss: 0.001 | Alpha: 0.0004
Train Ep: 074/280 | Reward:  -10.0 | MSE: 0.1676 | C_Loss: 0.011 | A_Loss: 0.000 | Alpha: 0.0004
Train Ep: 075/280 | Reward:   -8.0 | MSE: 0.2101 | C_Loss: 0.005 | A_Loss: 0.000 | Alpha: 0.0003
Train Ep: 076/280 | Reward:    8.0 | MSE: 0.1715 | C_Loss: 0.003 | A_Loss: 0.000 | Alpha: 0.0003
Train Ep: 077/280 | Reward:  -14.0 | MSE: 0.2537 | C_Loss: 0.002 | A_Loss: -0.000 | Alpha: 0.0003
Train Ep: 078/280 | Reward:    8.0 | MSE: 0.3163 | C_Loss: 0.001 | A_Loss: -0.000 | Alpha: 0.0003
Train Ep: 079/280 | Reward:    1.0 | MSE: 0.1541 | C_Loss: 0.001 | A_Loss: -0.000 | Alpha: 0.0003
Train Ep: 080/280 | Reward:   15.0 | MSE: 0.2117 | C_Loss: 0.001 | A_Loss: -0.000 | Alpha: 0.0003
Train Ep: 081/280 | Reward:    6.0 | MSE: 0.2474 | C_Loss: 0.002 | A_Loss: -0.000 | Alpha: 0.0003
Train Ep: 082/280 | Reward:   -3.0 | MSE: 0.2167 | C_Loss: 0.004 | A_Loss: -0.000 | Alpha: 0.0003
Train Ep: 083/280 | Reward:   -3.0 | MSE: 0.1483 | C_Loss: 0.004 | A_Loss: 0.000 | Alpha: 0.0002
Train Ep: 084/280 | Reward:   17.0 | MSE: 0.1637 | C_Loss: 0.003 | A_Loss: -0.000 | Alpha: 0.0002
Train Ep: 085/280 | Reward:   -4.0 | MSE: 0.2028 | C_Loss: 0.001 | A_Loss: -0.000 | Alpha: 0.0002
Train Ep: 086/280 | Reward:   -3.0 | MSE: 0.1848 | C_Loss: 0.001 | A_Loss: 0.000 | Alpha: 0.0002
Train Ep: 087/280 | Reward:    1.0 | MSE: 0.1790 | C_Loss: 0.001 | A_Loss: 0.000 | Alpha: 0.0002
Train Ep: 088/280 | Reward:    1.0 | MSE: 0.1865 | C_Loss: 0.000 | A_Loss: 0.000 | Alpha: 0.0002
Train Ep: 089/280 | Reward:    0.0 | MSE: 0.2690 | C_Loss: 0.001 | A_Loss: 0.000 | Alpha: 0.0002
Train Ep: 090/280 | Reward:    1.0 | MSE: 0.3027 | C_Loss: 0.001 | A_Loss: 0.000 | Alpha: 0.0002
Train Ep: 091/280 | Reward:    1.0 | MSE: 0.2327 | C_Loss: 0.001 | A_Loss: -0.000 | Alpha: 0.0002
Train Ep: 092/280 | Reward:    3.0 | MSE: 0.1467 | C_Loss: 0.001 | A_Loss: 0.000 | Alpha: 0.0002
Train Ep: 093/280 | Reward:   -5.0 | MSE: 0.2677 | C_Loss: 0.001 | A_Loss: 0.000 | Alpha: 0.0002
Train Ep: 094/280 | Reward:    7.0 | MSE: 0.2124 | C_Loss: 0.001 | A_Loss: 0.000 | Alpha: 0.0002
Train Ep: 095/280 | Reward:   11.0 | MSE: 0.1840 | C_Loss: 0.001 | A_Loss: -0.000 | Alpha: 0.0001
Train Ep: 096/280 | Reward:   11.0 | MSE: 0.2133 | C_Loss: 0.002 | A_Loss: -0.000 | Alpha: 0.0001
Train Ep: 097/280 | Reward:   11.0 | MSE: 0.2594 | C_Loss: 0.002 | A_Loss: -0.000 | Alpha: 0.0001
Train Ep: 098/280 | Reward:    2.0 | MSE: 0.2028 | C_Loss: 0.001 | A_Loss: -0.000 | Alpha: 0.0001
Train Ep: 099/280 | Reward:    9.0 | MSE: 0.1362 | C_Loss: 0.002 | A_Loss: -0.000 | Alpha: 0.0001
Train Ep: 100/280 | Reward:   24.0 | MSE: 0.2364 | C_Loss: 0.003 | A_Loss: -0.000 | Alpha: 0.0001
Train Ep: 101/280 | Reward:   17.0 | MSE: 0.1781 | C_Loss: 0.003 | A_Loss: -0.000 | Alpha: 0.0001
Train Ep: 102/280 | Reward:   11.0 | MSE: 0.1400 | C_Loss: 0.004 | A_Loss: -0.001 | Alpha: 0.0001
Train Ep: 103/280 | Reward:   11.0 | MSE: 0.2315 | C_Loss: 0.003 | A_Loss: -0.000 | Alpha: 0.0001
Train Ep: 104/280 | Reward:   20.0 | MSE: 0.2054 | C_Loss: 0.004 | A_Loss: -0.000 | Alpha: 0.0001
Train Ep: 105/280 | Reward:   13.0 | MSE: 0.3268 | C_Loss: 0.005 | A_Loss: -0.000 | Alpha: 0.0001
Train Ep: 106/280 | Reward:   19.0 | MSE: 0.1783 | C_Loss: 0.005 | A_Loss: -0.000 | Alpha: 0.0001
Train Ep: 107/280 | Reward:    9.0 | MSE: 0.2311 | C_Loss: 0.006 | A_Loss: -0.000 | Alpha: 0.0001
Train Ep: 108/280 | Reward:    6.0 | MSE: 0.2740 | C_Loss: 0.006 | A_Loss: 0.000 | Alpha: 0.0001
Train Ep: 109/280 | Reward:   21.0 | MSE: 0.1370 | C_Loss: 0.007 | A_Loss: 0.000 | Alpha: 0.0001
Train Ep: 110/280 | Reward:   12.0 | MSE: 0.2505 | C_Loss: 0.007 | A_Loss: -0.000 | Alpha: 0.0001
Train Ep: 111/280 | Reward:    3.0 | MSE: 0.1687 | C_Loss: 0.005 | A_Loss: -0.000 | Alpha: 0.0001
Train Ep: 112/280 | Reward:   -1.0 | MSE: 0.2243 | C_Loss: 0.003 | A_Loss: -0.000 | Alpha: 0.0001
Train Ep: 113/280 | Reward:    5.0 | MSE: 0.2125 | C_Loss: 0.001 | A_Loss: 0.000 | Alpha: 0.0001
Train Ep: 114/280 | Reward:   -1.0 | MSE: 0.1789 | C_Loss: 0.001 | A_Loss: -0.000 | Alpha: 0.0001
Train Ep: 115/280 | Reward:    2.0 | MSE: 0.1915 | C_Loss: 0.001 | A_Loss: -0.000 | Alpha: 0.0001
Train Ep: 116/280 | Reward:    5.0 | MSE: 0.3613 | C_Loss: 0.001 | A_Loss: 0.000 | Alpha: 0.0001
Train Ep: 117/280 | Reward:    3.0 | MSE: 0.2108 | C_Loss: 0.000 | A_Loss: -0.000 | Alpha: 0.0001
Train Ep: 118/280 | Reward:    1.0 | MSE: 0.2483 | C_Loss: 0.000 | A_Loss: 0.000 | Alpha: 0.0001
Train Ep: 119/280 | Reward:   -2.0 | MSE: 0.2463 | C_Loss: 0.000 | A_Loss: 0.000 | Alpha: 0.0001
Train Ep: 120/280 | Reward:    0.0 | MSE: 0.3242 | C_Loss: 0.000 | A_Loss: 0.000 | Alpha: 0.0001
Train Ep: 121/280 | Reward:   -1.0 | MSE: 0.2127 | C_Loss: 0.000 | A_Loss: 0.000 | Alpha: 0.0000
Train Ep: 122/280 | Reward:    1.0 | MSE: 0.1359 | C_Loss: 0.000 | A_Loss: 0.000 | Alpha: 0.0000
Train Ep: 123/280 | Reward:    1.0 | MSE: 0.2241 | C_Loss: 0.000 | A_Loss: 0.000 | Alpha: 0.0000
Train Ep: 124/280 | Reward:   -2.0 | MSE: 0.2687 | C_Loss: 0.000 | A_Loss: 0.000 | Alpha: 0.0000
Train Ep: 125/280 | Reward:   -2.0 | MSE: 0.1540 | C_Loss: 0.000 | A_Loss: 0.000 | Alpha: 0.0000
Train Ep: 126/280 | Reward:    0.0 | MSE: 0.3690 | C_Loss: 0.000 | A_Loss: 0.000 | Alpha: 0.0000
Train Ep: 127/280 | Reward:    4.0 | MSE: 0.2270 | C_Loss: 0.000 | A_Loss: 0.000 | Alpha: 0.0000
Train Ep: 128/280 | Reward:    1.0 | MSE: 0.2127 | C_Loss: 0.000 | A_Loss: 0.000 | Alpha: 0.0000
Train Ep: 129/280 | Reward:    4.0 | MSE: 0.1950 | C_Loss: 0.001 | A_Loss: 0.000 | Alpha: 0.0000
Train Ep: 130/280 | Reward:  -19.0 | MSE: 0.1774 | C_Loss: 0.003 | A_Loss: 0.000 | Alpha: 0.0000
Train Ep: 131/280 | Reward:  -18.0 | MSE: 0.2616 | C_Loss: 0.003 | A_Loss: 0.000 | Alpha: 0.0000
Train Ep: 132/280 | Reward:  -10.0 | MSE: 0.1784 | C_Loss: 0.002 | A_Loss: 0.000 | Alpha: 0.0000
Train Ep: 133/280 | Reward:    1.0 | MSE: 0.1771 | C_Loss: 0.001 | A_Loss: 0.000 | Alpha: 0.0000
Train Ep: 134/280 | Reward:   -2.0 | MSE: 0.2025 | C_Loss: 0.000 | A_Loss: 0.000 | Alpha: 0.0000
Train Ep: 135/280 | Reward:    1.0 | MSE: 0.1881 | C_Loss: 0.000 | A_Loss: 0.000 | Alpha: 0.0000
Train Ep: 136/280 | Reward:    0.0 | MSE: 0.1270 | C_Loss: 0.000 | A_Loss: 0.000 | Alpha: 0.0000
Train Ep: 137/280 | Reward:    1.0 | MSE: 0.2005 | C_Loss: 0.000 | A_Loss: 0.000 | Alpha: 0.0000
Train Ep: 138/280 | Reward:    1.0 | MSE: 0.2087 | C_Loss: 0.000 | A_Loss: -0.000 | Alpha: 0.0000
Train Ep: 139/280 | Reward:   -1.0 | MSE: 0.2032 | C_Loss: 0.000 | A_Loss: 0.000 | Alpha: 0.0000
Train Ep: 140/280 | Reward:    0.0 | MSE: 0.2055 | C_Loss: 0.000 | A_Loss: 0.000 | Alpha: 0.0000
Train Ep: 141/280 | Reward:    1.0 | MSE: 0.2493 | C_Loss: 0.000 | A_Loss: 0.000 | Alpha: 0.0000
Train Ep: 142/280 | Reward:    0.0 | MSE: 0.2565 | C_Loss: 0.000 | A_Loss: 0.000 | Alpha: 0.0000
Train Ep: 143/280 | Reward:   -1.0 | MSE: 0.2080 | C_Loss: 0.000 | A_Loss: 0.000 | Alpha: 0.0000
Train Ep: 144/280 | Reward:    0.0 | MSE: 0.2795 | C_Loss: 0.000 | A_Loss: 0.000 | Alpha: 0.0000
Train Ep: 145/280 | Reward:    3.0 | MSE: 0.2435 | C_Loss: 0.000 | A_Loss: 0.000 | Alpha: 0.0000
Train Ep: 146/280 | Reward:   -3.0 | MSE: 0.1867 | C_Loss: 0.000 | A_Loss: 0.000 | Alpha: 0.0000
Train Ep: 147/280 | Reward:   -2.0 | MSE: 0.2018 | C_Loss: 0.000 | A_Loss: 0.000 | Alpha: 0.0000
Train Ep: 148/280 | Reward:   -5.0 | MSE: 0.2364 | C_Loss: 0.000 | A_Loss: 0.000 | Alpha: 0.0000
Train Ep: 149/280 | Reward:    5.0 | MSE: 0.2475 | C_Loss: 0.000 | A_Loss: 0.000 | Alpha: 0.0000
Train Ep: 150/280 | Reward:   12.0 | MSE: 0.2525 | C_Loss: 0.001 | A_Loss: -0.000 | Alpha: 0.0000
Train Ep: 151/280 | Reward:   37.0 | MSE: 0.1352 | C_Loss: 0.005 | A_Loss: -0.000 | Alpha: 0.0000
Train Ep: 152/280 | Reward:   34.0 | MSE: 0.2135 | C_Loss: 0.016 | A_Loss: -0.000 | Alpha: 0.0000
Train Ep: 153/280 | Reward:   32.0 | MSE: 0.1456 | C_Loss: 0.019 | A_Loss: -0.001 | Alpha: 0.0000
Train Ep: 154/280 | Reward:   26.0 | MSE: 0.1221 | C_Loss: 0.011 | A_Loss: -0.000 | Alpha: 0.0000
Train Ep: 155/280 | Reward:   33.0 | MSE: 0.2123 | C_Loss: 0.007 | A_Loss: -0.000 | Alpha: 0.0000
Train Ep: 156/280 | Reward:   35.0 | MSE: 0.2693 | C_Loss: 0.006 | A_Loss: -0.000 | Alpha: 0.0000
Train Ep: 157/280 | Reward:   45.0 | MSE: 0.1643 | C_Loss: 0.006 | A_Loss: -0.001 | Alpha: 0.0000
Train Ep: 158/280 | Reward:   65.0 | MSE: 0.2440 | C_Loss: 0.008 | A_Loss: -0.001 | Alpha: 0.0000
Train Ep: 159/280 | Reward:   46.0 | MSE: 0.2098 | C_Loss: 0.012 | A_Loss: -0.001 | Alpha: 0.0000
Train Ep: 160/280 | Reward:   49.0 | MSE: 0.2010 | C_Loss: 0.013 | A_Loss: -0.001 | Alpha: 0.0000
Train Ep: 161/280 | Reward:  -31.0 | MSE: 0.2172 | C_Loss: 0.016 | A_Loss: -0.001 | Alpha: 0.0000
Train Ep: 162/280 | Reward:   47.0 | MSE: 0.1376 | C_Loss: 0.014 | A_Loss: -0.001 | Alpha: 0.0000
Train Ep: 163/280 | Reward:   41.0 | MSE: 0.3153 | C_Loss: 0.008 | A_Loss: -0.001 | Alpha: 0.0000
Train Ep: 164/280 | Reward:   43.0 | MSE: 0.1582 | C_Loss: 0.006 | A_Loss: -0.001 | Alpha: 0.0000
Train Ep: 165/280 | Reward:   69.0 | MSE: 0.1785 | C_Loss: 0.012 | A_Loss: -0.001 | Alpha: 0.0000
Train Ep: 166/280 | Reward:  112.0 | MSE: 0.1636 | C_Loss: 0.015 | A_Loss: -0.001 | Alpha: 0.0000
  [!] Reward crossed 100! Unlocking Validation phase for the rest of training.
Train Ep: 167/280 | Reward:  118.0 | MSE: 0.1404 | C_Loss: 0.015 | A_Loss: -0.002 | Alpha: 0.0000
Train Ep: 168/280 | Reward:   78.0 | MSE: 0.1502 | C_Loss: 0.014 | A_Loss: -0.002 | Alpha: 0.0000
Train Ep: 169/280 | Reward:  113.0 | MSE: 0.1629 | C_Loss: 0.014 | A_Loss: -0.001 | Alpha: 0.0000
Train Ep: 170/280 | Reward:  119.0 | MSE: 0.1440 | C_Loss: 0.019 | A_Loss: -0.002 | Alpha: 0.0000
  [!] Running Isolated Validation (Pure CMA vs GNN)...
  -> Val Results: Pure Baseline Errors: 5222 | GNN Errors: 5023
  -> Relative Improvement: 3.811%
  *** New Best Model! Net Score improved from -inf to 0.03810800459594025 ***
[*] Models successfully saved to models/sac_gnn_60_best.pth
Train Ep: 171/280 | Reward:   69.0 | MSE: 0.2665 | C_Loss: 0.023 | A_Loss: -0.001 | Alpha: 0.0000
Train Ep: 172/280 | Reward:   66.0 | MSE: 0.1547 | C_Loss: 0.025 | A_Loss: -0.002 | Alpha: 0.0000
Train Ep: 173/280 | Reward:  110.0 | MSE: 0.1470 | C_Loss: 0.027 | A_Loss: -0.002 | Alpha: 0.0000
Train Ep: 174/280 | Reward:   39.0 | MSE: 0.2514 | C_Loss: 0.026 | A_Loss: -0.002 | Alpha: 0.0000
Train Ep: 175/280 | Reward:   73.0 | MSE: 0.1441 | C_Loss: 0.029 | A_Loss: -0.001 | Alpha: 0.0000
  [!] Running Isolated Validation (Pure CMA vs GNN)...
  -> Val Results: Pure Baseline Errors: 5222 | GNN Errors: 4959
  -> Relative Improvement: 5.036%
  *** New Best Model! Net Score improved from 0.03810800459594025 to 0.05036384527001149 ***
[*] Models successfully saved to models/sac_gnn_60_best.pth
Train Ep: 176/280 | Reward:   88.0 | MSE: 0.2395 | C_Loss: 0.028 | A_Loss: -0.002 | Alpha: 0.0000
Train Ep: 177/280 | Reward:   96.0 | MSE: 0.0970 | C_Loss: 0.023 | A_Loss: -0.002 | Alpha: 0.0000
Train Ep: 178/280 | Reward:   85.0 | MSE: 0.2478 | C_Loss: 0.023 | A_Loss: -0.002 | Alpha: 0.0000
Train Ep: 179/280 | Reward:   84.0 | MSE: 0.2943 | C_Loss: 0.025 | A_Loss: -0.002 | Alpha: 0.0000
Train Ep: 180/280 | Reward:   71.0 | MSE: 0.1859 | C_Loss: 0.029 | A_Loss: -0.002 | Alpha: 0.0000
  [!] Running Isolated Validation (Pure CMA vs GNN)...
  -> Val Results: Pure Baseline Errors: 5222 | GNN Errors: 4939
  -> Relative Improvement: 5.419%
  *** New Best Model! Net Score improved from 0.05036384527001149 to 0.05419379548065875 ***
[*] Models successfully saved to models/sac_gnn_60_best.pth
Train Ep: 181/280 | Reward:  100.0 | MSE: 0.1456 | C_Loss: 0.027 | A_Loss: -0.002 | Alpha: 0.0000
Train Ep: 182/280 | Reward:   63.0 | MSE: 0.2669 | C_Loss: 0.026 | A_Loss: -0.001 | Alpha: 0.0000
Train Ep: 183/280 | Reward:   34.0 | MSE: 0.1431 | C_Loss: 0.025 | A_Loss: -0.001 | Alpha: 0.0000
Train Ep: 184/280 | Reward:   98.0 | MSE: 0.2340 | C_Loss: 0.021 | A_Loss: -0.001 | Alpha: 0.0000
Train Ep: 185/280 | Reward:   55.0 | MSE: 0.1805 | C_Loss: 0.016 | A_Loss: -0.002 | Alpha: 0.0000
  [!] Running Isolated Validation (Pure CMA vs GNN)...
  -> Val Results: Pure Baseline Errors: 5222 | GNN Errors: 4942
  -> Relative Improvement: 5.362%
Train Ep: 186/280 | Reward:   23.0 | MSE: 0.1114 | C_Loss: 0.017 | A_Loss: -0.001 | Alpha: 0.0000
Train Ep: 187/280 | Reward:   97.0 | MSE: 0.1409 | C_Loss: 0.023 | A_Loss: -0.001 | Alpha: 0.0000
Train Ep: 188/280 | Reward:   62.0 | MSE: 0.1744 | C_Loss: 0.020 | A_Loss: -0.001 | Alpha: 0.0000
Train Ep: 189/280 | Reward:   53.0 | MSE: 0.1331 | C_Loss: 0.014 | A_Loss: -0.001 | Alpha: 0.0000
Train Ep: 190/280 | Reward:   37.0 | MSE: 0.1949 | C_Loss: 0.008 | A_Loss: -0.001 | Alpha: 0.0000
  [!] Running Isolated Validation (Pure CMA vs GNN)...
  -> Val Results: Pure Baseline Errors: 5222 | GNN Errors: 5155
  -> Relative Improvement: 1.283%
Train Ep: 191/280 | Reward:   14.0 | MSE: 0.1491 | C_Loss: 0.007 | A_Loss: -0.001 | Alpha: 0.0000
Train Ep: 192/280 | Reward:   30.0 | MSE: 0.2110 | C_Loss: 0.005 | A_Loss: -0.000 | Alpha: 0.0000
Train Ep: 193/280 | Reward:    6.0 | MSE: 0.2583 | C_Loss: 0.003 | A_Loss: -0.000 | Alpha: 0.0000
Train Ep: 194/280 | Reward:    4.0 | MSE: 0.2378 | C_Loss: 0.003 | A_Loss: -0.000 | Alpha: 0.0000
Train Ep: 195/280 | Reward:   21.0 | MSE: 0.1717 | C_Loss: 0.003 | A_Loss: -0.000 | Alpha: 0.0000
  [!] Running Isolated Validation (Pure CMA vs GNN)...
  -> Val Results: Pure Baseline Errors: 5222 | GNN Errors: 5208
  -> Relative Improvement: 0.268%
Train Ep: 196/280 | Reward:   17.0 | MSE: 0.1608 | C_Loss: 0.003 | A_Loss: -0.000 | Alpha: 0.0000
Train Ep: 197/280 | Reward:   27.0 | MSE: 0.2795 | C_Loss: 0.003 | A_Loss: -0.000 | Alpha: 0.0000
Train Ep: 198/280 | Reward:   17.0 | MSE: 0.2089 | C_Loss: 0.006 | A_Loss: -0.000 | Alpha: 0.0000
Train Ep: 199/280 | Reward:   12.0 | MSE: 0.2328 | C_Loss: 0.007 | A_Loss: -0.000 | Alpha: 0.0000
Train Ep: 200/280 | Reward:    0.0 | MSE: 0.2739 | C_Loss: 0.003 | A_Loss: -0.000 | Alpha: 0.0000
  [!] Running Isolated Validation (Pure CMA vs GNN)...
  -> Val Results: Pure Baseline Errors: 5222 | GNN Errors: 5224
  -> Relative Improvement: -0.038%
Train Ep: 201/280 | Reward:   -7.0 | MSE: 0.1658 | C_Loss: 0.002 | A_Loss: 0.000 | Alpha: 0.0000
Train Ep: 202/280 | Reward:   10.0 | MSE: 0.2166 | C_Loss: 0.002 | A_Loss: 0.000 | Alpha: 0.0000
Train Ep: 203/280 | Reward:    3.0 | MSE: 0.1863 | C_Loss: 0.001 | A_Loss: 0.000 | Alpha: 0.0000
Train Ep: 204/280 | Reward:    2.0 | MSE: 0.1195 | C_Loss: 0.001 | A_Loss: -0.000 | Alpha: 0.0000
Train Ep: 205/280 | Reward:    2.0 | MSE: 0.1746 | C_Loss: 0.000 | A_Loss: 0.000 | Alpha: 0.0000
  [!] Running Isolated Validation (Pure CMA vs GNN)...
  -> Val Results: Pure Baseline Errors: 5222 | GNN Errors: 5222
  -> Relative Improvement: 0.000%
Train Ep: 206/280 | Reward:    2.0 | MSE: 0.1551 | C_Loss: 0.000 | A_Loss: 0.000 | Alpha: 0.0000
Train Ep: 207/280 | Reward:    1.0 | MSE: 0.2601 | C_Loss: 0.000 | A_Loss: -0.000 | Alpha: 0.0000
Train Ep: 208/280 | Reward:    3.0 | MSE: 0.2531 | C_Loss: 0.000 | A_Loss: -0.000 | Alpha: 0.0000
Train Ep: 209/280 | Reward:   29.0 | MSE: 0.1787 | C_Loss: 0.001 | A_Loss: -0.000 | Alpha: 0.0000
Train Ep: 210/280 | Reward:   12.0 | MSE: 0.2819 | C_Loss: 0.003 | A_Loss: -0.000 | Alpha: 0.0000
  [!] Running Isolated Validation (Pure CMA vs GNN)...
  -> Val Results: Pure Baseline Errors: 5222 | GNN Errors: 5222
  -> Relative Improvement: 0.000%
Train Ep: 211/280 | Reward:   25.0 | MSE: 0.2011 | C_Loss: 0.003 | A_Loss: -0.000 | Alpha: 0.0000
Train Ep: 212/280 | Reward:   44.0 | MSE: 0.1501 | C_Loss: 0.006 | A_Loss: -0.001 | Alpha: 0.0000
Train Ep: 213/280 | Reward:    5.0 | MSE: 0.1800 | C_Loss: 0.007 | A_Loss: -0.000 | Alpha: 0.0000
Train Ep: 214/280 | Reward:   68.0 | MSE: 0.2420 | C_Loss: 0.007 | A_Loss: -0.001 | Alpha: 0.0000
Train Ep: 215/280 | Reward:   37.0 | MSE: 0.1362 | C_Loss: 0.013 | A_Loss: -0.002 | Alpha: 0.0000
  [!] Running Isolated Validation (Pure CMA vs GNN)...
  -> Val Results: Pure Baseline Errors: 5222 | GNN Errors: 4980
  -> Relative Improvement: 4.634%
Train Ep: 216/280 | Reward:   95.0 | MSE: 0.2443 | C_Loss: 0.020 | A_Loss: -0.002 | Alpha: 0.0000
Train Ep: 217/280 | Reward:   86.0 | MSE: 0.1968 | C_Loss: 0.023 | A_Loss: -0.001 | Alpha: 0.0000
Train Ep: 218/280 | Reward:   66.0 | MSE: 0.2587 | C_Loss: 0.030 | A_Loss: -0.001 | Alpha: 0.0000
Train Ep: 219/280 | Reward:  139.0 | MSE: 0.1866 | C_Loss: 0.032 | A_Loss: -0.002 | Alpha: 0.0000
Train Ep: 220/280 | Reward:  -12.0 | MSE: 0.2855 | C_Loss: 0.029 | A_Loss: -0.001 | Alpha: 0.0000
  [!] Running Isolated Validation (Pure CMA vs GNN)...
  -> Val Results: Pure Baseline Errors: 5222 | GNN Errors: 4992
  -> Relative Improvement: 4.404%
Train Ep: 221/280 | Reward:   64.0 | MSE: 0.1486 | C_Loss: 0.027 | A_Loss: -0.001 | Alpha: 0.0000
Train Ep: 222/280 | Reward:   90.0 | MSE: 0.2289 | C_Loss: 0.022 | A_Loss: -0.001 | Alpha: 0.0000
Train Ep: 223/280 | Reward:   51.0 | MSE: 0.1380 | C_Loss: 0.021 | A_Loss: -0.001 | Alpha: 0.0000
Train Ep: 224/280 | Reward:   47.0 | MSE: 0.1508 | C_Loss: 0.023 | A_Loss: -0.001 | Alpha: 0.0000
Train Ep: 225/280 | Reward:  107.0 | MSE: 0.1490 | C_Loss: 0.022 | A_Loss: -0.001 | Alpha: 0.0000
  [!] Running Isolated Validation (Pure CMA vs GNN)...
  -> Val Results: Pure Baseline Errors: 5222 | GNN Errors: 4983
  -> Relative Improvement: 4.577%
Train Ep: 226/280 | Reward:  169.0 | MSE: 0.1830 | C_Loss: 0.021 | A_Loss: -0.001 | Alpha: 0.0000
Train Ep: 227/280 | Reward:   46.0 | MSE: 0.1657 | C_Loss: 0.024 | A_Loss: -0.002 | Alpha: 0.0000
Train Ep: 228/280 | Reward:   21.0 | MSE: 0.0736 | C_Loss: 0.025 | A_Loss: -0.002 | Alpha: 0.0000
Train Ep: 229/280 | Reward:   56.0 | MSE: 0.1392 | C_Loss: 0.021 | A_Loss: -0.001 | Alpha: 0.0000
Train Ep: 230/280 | Reward:   77.0 | MSE: 0.2005 | C_Loss: 0.018 | A_Loss: -0.001 | Alpha: 0.0000
  [!] Running Isolated Validation (Pure CMA vs GNN)...
  -> Val Results: Pure Baseline Errors: 5222 | GNN Errors: 4996
  -> Relative Improvement: 4.328%
Train Ep: 231/280 | Reward:   47.0 | MSE: 0.1757 | C_Loss: 0.016 | A_Loss: -0.001 | Alpha: 0.0000
Train Ep: 232/280 | Reward:   21.0 | MSE: 0.1586 | C_Loss: 0.014 | A_Loss: -0.001 | Alpha: 0.0001
Train Ep: 233/280 | Reward:   75.0 | MSE: 0.1561 | C_Loss: 0.014 | A_Loss: -0.001 | Alpha: 0.0001
Train Ep: 234/280 | Reward:   22.0 | MSE: 0.2380 | C_Loss: 0.013 | A_Loss: -0.001 | Alpha: 0.0001
Train Ep: 235/280 | Reward:   81.0 | MSE: 0.2800 | C_Loss: 0.011 | A_Loss: -0.001 | Alpha: 0.0001
  [!] Running Isolated Validation (Pure CMA vs GNN)...
  -> Val Results: Pure Baseline Errors: 5222 | GNN Errors: 5109
  -> Relative Improvement: 2.164%
Train Ep: 236/280 | Reward:   43.0 | MSE: 0.1981 | C_Loss: 0.011 | A_Loss: -0.001 | Alpha: 0.0001
Train Ep: 237/280 | Reward:   38.0 | MSE: 0.1015 | C_Loss: 0.010 | A_Loss: -0.001 | Alpha: 0.0001
Train Ep: 238/280 | Reward:   40.0 | MSE: 0.1625 | C_Loss: 0.012 | A_Loss: -0.001 | Alpha: 0.0001
Train Ep: 239/280 | Reward:   92.0 | MSE: 0.1497 | C_Loss: 0.017 | A_Loss: -0.001 | Alpha: 0.0001
Train Ep: 240/280 | Reward:   30.0 | MSE: 0.2112 | C_Loss: 0.018 | A_Loss: -0.001 | Alpha: 0.0001
  [!] Running Isolated Validation (Pure CMA vs GNN)...
  -> Val Results: Pure Baseline Errors: 5222 | GNN Errors: 5059
  -> Relative Improvement: 3.121%
Train Ep: 241/280 | Reward:   38.0 | MSE: 0.1525 | C_Loss: 0.014 | A_Loss: -0.001 | Alpha: 0.0001
Train Ep: 242/280 | Reward:   57.0 | MSE: 0.1830 | C_Loss: 0.011 | A_Loss: -0.001 | Alpha: 0.0001
Train Ep: 243/280 | Reward:   53.0 | MSE: 0.1430 | C_Loss: 0.012 | A_Loss: -0.001 | Alpha: 0.0001
Train Ep: 244/280 | Reward:   44.0 | MSE: 0.1480 | C_Loss: 0.013 | A_Loss: -0.001 | Alpha: 0.0001
Train Ep: 245/280 | Reward:   60.0 | MSE: 0.1282 | C_Loss: 0.015 | A_Loss: -0.001 | Alpha: 0.0001
  [!] Running Isolated Validation (Pure CMA vs GNN)...
  -> Val Results: Pure Baseline Errors: 5222 | GNN Errors: 4999
  -> Relative Improvement: 4.270%
Train Ep: 246/280 | Reward:   44.0 | MSE: 0.1570 | C_Loss: 0.015 | A_Loss: -0.001 | Alpha: 0.0001
Train Ep: 247/280 | Reward:   51.0 | MSE: 0.1735 | C_Loss: 0.018 | A_Loss: -0.001 | Alpha: 0.0001
Train Ep: 248/280 | Reward:   38.0 | MSE: 0.1662 | C_Loss: 0.018 | A_Loss: -0.001 | Alpha: 0.0001
Train Ep: 249/280 | Reward:   13.0 | MSE: 0.2373 | C_Loss: 0.013 | A_Loss: -0.000 | Alpha: 0.0001
Train Ep: 250/280 | Reward:   55.0 | MSE: 0.1210 | C_Loss: 0.012 | A_Loss: -0.000 | Alpha: 0.0001
  [!] Running Isolated Validation (Pure CMA vs GNN)...
  -> Val Results: Pure Baseline Errors: 5222 | GNN Errors: 5143
  -> Relative Improvement: 1.513%
Train Ep: 251/280 | Reward:   36.0 | MSE: 0.1067 | C_Loss: 0.016 | A_Loss: -0.001 | Alpha: 0.0001
Train Ep: 252/280 | Reward:   25.0 | MSE: 0.1474 | C_Loss: 0.012 | A_Loss: -0.001 | Alpha: 0.0001
Train Ep: 253/280 | Reward:   26.0 | MSE: 0.1881 | C_Loss: 0.009 | A_Loss: -0.000 | Alpha: 0.0000
Train Ep: 254/280 | Reward:   73.0 | MSE: 0.1771 | C_Loss: 0.009 | A_Loss: -0.001 | Alpha: 0.0000
Train Ep: 255/280 | Reward:   49.0 | MSE: 0.1738 | C_Loss: 0.012 | A_Loss: -0.001 | Alpha: 0.0000
  [!] Running Isolated Validation (Pure CMA vs GNN)...
  -> Val Results: Pure Baseline Errors: 5222 | GNN Errors: 5160
  -> Relative Improvement: 1.187%
Train Ep: 256/280 | Reward:   37.0 | MSE: 0.1794 | C_Loss: 0.011 | A_Loss: -0.001 | Alpha: 0.0000
Train Ep: 257/280 | Reward:   30.0 | MSE: 0.1561 | C_Loss: 0.014 | A_Loss: -0.001 | Alpha: 0.0000
Train Ep: 258/280 | Reward:   89.0 | MSE: 0.1849 | C_Loss: 0.016 | A_Loss: -0.001 | Alpha: 0.0000
Train Ep: 259/280 | Reward:   40.0 | MSE: 0.1974 | C_Loss: 0.013 | A_Loss: -0.001 | Alpha: 0.0000
Train Ep: 260/280 | Reward:  -12.0 | MSE: 0.1549 | C_Loss: 0.009 | A_Loss: -0.001 | Alpha: 0.0000
  [!] Running Isolated Validation (Pure CMA vs GNN)...
  -> Val Results: Pure Baseline Errors: 5222 | GNN Errors: 5075
  -> Relative Improvement: 2.815%
Train Ep: 261/280 | Reward:   35.0 | MSE: 0.1795 | C_Loss: 0.010 | A_Loss: 0.000 | Alpha: 0.0000
Train Ep: 262/280 | Reward:   94.0 | MSE: 0.2108 | C_Loss: 0.011 | A_Loss: -0.001 | Alpha: 0.0000
Train Ep: 263/280 | Reward:   24.0 | MSE: 0.1226 | C_Loss: 0.011 | A_Loss: -0.001 | Alpha: 0.0000
Train Ep: 264/280 | Reward:   18.0 | MSE: 0.1837 | C_Loss: 0.010 | A_Loss: -0.001 | Alpha: 0.0000
Train Ep: 265/280 | Reward:   69.0 | MSE: 0.2116 | C_Loss: 0.010 | A_Loss: -0.001 | Alpha: 0.0000
  [!] Running Isolated Validation (Pure CMA vs GNN)...
  -> Val Results: Pure Baseline Errors: 5222 | GNN Errors: 5062
  -> Relative Improvement: 3.064%
Train Ep: 266/280 | Reward:   35.0 | MSE: 0.2197 | C_Loss: 0.013 | A_Loss: -0.000 | Alpha: 0.0000
Train Ep: 267/280 | Reward:    3.0 | MSE: 0.1840 | C_Loss: 0.014 | A_Loss: -0.000 | Alpha: 0.0000
Train Ep: 268/280 | Reward:   62.0 | MSE: 0.1345 | C_Loss: 0.010 | A_Loss: -0.000 | Alpha: 0.0000
Train Ep: 269/280 | Reward:   39.0 | MSE: 0.1549 | C_Loss: 0.012 | A_Loss: -0.000 | Alpha: 0.0000
Train Ep: 270/280 | Reward:   57.0 | MSE: 0.1091 | C_Loss: 0.015 | A_Loss: -0.001 | Alpha: 0.0000
  [!] Running Isolated Validation (Pure CMA vs GNN)...
  -> Val Results: Pure Baseline Errors: 5222 | GNN Errors: 5010
  -> Relative Improvement: 4.060%
Train Ep: 271/280 | Reward:   72.0 | MSE: 0.1574 | C_Loss: 0.015 | A_Loss: -0.001 | Alpha: 0.0000
Train Ep: 272/280 | Reward:   77.0 | MSE: 0.2196 | C_Loss: 0.015 | A_Loss: -0.001 | Alpha: 0.0000
Train Ep: 273/280 | Reward:  103.0 | MSE: 0.1570 | C_Loss: 0.014 | A_Loss: -0.002 | Alpha: 0.0000
Train Ep: 274/280 | Reward:  102.0 | MSE: 0.2313 | C_Loss: 0.013 | A_Loss: -0.002 | Alpha: 0.0000
Train Ep: 275/280 | Reward:   87.0 | MSE: 0.2241 | C_Loss: 0.017 | A_Loss: -0.002 | Alpha: 0.0000
  [!] Running Isolated Validation (Pure CMA vs GNN)...
  -> Val Results: Pure Baseline Errors: 5222 | GNN Errors: 4974
  -> Relative Improvement: 4.749%
Train Ep: 276/280 | Reward:   87.0 | MSE: 0.1108 | C_Loss: 0.019 | A_Loss: -0.002 | Alpha: 0.0000
Train Ep: 277/280 | Reward:   61.0 | MSE: 0.2080 | C_Loss: 0.016 | A_Loss: -0.002 | Alpha: 0.0000
Train Ep: 278/280 | Reward:   89.0 | MSE: 0.2178 | C_Loss: 0.016 | A_Loss: -0.002 | Alpha: 0.0000
Train Ep: 279/280 | Reward:   84.0 | MSE: 0.1437 | C_Loss: 0.018 | A_Loss: -0.001 | Alpha: 0.0000
Train Ep: 280/280 | Reward:   86.0 | MSE: 0.1823 | C_Loss: 0.015 | A_Loss: -0.002 | Alpha: 0.0000
  [!] Running Isolated Validation (Pure CMA vs GNN)...
  -> Val Results: Pure Baseline Errors: 5222 | GNN Errors: 5045
  -> Relative Improvement: 3.390%

Training complete in 60673.87 seconds.
[*] Models successfully saved to models/sac_gnn_60.pth
Training plots saved to 'plots/training_metrics_60.png'
[*] The best performing model during validation was saved to: models/sac_gnn_60_best.pth
Training run time = 60674.76 s
Job finished at: Mon May  4 04:07:24 CEST 2026
