Job started at: Tue May  5 15:49:23 CEST 2026
Starting Run 65: Burn-in | Gamma=0.0 | Layers=1 | M=30.0 | action_scale=5 | Using P.C. | lr=5e-5 | bs=256 | te=-1
SLURM Mode Received: 0
Execution Pipeline: ['train']
Loaded Configuration: {'mode': 0, 'model_path': 'models/sac_gnn_65.pth', 'training_metrics_filename': 'training_metrics_65.png', 'distance': 5, 'n_rounds': 5, 'p': 0.004, 'p_gate_zz': 0.0, 'mismatch': 30.0, 'n_shots': 65000, 'n_test_shots': 10000, 'burn_in_steps': 15000, 'bypass_threshold': 2, 'action_scale': 5.0, 'update_period': 1000, 'prior_shots': 1000, 'local_action_only': True, 'local_action_hops': 1, 'n_layers': 1, 'use_pearson_correlation': True, 'use_log_joint_prob': False, 'hidden_dim': 256, 'lr': 5e-05, 'gamma': 0.0, 'tau': 0.005, 'alpha': 0.01, 'target_entropy': -1.0, 'batch_size': 256, 'buffer_capacity': 100000, 'update_frequency': 100, 'train_episodes': 500, 'test_episodes': 20}

Initializing environment...

############################################################
### RUNNING MODE: TRAIN
############################################################

========================================
STARTING TRAINING (Episodes: 500)
========================================
Train Ep: 001/500 | Reward: -788.0 | MSE: 0.1033 | C_Loss: 0.039 | A_Loss: 0.018 | Alpha: 0.0098
Train Ep: 002/500 | Reward:  -58.0 | MSE: 0.1853 | C_Loss: 0.022 | A_Loss: 0.003 | Alpha: 0.0095
Train Ep: 003/500 | Reward:  -33.0 | MSE: 0.1425 | C_Loss: 0.015 | A_Loss: -0.003 | Alpha: 0.0093
Train Ep: 004/500 | Reward:  -18.0 | MSE: 0.1374 | C_Loss: 0.011 | A_Loss: -0.003 | Alpha: 0.0091
Train Ep: 005/500 | Reward: -108.0 | MSE: 0.1867 | C_Loss: 0.008 | A_Loss: -0.003 | Alpha: 0.0089
Train Ep: 006/500 | Reward:  -60.0 | MSE: 0.1964 | C_Loss: 0.009 | A_Loss: -0.003 | Alpha: 0.0087
Train Ep: 007/500 | Reward:  -43.0 | MSE: 0.1821 | C_Loss: 0.008 | A_Loss: -0.003 | Alpha: 0.0085
Train Ep: 008/500 | Reward:  -38.0 | MSE: 0.1487 | C_Loss: 0.008 | A_Loss: -0.003 | Alpha: 0.0083
Train Ep: 009/500 | Reward:  -72.0 | MSE: 0.2136 | C_Loss: 0.012 | A_Loss: -0.003 | Alpha: 0.0081
Train Ep: 010/500 | Reward:  -78.0 | MSE: 0.1487 | C_Loss: 0.012 | A_Loss: -0.003 | Alpha: 0.0079
Train Ep: 011/500 | Reward:  -86.0 | MSE: 0.1339 | C_Loss: 0.011 | A_Loss: -0.003 | Alpha: 0.0077
Train Ep: 012/500 | Reward:  -45.0 | MSE: 0.2110 | C_Loss: 0.010 | A_Loss: -0.003 | Alpha: 0.0075
Train Ep: 013/500 | Reward:  -90.0 | MSE: 0.2366 | C_Loss: 0.009 | A_Loss: -0.003 | Alpha: 0.0073
Train Ep: 014/500 | Reward:  -45.0 | MSE: 0.1874 | C_Loss: 0.011 | A_Loss: -0.003 | Alpha: 0.0071
Train Ep: 015/500 | Reward:  -30.0 | MSE: 0.2991 | C_Loss: 0.011 | A_Loss: -0.003 | Alpha: 0.0070
Train Ep: 016/500 | Reward:  -47.0 | MSE: 0.2085 | C_Loss: 0.009 | A_Loss: -0.003 | Alpha: 0.0068
Train Ep: 017/500 | Reward:  -63.0 | MSE: 0.1821 | C_Loss: 0.010 | A_Loss: -0.003 | Alpha: 0.0067
Train Ep: 018/500 | Reward:  -34.0 | MSE: 0.2997 | C_Loss: 0.011 | A_Loss: -0.002 | Alpha: 0.0065
Train Ep: 019/500 | Reward: -102.0 | MSE: 0.2640 | C_Loss: 0.011 | A_Loss: -0.003 | Alpha: 0.0063
Train Ep: 020/500 | Reward:  -21.0 | MSE: 0.1817 | C_Loss: 0.010 | A_Loss: -0.002 | Alpha: 0.0062
Train Ep: 021/500 | Reward:  -82.0 | MSE: 0.1602 | C_Loss: 0.010 | A_Loss: -0.002 | Alpha: 0.0060
Train Ep: 022/500 | Reward:  -72.0 | MSE: 0.2627 | C_Loss: 0.010 | A_Loss: -0.002 | Alpha: 0.0059
Train Ep: 023/500 | Reward:  -65.0 | MSE: 0.1652 | C_Loss: 0.010 | A_Loss: -0.001 | Alpha: 0.0058
Train Ep: 024/500 | Reward:  -64.0 | MSE: 0.2845 | C_Loss: 0.010 | A_Loss: -0.002 | Alpha: 0.0056
Train Ep: 025/500 | Reward:  -51.0 | MSE: 0.2311 | C_Loss: 0.010 | A_Loss: -0.002 | Alpha: 0.0055
Train Ep: 026/500 | Reward:  -54.0 | MSE: 0.2523 | C_Loss: 0.010 | A_Loss: -0.002 | Alpha: 0.0054
Train Ep: 027/500 | Reward:   -8.0 | MSE: 0.2225 | C_Loss: 0.009 | A_Loss: -0.002 | Alpha: 0.0052
Train Ep: 028/500 | Reward:   -9.0 | MSE: 0.2389 | C_Loss: 0.008 | A_Loss: -0.002 | Alpha: 0.0051
Train Ep: 029/500 | Reward: -159.0 | MSE: 0.2389 | C_Loss: 0.012 | A_Loss: -0.002 | Alpha: 0.0050
Train Ep: 030/500 | Reward:  -45.0 | MSE: 0.2692 | C_Loss: 0.015 | A_Loss: -0.002 | Alpha: 0.0049
Train Ep: 031/500 | Reward:  -54.0 | MSE: 0.0978 | C_Loss: 0.013 | A_Loss: -0.001 | Alpha: 0.0048
Train Ep: 032/500 | Reward:  -47.0 | MSE: 0.1072 | C_Loss: 0.011 | A_Loss: -0.002 | Alpha: 0.0047
Train Ep: 033/500 | Reward:  -25.0 | MSE: 0.2249 | C_Loss: 0.009 | A_Loss: -0.002 | Alpha: 0.0045
Train Ep: 034/500 | Reward:  -47.0 | MSE: 0.2796 | C_Loss: 0.009 | A_Loss: -0.001 | Alpha: 0.0044
Train Ep: 035/500 | Reward:  -12.0 | MSE: 0.2069 | C_Loss: 0.008 | A_Loss: -0.001 | Alpha: 0.0043
Train Ep: 036/500 | Reward:   -9.0 | MSE: 0.3182 | C_Loss: 0.006 | A_Loss: -0.002 | Alpha: 0.0042
Train Ep: 037/500 | Reward:  -41.0 | MSE: 0.2396 | C_Loss: 0.006 | A_Loss: -0.002 | Alpha: 0.0041
Train Ep: 038/500 | Reward:  -65.0 | MSE: 0.2448 | C_Loss: 0.007 | A_Loss: -0.001 | Alpha: 0.0040
Train Ep: 039/500 | Reward:  -19.0 | MSE: 0.2508 | C_Loss: 0.009 | A_Loss: -0.001 | Alpha: 0.0039
Train Ep: 040/500 | Reward:  -54.0 | MSE: 0.1534 | C_Loss: 0.010 | A_Loss: -0.002 | Alpha: 0.0038
Train Ep: 041/500 | Reward: -116.0 | MSE: 0.1404 | C_Loss: 0.012 | A_Loss: -0.001 | Alpha: 0.0038
Train Ep: 042/500 | Reward:  -70.0 | MSE: 0.1854 | C_Loss: 0.013 | A_Loss: -0.000 | Alpha: 0.0037
Train Ep: 043/500 | Reward:   -3.0 | MSE: 0.2208 | C_Loss: 0.010 | A_Loss: -0.001 | Alpha: 0.0036
Train Ep: 044/500 | Reward:  -12.0 | MSE: 0.1764 | C_Loss: 0.007 | A_Loss: -0.001 | Alpha: 0.0035
Train Ep: 045/500 | Reward:  -20.0 | MSE: 0.2325 | C_Loss: 0.006 | A_Loss: -0.002 | Alpha: 0.0034
Train Ep: 046/500 | Reward:   -2.0 | MSE: 0.1612 | C_Loss: 0.007 | A_Loss: -0.002 | Alpha: 0.0033
Train Ep: 047/500 | Reward:   -5.0 | MSE: 0.1763 | C_Loss: 0.005 | A_Loss: -0.002 | Alpha: 0.0033
Train Ep: 048/500 | Reward:  -30.0 | MSE: 0.1473 | C_Loss: 0.004 | A_Loss: -0.001 | Alpha: 0.0032
Train Ep: 049/500 | Reward:  -47.0 | MSE: 0.1789 | C_Loss: 0.007 | A_Loss: -0.001 | Alpha: 0.0031
Train Ep: 050/500 | Reward:   11.0 | MSE: 0.2331 | C_Loss: 0.007 | A_Loss: -0.001 | Alpha: 0.0030
Train Ep: 051/500 | Reward:   -8.0 | MSE: 0.3619 | C_Loss: 0.005 | A_Loss: -0.002 | Alpha: 0.0030
Train Ep: 052/500 | Reward:  -22.0 | MSE: 0.2558 | C_Loss: 0.006 | A_Loss: -0.002 | Alpha: 0.0029
Train Ep: 053/500 | Reward:  -36.0 | MSE: 0.1300 | C_Loss: 0.008 | A_Loss: -0.001 | Alpha: 0.0028
Train Ep: 054/500 | Reward: -135.0 | MSE: 0.2954 | C_Loss: 0.009 | A_Loss: -0.000 | Alpha: 0.0028
Train Ep: 055/500 | Reward:  -31.0 | MSE: 0.1429 | C_Loss: 0.009 | A_Loss: -0.000 | Alpha: 0.0027
Train Ep: 056/500 | Reward:   14.0 | MSE: 0.1327 | C_Loss: 0.008 | A_Loss: -0.000 | Alpha: 0.0026
Train Ep: 057/500 | Reward:  -13.0 | MSE: 0.1942 | C_Loss: 0.004 | A_Loss: -0.001 | Alpha: 0.0026
Train Ep: 058/500 | Reward:    4.0 | MSE: 0.1935 | C_Loss: 0.005 | A_Loss: -0.001 | Alpha: 0.0025
Train Ep: 059/500 | Reward:   -6.0 | MSE: 0.1998 | C_Loss: 0.005 | A_Loss: -0.001 | Alpha: 0.0025
Train Ep: 060/500 | Reward:  -14.0 | MSE: 0.1367 | C_Loss: 0.004 | A_Loss: -0.001 | Alpha: 0.0024
Train Ep: 061/500 | Reward:    7.0 | MSE: 0.1980 | C_Loss: 0.004 | A_Loss: -0.001 | Alpha: 0.0023
Train Ep: 062/500 | Reward:   28.0 | MSE: 0.3072 | C_Loss: 0.004 | A_Loss: -0.002 | Alpha: 0.0023
Train Ep: 063/500 | Reward:   -2.0 | MSE: 0.1920 | C_Loss: 0.005 | A_Loss: -0.001 | Alpha: 0.0022
Train Ep: 064/500 | Reward:  -19.0 | MSE: 0.1467 | C_Loss: 0.006 | A_Loss: -0.001 | Alpha: 0.0022
Train Ep: 065/500 | Reward:    9.0 | MSE: 0.2303 | C_Loss: 0.006 | A_Loss: -0.001 | Alpha: 0.0021
Train Ep: 066/500 | Reward:   16.0 | MSE: 0.2980 | C_Loss: 0.005 | A_Loss: -0.001 | Alpha: 0.0021
Train Ep: 067/500 | Reward:    6.0 | MSE: 0.1548 | C_Loss: 0.004 | A_Loss: -0.001 | Alpha: 0.0020
Train Ep: 068/500 | Reward:    5.0 | MSE: 0.1591 | C_Loss: 0.004 | A_Loss: -0.001 | Alpha: 0.0020
Train Ep: 069/500 | Reward:   21.0 | MSE: 0.1591 | C_Loss: 0.003 | A_Loss: -0.001 | Alpha: 0.0019
Train Ep: 070/500 | Reward:   16.0 | MSE: 0.2533 | C_Loss: 0.003 | A_Loss: -0.001 | Alpha: 0.0019
Train Ep: 071/500 | Reward:  -15.0 | MSE: 0.2238 | C_Loss: 0.004 | A_Loss: -0.001 | Alpha: 0.0018
Train Ep: 072/500 | Reward:   -9.0 | MSE: 0.2544 | C_Loss: 0.006 | A_Loss: -0.001 | Alpha: 0.0018
Train Ep: 073/500 | Reward:   -3.0 | MSE: 0.2171 | C_Loss: 0.006 | A_Loss: -0.001 | Alpha: 0.0018
Train Ep: 074/500 | Reward:  -34.0 | MSE: 0.1179 | C_Loss: 0.007 | A_Loss: -0.000 | Alpha: 0.0017
Train Ep: 075/500 | Reward:  -14.0 | MSE: 0.1466 | C_Loss: 0.006 | A_Loss: -0.001 | Alpha: 0.0017
Train Ep: 076/500 | Reward:  -45.0 | MSE: 0.2193 | C_Loss: 0.007 | A_Loss: 0.000 | Alpha: 0.0016
Train Ep: 077/500 | Reward:    3.0 | MSE: 0.2418 | C_Loss: 0.006 | A_Loss: -0.000 | Alpha: 0.0016
Train Ep: 078/500 | Reward:   37.0 | MSE: 0.2484 | C_Loss: 0.005 | A_Loss: -0.001 | Alpha: 0.0016
Train Ep: 079/500 | Reward:  -40.0 | MSE: 0.2227 | C_Loss: 0.005 | A_Loss: -0.001 | Alpha: 0.0015
Train Ep: 080/500 | Reward:   38.0 | MSE: 0.2141 | C_Loss: 0.005 | A_Loss: -0.001 | Alpha: 0.0015
Train Ep: 081/500 | Reward:  -27.0 | MSE: 0.2003 | C_Loss: 0.005 | A_Loss: -0.001 | Alpha: 0.0015
Train Ep: 082/500 | Reward:  -25.0 | MSE: 0.2426 | C_Loss: 0.006 | A_Loss: -0.001 | Alpha: 0.0014
Train Ep: 083/500 | Reward:   10.0 | MSE: 0.2325 | C_Loss: 0.008 | A_Loss: 0.000 | Alpha: 0.0014
Train Ep: 084/500 | Reward:   -9.0 | MSE: 0.1676 | C_Loss: 0.006 | A_Loss: -0.001 | Alpha: 0.0014
Train Ep: 085/500 | Reward:   10.0 | MSE: 0.1474 | C_Loss: 0.003 | A_Loss: -0.001 | Alpha: 0.0013
Train Ep: 086/500 | Reward:   -3.0 | MSE: 0.2661 | C_Loss: 0.003 | A_Loss: -0.001 | Alpha: 0.0013
Train Ep: 087/500 | Reward:  -25.0 | MSE: 0.3156 | C_Loss: 0.004 | A_Loss: -0.000 | Alpha: 0.0013
Train Ep: 088/500 | Reward:   -3.0 | MSE: 0.2188 | C_Loss: 0.004 | A_Loss: -0.000 | Alpha: 0.0012
Train Ep: 089/500 | Reward:  -14.0 | MSE: 0.1716 | C_Loss: 0.005 | A_Loss: -0.000 | Alpha: 0.0012
Train Ep: 090/500 | Reward:  -10.0 | MSE: 0.1795 | C_Loss: 0.005 | A_Loss: -0.000 | Alpha: 0.0012
Train Ep: 091/500 | Reward:  -14.0 | MSE: 0.2639 | C_Loss: 0.004 | A_Loss: -0.000 | Alpha: 0.0011
Train Ep: 092/500 | Reward:   37.0 | MSE: 0.2022 | C_Loss: 0.003 | A_Loss: -0.001 | Alpha: 0.0011
Train Ep: 093/500 | Reward:   -2.0 | MSE: 0.2535 | C_Loss: 0.003 | A_Loss: -0.001 | Alpha: 0.0011
Train Ep: 094/500 | Reward:   -3.0 | MSE: 0.1678 | C_Loss: 0.003 | A_Loss: -0.001 | Alpha: 0.0011
Train Ep: 095/500 | Reward:    6.0 | MSE: 0.2507 | C_Loss: 0.003 | A_Loss: -0.000 | Alpha: 0.0010
Train Ep: 096/500 | Reward:  -28.0 | MSE: 0.2007 | C_Loss: 0.003 | A_Loss: -0.000 | Alpha: 0.0010
Train Ep: 097/500 | Reward:  -22.0 | MSE: 0.1836 | C_Loss: 0.005 | A_Loss: -0.000 | Alpha: 0.0010
Train Ep: 098/500 | Reward:  -65.0 | MSE: 0.1471 | C_Loss: 0.007 | A_Loss: 0.000 | Alpha: 0.0010
Train Ep: 099/500 | Reward:   -5.0 | MSE: 0.1478 | C_Loss: 0.008 | A_Loss: 0.001 | Alpha: 0.0009
Train Ep: 100/500 | Reward:   16.0 | MSE: 0.2164 | C_Loss: 0.006 | A_Loss: -0.000 | Alpha: 0.0009
Train Ep: 101/500 | Reward:  -13.0 | MSE: 0.3359 | C_Loss: 0.004 | A_Loss: -0.000 | Alpha: 0.0009
Train Ep: 102/500 | Reward:    6.0 | MSE: 0.2515 | C_Loss: 0.004 | A_Loss: -0.000 | Alpha: 0.0009
Train Ep: 103/500 | Reward:   22.0 | MSE: 0.1854 | C_Loss: 0.004 | A_Loss: -0.001 | Alpha: 0.0009
Train Ep: 104/500 | Reward:    2.0 | MSE: 0.2818 | C_Loss: 0.003 | A_Loss: -0.001 | Alpha: 0.0008
Train Ep: 105/500 | Reward:    6.0 | MSE: 0.2326 | C_Loss: 0.003 | A_Loss: -0.000 | Alpha: 0.0008
Train Ep: 106/500 | Reward:    5.0 | MSE: 0.2321 | C_Loss: 0.003 | A_Loss: -0.000 | Alpha: 0.0008
Train Ep: 107/500 | Reward:   21.0 | MSE: 0.2600 | C_Loss: 0.003 | A_Loss: -0.000 | Alpha: 0.0008
Train Ep: 108/500 | Reward:   -4.0 | MSE: 0.3011 | C_Loss: 0.003 | A_Loss: -0.000 | Alpha: 0.0008
Train Ep: 109/500 | Reward:  -17.0 | MSE: 0.1899 | C_Loss: 0.003 | A_Loss: -0.001 | Alpha: 0.0007
Train Ep: 110/500 | Reward:    7.0 | MSE: 0.2262 | C_Loss: 0.004 | A_Loss: -0.000 | Alpha: 0.0007
Train Ep: 111/500 | Reward:  -31.0 | MSE: 0.2500 | C_Loss: 0.006 | A_Loss: -0.001 | Alpha: 0.0007
Train Ep: 112/500 | Reward:   13.0 | MSE: 0.1913 | C_Loss: 0.006 | A_Loss: -0.000 | Alpha: 0.0007
Train Ep: 113/500 | Reward:   11.0 | MSE: 0.1550 | C_Loss: 0.005 | A_Loss: 0.000 | Alpha: 0.0007
Train Ep: 114/500 | Reward:   18.0 | MSE: 0.3469 | C_Loss: 0.004 | A_Loss: -0.000 | Alpha: 0.0007
Train Ep: 115/500 | Reward:   18.0 | MSE: 0.2204 | C_Loss: 0.004 | A_Loss: -0.001 | Alpha: 0.0006
Train Ep: 116/500 | Reward:    3.0 | MSE: 0.2631 | C_Loss: 0.004 | A_Loss: -0.001 | Alpha: 0.0006
Train Ep: 117/500 | Reward:   -9.0 | MSE: 0.1252 | C_Loss: 0.003 | A_Loss: -0.000 | Alpha: 0.0006
Train Ep: 118/500 | Reward:   10.0 | MSE: 0.2105 | C_Loss: 0.003 | A_Loss: -0.000 | Alpha: 0.0006
Train Ep: 119/500 | Reward:    9.0 | MSE: 0.1805 | C_Loss: 0.002 | A_Loss: -0.000 | Alpha: 0.0006
Train Ep: 120/500 | Reward:   15.0 | MSE: 0.1531 | C_Loss: 0.002 | A_Loss: -0.000 | Alpha: 0.0006
Train Ep: 121/500 | Reward:    4.0 | MSE: 0.1536 | C_Loss: 0.005 | A_Loss: -0.001 | Alpha: 0.0006
Train Ep: 122/500 | Reward:  -19.0 | MSE: 0.2599 | C_Loss: 0.005 | A_Loss: -0.000 | Alpha: 0.0006
Train Ep: 123/500 | Reward:   -5.0 | MSE: 0.1894 | C_Loss: 0.004 | A_Loss: 0.000 | Alpha: 0.0005
Train Ep: 124/500 | Reward:    3.0 | MSE: 0.1207 | C_Loss: 0.003 | A_Loss: -0.000 | Alpha: 0.0005
Train Ep: 125/500 | Reward:   11.0 | MSE: 0.2788 | C_Loss: 0.002 | A_Loss: -0.000 | Alpha: 0.0005
Train Ep: 126/500 | Reward:   27.0 | MSE: 0.2299 | C_Loss: 0.003 | A_Loss: -0.000 | Alpha: 0.0005
Train Ep: 127/500 | Reward:   15.0 | MSE: 0.1964 | C_Loss: 0.003 | A_Loss: -0.001 | Alpha: 0.0005
Train Ep: 128/500 | Reward:    7.0 | MSE: 0.2419 | C_Loss: 0.003 | A_Loss: -0.000 | Alpha: 0.0005
Train Ep: 129/500 | Reward:   -7.0 | MSE: 0.1907 | C_Loss: 0.003 | A_Loss: -0.000 | Alpha: 0.0005
Train Ep: 130/500 | Reward:   13.0 | MSE: 0.1984 | C_Loss: 0.004 | A_Loss: -0.000 | Alpha: 0.0005
Train Ep: 131/500 | Reward:   12.0 | MSE: 0.2286 | C_Loss: 0.004 | A_Loss: -0.001 | Alpha: 0.0004
Train Ep: 132/500 | Reward:    2.0 | MSE: 0.2260 | C_Loss: 0.003 | A_Loss: -0.000 | Alpha: 0.0004
Train Ep: 133/500 | Reward:   10.0 | MSE: 0.3163 | C_Loss: 0.003 | A_Loss: -0.000 | Alpha: 0.0004
Train Ep: 134/500 | Reward:   19.0 | MSE: 0.1608 | C_Loss: 0.002 | A_Loss: -0.000 | Alpha: 0.0004
Train Ep: 135/500 | Reward:   18.0 | MSE: 0.1904 | C_Loss: 0.001 | A_Loss: -0.001 | Alpha: 0.0004
Train Ep: 136/500 | Reward:   17.0 | MSE: 0.2339 | C_Loss: 0.002 | A_Loss: -0.001 | Alpha: 0.0004
Train Ep: 137/500 | Reward:    7.0 | MSE: 0.2224 | C_Loss: 0.002 | A_Loss: -0.000 | Alpha: 0.0004
Train Ep: 138/500 | Reward:   11.0 | MSE: 0.1837 | C_Loss: 0.002 | A_Loss: -0.000 | Alpha: 0.0004
Train Ep: 139/500 | Reward:   20.0 | MSE: 0.1391 | C_Loss: 0.002 | A_Loss: -0.000 | Alpha: 0.0004
Train Ep: 140/500 | Reward:   -8.0 | MSE: 0.2017 | C_Loss: 0.003 | A_Loss: -0.000 | Alpha: 0.0004
Train Ep: 141/500 | Reward:   17.0 | MSE: 0.1986 | C_Loss: 0.004 | A_Loss: -0.000 | Alpha: 0.0004
Train Ep: 142/500 | Reward:  -18.0 | MSE: 0.2047 | C_Loss: 0.003 | A_Loss: -0.001 | Alpha: 0.0003
Train Ep: 143/500 | Reward:   19.0 | MSE: 0.1818 | C_Loss: 0.004 | A_Loss: -0.000 | Alpha: 0.0003
Train Ep: 144/500 | Reward:    1.0 | MSE: 0.2004 | C_Loss: 0.004 | A_Loss: -0.000 | Alpha: 0.0003
Train Ep: 145/500 | Reward:   19.0 | MSE: 0.1512 | C_Loss: 0.004 | A_Loss: -0.000 | Alpha: 0.0003
Train Ep: 146/500 | Reward:    1.0 | MSE: 0.2529 | C_Loss: 0.006 | A_Loss: -0.000 | Alpha: 0.0003
Train Ep: 147/500 | Reward:  -17.0 | MSE: 0.1555 | C_Loss: 0.006 | A_Loss: -0.000 | Alpha: 0.0003
Train Ep: 148/500 | Reward:  -11.0 | MSE: 0.2551 | C_Loss: 0.006 | A_Loss: -0.000 | Alpha: 0.0003
Train Ep: 149/500 | Reward:   -9.0 | MSE: 0.1595 | C_Loss: 0.006 | A_Loss: -0.000 | Alpha: 0.0003
Train Ep: 150/500 | Reward:  -48.0 | MSE: 0.2150 | C_Loss: 0.006 | A_Loss: 0.000 | Alpha: 0.0003
Train Ep: 151/500 | Reward:   -3.0 | MSE: 0.1205 | C_Loss: 0.006 | A_Loss: 0.000 | Alpha: 0.0003
Train Ep: 152/500 | Reward:   -6.0 | MSE: 0.1897 | C_Loss: 0.005 | A_Loss: 0.000 | Alpha: 0.0003
Train Ep: 153/500 | Reward:   20.0 | MSE: 0.2070 | C_Loss: 0.005 | A_Loss: 0.000 | Alpha: 0.0003
Train Ep: 154/500 | Reward:  -33.0 | MSE: 0.2459 | C_Loss: 0.004 | A_Loss: -0.000 | Alpha: 0.0003
Train Ep: 155/500 | Reward:    4.0 | MSE: 0.1558 | C_Loss: 0.003 | A_Loss: -0.000 | Alpha: 0.0003
Train Ep: 156/500 | Reward:    4.0 | MSE: 0.2476 | C_Loss: 0.001 | A_Loss: -0.000 | Alpha: 0.0002
Train Ep: 157/500 | Reward:    5.0 | MSE: 0.2909 | C_Loss: 0.000 | A_Loss: -0.000 | Alpha: 0.0002
Train Ep: 158/500 | Reward:   11.0 | MSE: 0.3151 | C_Loss: 0.000 | A_Loss: -0.000 | Alpha: 0.0002
Train Ep: 159/500 | Reward:    8.0 | MSE: 0.1509 | C_Loss: 0.000 | A_Loss: -0.000 | Alpha: 0.0002
Train Ep: 160/500 | Reward:    1.0 | MSE: 0.2391 | C_Loss: 0.000 | A_Loss: -0.000 | Alpha: 0.0002
Train Ep: 161/500 | Reward:    7.0 | MSE: 0.1934 | C_Loss: 0.001 | A_Loss: -0.000 | Alpha: 0.0002
Train Ep: 162/500 | Reward:    4.0 | MSE: 0.2792 | C_Loss: 0.000 | A_Loss: 0.000 | Alpha: 0.0002
Train Ep: 163/500 | Reward:    3.0 | MSE: 0.1080 | C_Loss: 0.000 | A_Loss: -0.000 | Alpha: 0.0002
Train Ep: 164/500 | Reward:    1.0 | MSE: 0.2132 | C_Loss: 0.000 | A_Loss: 0.000 | Alpha: 0.0002
Train Ep: 165/500 | Reward:    5.0 | MSE: 0.2234 | C_Loss: 0.000 | A_Loss: -0.000 | Alpha: 0.0002
Train Ep: 166/500 | Reward:   11.0 | MSE: 0.2631 | C_Loss: 0.001 | A_Loss: -0.000 | Alpha: 0.0002
Train Ep: 167/500 | Reward:    8.0 | MSE: 0.2428 | C_Loss: 0.001 | A_Loss: -0.000 | Alpha: 0.0002
Train Ep: 168/500 | Reward:    2.0 | MSE: 0.1555 | C_Loss: 0.001 | A_Loss: -0.000 | Alpha: 0.0002
Train Ep: 169/500 | Reward:    0.0 | MSE: 0.2712 | C_Loss: 0.000 | A_Loss: -0.000 | Alpha: 0.0002
Train Ep: 170/500 | Reward:    1.0 | MSE: 0.2095 | C_Loss: 0.000 | A_Loss: -0.000 | Alpha: 0.0002
Train Ep: 171/500 | Reward:   20.0 | MSE: 0.2650 | C_Loss: 0.000 | A_Loss: -0.000 | Alpha: 0.0002
Train Ep: 172/500 | Reward:   16.0 | MSE: 0.2009 | C_Loss: 0.001 | A_Loss: -0.000 | Alpha: 0.0002
Train Ep: 173/500 | Reward:   16.0 | MSE: 0.2408 | C_Loss: 0.002 | A_Loss: -0.000 | Alpha: 0.0002
Train Ep: 174/500 | Reward:   22.0 | MSE: 0.2075 | C_Loss: 0.003 | A_Loss: -0.000 | Alpha: 0.0002
Train Ep: 175/500 | Reward:   12.0 | MSE: 0.2044 | C_Loss: 0.002 | A_Loss: -0.000 | Alpha: 0.0002
Train Ep: 176/500 | Reward:   -3.0 | MSE: 0.1572 | C_Loss: 0.001 | A_Loss: -0.000 | Alpha: 0.0002
Train Ep: 177/500 | Reward:   13.0 | MSE: 0.2868 | C_Loss: 0.001 | A_Loss: -0.000 | Alpha: 0.0002
Train Ep: 178/500 | Reward:   18.0 | MSE: 0.2431 | C_Loss: 0.001 | A_Loss: -0.000 | Alpha: 0.0001
Train Ep: 179/500 | Reward:    7.0 | MSE: 0.2477 | C_Loss: 0.001 | A_Loss: -0.000 | Alpha: 0.0001
Train Ep: 180/500 | Reward:   22.0 | MSE: 0.2268 | C_Loss: 0.001 | A_Loss: -0.000 | Alpha: 0.0001
Train Ep: 181/500 | Reward:    0.0 | MSE: 0.1865 | C_Loss: 0.001 | A_Loss: -0.000 | Alpha: 0.0001
Train Ep: 182/500 | Reward:   22.0 | MSE: 0.2416 | C_Loss: 0.001 | A_Loss: -0.000 | Alpha: 0.0001
Train Ep: 183/500 | Reward:   14.0 | MSE: 0.1953 | C_Loss: 0.002 | A_Loss: -0.001 | Alpha: 0.0001
Train Ep: 184/500 | Reward:    2.0 | MSE: 0.1540 | C_Loss: 0.003 | A_Loss: -0.000 | Alpha: 0.0001
Train Ep: 185/500 | Reward:    7.0 | MSE: 0.2443 | C_Loss: 0.003 | A_Loss: -0.000 | Alpha: 0.0001
Train Ep: 186/500 | Reward:  -22.0 | MSE: 0.1842 | C_Loss: 0.003 | A_Loss: -0.000 | Alpha: 0.0001
Train Ep: 187/500 | Reward:   14.0 | MSE: 0.2419 | C_Loss: 0.002 | A_Loss: 0.000 | Alpha: 0.0001
Train Ep: 188/500 | Reward:   17.0 | MSE: 0.1721 | C_Loss: 0.002 | A_Loss: -0.000 | Alpha: 0.0001
Train Ep: 189/500 | Reward:   16.0 | MSE: 0.1495 | C_Loss: 0.002 | A_Loss: -0.000 | Alpha: 0.0001
Train Ep: 190/500 | Reward:   12.0 | MSE: 0.2085 | C_Loss: 0.001 | A_Loss: -0.000 | Alpha: 0.0001
Train Ep: 191/500 | Reward:   37.0 | MSE: 0.2428 | C_Loss: 0.002 | A_Loss: -0.000 | Alpha: 0.0001
Train Ep: 192/500 | Reward:   55.0 | MSE: 0.2334 | C_Loss: 0.005 | A_Loss: -0.001 | Alpha: 0.0001
Train Ep: 193/500 | Reward:    8.0 | MSE: 0.1666 | C_Loss: 0.011 | A_Loss: -0.001 | Alpha: 0.0001
Train Ep: 194/500 | Reward:   12.0 | MSE: 0.1170 | C_Loss: 0.015 | A_Loss: -0.001 | Alpha: 0.0001
Train Ep: 195/500 | Reward:   45.0 | MSE: 0.2040 | C_Loss: 0.009 | A_Loss: -0.001 | Alpha: 0.0001
Train Ep: 196/500 | Reward:   23.0 | MSE: 0.1363 | C_Loss: 0.006 | A_Loss: -0.001 | Alpha: 0.0001
Train Ep: 197/500 | Reward:   32.0 | MSE: 0.1434 | C_Loss: 0.009 | A_Loss: -0.001 | Alpha: 0.0001
Train Ep: 198/500 | Reward:   68.0 | MSE: 0.3168 | C_Loss: 0.010 | A_Loss: -0.001 | Alpha: 0.0001
Train Ep: 199/500 | Reward:   56.0 | MSE: 0.0707 | C_Loss: 0.008 | A_Loss: -0.001 | Alpha: 0.0001
Train Ep: 200/500 | Reward:   91.0 | MSE: 0.1440 | C_Loss: 0.007 | A_Loss: -0.001 | Alpha: 0.0001
Train Ep: 201/500 | Reward:   59.0 | MSE: 0.2349 | C_Loss: 0.006 | A_Loss: -0.002 | Alpha: 0.0001
Train Ep: 202/500 | Reward:   91.0 | MSE: 0.2533 | C_Loss: 0.006 | A_Loss: -0.001 | Alpha: 0.0001
Train Ep: 203/500 | Reward:   84.0 | MSE: 0.3167 | C_Loss: 0.006 | A_Loss: -0.002 | Alpha: 0.0001
Train Ep: 204/500 | Reward:   36.0 | MSE: 0.2066 | C_Loss: 0.006 | A_Loss: -0.001 | Alpha: 0.0001
Train Ep: 205/500 | Reward:   50.0 | MSE: 0.3262 | C_Loss: 0.007 | A_Loss: -0.001 | Alpha: 0.0001
Train Ep: 206/500 | Reward:   58.0 | MSE: 0.1618 | C_Loss: 0.008 | A_Loss: -0.001 | Alpha: 0.0001
Train Ep: 207/500 | Reward:   58.0 | MSE: 0.1362 | C_Loss: 0.007 | A_Loss: -0.001 | Alpha: 0.0001
Train Ep: 208/500 | Reward:   63.0 | MSE: 0.2530 | C_Loss: 0.006 | A_Loss: -0.001 | Alpha: 0.0001
Train Ep: 209/500 | Reward:   41.0 | MSE: 0.1878 | C_Loss: 0.005 | A_Loss: -0.001 | Alpha: 0.0001
Train Ep: 210/500 | Reward:   36.0 | MSE: 0.1511 | C_Loss: 0.005 | A_Loss: -0.001 | Alpha: 0.0001
Train Ep: 211/500 | Reward:   44.0 | MSE: 0.3502 | C_Loss: 0.004 | A_Loss: -0.001 | Alpha: 0.0001
Train Ep: 212/500 | Reward:   51.0 | MSE: 0.1458 | C_Loss: 0.005 | A_Loss: -0.001 | Alpha: 0.0001
Train Ep: 213/500 | Reward:   11.0 | MSE: 0.2365 | C_Loss: 0.005 | A_Loss: -0.001 | Alpha: 0.0001
Train Ep: 214/500 | Reward:   32.0 | MSE: 0.1535 | C_Loss: 0.006 | A_Loss: -0.000 | Alpha: 0.0001
Train Ep: 215/500 | Reward:   38.0 | MSE: 0.1698 | C_Loss: 0.006 | A_Loss: -0.001 | Alpha: 0.0001
Train Ep: 216/500 | Reward:   15.0 | MSE: 0.1955 | C_Loss: 0.005 | A_Loss: -0.001 | Alpha: 0.0001
Train Ep: 217/500 | Reward:    0.0 | MSE: 0.2466 | C_Loss: 0.003 | A_Loss: -0.000 | Alpha: 0.0001
Train Ep: 218/500 | Reward:    6.0 | MSE: 0.1126 | C_Loss: 0.002 | A_Loss: -0.000 | Alpha: 0.0001
Train Ep: 219/500 | Reward:    3.0 | MSE: 0.1463 | C_Loss: 0.002 | A_Loss: -0.000 | Alpha: 0.0001
Train Ep: 220/500 | Reward:   -1.0 | MSE: 0.2479 | C_Loss: 0.002 | A_Loss: -0.000 | Alpha: 0.0001
Train Ep: 221/500 | Reward:    7.0 | MSE: 0.1936 | C_Loss: 0.002 | A_Loss: 0.000 | Alpha: 0.0001
Train Ep: 222/500 | Reward:   20.0 | MSE: 0.3356 | C_Loss: 0.001 | A_Loss: -0.000 | Alpha: 0.0001
Train Ep: 223/500 | Reward:   15.0 | MSE: 0.1462 | C_Loss: 0.002 | A_Loss: -0.000 | Alpha: 0.0001
Train Ep: 224/500 | Reward:    2.0 | MSE: 0.1692 | C_Loss: 0.001 | A_Loss: -0.000 | Alpha: 0.0001
Train Ep: 225/500 | Reward:   20.0 | MSE: 0.1880 | C_Loss: 0.001 | A_Loss: -0.000 | Alpha: 0.0000
Train Ep: 226/500 | Reward:   23.0 | MSE: 0.1198 | C_Loss: 0.002 | A_Loss: -0.001 | Alpha: 0.0000
Train Ep: 227/500 | Reward:   16.0 | MSE: 0.1711 | C_Loss: 0.002 | A_Loss: -0.000 | Alpha: 0.0000
Train Ep: 228/500 | Reward:    9.0 | MSE: 0.1650 | C_Loss: 0.002 | A_Loss: -0.000 | Alpha: 0.0000
Train Ep: 229/500 | Reward:   42.0 | MSE: 0.2345 | C_Loss: 0.002 | A_Loss: -0.000 | Alpha: 0.0000
Train Ep: 230/500 | Reward:   10.0 | MSE: 0.1715 | C_Loss: 0.002 | A_Loss: -0.000 | Alpha: 0.0000
Train Ep: 231/500 | Reward:    8.0 | MSE: 0.1218 | C_Loss: 0.002 | A_Loss: -0.000 | Alpha: 0.0000
Train Ep: 232/500 | Reward:   21.0 | MSE: 0.2370 | C_Loss: 0.002 | A_Loss: -0.000 | Alpha: 0.0000
Train Ep: 233/500 | Reward:   14.0 | MSE: 0.2626 | C_Loss: 0.002 | A_Loss: -0.000 | Alpha: 0.0000
Train Ep: 234/500 | Reward:   21.0 | MSE: 0.2164 | C_Loss: 0.003 | A_Loss: -0.000 | Alpha: 0.0000
Train Ep: 235/500 | Reward:   29.0 | MSE: 0.1683 | C_Loss: 0.003 | A_Loss: -0.001 | Alpha: 0.0000
Train Ep: 236/500 | Reward:    9.0 | MSE: 0.1870 | C_Loss: 0.004 | A_Loss: -0.001 | Alpha: 0.0000
Train Ep: 237/500 | Reward:   25.0 | MSE: 0.1615 | C_Loss: 0.003 | A_Loss: -0.000 | Alpha: 0.0000
Train Ep: 238/500 | Reward:   36.0 | MSE: 0.1418 | C_Loss: 0.003 | A_Loss: -0.000 | Alpha: 0.0000
Train Ep: 239/500 | Reward:   28.0 | MSE: 0.1720 | C_Loss: 0.003 | A_Loss: -0.001 | Alpha: 0.0000
Train Ep: 240/500 | Reward:   40.0 | MSE: 0.1692 | C_Loss: 0.005 | A_Loss: -0.001 | Alpha: 0.0000
Train Ep: 241/500 | Reward:   23.0 | MSE: 0.1533 | C_Loss: 0.005 | A_Loss: -0.001 | Alpha: 0.0000
Train Ep: 242/500 | Reward:   22.0 | MSE: 0.2448 | C_Loss: 0.004 | A_Loss: -0.001 | Alpha: 0.0000
Train Ep: 243/500 | Reward:    5.0 | MSE: 0.1607 | C_Loss: 0.004 | A_Loss: -0.000 | Alpha: 0.0000
Train Ep: 244/500 | Reward:    5.0 | MSE: 0.1934 | C_Loss: 0.006 | A_Loss: 0.000 | Alpha: 0.0000
Train Ep: 245/500 | Reward:   21.0 | MSE: 0.1452 | C_Loss: 0.004 | A_Loss: -0.000 | Alpha: 0.0000
Train Ep: 246/500 | Reward:   14.0 | MSE: 0.2799 | C_Loss: 0.001 | A_Loss: -0.000 | Alpha: 0.0000
Train Ep: 247/500 | Reward:   17.0 | MSE: 0.2801 | C_Loss: 0.001 | A_Loss: -0.000 | Alpha: 0.0000
Train Ep: 248/500 | Reward:   21.0 | MSE: 0.2894 | C_Loss: 0.001 | A_Loss: -0.000 | Alpha: 0.0000
Train Ep: 249/500 | Reward:   30.0 | MSE: 0.1880 | C_Loss: 0.001 | A_Loss: -0.000 | Alpha: 0.0000
Train Ep: 250/500 | Reward:   -2.0 | MSE: 0.2072 | C_Loss: 0.002 | A_Loss: -0.000 | Alpha: 0.0000
Train Ep: 251/500 | Reward:    8.0 | MSE: 0.1827 | C_Loss: 0.002 | A_Loss: -0.000 | Alpha: 0.0000
Train Ep: 252/500 | Reward:    1.0 | MSE: 0.1884 | C_Loss: 0.001 | A_Loss: -0.000 | Alpha: 0.0000
Train Ep: 253/500 | Reward:    2.0 | MSE: 0.2633 | C_Loss: 0.001 | A_Loss: 0.000 | Alpha: 0.0000
Train Ep: 254/500 | Reward:   13.0 | MSE: 0.2079 | C_Loss: 0.001 | A_Loss: -0.000 | Alpha: 0.0000
Train Ep: 255/500 | Reward:    1.0 | MSE: 0.2332 | C_Loss: 0.001 | A_Loss: -0.000 | Alpha: 0.0000
Train Ep: 256/500 | Reward:    4.0 | MSE: 0.2234 | C_Loss: 0.000 | A_Loss: -0.000 | Alpha: 0.0000
Train Ep: 257/500 | Reward:   -1.0 | MSE: 0.2551 | C_Loss: 0.000 | A_Loss: -0.000 | Alpha: 0.0000
Train Ep: 258/500 | Reward:   10.0 | MSE: 0.2889 | C_Loss: 0.000 | A_Loss: -0.000 | Alpha: 0.0000
Train Ep: 259/500 | Reward:   12.0 | MSE: 0.3384 | C_Loss: 0.001 | A_Loss: -0.000 | Alpha: 0.0000
Train Ep: 260/500 | Reward:   -1.0 | MSE: 0.2184 | C_Loss: 0.000 | A_Loss: -0.000 | Alpha: 0.0000
Train Ep: 261/500 | Reward:    9.0 | MSE: 0.2401 | C_Loss: 0.000 | A_Loss: -0.000 | Alpha: 0.0000
Train Ep: 262/500 | Reward:    3.0 | MSE: 0.3348 | C_Loss: 0.000 | A_Loss: -0.000 | Alpha: 0.0000
Train Ep: 263/500 | Reward:    3.0 | MSE: 0.2303 | C_Loss: 0.000 | A_Loss: -0.000 | Alpha: 0.0000
Train Ep: 264/500 | Reward:    4.0 | MSE: 0.2017 | C_Loss: 0.000 | A_Loss: -0.000 | Alpha: 0.0000
Train Ep: 265/500 | Reward:   -1.0 | MSE: 0.1606 | C_Loss: 0.000 | A_Loss: -0.000 | Alpha: 0.0000
Train Ep: 266/500 | Reward:    2.0 | MSE: 0.2033 | C_Loss: 0.000 | A_Loss: 0.000 | Alpha: 0.0000
Train Ep: 267/500 | Reward:    1.0 | MSE: 0.1675 | C_Loss: 0.000 | A_Loss: -0.000 | Alpha: 0.0000
Train Ep: 268/500 | Reward:   -2.0 | MSE: 0.2503 | C_Loss: 0.000 | A_Loss: -0.000 | Alpha: 0.0000
Train Ep: 269/500 | Reward:    4.0 | MSE: 0.2553 | C_Loss: 0.000 | A_Loss: -0.000 | Alpha: 0.0000
Train Ep: 270/500 | Reward:    8.0 | MSE: 0.1916 | C_Loss: 0.000 | A_Loss: -0.000 | Alpha: 0.0000
Train Ep: 271/500 | Reward:   13.0 | MSE: 0.1805 | C_Loss: 0.001 | A_Loss: -0.000 | Alpha: 0.0000
Train Ep: 272/500 | Reward:  -35.0 | MSE: 0.1464 | C_Loss: 0.006 | A_Loss: -0.000 | Alpha: 0.0000
Train Ep: 273/500 | Reward:   -6.0 | MSE: 0.2812 | C_Loss: 0.009 | A_Loss: 0.000 | Alpha: 0.0000
Train Ep: 274/500 | Reward:    4.0 | MSE: 0.2421 | C_Loss: 0.005 | A_Loss: 0.000 | Alpha: 0.0000
Train Ep: 275/500 | Reward:    9.0 | MSE: 0.2637 | C_Loss: 0.001 | A_Loss: -0.000 | Alpha: 0.0000
Train Ep: 276/500 | Reward:   23.0 | MSE: 0.2730 | C_Loss: 0.001 | A_Loss: -0.000 | Alpha: 0.0000
Train Ep: 277/500 | Reward:    8.0 | MSE: 0.1830 | C_Loss: 0.001 | A_Loss: -0.000 | Alpha: 0.0000
Train Ep: 278/500 | Reward:    3.0 | MSE: 0.1196 | C_Loss: 0.000 | A_Loss: -0.000 | Alpha: 0.0000
Train Ep: 279/500 | Reward:   -2.0 | MSE: 0.2327 | C_Loss: 0.000 | A_Loss: -0.000 | Alpha: 0.0000
Train Ep: 280/500 | Reward:    8.0 | MSE: 0.1853 | C_Loss: 0.000 | A_Loss: -0.000 | Alpha: 0.0000
Train Ep: 281/500 | Reward:   30.0 | MSE: 0.2281 | C_Loss: 0.001 | A_Loss: -0.000 | Alpha: 0.0000
Train Ep: 282/500 | Reward:  -21.0 | MSE: 0.2373 | C_Loss: 0.004 | A_Loss: -0.001 | Alpha: 0.0000
Train Ep: 283/500 | Reward:   20.0 | MSE: 0.1585 | C_Loss: 0.007 | A_Loss: -0.001 | Alpha: 0.0000
Train Ep: 284/500 | Reward:   74.0 | MSE: 0.1517 | C_Loss: 0.010 | A_Loss: -0.001 | Alpha: 0.0000
Train Ep: 285/500 | Reward:   61.0 | MSE: 0.1095 | C_Loss: 0.015 | A_Loss: -0.001 | Alpha: 0.0000
Train Ep: 286/500 | Reward:   64.0 | MSE: 0.1255 | C_Loss: 0.014 | A_Loss: -0.001 | Alpha: 0.0000
Train Ep: 287/500 | Reward:   13.0 | MSE: 0.1744 | C_Loss: 0.012 | A_Loss: -0.001 | Alpha: 0.0000
Train Ep: 288/500 | Reward:   86.0 | MSE: 0.1973 | C_Loss: 0.011 | A_Loss: -0.001 | Alpha: 0.0000
Train Ep: 289/500 | Reward:   77.0 | MSE: 0.1284 | C_Loss: 0.011 | A_Loss: -0.001 | Alpha: 0.0000
Train Ep: 290/500 | Reward:    4.0 | MSE: 0.2732 | C_Loss: 0.012 | A_Loss: -0.002 | Alpha: 0.0000
Train Ep: 291/500 | Reward:    2.0 | MSE: 0.2323 | C_Loss: 0.015 | A_Loss: -0.000 | Alpha: 0.0000
Train Ep: 292/500 | Reward:   85.0 | MSE: 0.1364 | C_Loss: 0.015 | A_Loss: -0.001 | Alpha: 0.0000
Train Ep: 293/500 | Reward:   62.0 | MSE: 0.1450 | C_Loss: 0.014 | A_Loss: -0.001 | Alpha: 0.0000
Train Ep: 294/500 | Reward:   90.0 | MSE: 0.1889 | C_Loss: 0.012 | A_Loss: -0.002 | Alpha: 0.0000
Train Ep: 295/500 | Reward:   75.0 | MSE: 0.1213 | C_Loss: 0.010 | A_Loss: -0.002 | Alpha: 0.0000
Train Ep: 296/500 | Reward:   29.0 | MSE: 0.2610 | C_Loss: 0.008 | A_Loss: -0.001 | Alpha: 0.0000
Train Ep: 297/500 | Reward:   72.0 | MSE: 0.1320 | C_Loss: 0.008 | A_Loss: -0.001 | Alpha: 0.0000
Train Ep: 298/500 | Reward:  147.0 | MSE: 0.1138 | C_Loss: 0.012 | A_Loss: -0.002 | Alpha: 0.0000
  [!] Reward crossed 100! Unlocking Validation phase for the rest of training.
Train Ep: 299/500 | Reward:  147.0 | MSE: 0.2583 | C_Loss: 0.015 | A_Loss: -0.003 | Alpha: 0.0000
Train Ep: 300/500 | Reward:   33.0 | MSE: 0.0809 | C_Loss: 0.015 | A_Loss: -0.002 | Alpha: 0.0000
  [!] Running Isolated Validation (Pure CMA vs GNN)...
  -> Val Results: Pure Baseline Errors: 5222 | GNN Errors: 5099
  -> Relative Improvement: 2.355%
  *** New Best Model! Net Score improved from -inf to 0.023554193795480658 ***
[*] Models successfully saved to models/sac_gnn_65_best.pth
Train Ep: 301/500 | Reward:  143.0 | MSE: 0.1899 | C_Loss: 0.014 | A_Loss: -0.002 | Alpha: 0.0000
Train Ep: 302/500 | Reward:  108.0 | MSE: 0.1945 | C_Loss: 0.012 | A_Loss: -0.002 | Alpha: 0.0000
Train Ep: 303/500 | Reward:    6.0 | MSE: 0.0928 | C_Loss: 0.011 | A_Loss: -0.002 | Alpha: 0.0000
Train Ep: 304/500 | Reward:   62.0 | MSE: 0.3070 | C_Loss: 0.011 | A_Loss: -0.001 | Alpha: 0.0000
Train Ep: 305/500 | Reward:   86.0 | MSE: 0.1697 | C_Loss: 0.009 | A_Loss: -0.001 | Alpha: 0.0000
  [!] Running Isolated Validation (Pure CMA vs GNN)...
  -> Val Results: Pure Baseline Errors: 5222 | GNN Errors: 5078
  -> Relative Improvement: 2.758%
  *** New Best Model! Net Score improved from 0.023554193795480658 to 0.027575641516660282 ***
[*] Models successfully saved to models/sac_gnn_65_best.pth
Train Ep: 306/500 | Reward:   86.0 | MSE: 0.1320 | C_Loss: 0.007 | A_Loss: -0.002 | Alpha: 0.0000
Train Ep: 307/500 | Reward:   98.0 | MSE: 0.1364 | C_Loss: 0.006 | A_Loss: -0.002 | Alpha: 0.0000
Train Ep: 308/500 | Reward:   93.0 | MSE: 0.2205 | C_Loss: 0.007 | A_Loss: -0.002 | Alpha: 0.0000
Train Ep: 309/500 | Reward:   69.0 | MSE: 0.2706 | C_Loss: 0.008 | A_Loss: -0.002 | Alpha: 0.0000
Train Ep: 310/500 | Reward:   66.0 | MSE: 0.1912 | C_Loss: 0.006 | A_Loss: -0.002 | Alpha: 0.0000
  [!] Running Isolated Validation (Pure CMA vs GNN)...
  -> Val Results: Pure Baseline Errors: 5222 | GNN Errors: 5046
  -> Relative Improvement: 3.370%
  *** New Best Model! Net Score improved from 0.027575641516660282 to 0.0337035618536959 ***
[*] Models successfully saved to models/sac_gnn_65_best.pth
Train Ep: 311/500 | Reward:   87.0 | MSE: 0.1497 | C_Loss: 0.005 | A_Loss: -0.001 | Alpha: 0.0000
Train Ep: 312/500 | Reward:   71.0 | MSE: 0.1842 | C_Loss: 0.005 | A_Loss: -0.002 | Alpha: 0.0000
Train Ep: 313/500 | Reward:   59.0 | MSE: 0.1575 | C_Loss: 0.005 | A_Loss: -0.002 | Alpha: 0.0000
Train Ep: 314/500 | Reward:   41.0 | MSE: 0.2702 | C_Loss: 0.005 | A_Loss: -0.001 | Alpha: 0.0000
Train Ep: 315/500 | Reward:   31.0 | MSE: 0.2253 | C_Loss: 0.004 | A_Loss: -0.001 | Alpha: 0.0000
  [!] Running Isolated Validation (Pure CMA vs GNN)...
  -> Val Results: Pure Baseline Errors: 5222 | GNN Errors: 5200
  -> Relative Improvement: 0.421%
Train Ep: 316/500 | Reward:   25.0 | MSE: 0.2508 | C_Loss: 0.003 | A_Loss: -0.001 | Alpha: 0.0000
Train Ep: 317/500 | Reward:   44.0 | MSE: 0.2981 | C_Loss: 0.002 | A_Loss: -0.001 | Alpha: 0.0000
Train Ep: 318/500 | Reward:   17.0 | MSE: 0.2513 | C_Loss: 0.003 | A_Loss: -0.001 | Alpha: 0.0000
Train Ep: 319/500 | Reward:   60.0 | MSE: 0.1980 | C_Loss: 0.002 | A_Loss: -0.001 | Alpha: 0.0000
Train Ep: 320/500 | Reward:   27.0 | MSE: 0.2517 | C_Loss: 0.003 | A_Loss: -0.001 | Alpha: 0.0000
  [!] Running Isolated Validation (Pure CMA vs GNN)...
  -> Val Results: Pure Baseline Errors: 5222 | GNN Errors: 5187
  -> Relative Improvement: 0.670%
Train Ep: 321/500 | Reward:   46.0 | MSE: 0.2579 | C_Loss: 0.004 | A_Loss: -0.001 | Alpha: 0.0000
Train Ep: 322/500 | Reward:   64.0 | MSE: 0.3080 | C_Loss: 0.004 | A_Loss: -0.001 | Alpha: 0.0000
Train Ep: 323/500 | Reward:   43.0 | MSE: 0.1656 | C_Loss: 0.004 | A_Loss: -0.001 | Alpha: 0.0000
Train Ep: 324/500 | Reward:   18.0 | MSE: 0.3346 | C_Loss: 0.004 | A_Loss: -0.001 | Alpha: 0.0000
Train Ep: 325/500 | Reward:   70.0 | MSE: 0.2004 | C_Loss: 0.005 | A_Loss: -0.001 | Alpha: 0.0000
  [!] Running Isolated Validation (Pure CMA vs GNN)...
  -> Val Results: Pure Baseline Errors: 5222 | GNN Errors: 4963
  -> Relative Improvement: 4.960%
  *** New Best Model! Net Score improved from 0.0337035618536959 to 0.049597855227882036 ***
[*] Models successfully saved to models/sac_gnn_65_best.pth
Train Ep: 326/500 | Reward:   -3.0 | MSE: 0.2225 | C_Loss: 0.008 | A_Loss: -0.001 | Alpha: 0.0000
Train Ep: 327/500 | Reward:  -30.0 | MSE: 0.1837 | C_Loss: 0.010 | A_Loss: -0.000 | Alpha: 0.0000
Train Ep: 328/500 | Reward:   88.0 | MSE: 0.2480 | C_Loss: 0.011 | A_Loss: -0.001 | Alpha: 0.0000
Train Ep: 329/500 | Reward:   27.0 | MSE: 0.1495 | C_Loss: 0.008 | A_Loss: -0.001 | Alpha: 0.0000
Train Ep: 330/500 | Reward:  112.0 | MSE: 0.2595 | C_Loss: 0.007 | A_Loss: -0.002 | Alpha: 0.0000
  [!] Running Isolated Validation (Pure CMA vs GNN)...
  -> Val Results: Pure Baseline Errors: 5222 | GNN Errors: 5152
  -> Relative Improvement: 1.340%
Train Ep: 331/500 | Reward:   47.0 | MSE: 0.2125 | C_Loss: 0.011 | A_Loss: -0.002 | Alpha: 0.0000
Train Ep: 332/500 | Reward:  115.0 | MSE: 0.1536 | C_Loss: 0.012 | A_Loss: -0.002 | Alpha: 0.0000
Train Ep: 333/500 | Reward:   74.0 | MSE: 0.1863 | C_Loss: 0.010 | A_Loss: -0.002 | Alpha: 0.0000
Train Ep: 334/500 | Reward:   76.0 | MSE: 0.1308 | C_Loss: 0.007 | A_Loss: -0.001 | Alpha: 0.0000
Train Ep: 335/500 | Reward:   89.0 | MSE: 0.2045 | C_Loss: 0.006 | A_Loss: -0.001 | Alpha: 0.0000
  [!] Running Isolated Validation (Pure CMA vs GNN)...
  -> Val Results: Pure Baseline Errors: 5222 | GNN Errors: 5041
  -> Relative Improvement: 3.466%
Train Ep: 336/500 | Reward:   41.0 | MSE: 0.1108 | C_Loss: 0.005 | A_Loss: -0.001 | Alpha: 0.0000
Train Ep: 337/500 | Reward:   86.0 | MSE: 0.1585 | C_Loss: 0.006 | A_Loss: -0.001 | Alpha: 0.0000
Train Ep: 338/500 | Reward:   72.0 | MSE: 0.1599 | C_Loss: 0.006 | A_Loss: -0.001 | Alpha: 0.0000
Train Ep: 339/500 | Reward:   57.0 | MSE: 0.1548 | C_Loss: 0.005 | A_Loss: -0.002 | Alpha: 0.0000
Train Ep: 340/500 | Reward:   88.0 | MSE: 0.2121 | C_Loss: 0.004 | A_Loss: -0.001 | Alpha: 0.0000
  [!] Running Isolated Validation (Pure CMA vs GNN)...
  -> Val Results: Pure Baseline Errors: 5222 | GNN Errors: 5053
  -> Relative Improvement: 3.236%
Train Ep: 341/500 | Reward:   30.0 | MSE: 0.1798 | C_Loss: 0.005 | A_Loss: -0.001 | Alpha: 0.0000
Train Ep: 342/500 | Reward:   49.0 | MSE: 0.2115 | C_Loss: 0.004 | A_Loss: -0.001 | Alpha: 0.0000
Train Ep: 343/500 | Reward:  107.0 | MSE: 0.2232 | C_Loss: 0.004 | A_Loss: -0.001 | Alpha: 0.0000
Train Ep: 344/500 | Reward:   45.0 | MSE: 0.1976 | C_Loss: 0.005 | A_Loss: -0.001 | Alpha: 0.0000
Train Ep: 345/500 | Reward:   30.0 | MSE: 0.1360 | C_Loss: 0.005 | A_Loss: -0.001 | Alpha: 0.0000
  [!] Running Isolated Validation (Pure CMA vs GNN)...
  -> Val Results: Pure Baseline Errors: 5222 | GNN Errors: 5163
  -> Relative Improvement: 1.130%
Train Ep: 346/500 | Reward:   64.0 | MSE: 0.1503 | C_Loss: 0.003 | A_Loss: -0.001 | Alpha: 0.0000
Train Ep: 347/500 | Reward:   24.0 | MSE: 0.1770 | C_Loss: 0.003 | A_Loss: -0.001 | Alpha: 0.0000
Train Ep: 348/500 | Reward:   37.0 | MSE: 0.1530 | C_Loss: 0.003 | A_Loss: -0.001 | Alpha: 0.0000
Train Ep: 349/500 | Reward:   41.0 | MSE: 0.1975 | C_Loss: 0.003 | A_Loss: -0.001 | Alpha: 0.0000
Train Ep: 350/500 | Reward:   23.0 | MSE: 0.2127 | C_Loss: 0.002 | A_Loss: -0.001 | Alpha: 0.0000
  [!] Running Isolated Validation (Pure CMA vs GNN)...
  -> Val Results: Pure Baseline Errors: 5222 | GNN Errors: 5155
  -> Relative Improvement: 1.283%
Train Ep: 351/500 | Reward:   30.0 | MSE: 0.2172 | C_Loss: 0.002 | A_Loss: -0.001 | Alpha: 0.0000
Train Ep: 352/500 | Reward:   34.0 | MSE: 0.1928 | C_Loss: 0.002 | A_Loss: -0.001 | Alpha: 0.0000
Train Ep: 353/500 | Reward:   78.0 | MSE: 0.2202 | C_Loss: 0.003 | A_Loss: -0.001 | Alpha: 0.0000
Train Ep: 354/500 | Reward:   44.0 | MSE: 0.1004 | C_Loss: 0.005 | A_Loss: -0.002 | Alpha: 0.0000
Train Ep: 355/500 | Reward:   19.0 | MSE: 0.2518 | C_Loss: 0.004 | A_Loss: -0.001 | Alpha: 0.0000
  [!] Running Isolated Validation (Pure CMA vs GNN)...
  -> Val Results: Pure Baseline Errors: 5222 | GNN Errors: 5110
  -> Relative Improvement: 2.145%
Train Ep: 356/500 | Reward:   17.0 | MSE: 0.2673 | C_Loss: 0.004 | A_Loss: -0.001 | Alpha: 0.0000
Train Ep: 357/500 | Reward:   38.0 | MSE: 0.1644 | C_Loss: 0.005 | A_Loss: -0.001 | Alpha: 0.0000
Train Ep: 358/500 | Reward:   74.0 | MSE: 0.2147 | C_Loss: 0.006 | A_Loss: -0.000 | Alpha: 0.0000
Train Ep: 359/500 | Reward:   55.0 | MSE: 0.1817 | C_Loss: 0.006 | A_Loss: -0.001 | Alpha: 0.0000
Train Ep: 360/500 | Reward:   34.0 | MSE: 0.1918 | C_Loss: 0.005 | A_Loss: -0.001 | Alpha: 0.0000
  [!] Running Isolated Validation (Pure CMA vs GNN)...
  -> Val Results: Pure Baseline Errors: 5222 | GNN Errors: 5182
  -> Relative Improvement: 0.766%
Train Ep: 361/500 | Reward:   38.0 | MSE: 0.1545 | C_Loss: 0.004 | A_Loss: -0.001 | Alpha: 0.0000
Train Ep: 362/500 | Reward:   33.0 | MSE: 0.2168 | C_Loss: 0.005 | A_Loss: -0.001 | Alpha: 0.0000
Train Ep: 363/500 | Reward:   32.0 | MSE: 0.2145 | C_Loss: 0.004 | A_Loss: -0.001 | Alpha: 0.0000
Train Ep: 364/500 | Reward:   21.0 | MSE: 0.1859 | C_Loss: 0.003 | A_Loss: -0.000 | Alpha: 0.0000
Train Ep: 365/500 | Reward:   30.0 | MSE: 0.2553 | C_Loss: 0.002 | A_Loss: -0.000 | Alpha: 0.0000
  [!] Running Isolated Validation (Pure CMA vs GNN)...
  -> Val Results: Pure Baseline Errors: 5222 | GNN Errors: 5219
  -> Relative Improvement: 0.057%
Train Ep: 366/500 | Reward:   -8.0 | MSE: 0.1973 | C_Loss: 0.003 | A_Loss: -0.000 | Alpha: 0.0000
Train Ep: 367/500 | Reward:   11.0 | MSE: 0.2619 | C_Loss: 0.002 | A_Loss: -0.000 | Alpha: 0.0000
Train Ep: 368/500 | Reward:    6.0 | MSE: 0.2735 | C_Loss: 0.001 | A_Loss: -0.000 | Alpha: 0.0000
Train Ep: 369/500 | Reward:    3.0 | MSE: 0.2735 | C_Loss: 0.000 | A_Loss: -0.000 | Alpha: 0.0000
Train Ep: 370/500 | Reward:    0.0 | MSE: 0.2523 | C_Loss: 0.000 | A_Loss: -0.000 | Alpha: 0.0000
  [!] Running Isolated Validation (Pure CMA vs GNN)...
  -> Val Results: Pure Baseline Errors: 5222 | GNN Errors: 5220
  -> Relative Improvement: 0.038%
Train Ep: 371/500 | Reward:    4.0 | MSE: 0.2463 | C_Loss: 0.000 | A_Loss: 0.000 | Alpha: 0.0000
Train Ep: 372/500 | Reward:    5.0 | MSE: 0.1635 | C_Loss: 0.000 | A_Loss: -0.000 | Alpha: 0.0000
Train Ep: 373/500 | Reward:   -1.0 | MSE: 0.1328 | C_Loss: 0.000 | A_Loss: -0.000 | Alpha: 0.0000
Train Ep: 374/500 | Reward:   -2.0 | MSE: 0.2756 | C_Loss: 0.000 | A_Loss: -0.000 | Alpha: 0.0000
Train Ep: 375/500 | Reward:    1.0 | MSE: 0.2162 | C_Loss: 0.000 | A_Loss: 0.000 | Alpha: 0.0000
  [!] Running Isolated Validation (Pure CMA vs GNN)...
  -> Val Results: Pure Baseline Errors: 5222 | GNN Errors: 5222
  -> Relative Improvement: 0.000%
Train Ep: 376/500 | Reward:   -2.0 | MSE: 0.2372 | C_Loss: 0.000 | A_Loss: 0.000 | Alpha: 0.0000
Train Ep: 377/500 | Reward:   -2.0 | MSE: 0.3042 | C_Loss: 0.000 | A_Loss: 0.000 | Alpha: 0.0000
Train Ep: 378/500 | Reward:    0.0 | MSE: 0.2626 | C_Loss: 0.000 | A_Loss: 0.000 | Alpha: 0.0000
Train Ep: 379/500 | Reward:    0.0 | MSE: 0.1588 | C_Loss: 0.000 | A_Loss: 0.000 | Alpha: 0.0000
Train Ep: 380/500 | Reward:    0.0 | MSE: 0.2581 | C_Loss: 0.000 | A_Loss: 0.000 | Alpha: 0.0000
  [!] Running Isolated Validation (Pure CMA vs GNN)...
  -> Val Results: Pure Baseline Errors: 5222 | GNN Errors: 5222
  -> Relative Improvement: 0.000%
Train Ep: 381/500 | Reward:   -1.0 | MSE: 0.1993 | C_Loss: 0.000 | A_Loss: -0.000 | Alpha: 0.0000
Train Ep: 382/500 | Reward:    0.0 | MSE: 0.2491 | C_Loss: 0.000 | A_Loss: 0.000 | Alpha: 0.0000
Train Ep: 383/500 | Reward:    0.0 | MSE: 0.2226 | C_Loss: 0.000 | A_Loss: 0.000 | Alpha: 0.0000
Train Ep: 384/500 | Reward:    3.0 | MSE: 0.2685 | C_Loss: 0.000 | A_Loss: -0.000 | Alpha: 0.0000
Train Ep: 385/500 | Reward:    1.0 | MSE: 0.1887 | C_Loss: 0.000 | A_Loss: 0.000 | Alpha: 0.0000
  [!] Running Isolated Validation (Pure CMA vs GNN)...
  -> Val Results: Pure Baseline Errors: 5222 | GNN Errors: 5221
  -> Relative Improvement: 0.019%
Train Ep: 386/500 | Reward:    1.0 | MSE: 0.2102 | C_Loss: 0.000 | A_Loss: -0.000 | Alpha: 0.0000
Train Ep: 387/500 | Reward:   -1.0 | MSE: 0.2284 | C_Loss: 0.000 | A_Loss: -0.000 | Alpha: 0.0000
Train Ep: 388/500 | Reward:    1.0 | MSE: 0.1544 | C_Loss: 0.000 | A_Loss: -0.000 | Alpha: 0.0000
Train Ep: 389/500 | Reward:    0.0 | MSE: 0.2020 | C_Loss: 0.000 | A_Loss: 0.000 | Alpha: 0.0000
Train Ep: 390/500 | Reward:   -9.0 | MSE: 0.1805 | C_Loss: 0.000 | A_Loss: 0.000 | Alpha: 0.0000
  [!] Running Isolated Validation (Pure CMA vs GNN)...
  -> Val Results: Pure Baseline Errors: 5222 | GNN Errors: 5222
  -> Relative Improvement: 0.000%
Train Ep: 391/500 | Reward:    3.0 | MSE: 0.2982 | C_Loss: 0.000 | A_Loss: 0.000 | Alpha: 0.0000
Train Ep: 392/500 | Reward:    2.0 | MSE: 0.1701 | C_Loss: 0.000 | A_Loss: -0.000 | Alpha: 0.0000
Train Ep: 393/500 | Reward:    1.0 | MSE: 0.2009 | C_Loss: 0.000 | A_Loss: -0.000 | Alpha: 0.0000
Train Ep: 394/500 | Reward:    0.0 | MSE: 0.2907 | C_Loss: 0.000 | A_Loss: -0.000 | Alpha: 0.0000
Train Ep: 395/500 | Reward:    8.0 | MSE: 0.2832 | C_Loss: 0.000 | A_Loss: -0.000 | Alpha: 0.0000
  [!] Running Isolated Validation (Pure CMA vs GNN)...
  -> Val Results: Pure Baseline Errors: 5222 | GNN Errors: 5221
  -> Relative Improvement: 0.019%
Train Ep: 396/500 | Reward: -150.0 | MSE: 0.1920 | C_Loss: 0.005 | A_Loss: -0.000 | Alpha: 0.0000
Train Ep: 397/500 | Reward:   42.0 | MSE: 0.2746 | C_Loss: 0.007 | A_Loss: -0.001 | Alpha: 0.0000
Train Ep: 398/500 | Reward:   99.0 | MSE: 0.1402 | C_Loss: 0.006 | A_Loss: -0.001 | Alpha: 0.0000
Train Ep: 399/500 | Reward:   85.0 | MSE: 0.2611 | C_Loss: 0.009 | A_Loss: -0.003 | Alpha: 0.0000
Train Ep: 400/500 | Reward:   90.0 | MSE: 0.2116 | C_Loss: 0.011 | A_Loss: -0.002 | Alpha: 0.0000
  [!] Running Isolated Validation (Pure CMA vs GNN)...
  -> Val Results: Pure Baseline Errors: 5222 | GNN Errors: 4867
  -> Relative Improvement: 6.798%
  *** New Best Model! Net Score improved from 0.049597855227882036 to 0.06798161623898889 ***
[*] Models successfully saved to models/sac_gnn_65_best.pth
Train Ep: 401/500 | Reward:  163.0 | MSE: 0.2346 | C_Loss: 0.011 | A_Loss: -0.002 | Alpha: 0.0000
Train Ep: 402/500 | Reward:  159.0 | MSE: 0.1244 | C_Loss: 0.012 | A_Loss: -0.003 | Alpha: 0.0000
Train Ep: 403/500 | Reward:  130.0 | MSE: 0.1775 | C_Loss: 0.010 | A_Loss: -0.003 | Alpha: 0.0000
Train Ep: 404/500 | Reward:  122.0 | MSE: 0.1743 | C_Loss: 0.008 | A_Loss: -0.003 | Alpha: 0.0000
Train Ep: 405/500 | Reward:   89.0 | MSE: 0.1061 | C_Loss: 0.007 | A_Loss: -0.002 | Alpha: 0.0000
  [!] Running Isolated Validation (Pure CMA vs GNN)...
  -> Val Results: Pure Baseline Errors: 5222 | GNN Errors: 4904
  -> Relative Improvement: 6.090%
Train Ep: 406/500 | Reward:  137.0 | MSE: 0.1408 | C_Loss: 0.007 | A_Loss: -0.002 | Alpha: 0.0000
Train Ep: 407/500 | Reward:  139.0 | MSE: 0.2580 | C_Loss: 0.009 | A_Loss: -0.003 | Alpha: 0.0000
Train Ep: 408/500 | Reward:   85.0 | MSE: 0.1782 | C_Loss: 0.010 | A_Loss: -0.003 | Alpha: 0.0000
Train Ep: 409/500 | Reward:  106.0 | MSE: 0.1780 | C_Loss: 0.010 | A_Loss: -0.002 | Alpha: 0.0000
Train Ep: 410/500 | Reward:   71.0 | MSE: 0.1792 | C_Loss: 0.011 | A_Loss: -0.002 | Alpha: 0.0000
  [!] Running Isolated Validation (Pure CMA vs GNN)...
  -> Val Results: Pure Baseline Errors: 5222 | GNN Errors: 4874
  -> Relative Improvement: 6.664%
Train Ep: 411/500 | Reward:  207.0 | MSE: 0.2019 | C_Loss: 0.011 | A_Loss: -0.003 | Alpha: 0.0000
Train Ep: 412/500 | Reward:   42.0 | MSE: 0.2180 | C_Loss: 0.010 | A_Loss: -0.002 | Alpha: 0.0000
Train Ep: 413/500 | Reward:  120.0 | MSE: 0.1724 | C_Loss: 0.010 | A_Loss: -0.002 | Alpha: 0.0000
Train Ep: 414/500 | Reward:  102.0 | MSE: 0.1172 | C_Loss: 0.008 | A_Loss: -0.002 | Alpha: 0.0000
Train Ep: 415/500 | Reward:  148.0 | MSE: 0.2561 | C_Loss: 0.008 | A_Loss: -0.003 | Alpha: 0.0000
  [!] Running Isolated Validation (Pure CMA vs GNN)...
  -> Val Results: Pure Baseline Errors: 5222 | GNN Errors: 4980
  -> Relative Improvement: 4.634%
Train Ep: 416/500 | Reward:   87.0 | MSE: 0.2994 | C_Loss: 0.009 | A_Loss: -0.002 | Alpha: 0.0000
Train Ep: 417/500 | Reward:   51.0 | MSE: 0.1373 | C_Loss: 0.008 | A_Loss: -0.002 | Alpha: 0.0000
Train Ep: 418/500 | Reward:   95.0 | MSE: 0.1612 | C_Loss: 0.009 | A_Loss: -0.002 | Alpha: 0.0000
Train Ep: 419/500 | Reward:   71.0 | MSE: 0.1227 | C_Loss: 0.010 | A_Loss: -0.002 | Alpha: 0.0000
Train Ep: 420/500 | Reward:  114.0 | MSE: 0.2611 | C_Loss: 0.009 | A_Loss: -0.002 | Alpha: 0.0000
  [!] Running Isolated Validation (Pure CMA vs GNN)...
  -> Val Results: Pure Baseline Errors: 5222 | GNN Errors: 5053
  -> Relative Improvement: 3.236%
Train Ep: 421/500 | Reward:   86.0 | MSE: 0.1371 | C_Loss: 0.007 | A_Loss: -0.002 | Alpha: 0.0000
Train Ep: 422/500 | Reward:   52.0 | MSE: 0.2162 | C_Loss: 0.005 | A_Loss: -0.002 | Alpha: 0.0000
Train Ep: 423/500 | Reward:   95.0 | MSE: 0.1056 | C_Loss: 0.005 | A_Loss: -0.002 | Alpha: 0.0000
Train Ep: 424/500 | Reward:   58.0 | MSE: 0.1828 | C_Loss: 0.005 | A_Loss: -0.002 | Alpha: 0.0000
Train Ep: 425/500 | Reward:   59.0 | MSE: 0.2513 | C_Loss: 0.004 | A_Loss: -0.001 | Alpha: 0.0000
  [!] Running Isolated Validation (Pure CMA vs GNN)...
  -> Val Results: Pure Baseline Errors: 5222 | GNN Errors: 5134
  -> Relative Improvement: 1.685%
Train Ep: 426/500 | Reward:   56.0 | MSE: 0.2344 | C_Loss: 0.004 | A_Loss: -0.001 | Alpha: 0.0000
Train Ep: 427/500 | Reward:   26.0 | MSE: 0.1711 | C_Loss: 0.003 | A_Loss: -0.001 | Alpha: 0.0000
Train Ep: 428/500 | Reward:   20.0 | MSE: 0.1828 | C_Loss: 0.002 | A_Loss: -0.000 | Alpha: 0.0000
Train Ep: 429/500 | Reward:   30.0 | MSE: 0.1551 | C_Loss: 0.002 | A_Loss: -0.000 | Alpha: 0.0000
Train Ep: 430/500 | Reward:   29.0 | MSE: 0.2164 | C_Loss: 0.001 | A_Loss: -0.000 | Alpha: 0.0000
  [!] Running Isolated Validation (Pure CMA vs GNN)...
  -> Val Results: Pure Baseline Errors: 5222 | GNN Errors: 5198
  -> Relative Improvement: 0.460%
Train Ep: 431/500 | Reward:    3.0 | MSE: 0.2573 | C_Loss: 0.001 | A_Loss: -0.000 | Alpha: 0.0000
Train Ep: 432/500 | Reward:   22.0 | MSE: 0.1209 | C_Loss: 0.001 | A_Loss: -0.000 | Alpha: 0.0000
Train Ep: 433/500 | Reward:   92.0 | MSE: 0.1664 | C_Loss: 0.002 | A_Loss: -0.001 | Alpha: 0.0000
Train Ep: 434/500 | Reward:  135.0 | MSE: 0.2149 | C_Loss: 0.006 | A_Loss: -0.002 | Alpha: 0.0000
Train Ep: 435/500 | Reward:   67.0 | MSE: 0.1719 | C_Loss: 0.010 | A_Loss: -0.002 | Alpha: 0.0000
  [!] Running Isolated Validation (Pure CMA vs GNN)...
  -> Val Results: Pure Baseline Errors: 5222 | GNN Errors: 4890
  -> Relative Improvement: 6.358%
Train Ep: 436/500 | Reward:  122.0 | MSE: 0.2104 | C_Loss: 0.011 | A_Loss: -0.002 | Alpha: 0.0000
Train Ep: 437/500 | Reward:  109.0 | MSE: 0.1887 | C_Loss: 0.012 | A_Loss: -0.001 | Alpha: 0.0000
Train Ep: 438/500 | Reward:  142.0 | MSE: 0.1455 | C_Loss: 0.012 | A_Loss: -0.002 | Alpha: 0.0000
Train Ep: 439/500 | Reward:  108.0 | MSE: 0.2209 | C_Loss: 0.013 | A_Loss: -0.002 | Alpha: 0.0000
Train Ep: 440/500 | Reward:   77.0 | MSE: 0.0940 | C_Loss: 0.013 | A_Loss: -0.003 | Alpha: 0.0000
  [!] Running Isolated Validation (Pure CMA vs GNN)...
  -> Val Results: Pure Baseline Errors: 5222 | GNN Errors: 4877
  -> Relative Improvement: 6.607%
Train Ep: 441/500 | Reward:   83.0 | MSE: 0.1154 | C_Loss: 0.010 | A_Loss: -0.002 | Alpha: 0.0000
Train Ep: 442/500 | Reward:  143.0 | MSE: 0.2264 | C_Loss: 0.010 | A_Loss: -0.002 | Alpha: 0.0000
Train Ep: 443/500 | Reward:  151.0 | MSE: 0.1651 | C_Loss: 0.013 | A_Loss: -0.002 | Alpha: 0.0000
Train Ep: 444/500 | Reward:   48.0 | MSE: 0.2203 | C_Loss: 0.014 | A_Loss: -0.003 | Alpha: 0.0000
Train Ep: 445/500 | Reward:   96.0 | MSE: 0.1608 | C_Loss: 0.013 | A_Loss: -0.002 | Alpha: 0.0000
  [!] Running Isolated Validation (Pure CMA vs GNN)...
  -> Val Results: Pure Baseline Errors: 5222 | GNN Errors: 4886
  -> Relative Improvement: 6.434%
Train Ep: 446/500 | Reward:  134.0 | MSE: 0.1491 | C_Loss: 0.011 | A_Loss: -0.002 | Alpha: 0.0000
Train Ep: 447/500 | Reward:   96.0 | MSE: 0.1325 | C_Loss: 0.013 | A_Loss: -0.002 | Alpha: 0.0000
Train Ep: 448/500 | Reward:   63.0 | MSE: 0.1503 | C_Loss: 0.015 | A_Loss: -0.002 | Alpha: 0.0000
Train Ep: 449/500 | Reward:   75.0 | MSE: 0.1181 | C_Loss: 0.014 | A_Loss: -0.002 | Alpha: 0.0000
Train Ep: 450/500 | Reward:  108.0 | MSE: 0.1759 | C_Loss: 0.011 | A_Loss: -0.001 | Alpha: 0.0000
  [!] Running Isolated Validation (Pure CMA vs GNN)...
  -> Val Results: Pure Baseline Errors: 5222 | GNN Errors: 4889
  -> Relative Improvement: 6.377%
Train Ep: 451/500 | Reward:  102.0 | MSE: 0.1883 | C_Loss: 0.008 | A_Loss: -0.002 | Alpha: 0.0000
Train Ep: 452/500 | Reward:  137.0 | MSE: 0.1412 | C_Loss: 0.008 | A_Loss: -0.002 | Alpha: 0.0000
Train Ep: 453/500 | Reward:  124.0 | MSE: 0.1910 | C_Loss: 0.013 | A_Loss: -0.003 | Alpha: 0.0000
Train Ep: 454/500 | Reward:  115.0 | MSE: 0.0788 | C_Loss: 0.016 | A_Loss: -0.003 | Alpha: 0.0000
Train Ep: 455/500 | Reward:  115.0 | MSE: 0.1791 | C_Loss: 0.017 | A_Loss: -0.002 | Alpha: 0.0000
  [!] Running Isolated Validation (Pure CMA vs GNN)...
  -> Val Results: Pure Baseline Errors: 5222 | GNN Errors: 4854
  -> Relative Improvement: 7.047%
  *** New Best Model! Net Score improved from 0.06798161623898889 to 0.07047108387590961 ***
[*] Models successfully saved to models/sac_gnn_65_best.pth
Train Ep: 456/500 | Reward:   56.0 | MSE: 0.1674 | C_Loss: 0.014 | A_Loss: -0.002 | Alpha: 0.0001
Train Ep: 457/500 | Reward:  133.0 | MSE: 0.0571 | C_Loss: 0.010 | A_Loss: -0.002 | Alpha: 0.0001
Train Ep: 458/500 | Reward:   90.0 | MSE: 0.1971 | C_Loss: 0.010 | A_Loss: -0.002 | Alpha: 0.0001
Train Ep: 459/500 | Reward:   74.0 | MSE: 0.1400 | C_Loss: 0.014 | A_Loss: -0.002 | Alpha: 0.0001
Train Ep: 460/500 | Reward:   52.0 | MSE: 0.1567 | C_Loss: 0.015 | A_Loss: -0.002 | Alpha: 0.0001
  [!] Running Isolated Validation (Pure CMA vs GNN)...
  -> Val Results: Pure Baseline Errors: 5222 | GNN Errors: 4942
  -> Relative Improvement: 5.362%
Train Ep: 461/500 | Reward:   96.0 | MSE: 0.1782 | C_Loss: 0.013 | A_Loss: -0.001 | Alpha: 0.0001
Train Ep: 462/500 | Reward:  136.0 | MSE: 0.1805 | C_Loss: 0.010 | A_Loss: -0.001 | Alpha: 0.0001
Train Ep: 463/500 | Reward:   59.0 | MSE: 0.1231 | C_Loss: 0.009 | A_Loss: -0.002 | Alpha: 0.0001
Train Ep: 464/500 | Reward:   49.0 | MSE: 0.2436 | C_Loss: 0.009 | A_Loss: -0.002 | Alpha: 0.0001
Train Ep: 465/500 | Reward:   91.0 | MSE: 0.1833 | C_Loss: 0.009 | A_Loss: -0.001 | Alpha: 0.0001
  [!] Running Isolated Validation (Pure CMA vs GNN)...
  -> Val Results: Pure Baseline Errors: 5222 | GNN Errors: 5007
  -> Relative Improvement: 4.117%
Train Ep: 466/500 | Reward:   91.0 | MSE: 0.1613 | C_Loss: 0.009 | A_Loss: -0.001 | Alpha: 0.0001
Train Ep: 467/500 | Reward:   61.0 | MSE: 0.1878 | C_Loss: 0.007 | A_Loss: -0.002 | Alpha: 0.0001
Train Ep: 468/500 | Reward:   33.0 | MSE: 0.2492 | C_Loss: 0.006 | A_Loss: -0.001 | Alpha: 0.0001
Train Ep: 469/500 | Reward:   80.0 | MSE: 0.2273 | C_Loss: 0.004 | A_Loss: -0.001 | Alpha: 0.0001
Train Ep: 470/500 | Reward:   60.0 | MSE: 0.1829 | C_Loss: 0.004 | A_Loss: -0.001 | Alpha: 0.0001
  [!] Running Isolated Validation (Pure CMA vs GNN)...
  -> Val Results: Pure Baseline Errors: 5222 | GNN Errors: 5057
  -> Relative Improvement: 3.160%
Train Ep: 471/500 | Reward:   76.0 | MSE: 0.2090 | C_Loss: 0.003 | A_Loss: -0.001 | Alpha: 0.0001
Train Ep: 472/500 | Reward:   62.0 | MSE: 0.1507 | C_Loss: 0.004 | A_Loss: -0.001 | Alpha: 0.0001
Train Ep: 473/500 | Reward:   41.0 | MSE: 0.1775 | C_Loss: 0.004 | A_Loss: -0.001 | Alpha: 0.0001
Train Ep: 474/500 | Reward:   51.0 | MSE: 0.2203 | C_Loss: 0.004 | A_Loss: -0.001 | Alpha: 0.0001
Train Ep: 475/500 | Reward:  139.0 | MSE: 0.0884 | C_Loss: 0.005 | A_Loss: -0.002 | Alpha: 0.0001
  [!] Running Isolated Validation (Pure CMA vs GNN)...
  -> Val Results: Pure Baseline Errors: 5222 | GNN Errors: 4828
  -> Relative Improvement: 7.545%
  *** New Best Model! Net Score improved from 0.07047108387590961 to 0.07545001914975105 ***
[*] Models successfully saved to models/sac_gnn_65_best.pth
Train Ep: 476/500 | Reward:   79.0 | MSE: 0.1167 | C_Loss: 0.012 | A_Loss: -0.002 | Alpha: 0.0001
Train Ep: 477/500 | Reward:  146.0 | MSE: 0.2759 | C_Loss: 0.018 | A_Loss: -0.003 | Alpha: 0.0001
Train Ep: 478/500 | Reward:  130.0 | MSE: 0.2074 | C_Loss: 0.015 | A_Loss: -0.003 | Alpha: 0.0001
Train Ep: 479/500 | Reward:  125.0 | MSE: 0.1756 | C_Loss: 0.012 | A_Loss: -0.003 | Alpha: 0.0001
Train Ep: 480/500 | Reward:   72.0 | MSE: 0.1231 | C_Loss: 0.012 | A_Loss: -0.002 | Alpha: 0.0001
  [!] Running Isolated Validation (Pure CMA vs GNN)...
  -> Val Results: Pure Baseline Errors: 5222 | GNN Errors: 5027
  -> Relative Improvement: 3.734%
Train Ep: 481/500 | Reward:   78.0 | MSE: 0.0949 | C_Loss: 0.012 | A_Loss: -0.002 | Alpha: 0.0001
Train Ep: 482/500 | Reward:  102.0 | MSE: 0.1496 | C_Loss: 0.013 | A_Loss: -0.001 | Alpha: 0.0001
Train Ep: 483/500 | Reward:  138.0 | MSE: 0.2054 | C_Loss: 0.012 | A_Loss: -0.002 | Alpha: 0.0001
Train Ep: 484/500 | Reward:  183.0 | MSE: 0.1417 | C_Loss: 0.010 | A_Loss: -0.003 | Alpha: 0.0001
Train Ep: 485/500 | Reward:  130.0 | MSE: 0.2780 | C_Loss: 0.011 | A_Loss: -0.003 | Alpha: 0.0001
  [!] Running Isolated Validation (Pure CMA vs GNN)...
  -> Val Results: Pure Baseline Errors: 5222 | GNN Errors: 4872
  -> Relative Improvement: 6.702%
Train Ep: 486/500 | Reward:   94.0 | MSE: 0.1496 | C_Loss: 0.010 | A_Loss: -0.002 | Alpha: 0.0001
Train Ep: 487/500 | Reward:  119.0 | MSE: 0.1094 | C_Loss: 0.009 | A_Loss: -0.002 | Alpha: 0.0001
Train Ep: 488/500 | Reward:  101.0 | MSE: 0.2103 | C_Loss: 0.010 | A_Loss: -0.002 | Alpha: 0.0001
Train Ep: 489/500 | Reward:  146.0 | MSE: 0.2176 | C_Loss: 0.011 | A_Loss: -0.002 | Alpha: 0.0001
Train Ep: 490/500 | Reward:  122.0 | MSE: 0.1546 | C_Loss: 0.012 | A_Loss: -0.003 | Alpha: 0.0001
  [!] Running Isolated Validation (Pure CMA vs GNN)...
  -> Val Results: Pure Baseline Errors: 5222 | GNN Errors: 4853
  -> Relative Improvement: 7.066%
Train Ep: 491/500 | Reward:  162.0 | MSE: 0.1723 | C_Loss: 0.011 | A_Loss: -0.002 | Alpha: 0.0001
Train Ep: 492/500 | Reward:  129.0 | MSE: 0.2358 | C_Loss: 0.010 | A_Loss: -0.003 | Alpha: 0.0001
Train Ep: 493/500 | Reward:  100.0 | MSE: 0.1622 | C_Loss: 0.010 | A_Loss: -0.002 | Alpha: 0.0001
Train Ep: 494/500 | Reward:  147.0 | MSE: 0.1958 | C_Loss: 0.012 | A_Loss: -0.003 | Alpha: 0.0001
Train Ep: 495/500 | Reward:  109.0 | MSE: 0.1774 | C_Loss: 0.014 | A_Loss: -0.002 | Alpha: 0.0001
  [!] Running Isolated Validation (Pure CMA vs GNN)...
  -> Val Results: Pure Baseline Errors: 5222 | GNN Errors: 4928
  -> Relative Improvement: 5.630%
Train Ep: 496/500 | Reward:  129.0 | MSE: 0.1546 | C_Loss: 0.014 | A_Loss: -0.003 | Alpha: 0.0001
Train Ep: 497/500 | Reward:   78.0 | MSE: 0.1137 | C_Loss: 0.009 | A_Loss: -0.002 | Alpha: 0.0001
Train Ep: 498/500 | Reward:  116.0 | MSE: 0.1979 | C_Loss: 0.006 | A_Loss: -0.002 | Alpha: 0.0001
Train Ep: 499/500 | Reward:   46.0 | MSE: 0.2019 | C_Loss: 0.007 | A_Loss: -0.001 | Alpha: 0.0001
Train Ep: 500/500 | Reward:   90.0 | MSE: 0.1758 | C_Loss: 0.010 | A_Loss: -0.002 | Alpha: 0.0001
  [!] Running Isolated Validation (Pure CMA vs GNN)...
  -> Val Results: Pure Baseline Errors: 5222 | GNN Errors: 4866
  -> Relative Improvement: 6.817%

Training complete in 81022.70 seconds.
[*] Models successfully saved to models/sac_gnn_65.pth
Training plots saved to 'plots/training_metrics_65.png'
[*] The best performing model during validation was saved to: models/sac_gnn_65_best.pth
Training run time = 81025.07 s
Job finished at: Wed May  6 14:24:12 CEST 2026
